[0.016s][info][gc] Using Concurrent Mark Sweep
[0.016s][info][gc,heap,coops] Heap address: 0x0000000700000000, size: 4096 MB, Compressed Oops mode: Zero based, Oop shift amount: 3
[0.136s][info][safepoint    ] Entering safepoint region: EnableBiasedLocking
[0.136s][info][safepoint    ] Leaving safepoint region
[0.136s][info][safepoint    ] Total time for which application threads were stopped: 0.0001218 seconds, Stopping threads took: 0.0000429 seconds
[0.156s][info][safepoint    ] Application time: 0.0119683 seconds
[0.156s][info][safepoint    ] Entering safepoint region: RevokeBias
[0.156s][info][safepoint    ] Leaving safepoint region
[0.156s][info][safepoint    ] Total time for which application threads were stopped: 0.0001148 seconds, Stopping threads took: 0.0000407 seconds
[0.264s][info][safepoint    ] Application time: 0.1076308 seconds
[0.264s][info][safepoint    ] Entering safepoint region: Deoptimize
[0.264s][info][safepoint    ] Leaving safepoint region
[0.264s][info][safepoint    ] Total time for which application threads were stopped: 0.0000873 seconds, Stopping threads took: 0.0000188 seconds
[1.264s][info][safepoint    ] Application time: 1.0005392 seconds
[1.264s][info][safepoint    ] Entering safepoint region: Cleanup
[1.264s][info][safepoint    ] Leaving safepoint region
[1.264s][info][safepoint    ] Total time for which application threads were stopped: 0.0001851 seconds, Stopping threads took: 0.0000312 seconds
[1.678s][info][safepoint    ] Application time: 0.4131755 seconds
[1.678s][info][safepoint    ] Entering safepoint region: Deoptimize
[1.678s][info][safepoint    ] Leaving safepoint region
[1.678s][info][safepoint    ] Total time for which application threads were stopped: 0.0001794 seconds, Stopping threads took: 0.0000194 seconds
[1.737s][info][safepoint    ] Application time: 0.0587557 seconds
[1.737s][info][safepoint    ] Entering safepoint region: Deoptimize
[1.737s][info][safepoint    ] Leaving safepoint region
[1.737s][info][safepoint    ] Total time for which application threads were stopped: 0.0002840 seconds, Stopping threads took: 0.0000253 seconds
[1.812s][info][safepoint    ] Application time: 0.0753958 seconds
[1.812s][info][safepoint    ] Entering safepoint region: Deoptimize
[1.813s][info][safepoint    ] Leaving safepoint region
[1.813s][info][safepoint    ] Total time for which application threads were stopped: 0.0001496 seconds, Stopping threads took: 0.0000074 seconds
[2.779s][info][safepoint    ] Application time: 0.9666751 seconds
[2.779s][info][safepoint    ] Entering safepoint region: Deoptimize
[2.780s][info][safepoint    ] Leaving safepoint region
[2.780s][info][safepoint    ] Total time for which application threads were stopped: 0.0003996 seconds, Stopping threads took: 0.0000096 seconds
[2.998s][info][safepoint    ] Application time: 0.2181068 seconds
[2.998s][info][safepoint    ] Entering safepoint region: Deoptimize
[2.998s][info][safepoint    ] Leaving safepoint region
[2.998s][info][safepoint    ] Total time for which application threads were stopped: 0.0006171 seconds, Stopping threads took: 0.0000103 seconds
[3.354s][info][safepoint    ] Application time: 0.3559689 seconds
[3.354s][info][safepoint    ] Entering safepoint region: ICBufferFull
[3.355s][info][safepoint    ] Leaving safepoint region
[3.355s][info][safepoint    ] Total time for which application threads were stopped: 0.0002232 seconds, Stopping threads took: 0.0000553 seconds
[3.494s][info][safepoint    ] Application time: 0.1397389 seconds
[3.494s][info][safepoint    ] Entering safepoint region: Deoptimize
[3.495s][info][safepoint    ] Leaving safepoint region
[3.495s][info][safepoint    ] Total time for which application threads were stopped: 0.0003396 seconds, Stopping threads took: 0.0000195 seconds
[3.512s][info][safepoint    ] Application time: 0.0173859 seconds
[3.512s][info][safepoint    ] Entering safepoint region: Deoptimize
[3.513s][info][safepoint    ] Leaving safepoint region
[3.513s][info][safepoint    ] Total time for which application threads were stopped: 0.0003657 seconds, Stopping threads took: 0.0000220 seconds
[3.663s][info][safepoint    ] Application time: 0.1504534 seconds
[3.663s][info][safepoint    ] Entering safepoint region: Deoptimize
[3.664s][info][safepoint    ] Leaving safepoint region
[3.664s][info][safepoint    ] Total time for which application threads were stopped: 0.0004767 seconds, Stopping threads took: 0.0000219 seconds
[4.177s][info][safepoint    ] Application time: 0.5131202 seconds
[4.177s][info][safepoint    ] Entering safepoint region: Deoptimize
[4.177s][info][safepoint    ] Leaving safepoint region
[4.177s][info][safepoint    ] Total time for which application threads were stopped: 0.0003814 seconds, Stopping threads took: 0.0000073 seconds
[4.338s][info][safepoint    ] Application time: 0.1610532 seconds
[4.338s][info][safepoint    ] Entering safepoint region: CollectForMetadataAllocation
[4.338s][info][safepoint    ] Leaving safepoint region
[4.338s][info][safepoint    ] Total time for which application threads were stopped: 0.0002177 seconds, Stopping threads took: 0.0000201 seconds
[4.540s][info][safepoint    ] Application time: 0.2014550 seconds
[4.540s][info][safepoint    ] Entering safepoint region: GenCollectForAllocation
[4.540s][info][gc,start     ] GC(0) Pause Young (Allocation Failure)
[4.556s][info][gc,task      ] GC(0) Using 4 workers of 4 for evacuation
[4.732s][debug][gc,ref       ] GC(0) Skipped phase1 of Reference Processing due to unavailable references
[4.732s][debug][gc,ref       ] GC(0) Skipped phase3 of Reference Processing due to unavailable references
[4.732s][debug][gc,age       ] GC(0) Desired survivor size 15400960 bytes, new threshold 1 (max threshold 6)
[4.732s][info ][gc,heap      ] GC(0) ParNew: 240896K->30079K(270976K)
[4.732s][info ][gc,heap      ] GC(0) CMS: 0K->5748K(602112K)
[4.732s][info ][gc,metaspace ] GC(0) Metaspace: 20501K->20501K(1069056K)
[4.732s][info ][gc           ] GC(0) Pause Young (Allocation Failure) 235M->34M(852M) 192.071ms
[4.732s][info ][gc,cpu       ] GC(0) User=0.18s Sys=0.06s Real=0.19s
[4.732s][info ][safepoint    ] Leaving safepoint region
[4.732s][info ][safepoint    ] Total time for which application threads were stopped: 0.1921982 seconds, Stopping threads took: 0.0000178 seconds
[4.733s][info ][safepoint    ] Application time: 0.0013841 seconds
[4.733s][info ][safepoint    ] Entering safepoint region: RevokeBias
[4.734s][info ][gc,start     ] GC(1) Pause Initial Mark
[4.764s][info ][gc           ] GC(1) Pause Initial Mark 34M->34M(852M) 29.891ms
[4.764s][info ][gc,cpu       ] GC(1) User=0.02s Sys=0.01s Real=0.03s
[4.764s][info ][safepoint    ] Leaving safepoint region
[4.764s][info ][safepoint    ] Total time for which application threads were stopped: 0.0301302 seconds, Stopping threads took: 0.0000230 seconds
[4.764s][info ][gc           ] GC(1) Concurrent Mark
[4.780s][info ][safepoint    ] Application time: 0.0159879 seconds
[4.780s][info ][safepoint    ] Entering safepoint region: RevokeBias
[4.780s][info ][safepoint    ] Leaving safepoint region
[4.780s][info ][safepoint    ] Total time for which application threads were stopped: 0.0000826 seconds, Stopping threads took: 0.0000215 seconds
[4.780s][info ][safepoint    ] Application time: 0.0000486 seconds
[4.780s][info ][safepoint    ] Entering safepoint region: RevokeBias
[4.780s][info ][safepoint    ] Leaving safepoint region
[4.780s][info ][safepoint    ] Total time for which application threads were stopped: 0.0000308 seconds, Stopping threads took: 0.0000040 seconds
[4.887s][info ][gc           ] GC(1) Concurrent Mark 123.051ms
[4.887s][info ][gc,cpu       ] GC(1) User=0.10s Sys=0.00s Real=0.12s
[4.887s][info ][safepoint    ] Application time: 0.1069589 seconds
[4.887s][info ][safepoint    ] Entering safepoint region: CollectForMetadataAllocation
[4.887s][info ][safepoint    ] Leaving safepoint region
[4.887s][info ][safepoint    ] Total time for which application threads were stopped: 0.0000952 seconds, Stopping threads took: 0.0000170 seconds
[4.891s][info ][gc           ] GC(1) Concurrent Preclean
[4.891s][debug][gc,ref       ] GC(1) Preclean SoftReferences 0.001ms
[4.891s][debug][gc,ref       ] GC(1) Preclean WeakReferences 0.000ms
[4.891s][debug][gc,ref       ] GC(1) Preclean FinalReferences 0.000ms
[4.891s][debug][gc,ref       ] GC(1) Preclean PhantomReferences 0.000ms
[4.892s][info ][gc           ] GC(1) Concurrent Preclean 1.119ms
[4.892s][info ][gc,cpu       ] GC(1) User=0.00s Sys=0.00s Real=0.00s
[4.892s][info ][gc           ] GC(1) Concurrent Abortable Preclean
[4.979s][info ][safepoint    ] Application time: 0.0922468 seconds
[4.979s][info ][safepoint    ] Entering safepoint region: CollectForMetadataAllocation
[4.979s][info ][safepoint    ] Leaving safepoint region
[4.979s][info ][safepoint    ] Total time for which application threads were stopped: 0.0001256 seconds, Stopping threads took: 0.0000085 seconds
[5.028s][info ][safepoint    ] Application time: 0.0489158 seconds
[5.028s][info ][safepoint    ] Entering safepoint region: CollectForMetadataAllocation
[5.028s][info ][safepoint    ] Leaving safepoint region
[5.028s][info ][safepoint    ] Total time for which application threads were stopped: 0.0000611 seconds, Stopping threads took: 0.0000076 seconds
[5.055s][info ][safepoint    ] Application time: 0.0262854 seconds
[5.055s][info ][safepoint    ] Entering safepoint region: CollectForMetadataAllocation
[5.055s][info ][safepoint    ] Leaving safepoint region
[5.055s][info ][safepoint    ] Total time for which application threads were stopped: 0.0000623 seconds, Stopping threads took: 0.0000070 seconds
[5.072s][info ][safepoint    ] Application time: 0.0172933 seconds
[5.072s][info ][safepoint    ] Entering safepoint region: RevokeBias
[5.072s][info ][safepoint    ] Leaving safepoint region
[5.072s][info ][safepoint    ] Total time for which application threads were stopped: 0.0001626 seconds, Stopping threads took: 0.0000292 seconds
[5.076s][info ][safepoint    ] Application time: 0.0034734 seconds
[5.083s][info ][safepoint    ] Entering safepoint region: RevokeBias
[5.084s][info ][safepoint    ] Leaving safepoint region
[5.084s][info ][safepoint    ] Total time for which application threads were stopped: 0.0080119 seconds, Stopping threads took: 0.0079161 seconds
[5.144s][info ][safepoint    ] Application time: 0.0599993 seconds
[5.156s][info ][safepoint    ] Entering safepoint region: RevokeBias
[5.156s][info ][safepoint    ] Leaving safepoint region
[5.156s][info ][safepoint    ] Total time for which application threads were stopped: 0.0121499 seconds, Stopping threads took: 0.0118715 seconds
[5.156s][info ][safepoint    ] Application time: 0.0001167 seconds
[5.156s][info ][safepoint    ] Entering safepoint region: RevokeBias
[5.156s][info ][safepoint    ] Leaving safepoint region
[5.156s][info ][safepoint    ] Total time for which application threads were stopped: 0.0000683 seconds, Stopping threads took: 0.0000148 seconds
[5.168s][info ][safepoint    ] Application time: 0.0115426 seconds
[5.168s][info ][safepoint    ] Entering safepoint region: RevokeBias
[5.168s][info ][safepoint    ] Leaving safepoint region
[5.168s][info ][safepoint    ] Total time for which application threads were stopped: 0.0001703 seconds, Stopping threads took: 0.0000434 seconds
[5.168s][info ][safepoint    ] Application time: 0.0003346 seconds
[5.168s][info ][safepoint    ] Entering safepoint region: RevokeBias
[5.168s][info ][safepoint    ] Leaving safepoint region
[5.168s][info ][safepoint    ] Total time for which application threads were stopped: 0.0000725 seconds, Stopping threads took: 0.0000144 seconds
[5.169s][info ][safepoint    ] Application time: 0.0006831 seconds
[5.169s][info ][safepoint    ] Entering safepoint region: RevokeBias
[5.169s][info ][safepoint    ] Leaving safepoint region
[5.169s][info ][safepoint    ] Total time for which application threads were stopped: 0.0000779 seconds, Stopping threads took: 0.0000222 seconds
[5.169s][info ][safepoint    ] Application time: 0.0002589 seconds
[5.169s][info ][safepoint    ] Entering safepoint region: RevokeBias
[5.169s][info ][safepoint    ] Leaving safepoint region
[5.169s][info ][safepoint    ] Total time for which application threads were stopped: 0.0000712 seconds, Stopping threads took: 0.0000151 seconds
[5.169s][info ][safepoint    ] Application time: 0.0000652 seconds
[5.169s][info ][safepoint    ] Entering safepoint region: RevokeBias
[5.169s][info ][safepoint    ] Leaving safepoint region
[5.169s][info ][safepoint    ] Total time for which application threads were stopped: 0.0000669 seconds, Stopping threads took: 0.0000127 seconds
[5.170s][info ][safepoint    ] Application time: 0.0000841 seconds
[5.170s][info ][safepoint    ] Entering safepoint region: RevokeBias
[5.170s][info ][safepoint    ] Leaving safepoint region
[5.170s][info ][safepoint    ] Total time for which application threads were stopped: 0.0000631 seconds, Stopping threads took: 0.0000130 seconds
[5.170s][info ][safepoint    ] Application time: 0.0001590 seconds
[5.170s][info ][safepoint    ] Entering safepoint region: RevokeBias
[5.170s][info ][safepoint    ] Leaving safepoint region
[5.170s][info ][safepoint    ] Total time for which application threads were stopped: 0.0000725 seconds, Stopping threads took: 0.0000134 seconds
[5.170s][info ][safepoint    ] Application time: 0.0000186 seconds
[5.170s][info ][safepoint    ] Entering safepoint region: RevokeBias
[5.170s][info ][safepoint    ] Leaving safepoint region
[5.170s][info ][safepoint    ] Total time for which application threads were stopped: 0.0000609 seconds, Stopping threads took: 0.0000110 seconds
[5.170s][info ][safepoint    ] Application time: 0.0003642 seconds
[5.170s][info ][safepoint    ] Entering safepoint region: RevokeBias
[5.170s][info ][safepoint    ] Leaving safepoint region
[5.170s][info ][safepoint    ] Total time for which application threads were stopped: 0.0000681 seconds, Stopping threads took: 0.0000144 seconds
[5.171s][info ][safepoint    ] Application time: 0.0002578 seconds
[5.171s][info ][safepoint    ] Entering safepoint region: RevokeBias
[5.171s][info ][safepoint    ] Leaving safepoint region
[5.171s][info ][safepoint    ] Total time for which application threads were stopped: 0.0000656 seconds, Stopping threads took: 0.0000143 seconds
[5.171s][info ][safepoint    ] Application time: 0.0002312 seconds
[5.171s][info ][safepoint    ] Entering safepoint region: RevokeBias
[5.171s][info ][safepoint    ] Leaving safepoint region
[5.171s][info ][safepoint    ] Total time for which application threads were stopped: 0.0000724 seconds, Stopping threads took: 0.0000138 seconds
[5.171s][info ][safepoint    ] Application time: 0.0001882 seconds
[5.171s][info ][safepoint    ] Entering safepoint region: RevokeBias
[5.171s][info ][safepoint    ] Leaving safepoint region
[5.171s][info ][safepoint    ] Total time for which application threads were stopped: 0.0000668 seconds, Stopping threads took: 0.0000130 seconds
[5.171s][info ][safepoint    ] Application time: 0.0000188 seconds
[5.171s][info ][safepoint    ] Entering safepoint region: RevokeBias
[5.171s][info ][safepoint    ] Leaving safepoint region
[5.171s][info ][safepoint    ] Total time for which application threads were stopped: 0.0000570 seconds, Stopping threads took: 0.0000111 seconds
[5.187s][info ][safepoint    ] Application time: 0.0160950 seconds
[5.188s][info ][safepoint    ] Entering safepoint region: CollectForMetadataAllocation
[5.203s][info ][safepoint    ] Leaving safepoint region
[5.203s][info ][safepoint    ] Total time for which application threads were stopped: 0.0152276 seconds, Stopping threads took: 0.0000154 seconds
[5.208s][info ][safepoint    ] Application time: 0.0047634 seconds
[5.208s][info ][safepoint    ] Entering safepoint region: CollectForMetadataAllocation
[5.208s][info ][safepoint    ] Leaving safepoint region
[5.208s][info ][safepoint    ] Total time for which application threads were stopped: 0.0000664 seconds, Stopping threads took: 0.0000212 seconds
[5.208s][info ][safepoint    ] Application time: 0.0004975 seconds
[5.208s][info ][safepoint    ] Entering safepoint region: CollectForMetadataAllocation
[5.208s][info ][safepoint    ] Leaving safepoint region
[5.208s][info ][safepoint    ] Total time for which application threads were stopped: 0.0000759 seconds, Stopping threads took: 0.0000502 seconds
[5.213s][info ][safepoint    ] Application time: 0.0044026 seconds
[5.220s][info ][safepoint    ] Entering safepoint region: CollectForMetadataAllocation
[5.220s][info ][safepoint    ] Leaving safepoint region
[5.220s][info ][safepoint    ] Total time for which application threads were stopped: 0.0073023 seconds, Stopping threads took: 0.0072445 seconds
[5.234s][info ][safepoint    ] Application time: 0.0143569 seconds
[5.234s][info ][safepoint    ] Entering safepoint region: RevokeBias
[5.234s][info ][safepoint    ] Leaving safepoint region
[5.234s][info ][safepoint    ] Total time for which application threads were stopped: 0.0001174 seconds, Stopping threads took: 0.0000105 seconds
[5.237s][info ][safepoint    ] Application time: 0.0026894 seconds
[5.237s][info ][safepoint    ] Entering safepoint region: RevokeBias
[5.237s][info ][safepoint    ] Leaving safepoint region
[5.238s][info ][safepoint    ] Total time for which application threads were stopped: 0.0003462 seconds, Stopping threads took: 0.0002573 seconds
[5.238s][info ][safepoint    ] Application time: 0.0002635 seconds
[5.238s][info ][safepoint    ] Entering safepoint region: CollectForMetadataAllocation
[5.238s][info ][safepoint    ] Leaving safepoint region
[5.238s][info ][safepoint    ] Total time for which application threads were stopped: 0.0000665 seconds, Stopping threads took: 0.0000092 seconds
[5.239s][info ][safepoint    ] Application time: 0.0008255 seconds
[5.239s][info ][safepoint    ] Entering safepoint region: RevokeBias
[5.239s][info ][safepoint    ] Leaving safepoint region
[5.239s][info ][safepoint    ] Total time for which application threads were stopped: 0.0001158 seconds, Stopping threads took: 0.0000329 seconds
[5.239s][info ][safepoint    ] Application time: 0.0005221 seconds
[5.239s][info ][safepoint    ] Entering safepoint region: RevokeBias
[5.239s][info ][safepoint    ] Leaving safepoint region
[5.239s][info ][safepoint    ] Total time for which application threads were stopped: 0.0000636 seconds, Stopping threads took: 0.0000057 seconds
[5.240s][info ][safepoint    ] Application time: 0.0000817 seconds
[5.240s][info ][safepoint    ] Entering safepoint region: RevokeBias
[5.240s][info ][safepoint    ] Leaving safepoint region
[5.240s][info ][safepoint    ] Total time for which application threads were stopped: 0.0000513 seconds, Stopping threads took: 0.0000048 seconds
[5.240s][info ][safepoint    ] Application time: 0.0007398 seconds
[5.240s][info ][safepoint    ] Entering safepoint region: RevokeBias
[5.240s][info ][safepoint    ] Leaving safepoint region
[5.240s][info ][safepoint    ] Total time for which application threads were stopped: 0.0000628 seconds, Stopping threads took: 0.0000075 seconds
[5.240s][info ][safepoint    ] Application time: 0.0000803 seconds
[5.240s][info ][safepoint    ] Entering safepoint region: RevokeBias
[5.241s][info ][safepoint    ] Leaving safepoint region
[5.241s][info ][safepoint    ] Total time for which application threads were stopped: 0.0000490 seconds, Stopping threads took: 0.0000056 seconds
[5.241s][info ][safepoint    ] Application time: 0.0003990 seconds
[5.241s][info ][safepoint    ] Entering safepoint region: RevokeBias
[5.241s][info ][safepoint    ] Leaving safepoint region
[5.241s][info ][safepoint    ] Total time for which application threads were stopped: 0.0000645 seconds, Stopping threads took: 0.0000205 seconds
[5.241s][info ][safepoint    ] Application time: 0.0000838 seconds
[5.241s][info ][safepoint    ] Entering safepoint region: RevokeBias
[5.241s][info ][safepoint    ] Leaving safepoint region
[5.241s][info ][safepoint    ] Total time for which application threads were stopped: 0.0000436 seconds, Stopping threads took: 0.0000050 seconds
[5.241s][info ][safepoint    ] Application time: 0.0002076 seconds
[5.241s][info ][safepoint    ] Entering safepoint region: RevokeBias
[5.241s][info ][safepoint    ] Leaving safepoint region
[5.241s][info ][safepoint    ] Total time for which application threads were stopped: 0.0000416 seconds, Stopping threads took: 0.0000047 seconds
[5.241s][info ][safepoint    ] Application time: 0.0000514 seconds
[5.241s][info ][safepoint    ] Entering safepoint region: RevokeBias
[5.242s][info ][safepoint    ] Leaving safepoint region
[5.242s][info ][safepoint    ] Total time for which application threads were stopped: 0.0000417 seconds, Stopping threads took: 0.0000044 seconds
[5.243s][info ][safepoint    ] Application time: 0.0019444 seconds
[5.243s][info ][safepoint    ] Entering safepoint region: RevokeBias
[5.244s][info ][safepoint    ] Leaving safepoint region
[5.244s][info ][safepoint    ] Total time for which application threads were stopped: 0.0001594 seconds, Stopping threads took: 0.0000068 seconds
[5.254s][info ][safepoint    ] Application time: 0.0100952 seconds
[5.254s][info ][safepoint    ] Entering safepoint region: BulkRevokeBias
[5.254s][info ][safepoint    ] Leaving safepoint region
[5.254s][info ][safepoint    ] Total time for which application threads were stopped: 0.0004395 seconds, Stopping threads took: 0.0001062 seconds
[5.256s][info ][safepoint    ] Application time: 0.0014436 seconds
[5.256s][info ][safepoint    ] Entering safepoint region: RevokeBias
[5.256s][info ][safepoint    ] Leaving safepoint region
[5.256s][info ][safepoint    ] Total time for which application threads were stopped: 0.0003716 seconds, Stopping threads took: 0.0002584 seconds
[5.265s][info ][safepoint    ] Application time: 0.0085693 seconds
[5.265s][info ][safepoint    ] Entering safepoint region: RevokeBias
[5.265s][info ][safepoint    ] Leaving safepoint region
[5.265s][info ][safepoint    ] Total time for which application threads were stopped: 0.0004186 seconds, Stopping threads took: 0.0002647 seconds
[5.265s][info ][safepoint    ] Application time: 0.0003703 seconds
[5.266s][info ][safepoint    ] Entering safepoint region: RevokeBias
[5.266s][info ][safepoint    ] Leaving safepoint region
[5.266s][info ][safepoint    ] Total time for which application threads were stopped: 0.0007472 seconds, Stopping threads took: 0.0002013 seconds
[5.272s][info ][safepoint    ] Application time: 0.0053186 seconds
[5.272s][info ][safepoint    ] Entering safepoint region: RevokeBias
[5.272s][info ][safepoint    ] Leaving safepoint region
[5.272s][info ][safepoint    ] Total time for which application threads were stopped: 0.0002299 seconds, Stopping threads took: 0.0001523 seconds
[5.273s][info ][safepoint    ] Application time: 0.0007711 seconds
[5.273s][info ][safepoint    ] Entering safepoint region: RevokeBias
[5.273s][info ][safepoint    ] Leaving safepoint region
[5.273s][info ][safepoint    ] Total time for which application threads were stopped: 0.0000519 seconds, Stopping threads took: 0.0000054 seconds
[5.274s][info ][safepoint    ] Application time: 0.0013733 seconds
[5.274s][info ][safepoint    ] Entering safepoint region: RevokeBias
[5.274s][info ][safepoint    ] Leaving safepoint region
[5.274s][info ][safepoint    ] Total time for which application threads were stopped: 0.0000608 seconds, Stopping threads took: 0.0000055 seconds
[5.275s][info ][safepoint    ] Application time: 0.0011432 seconds
[5.275s][info ][safepoint    ] Entering safepoint region: RevokeBias
[5.275s][info ][safepoint    ] Leaving safepoint region
[5.275s][info ][safepoint    ] Total time for which application threads were stopped: 0.0000742 seconds, Stopping threads took: 0.0000059 seconds
[5.277s][info ][safepoint    ] Application time: 0.0018834 seconds
[5.277s][info ][safepoint    ] Entering safepoint region: RevokeBias
[5.277s][info ][safepoint    ] Leaving safepoint region
[5.277s][info ][safepoint    ] Total time for which application threads were stopped: 0.0001059 seconds, Stopping threads took: 0.0000355 seconds
[5.283s][info ][safepoint    ] Application time: 0.0053677 seconds
[5.283s][info ][safepoint    ] Entering safepoint region: RevokeBias
[5.283s][info ][safepoint    ] Leaving safepoint region
[5.283s][info ][safepoint    ] Total time for which application threads were stopped: 0.0005413 seconds, Stopping threads took: 0.0004671 seconds
[5.286s][info ][safepoint    ] Application time: 0.0023469 seconds
[5.286s][info ][safepoint    ] Entering safepoint region: CollectForMetadataAllocation
[5.286s][info ][safepoint    ] Leaving safepoint region
[5.286s][info ][safepoint    ] Total time for which application threads were stopped: 0.0000650 seconds, Stopping threads took: 0.0000173 seconds
[5.288s][info ][safepoint    ] Application time: 0.0020625 seconds
[5.291s][info ][safepoint    ] Entering safepoint region: RevokeBias
[5.291s][info ][safepoint    ] Leaving safepoint region
[5.291s][info ][safepoint    ] Total time for which application threads were stopped: 0.0030536 seconds, Stopping threads took: 0.0030066 seconds
[5.292s][info ][safepoint    ] Application time: 0.0015170 seconds
[5.295s][info ][safepoint    ] Entering safepoint region: RevokeBias
[5.295s][info ][safepoint    ] Leaving safepoint region
[5.295s][info ][safepoint    ] Total time for which application threads were stopped: 0.0030889 seconds, Stopping threads took: 0.0030227 seconds
[5.296s][info ][safepoint    ] Application time: 0.0009851 seconds
[5.296s][info ][safepoint    ] Entering safepoint region: RevokeBias
[5.296s][info ][safepoint    ] Leaving safepoint region
[5.297s][info ][safepoint    ] Total time for which application threads were stopped: 0.0000537 seconds, Stopping threads took: 0.0000058 seconds
[5.304s][info ][safepoint    ] Application time: 0.0077587 seconds
[5.310s][info ][safepoint    ] Entering safepoint region: RevokeBias
[5.310s][info ][safepoint    ] Leaving safepoint region
[5.310s][info ][safepoint    ] Total time for which application threads were stopped: 0.0055650 seconds, Stopping threads took: 0.0054784 seconds
[5.311s][info ][safepoint    ] Application time: 0.0014675 seconds
[5.311s][info ][safepoint    ] Entering safepoint region: RevokeBias
[5.311s][info ][safepoint    ] Leaving safepoint region
[5.311s][info ][safepoint    ] Total time for which application threads were stopped: 0.0001150 seconds, Stopping threads took: 0.0000483 seconds
[5.325s][info ][safepoint    ] Application time: 0.0140047 seconds
[5.326s][info ][safepoint    ] Entering safepoint region: RevokeBias
[5.326s][info ][safepoint    ] Leaving safepoint region
[5.326s][info ][safepoint    ] Total time for which application threads were stopped: 0.0001156 seconds, Stopping threads took: 0.0000430 seconds
[5.327s][info ][safepoint    ] Application time: 0.0013356 seconds
[5.327s][info ][safepoint    ] Entering safepoint region: CollectForMetadataAllocation
[5.327s][info ][safepoint    ] Leaving safepoint region
[5.327s][info ][safepoint    ] Total time for which application threads were stopped: 0.0001164 seconds, Stopping threads took: 0.0000454 seconds
[5.328s][info ][safepoint    ] Application time: 0.0007681 seconds
[5.328s][info ][safepoint    ] Entering safepoint region: RevokeBias
[5.328s][info ][safepoint    ] Leaving safepoint region
[5.328s][info ][safepoint    ] Total time for which application threads were stopped: 0.0001691 seconds, Stopping threads took: 0.0000802 seconds
[5.329s][info ][safepoint    ] Application time: 0.0010764 seconds
[5.329s][info ][safepoint    ] Entering safepoint region: RevokeBias
[5.329s][info ][safepoint    ] Leaving safepoint region
[5.329s][info ][safepoint    ] Total time for which application threads were stopped: 0.0001020 seconds, Stopping threads took: 0.0000337 seconds
[5.330s][info ][safepoint    ] Application time: 0.0004876 seconds
[5.330s][info ][safepoint    ] Entering safepoint region: BulkRevokeBias
[5.330s][info ][safepoint    ] Leaving safepoint region
[5.330s][info ][safepoint    ] Total time for which application threads were stopped: 0.0003904 seconds, Stopping threads took: 0.0001327 seconds
[5.339s][info ][safepoint    ] Application time: 0.0090039 seconds
[5.339s][info ][safepoint    ] Entering safepoint region: CollectForMetadataAllocation
[5.339s][info ][safepoint    ] Leaving safepoint region
[5.339s][info ][safepoint    ] Total time for which application threads were stopped: 0.0001094 seconds, Stopping threads took: 0.0000381 seconds
[5.350s][info ][safepoint    ] Application time: 0.0105680 seconds
[5.350s][info ][safepoint    ] Entering safepoint region: RevokeBias
[5.350s][info ][safepoint    ] Leaving safepoint region
[5.350s][info ][safepoint    ] Total time for which application threads were stopped: 0.0001100 seconds, Stopping threads took: 0.0000297 seconds
[5.351s][info ][safepoint    ] Application time: 0.0010573 seconds
[5.351s][info ][safepoint    ] Entering safepoint region: CollectForMetadataAllocation
[5.351s][info ][safepoint    ] Leaving safepoint region
[5.351s][info ][safepoint    ] Total time for which application threads were stopped: 0.0001514 seconds, Stopping threads took: 0.0000747 seconds
[5.367s][info ][safepoint    ] Application time: 0.0159616 seconds
[5.367s][info ][safepoint    ] Entering safepoint region: RevokeBias
[5.367s][info ][safepoint    ] Leaving safepoint region
[5.367s][info ][safepoint    ] Total time for which application threads were stopped: 0.0001665 seconds, Stopping threads took: 0.0000639 seconds
[5.379s][info ][safepoint    ] Application time: 0.0112437 seconds
[5.382s][info ][safepoint    ] Entering safepoint region: CollectForMetadataAllocation
[5.382s][info ][safepoint    ] Leaving safepoint region
[5.382s][info ][safepoint    ] Total time for which application threads were stopped: 0.0031673 seconds, Stopping threads took: 0.0030375 seconds
[5.445s][info ][safepoint    ] Application time: 0.0628098 seconds
[5.448s][info ][safepoint    ] Entering safepoint region: CollectForMetadataAllocation
[5.448s][info ][safepoint    ] Leaving safepoint region
[5.448s][info ][safepoint    ] Total time for which application threads were stopped: 0.0030931 seconds, Stopping threads took: 0.0029472 seconds
[5.483s][info ][safepoint    ] Application time: 0.0350595 seconds
[5.483s][info ][safepoint    ] Entering safepoint region: RevokeBias
[5.483s][info ][safepoint    ] Leaving safepoint region
[5.483s][info ][safepoint    ] Total time for which application threads were stopped: 0.0001629 seconds, Stopping threads took: 0.0000600 seconds
[5.486s][info ][safepoint    ] Application time: 0.0034036 seconds
[5.498s][info ][safepoint    ] Entering safepoint region: RevokeBias
[5.498s][info ][safepoint    ] Leaving safepoint region
[5.498s][info ][safepoint    ] Total time for which application threads were stopped: 0.0115255 seconds, Stopping threads took: 0.0113874 seconds
[5.513s][info ][safepoint    ] Application time: 0.0146500 seconds
[5.513s][info ][safepoint    ] Entering safepoint region: RevokeBias
[5.513s][info ][safepoint    ] Leaving safepoint region
[5.513s][info ][safepoint    ] Total time for which application threads were stopped: 0.0002651 seconds, Stopping threads took: 0.0000093 seconds
[5.519s][info ][safepoint    ] Application time: 0.0058743 seconds
[5.519s][info ][safepoint    ] Entering safepoint region: CollectForMetadataAllocation
[5.519s][info ][safepoint    ] Leaving safepoint region
[5.519s][info ][safepoint    ] Total time for which application threads were stopped: 0.0001657 seconds, Stopping threads took: 0.0000233 seconds
[5.522s][info ][safepoint    ] Application time: 0.0031000 seconds
[5.522s][info ][safepoint    ] Entering safepoint region: RevokeBias
[5.523s][info ][safepoint    ] Leaving safepoint region
[5.523s][info ][safepoint    ] Total time for which application threads were stopped: 0.0004654 seconds, Stopping threads took: 0.0001677 seconds
[5.523s][info ][safepoint    ] Application time: 0.0002267 seconds
[5.523s][info ][safepoint    ] Entering safepoint region: RevokeBias
[5.523s][info ][safepoint    ] Leaving safepoint region
[5.523s][info ][safepoint    ] Total time for which application threads were stopped: 0.0000944 seconds, Stopping threads took: 0.0000049 seconds
[5.531s][info ][safepoint    ] Application time: 0.0078581 seconds
[5.531s][info ][safepoint    ] Entering safepoint region: Deoptimize
[5.532s][info ][safepoint    ] Leaving safepoint region
[5.532s][info ][safepoint    ] Total time for which application threads were stopped: 0.0014776 seconds, Stopping threads took: 0.0000267 seconds
[5.562s][info ][safepoint    ] Application time: 0.0297590 seconds
[5.563s][info ][safepoint    ] Entering safepoint region: CollectForMetadataAllocation
[5.563s][info ][safepoint    ] Leaving safepoint region
[5.563s][info ][safepoint    ] Total time for which application threads were stopped: 0.0007620 seconds, Stopping threads took: 0.0005464 seconds
[5.573s][info ][safepoint    ] Application time: 0.0099622 seconds
[5.576s][info ][safepoint    ] Entering safepoint region: RevokeBias
[5.576s][info ][safepoint    ] Leaving safepoint region
[5.576s][info ][safepoint    ] Total time for which application threads were stopped: 0.0031610 seconds, Stopping threads took: 0.0030604 seconds
[5.655s][info ][safepoint    ] Application time: 0.0789751 seconds
[5.664s][info ][safepoint    ] Entering safepoint region: RevokeBias
[5.665s][info ][safepoint    ] Leaving safepoint region
[5.665s][info ][safepoint    ] Total time for which application threads were stopped: 0.0097550 seconds, Stopping threads took: 0.0089790 seconds
[5.680s][info ][safepoint    ] Application time: 0.0148273 seconds
[5.683s][info ][safepoint    ] Entering safepoint region: RevokeBias
[5.684s][info ][safepoint    ] Leaving safepoint region
[5.684s][info ][safepoint    ] Total time for which application threads were stopped: 0.0043162 seconds, Stopping threads took: 0.0039222 seconds
[5.739s][info ][safepoint    ] Application time: 0.0552972 seconds
[5.747s][info ][safepoint    ] Entering safepoint region: RevokeBias
[5.748s][info ][safepoint    ] Leaving safepoint region
[5.748s][info ][safepoint    ] Total time for which application threads were stopped: 0.0085315 seconds, Stopping threads took: 0.0082891 seconds
[5.823s][info ][safepoint    ] Application time: 0.0747655 seconds
[5.826s][info ][safepoint    ] Entering safepoint region: RevokeBias
[5.826s][info ][safepoint    ] Leaving safepoint region
[5.826s][info ][safepoint    ] Total time for which application threads were stopped: 0.0035345 seconds, Stopping threads took: 0.0030051 seconds
[5.892s][info ][safepoint    ] Application time: 0.0654247 seconds
[5.895s][info ][safepoint    ] Entering safepoint region: RevokeBias
[5.895s][info ][safepoint    ] Leaving safepoint region
[5.895s][info ][safepoint    ] Total time for which application threads were stopped: 0.0039103 seconds, Stopping threads took: 0.0035316 seconds
[5.896s][info ][safepoint    ] Application time: 0.0004279 seconds
[5.903s][info ][safepoint    ] Entering safepoint region: RevokeBias
[5.903s][info ][safepoint    ] Leaving safepoint region
[5.903s][info ][safepoint    ] Total time for which application threads were stopped: 0.0070291 seconds, Stopping threads took: 0.0068453 seconds
[5.921s][info ][safepoint    ] Application time: 0.0179057 seconds
[5.929s][info ][safepoint    ] Entering safepoint region: RevokeBias
[5.930s][info ][safepoint    ] Leaving safepoint region
[5.930s][info ][safepoint    ] Total time for which application threads were stopped: 0.0087344 seconds, Stopping threads took: 0.0083554 seconds
[5.952s][info ][safepoint    ] Application time: 0.0228346 seconds
[5.953s][info ][safepoint    ] Entering safepoint region: Deoptimize
[5.954s][info ][safepoint    ] Leaving safepoint region
[5.954s][info ][safepoint    ] Total time for which application threads were stopped: 0.0010276 seconds, Stopping threads took: 0.0003585 seconds
[5.972s][info ][safepoint    ] Application time: 0.0179800 seconds
[5.972s][info ][safepoint    ] Entering safepoint region: RevokeBias
[5.972s][info ][safepoint    ] Leaving safepoint region
[5.972s][info ][safepoint    ] Total time for which application threads were stopped: 0.0004911 seconds, Stopping threads took: 0.0000815 seconds
[5.972s][info ][safepoint    ] Application time: 0.0001266 seconds
[5.972s][info ][safepoint    ] Entering safepoint region: RevokeBias
[5.972s][info ][safepoint    ] Leaving safepoint region
[5.972s][info ][safepoint    ] Total time for which application threads were stopped: 0.0002183 seconds, Stopping threads took: 0.0000530 seconds
[6.004s][info ][safepoint    ] Application time: 0.0311951 seconds
[6.012s][info ][safepoint    ] Entering safepoint region: RevokeBias
[6.012s][info ][safepoint    ] Leaving safepoint region
[6.012s][info ][safepoint    ] Total time for which application threads were stopped: 0.0086235 seconds, Stopping threads took: 0.0081395 seconds
[6.035s][info ][safepoint    ] Application time: 0.0224841 seconds
[6.042s][info ][safepoint    ] Entering safepoint region: BulkRevokeBias
[6.044s][info ][safepoint    ] Leaving safepoint region
[6.044s][info ][safepoint    ] Total time for which application threads were stopped: 0.0088510 seconds, Stopping threads took: 0.0076641 seconds
[6.094s][info ][safepoint    ] Application time: 0.0504236 seconds
[6.108s][info ][safepoint    ] Entering safepoint region: RevokeBias
[6.109s][info ][safepoint    ] Leaving safepoint region
[6.109s][info ][safepoint    ] Total time for which application threads were stopped: 0.0147620 seconds, Stopping threads took: 0.0144535 seconds
[6.117s][info ][safepoint    ] Application time: 0.0082991 seconds
[6.117s][info ][safepoint    ] Entering safepoint region: RevokeBias
[6.118s][info ][safepoint    ] Leaving safepoint region
[6.118s][info ][safepoint    ] Total time for which application threads were stopped: 0.0004759 seconds, Stopping threads took: 0.0002156 seconds
[6.118s][info ][gc           ] GC(1) Concurrent Abortable Preclean 1225.198ms
[6.118s][info ][gc,cpu       ] GC(1) User=2.22s Sys=0.09s Real=1.22s
[6.118s][info ][safepoint    ] Application time: 0.0000856 seconds
[6.118s][info ][safepoint    ] Entering safepoint region: CMS_Final_Remark
[6.118s][info ][gc,start     ] GC(1) Pause Remark
[6.204s][debug][gc,phases    ] GC(1) Rescan (parallel) 85.644ms
[6.204s][debug][gc,ref       ] GC(1) Skipped phase1 of Reference Processing due to unavailable references
[6.204s][debug][gc,ref       ] GC(1) Skipped phase2 of Reference Processing due to unavailable references
[6.204s][debug][gc,ref       ] GC(1) Skipped phase3 of Reference Processing due to unavailable references
[6.204s][debug][gc,ref       ] GC(1) Skipped phase4 of Reference Processing due to unavailable references
[6.204s][debug][gc,phases    ] GC(1) Reference Processing 0.121ms
[6.204s][debug][gc,phases    ] GC(1) Weak Processing 0.088ms
[6.205s][debug][gc,phases    ] GC(1) ClassLoaderData 0.769ms
[6.205s][debug][gc,phases    ] GC(1) ProtectionDomainCacheTable 0.009ms
[6.205s][debug][gc,phases    ] GC(1) ResolvedMethodTable 0.121ms
[6.207s][debug][gc,phases    ] GC(1) Class Unloading 3.388ms
[6.211s][debug][gc,phases    ] GC(1) Scrub Symbol Table 3.216ms
[6.211s][debug][gc,phases    ] GC(1) Scrub String Table 0.218ms
[6.212s][info ][gc           ] GC(1) Pause Remark 161M->161M(852M) 93.983ms
[6.212s][info ][gc,cpu       ] GC(1) User=0.13s Sys=0.00s Real=0.10s
[6.212s][info ][safepoint    ] Leaving safepoint region
[6.212s][info ][safepoint    ] Total time for which application threads were stopped: 0.0941973 seconds, Stopping threads took: 0.0000409 seconds
[6.212s][info ][gc           ] GC(1) Concurrent Sweep
[6.215s][info ][gc           ] GC(1) Concurrent Sweep 2.781ms
[6.215s][info ][gc,cpu       ] GC(1) User=0.01s Sys=0.00s Real=0.00s
[6.215s][info ][gc           ] GC(1) Concurrent Reset
[6.230s][info ][gc           ] GC(1) Concurrent Reset 15.585ms
[6.230s][info ][gc,cpu       ] GC(1) User=0.07s Sys=0.01s Real=0.02s
[6.230s][info ][gc,heap      ] GC(1) Old: 5748K->5748K(602112K)
[6.230s][info ][safepoint    ] Application time: 0.0185077 seconds
[6.233s][info ][safepoint    ] Entering safepoint region: RevokeBias
[6.233s][info ][safepoint    ] Leaving safepoint region
[6.233s][info ][safepoint    ] Total time for which application threads were stopped: 0.0030504 seconds, Stopping threads took: 0.0027038 seconds
[6.238s][info ][safepoint    ] Application time: 0.0049502 seconds
[6.239s][info ][safepoint    ] Entering safepoint region: RevokeBias
[6.239s][info ][safepoint    ] Leaving safepoint region
[6.239s][info ][safepoint    ] Total time for which application threads were stopped: 0.0003162 seconds, Stopping threads took: 0.0000535 seconds
[6.241s][info ][safepoint    ] Application time: 0.0019224 seconds
[6.241s][info ][safepoint    ] Entering safepoint region: RevokeBias
[6.241s][info ][safepoint    ] Leaving safepoint region
[6.241s][info ][safepoint    ] Total time for which application threads were stopped: 0.0003434 seconds, Stopping threads took: 0.0000803 seconds
[6.247s][info ][safepoint    ] Application time: 0.0063725 seconds
[6.255s][info ][safepoint    ] Entering safepoint region: RevokeBias
[6.256s][info ][safepoint    ] Leaving safepoint region
[6.256s][info ][safepoint    ] Total time for which application threads were stopped: 0.0082495 seconds, Stopping threads took: 0.0080448 seconds
[6.260s][info ][safepoint    ] Application time: 0.0039268 seconds
[6.260s][info ][safepoint    ] Entering safepoint region: RevokeBias
[6.260s][info ][safepoint    ] Leaving safepoint region
[6.260s][info ][safepoint    ] Total time for which application threads were stopped: 0.0002001 seconds, Stopping threads took: 0.0000179 seconds
[6.272s][info ][safepoint    ] Application time: 0.0120738 seconds
[6.276s][info ][safepoint    ] Entering safepoint region: RevokeBias
[6.276s][info ][safepoint    ] Leaving safepoint region
[6.276s][info ][safepoint    ] Total time for which application threads were stopped: 0.0038485 seconds, Stopping threads took: 0.0035931 seconds
[6.276s][info ][safepoint    ] Application time: 0.0005395 seconds
[6.276s][info ][safepoint    ] Entering safepoint region: RevokeBias
[6.276s][info ][safepoint    ] Leaving safepoint region
[6.276s][info ][safepoint    ] Total time for which application threads were stopped: 0.0001239 seconds, Stopping threads took: 0.0000186 seconds
[6.280s][info ][safepoint    ] Application time: 0.0035943 seconds
[6.284s][info ][safepoint    ] Entering safepoint region: RevokeBias
[6.284s][info ][safepoint    ] Leaving safepoint region
[6.284s][info ][safepoint    ] Total time for which application threads were stopped: 0.0036699 seconds, Stopping threads took: 0.0034340 seconds
[6.306s][info ][safepoint    ] Application time: 0.0221866 seconds
[6.328s][info ][safepoint    ] Entering safepoint region: RevokeBias
[6.328s][info ][safepoint    ] Leaving safepoint region
[6.328s][info ][safepoint    ] Total time for which application threads were stopped: 0.0219674 seconds, Stopping threads took: 0.0216675 seconds
[6.348s][info ][safepoint    ] Application time: 0.0198407 seconds
[6.358s][info ][safepoint    ] Entering safepoint region: RevokeBias
[6.359s][info ][safepoint    ] Leaving safepoint region
[6.359s][info ][safepoint    ] Total time for which application threads were stopped: 0.0108072 seconds, Stopping threads took: 0.0104119 seconds
[6.377s][info ][safepoint    ] Application time: 0.0180500 seconds
[6.392s][info ][safepoint    ] Entering safepoint region: RevokeBias
[6.392s][info ][safepoint    ] Leaving safepoint region
[6.392s][info ][safepoint    ] Total time for which application threads were stopped: 0.0156426 seconds, Stopping threads took: 0.0153269 seconds
[6.424s][info ][safepoint    ] Application time: 0.0318180 seconds
[6.436s][info ][safepoint    ] Entering safepoint region: RevokeBias
[6.436s][info ][safepoint    ] Leaving safepoint region
[6.436s][info ][safepoint    ] Total time for which application threads were stopped: 0.0119053 seconds, Stopping threads took: 0.0113271 seconds
[6.444s][info ][safepoint    ] Application time: 0.0077656 seconds
[6.460s][info ][safepoint    ] Entering safepoint region: RevokeBias
[6.460s][info ][safepoint    ] Leaving safepoint region
[6.460s][info ][safepoint    ] Total time for which application threads were stopped: 0.0162481 seconds, Stopping threads took: 0.0158630 seconds
[6.473s][info ][safepoint    ] Application time: 0.0130321 seconds
[6.491s][info ][safepoint    ] Entering safepoint region: RevokeBias
[6.492s][info ][safepoint    ] Leaving safepoint region
[6.492s][info ][safepoint    ] Total time for which application threads were stopped: 0.0185212 seconds, Stopping threads took: 0.0182880 seconds
[6.492s][info ][safepoint    ] Application time: 0.0002424 seconds
[6.497s][info ][safepoint    ] Entering safepoint region: RevokeBias
[6.497s][info ][safepoint    ] Leaving safepoint region
[6.498s][info ][safepoint    ] Total time for which application threads were stopped: 0.0054858 seconds, Stopping threads took: 0.0051729 seconds
[6.517s][info ][safepoint    ] Application time: 0.0197937 seconds
[6.532s][info ][safepoint    ] Entering safepoint region: RevokeBias
[6.532s][info ][safepoint    ] Leaving safepoint region
[6.532s][info ][safepoint    ] Total time for which application threads were stopped: 0.0144712 seconds, Stopping threads took: 0.0142351 seconds
[6.544s][info ][safepoint    ] Application time: 0.0119173 seconds
[6.546s][info ][safepoint    ] Entering safepoint region: RevokeBias
[6.547s][info ][safepoint    ] Leaving safepoint region
[6.547s][info ][safepoint    ] Total time for which application threads were stopped: 0.0027717 seconds, Stopping threads took: 0.0025757 seconds
[6.564s][info ][safepoint    ] Application time: 0.0170072 seconds
[6.580s][info ][safepoint    ] Entering safepoint region: RevokeBias
[6.581s][info ][safepoint    ] Leaving safepoint region
[6.581s][info ][safepoint    ] Total time for which application threads were stopped: 0.0170846 seconds, Stopping threads took: 0.0166536 seconds
[6.624s][info ][safepoint    ] Application time: 0.0429271 seconds
[6.626s][info ][safepoint    ] Entering safepoint region: RevokeBias
[6.627s][info ][safepoint    ] Leaving safepoint region
[6.627s][info ][safepoint    ] Total time for which application threads were stopped: 0.0028942 seconds, Stopping threads took: 0.0024346 seconds
[6.636s][info ][safepoint    ] Application time: 0.0090786 seconds
[6.643s][info ][safepoint    ] Entering safepoint region: RevokeBias
[6.644s][info ][safepoint    ] Leaving safepoint region
[6.644s][info ][safepoint    ] Total time for which application threads were stopped: 0.0081434 seconds, Stopping threads took: 0.0070322 seconds
[6.685s][info ][safepoint    ] Application time: 0.0413863 seconds
[6.701s][info ][safepoint    ] Entering safepoint region: RevokeBias
[6.702s][info ][safepoint    ] Leaving safepoint region
[6.702s][info ][safepoint    ] Total time for which application threads were stopped: 0.0167881 seconds, Stopping threads took: 0.0158485 seconds
[6.731s][info ][safepoint    ] Application time: 0.0294875 seconds
[6.732s][info ][safepoint    ] Entering safepoint region: RevokeBias
[6.732s][info ][safepoint    ] Leaving safepoint region
[6.732s][info ][safepoint    ] Total time for which application threads were stopped: 0.0003447 seconds, Stopping threads took: 0.0000966 seconds
[6.751s][info ][safepoint    ] Application time: 0.0194469 seconds
[6.755s][info ][safepoint    ] Entering safepoint region: RevokeBias
[6.756s][info ][safepoint    ] Leaving safepoint region
[6.756s][info ][safepoint    ] Total time for which application threads were stopped: 0.0043459 seconds, Stopping threads took: 0.0040898 seconds
[6.778s][info ][safepoint    ] Application time: 0.0223896 seconds
[6.784s][info ][safepoint    ] Entering safepoint region: RevokeBias
[6.784s][info ][safepoint    ] Leaving safepoint region
[6.784s][info ][safepoint    ] Total time for which application threads were stopped: 0.0060898 seconds, Stopping threads took: 0.0058137 seconds
[6.813s][info ][safepoint    ] Application time: 0.0287449 seconds
[6.821s][info ][safepoint    ] Entering safepoint region: RevokeBias
[6.822s][info ][safepoint    ] Leaving safepoint region
[6.822s][info ][safepoint    ] Total time for which application threads were stopped: 0.0087605 seconds, Stopping threads took: 0.0084782 seconds
[6.863s][info ][safepoint    ] Application time: 0.0416222 seconds
[6.864s][info ][safepoint    ] Entering safepoint region: RevokeBias
[6.864s][info ][safepoint    ] Leaving safepoint region
[6.864s][info ][safepoint    ] Total time for which application threads were stopped: 0.0009986 seconds, Stopping threads took: 0.0007428 seconds
[6.884s][info ][safepoint    ] Application time: 0.0193180 seconds
[6.897s][info ][safepoint    ] Entering safepoint region: RevokeBias
[6.897s][info ][safepoint    ] Leaving safepoint region
[6.897s][info ][safepoint    ] Total time for which application threads were stopped: 0.0130587 seconds, Stopping threads took: 0.0128230 seconds
[6.933s][info ][safepoint    ] Application time: 0.0364298 seconds
[6.943s][info ][safepoint    ] Entering safepoint region: BulkRevokeBias
[6.944s][info ][safepoint    ] Leaving safepoint region
[6.945s][info ][safepoint    ] Total time for which application threads were stopped: 0.0112493 seconds, Stopping threads took: 0.0101238 seconds
[6.981s][info ][safepoint    ] Application time: 0.0365459 seconds
[6.981s][info ][safepoint    ] Entering safepoint region: GenCollectForAllocation
[6.981s][info ][gc,start     ] GC(2) Pause Young (Allocation Failure)
[6.981s][info ][gc,task      ] GC(2) Using 4 workers of 4 for evacuation
[7.145s][debug][gc,ref       ] GC(2) Skipped phase1 of Reference Processing due to unavailable references
[7.145s][debug][gc,ref       ] GC(2) Skipped phase3 of Reference Processing due to unavailable references
[7.145s][debug][gc,age       ] GC(2) Desired survivor size 15400960 bytes, new threshold 1 (max threshold 6)
[7.145s][info ][gc,heap      ] GC(2) ParNew: 270975K->30080K(270976K)
[7.145s][info ][gc,heap      ] GC(2) CMS: 5748K->42028K(602112K)
[7.145s][info ][gc,metaspace ] GC(2) Metaspace: 25690K->25690K(1073152K)
[7.145s][info ][gc           ] GC(2) Pause Young (Allocation Failure) 270M->70M(852M) 163.897ms
[7.145s][info ][gc,cpu       ] GC(2) User=0.29s Sys=0.00s Real=0.16s
[7.145s][info ][safepoint    ] Leaving safepoint region
[7.145s][info ][safepoint    ] Total time for which application threads were stopped: 0.1643057 seconds, Stopping threads took: 0.0002202 seconds
[7.791s][info ][safepoint    ] Application time: 0.6456801 seconds
[7.800s][info ][safepoint    ] Entering safepoint region: ICBufferFull
[7.800s][info ][safepoint    ] Leaving safepoint region
[7.800s][info ][safepoint    ] Total time for which application threads were stopped: 0.0086783 seconds, Stopping threads took: 0.0084322 seconds
[7.985s][info ][safepoint    ] Application time: 0.1856814 seconds
[7.998s][info ][safepoint    ] Entering safepoint region: Deoptimize
[7.999s][info ][safepoint    ] Leaving safepoint region
[7.999s][info ][safepoint    ] Total time for which application threads were stopped: 0.0135049 seconds, Stopping threads took: 0.0127073 seconds
[8.088s][info ][safepoint    ] Application time: 0.0894765 seconds
[8.100s][info ][safepoint    ] Entering safepoint region: GenCollectForAllocation
[8.100s][info ][gc,start     ] GC(3) Pause Young (Allocation Failure)
[8.100s][info ][gc,task      ] GC(3) Using 4 workers of 4 for evacuation
[8.332s][debug][gc,ref       ] GC(3) Skipped phase1 of Reference Processing due to unavailable references
[8.332s][debug][gc,ref       ] GC(3) Skipped phase3 of Reference Processing due to unavailable references
[8.332s][debug][gc,age       ] GC(3) Desired survivor size 15400960 bytes, new threshold 1 (max threshold 6)
[8.332s][info ][gc,heap      ] GC(3) ParNew: 270976K->30080K(270976K)
[8.332s][info ][gc,heap      ] GC(3) CMS: 42028K->70984K(602112K)
[8.332s][info ][gc,metaspace ] GC(3) Metaspace: 26813K->26813K(1073152K)
[8.332s][info ][gc           ] GC(3) Pause Young (Allocation Failure) 305M->98M(852M) 231.779ms
[8.332s][info ][gc,cpu       ] GC(3) User=0.28s Sys=0.01s Real=0.23s
[8.332s][info ][safepoint    ] Leaving safepoint region
[8.332s][info ][safepoint    ] Total time for which application threads were stopped: 0.2435081 seconds, Stopping threads took: 0.0114192 seconds
[8.743s][info ][safepoint    ] Application time: 0.4109252 seconds
[8.746s][info ][safepoint    ] Entering safepoint region: GenCollectForAllocation
[8.746s][info ][gc,start     ] GC(4) Pause Young (Allocation Failure)
[8.746s][info ][gc,task      ] GC(4) Using 4 workers of 4 for evacuation
[8.917s][debug][gc,ref       ] GC(4) Skipped phase1 of Reference Processing due to unavailable references
[8.917s][debug][gc,ref       ] GC(4) Skipped phase3 of Reference Processing due to unavailable references
[8.918s][debug][gc,age       ] GC(4) Desired survivor size 15400960 bytes, new threshold 6 (max threshold 6)
[8.918s][info ][gc,heap      ] GC(4) ParNew: 270976K->25870K(270976K)
[8.918s][info ][gc,heap      ] GC(4) CMS: 70984K->98623K(602112K)
[8.918s][info ][gc,metaspace ] GC(4) Metaspace: 28931K->28931K(1075200K)
[8.918s][info ][gc           ] GC(4) Pause Young (Allocation Failure) 333M->121M(852M) 171.161ms
[8.918s][info ][gc,cpu       ] GC(4) User=0.17s Sys=0.01s Real=0.17s
[8.918s][info ][safepoint    ] Leaving safepoint region
[8.918s][info ][safepoint    ] Total time for which application threads were stopped: 0.1746581 seconds, Stopping threads took: 0.0031841 seconds
[9.182s][info ][safepoint    ] Application time: 0.2647513 seconds
[9.200s][info ][safepoint    ] Entering safepoint region: GenCollectForAllocation
[9.200s][info ][gc,start     ] GC(5) Pause Young (Allocation Failure)
[9.200s][info ][gc,task      ] GC(5) Using 4 workers of 4 for evacuation
[9.234s][debug][gc,ref       ] GC(5) Skipped phase1 of Reference Processing due to unavailable references
[9.234s][debug][gc,ref       ] GC(5) Skipped phase3 of Reference Processing due to unavailable references
[9.234s][debug][gc,age       ] GC(5) Desired survivor size 15400960 bytes, new threshold 6 (max threshold 6)
[9.234s][info ][gc,heap      ] GC(5) ParNew: 266766K->11765K(270976K)
[9.234s][info ][gc,heap      ] GC(5) CMS: 98623K->98623K(602112K)
[9.234s][info ][gc,metaspace ] GC(5) Metaspace: 29860K->29860K(1077248K)
[9.234s][info ][gc           ] GC(5) Pause Young (Allocation Failure) 356M->107M(852M) 34.648ms
[9.234s][info ][gc,cpu       ] GC(5) User=0.03s Sys=0.00s Real=0.03s
[9.234s][info ][safepoint    ] Leaving safepoint region
[9.234s][info ][safepoint    ] Total time for which application threads were stopped: 0.0520166 seconds, Stopping threads took: 0.0171109 seconds
[9.467s][info ][safepoint    ] Application time: 0.2324184 seconds
[9.481s][info ][safepoint    ] Entering safepoint region: Deoptimize
[9.482s][info ][safepoint    ] Leaving safepoint region
[9.482s][info ][safepoint    ] Total time for which application threads were stopped: 0.0150033 seconds, Stopping threads took: 0.0143258 seconds
[9.648s][info ][safepoint    ] Application time: 0.1659879 seconds
[9.668s][info ][safepoint    ] Entering safepoint region: GenCollectForAllocation
[9.668s][info ][gc,start     ] GC(6) Pause Young (Allocation Failure)
[9.668s][info ][gc,task      ] GC(6) Using 4 workers of 4 for evacuation
[9.689s][debug][gc,ref       ] GC(6) Skipped phase1 of Reference Processing due to unavailable references
[9.689s][debug][gc,ref       ] GC(6) Skipped phase3 of Reference Processing due to unavailable references
[9.689s][debug][gc,age       ] GC(6) Desired survivor size 15400960 bytes, new threshold 6 (max threshold 6)
[9.689s][info ][gc,heap      ] GC(6) ParNew: 252661K->10877K(270976K)
[9.689s][info ][gc,heap      ] GC(6) CMS: 98623K->98623K(602112K)
[9.689s][info ][gc,metaspace ] GC(6) Metaspace: 31708K->31708K(1077248K)
[9.689s][info ][gc           ] GC(6) Pause Young (Allocation Failure) 343M->106M(852M) 20.754ms
[9.689s][info ][gc,cpu       ] GC(6) User=0.05s Sys=0.00s Real=0.02s
[9.689s][info ][safepoint    ] Leaving safepoint region
[9.689s][info ][safepoint    ] Total time for which application threads were stopped: 0.0410436 seconds, Stopping threads took: 0.0200325 seconds
[9.689s][info ][safepoint    ] Application time: 0.0004203 seconds
[9.689s][info ][safepoint    ] Entering safepoint region: RevokeBias
[9.690s][info ][safepoint    ] Leaving safepoint region
[9.690s][info ][safepoint    ] Total time for which application threads were stopped: 0.0001719 seconds, Stopping threads took: 0.0000239 seconds
[9.690s][info ][safepoint    ] Application time: 0.0000321 seconds
[9.690s][info ][safepoint    ] Entering safepoint region: RevokeBias
[9.690s][info ][safepoint    ] Leaving safepoint region
[9.690s][info ][safepoint    ] Total time for which application threads were stopped: 0.0000968 seconds, Stopping threads took: 0.0000172 seconds
[10.004s][info ][safepoint    ] Application time: 0.3138988 seconds
[10.040s][info ][safepoint    ] Entering safepoint region: GenCollectForAllocation
[10.040s][info ][gc,start     ] GC(7) Pause Young (Allocation Failure)
[10.040s][info ][gc,task      ] GC(7) Using 4 workers of 4 for evacuation
[10.068s][debug][gc,ref       ] GC(7) Skipped phase1 of Reference Processing due to unavailable references
[10.068s][debug][gc,ref       ] GC(7) Skipped phase3 of Reference Processing due to unavailable references
[10.068s][debug][gc,age       ] GC(7) Desired survivor size 15400960 bytes, new threshold 6 (max threshold 6)
[10.068s][info ][gc,heap      ] GC(7) ParNew: 251773K->12028K(270976K)
[10.068s][info ][gc,heap      ] GC(7) CMS: 98623K->98623K(602112K)
[10.068s][info ][gc,metaspace ] GC(7) Metaspace: 32912K->32912K(1079296K)
[10.068s][info ][gc           ] GC(7) Pause Young (Allocation Failure) 342M->108M(852M) 28.148ms
[10.068s][info ][gc,cpu       ] GC(7) User=0.05s Sys=0.00s Real=0.03s
[10.068s][info ][safepoint    ] Leaving safepoint region
[10.068s][info ][safepoint    ] Total time for which application threads were stopped: 0.0643857 seconds, Stopping threads took: 0.0359384 seconds
[10.272s][info ][safepoint    ] Application time: 0.2035704 seconds
[10.300s][info ][safepoint    ] Entering safepoint region: Deoptimize
[10.301s][info ][safepoint    ] Leaving safepoint region
[10.301s][info ][safepoint    ] Total time for which application threads were stopped: 0.0290378 seconds, Stopping threads took: 0.0283064 seconds
[10.368s][info ][safepoint    ] Application time: 0.0668536 seconds
[10.388s][info ][safepoint    ] Entering safepoint region: RevokeBias
[10.389s][info ][safepoint    ] Leaving safepoint region
[10.389s][info ][safepoint    ] Total time for which application threads were stopped: 0.0211154 seconds, Stopping threads took: 0.0209145 seconds
[10.389s][info ][safepoint    ] Application time: 0.0002265 seconds
[10.389s][info ][safepoint    ] Entering safepoint region: RevokeBias
[10.389s][info ][safepoint    ] Leaving safepoint region
[10.389s][info ][safepoint    ] Total time for which application threads were stopped: 0.0001430 seconds, Stopping threads took: 0.0000513 seconds
[10.393s][info ][safepoint    ] Application time: 0.0040082 seconds
[10.408s][info ][safepoint    ] Entering safepoint region: RevokeBias
[10.408s][info ][safepoint    ] Leaving safepoint region
[10.408s][info ][safepoint    ] Total time for which application threads were stopped: 0.0146697 seconds, Stopping threads took: 0.0144523 seconds
[10.420s][info ][safepoint    ] Application time: 0.0123350 seconds
[10.441s][info ][safepoint    ] Entering safepoint region: RevokeBias
[10.441s][info ][safepoint    ] Leaving safepoint region
[10.441s][info ][safepoint    ] Total time for which application threads were stopped: 0.0208957 seconds, Stopping threads took: 0.0206703 seconds
[10.468s][info ][safepoint    ] Application time: 0.0265461 seconds
[10.496s][info ][safepoint    ] Entering safepoint region: RevokeBias
[10.496s][info ][safepoint    ] Leaving safepoint region
[10.496s][info ][safepoint    ] Total time for which application threads were stopped: 0.0281747 seconds, Stopping threads took: 0.0279046 seconds
[10.540s][info ][safepoint    ] Application time: 0.0437743 seconds
[10.543s][info ][safepoint    ] Entering safepoint region: RevokeBias
[10.543s][info ][safepoint    ] Leaving safepoint region
[10.543s][info ][safepoint    ] Total time for which application threads were stopped: 0.0033448 seconds, Stopping threads took: 0.0031172 seconds
[10.544s][info ][safepoint    ] Application time: 0.0014898 seconds
[10.545s][info ][safepoint    ] Entering safepoint region: RevokeBias
[10.545s][info ][safepoint    ] Leaving safepoint region
[10.545s][info ][safepoint    ] Total time for which application threads were stopped: 0.0003056 seconds, Stopping threads took: 0.0001275 seconds
[10.545s][info ][safepoint    ] Application time: 0.0001717 seconds
[10.545s][info ][safepoint    ] Entering safepoint region: RevokeBias
[10.545s][info ][safepoint    ] Leaving safepoint region
[10.545s][info ][safepoint    ] Total time for which application threads were stopped: 0.0001949 seconds, Stopping threads took: 0.0000067 seconds
[10.644s][info ][safepoint    ] Application time: 0.0989869 seconds
[10.649s][info ][safepoint    ] Entering safepoint region: GenCollectForAllocation
[10.649s][info ][gc,start     ] GC(8) Pause Young (Allocation Failure)
[10.649s][info ][gc,task      ] GC(8) Using 4 workers of 4 for evacuation
[10.688s][debug][gc,ref       ] GC(8) Skipped phase1 of Reference Processing due to unavailable references
[10.688s][debug][gc,ref       ] GC(8) Skipped phase3 of Reference Processing due to unavailable references
[10.688s][debug][gc,age       ] GC(8) Desired survivor size 15400960 bytes, new threshold 6 (max threshold 6)
[10.688s][info ][gc,heap      ] GC(8) ParNew: 252924K->14333K(270976K)
[10.688s][info ][gc,heap      ] GC(8) CMS: 98623K->98623K(602112K)
[10.688s][info ][gc,metaspace ] GC(8) Metaspace: 33485K->33485K(1079296K)
[10.688s][info ][gc           ] GC(8) Pause Young (Allocation Failure) 343M->110M(852M) 39.095ms
[10.688s][info ][gc,cpu       ] GC(8) User=0.05s Sys=0.00s Real=0.04s
[10.688s][info ][safepoint    ] Leaving safepoint region
[10.688s][info ][safepoint    ] Total time for which application threads were stopped: 0.0437501 seconds, Stopping threads took: 0.0044222 seconds
[11.228s][info ][safepoint    ] Application time: 0.5395148 seconds
[11.228s][info ][safepoint    ] Entering safepoint region: GenCollectForAllocation
[11.228s][info ][gc,start     ] GC(9) Pause Young (Allocation Failure)
[11.228s][info ][gc,task      ] GC(9) Using 4 workers of 4 for evacuation
[11.251s][debug][gc,ref       ] GC(9) Skipped phase1 of Reference Processing due to unavailable references
[11.251s][debug][gc,ref       ] GC(9) Skipped phase3 of Reference Processing due to unavailable references
[11.258s][debug][gc,age       ] GC(9) Desired survivor size 15400960 bytes, new threshold 6 (max threshold 6)
[11.258s][info ][gc,heap      ] GC(9) ParNew: 255229K->13704K(270976K)
[11.258s][info ][gc,heap      ] GC(9) CMS: 98623K->98623K(602112K)
[11.258s][info ][gc,metaspace ] GC(9) Metaspace: 33596K->33596K(1079296K)
[11.258s][info ][gc           ] GC(9) Pause Young (Allocation Failure) 345M->109M(852M) 29.813ms
[11.258s][info ][gc,cpu       ] GC(9) User=0.05s Sys=0.00s Real=0.02s
[11.258s][info ][safepoint    ] Leaving safepoint region
[11.258s][info ][safepoint    ] Total time for which application threads were stopped: 0.0303231 seconds, Stopping threads took: 0.0002194 seconds
[11.398s][info ][safepoint    ] Application time: 0.1402753 seconds
[11.432s][info ][safepoint    ] Entering safepoint region: Deoptimize
[11.432s][info ][safepoint    ] Leaving safepoint region
[11.432s][info ][safepoint    ] Total time for which application threads were stopped: 0.0340942 seconds, Stopping threads took: 0.0333725 seconds
[11.446s][info ][safepoint    ] Application time: 0.0133204 seconds
[11.460s][info ][safepoint    ] Entering safepoint region: GenCollectForAllocation
[11.460s][info ][gc,start     ] GC(10) Pause Young (Allocation Failure)
[11.460s][info ][gc,task      ] GC(10) Using 4 workers of 4 for evacuation
[11.507s][debug][gc,ref       ] GC(10) Skipped phase1 of Reference Processing due to unavailable references
[11.507s][debug][gc,ref       ] GC(10) Skipped phase3 of Reference Processing due to unavailable references
[11.507s][debug][gc,age       ] GC(10) Desired survivor size 15400960 bytes, new threshold 6 (max threshold 6)
[11.507s][info ][gc,heap      ] GC(10) ParNew: 254600K->9943K(270976K)
[11.507s][info ][gc,heap      ] GC(10) CMS: 98623K->104254K(602112K)
[11.507s][info ][gc,metaspace ] GC(10) Metaspace: 33607K->33607K(1079296K)
[11.507s][info ][gc           ] GC(10) Pause Young (Allocation Failure) 344M->111M(852M) 47.626ms
[11.507s][info ][gc,cpu       ] GC(10) User=0.06s Sys=0.00s Real=0.04s
[11.507s][info ][safepoint    ] Leaving safepoint region
[11.507s][info ][safepoint    ] Total time for which application threads were stopped: 0.0617713 seconds, Stopping threads took: 0.0139189 seconds
[11.556s][info ][safepoint    ] Application time: 0.0482321 seconds
[11.564s][info ][safepoint    ] Entering safepoint region: Deoptimize
[11.565s][info ][safepoint    ] Leaving safepoint region
[11.565s][info ][safepoint    ] Total time for which application threads were stopped: 0.0094168 seconds, Stopping threads took: 0.0084269 seconds
[11.588s][info ][safepoint    ] Application time: 0.0229123 seconds
[11.588s][info ][safepoint    ] Entering safepoint region: RevokeBias
[11.588s][info ][safepoint    ] Leaving safepoint region
[11.588s][info ][safepoint    ] Total time for which application threads were stopped: 0.0004111 seconds, Stopping threads took: 0.0002804 seconds
[11.589s][info ][safepoint    ] Application time: 0.0001814 seconds
[11.589s][info ][safepoint    ] Entering safepoint region: RevokeBias
[11.589s][info ][safepoint    ] Leaving safepoint region
[11.589s][info ][safepoint    ] Total time for which application threads were stopped: 0.0001972 seconds, Stopping threads took: 0.0000830 seconds
[11.595s][info ][safepoint    ] Application time: 0.0059941 seconds
[11.595s][info ][safepoint    ] Entering safepoint region: RevokeBias
[11.595s][info ][safepoint    ] Leaving safepoint region
[11.595s][info ][safepoint    ] Total time for which application threads were stopped: 0.0004551 seconds, Stopping threads took: 0.0003433 seconds
[11.651s][info ][safepoint    ] Application time: 0.0556529 seconds
[11.663s][info ][safepoint    ] Entering safepoint region: RevokeBias
[11.664s][info ][safepoint    ] Leaving safepoint region
[11.664s][info ][safepoint    ] Total time for which application threads were stopped: 0.0126657 seconds, Stopping threads took: 0.0125283 seconds
[11.685s][info ][safepoint    ] Application time: 0.0217977 seconds
[11.690s][info ][safepoint    ] Entering safepoint region: RevokeBias
[11.690s][info ][safepoint    ] Leaving safepoint region
[11.690s][info ][safepoint    ] Total time for which application threads were stopped: 0.0042187 seconds, Stopping threads took: 0.0040810 seconds
[11.703s][info ][safepoint    ] Application time: 0.0135551 seconds
[11.722s][info ][safepoint    ] Entering safepoint region: RevokeBias
[11.722s][info ][safepoint    ] Leaving safepoint region
[11.722s][info ][safepoint    ] Total time for which application threads were stopped: 0.0189846 seconds, Stopping threads took: 0.0188320 seconds
[11.744s][info ][safepoint    ] Application time: 0.0221635 seconds
[11.748s][info ][safepoint    ] Entering safepoint region: RevokeBias
[11.748s][info ][safepoint    ] Leaving safepoint region
[11.748s][info ][safepoint    ] Total time for which application threads were stopped: 0.0032726 seconds, Stopping threads took: 0.0031125 seconds
[11.755s][info ][safepoint    ] Application time: 0.0073692 seconds
[11.755s][info ][safepoint    ] Entering safepoint region: RevokeBias
[11.755s][info ][safepoint    ] Leaving safepoint region
[11.755s][info ][safepoint    ] Total time for which application threads were stopped: 0.0002231 seconds, Stopping threads took: 0.0000885 seconds
[11.834s][info ][safepoint    ] Application time: 0.0783070 seconds
[11.840s][info ][safepoint    ] Entering safepoint region: RevokeBias
[11.840s][info ][safepoint    ] Leaving safepoint region
[11.840s][info ][safepoint    ] Total time for which application threads were stopped: 0.0061582 seconds, Stopping threads took: 0.0059472 seconds
[11.881s][info ][safepoint    ] Application time: 0.0409036 seconds
[11.896s][info ][safepoint    ] Entering safepoint region: GenCollectForAllocation
[11.896s][info ][gc,start     ] GC(11) Pause Young (Allocation Failure)
[11.896s][info ][gc,task      ] GC(11) Using 4 workers of 4 for evacuation
[11.931s][debug][gc,ref       ] GC(11) Skipped phase1 of Reference Processing due to unavailable references
[11.931s][debug][gc,ref       ] GC(11) Skipped phase3 of Reference Processing due to unavailable references
[11.931s][debug][gc,age       ] GC(11) Desired survivor size 15400960 bytes, new threshold 6 (max threshold 6)
[11.931s][info ][gc,heap      ] GC(11) ParNew: 250839K->10204K(270976K)
[11.931s][info ][gc,heap      ] GC(11) CMS: 104254K->105157K(602112K)
[11.931s][info ][gc,metaspace ] GC(11) Metaspace: 34645K->34645K(1081344K)
[11.931s][info ][gc           ] GC(11) Pause Young (Allocation Failure) 346M->112M(852M) 35.200ms
[11.931s][info ][gc,cpu       ] GC(11) User=0.03s Sys=0.00s Real=0.04s
[11.931s][info ][safepoint    ] Leaving safepoint region
[11.931s][info ][safepoint    ] Total time for which application threads were stopped: 0.0501871 seconds, Stopping threads took: 0.0147764 seconds
[12.070s][info ][safepoint    ] Application time: 0.1388778 seconds
[12.112s][info ][safepoint    ] Entering safepoint region: GenCollectForAllocation
[12.112s][info ][gc,start     ] GC(12) Pause Young (Allocation Failure)
[12.112s][info ][gc,task      ] GC(12) Using 4 workers of 4 for evacuation
[12.136s][debug][gc,ref       ] GC(12) Skipped phase1 of Reference Processing due to unavailable references
[12.136s][debug][gc,ref       ] GC(12) Skipped phase3 of Reference Processing due to unavailable references
[12.136s][debug][gc,age       ] GC(12) Desired survivor size 15400960 bytes, new threshold 6 (max threshold 6)
[12.136s][info ][gc,heap      ] GC(12) ParNew: 251100K->10074K(270976K)
[12.136s][info ][gc,heap      ] GC(12) CMS: 105157K->106553K(602112K)
[12.136s][info ][gc,metaspace ] GC(12) Metaspace: 35472K->35472K(1081344K)
[12.136s][info ][gc           ] GC(12) Pause Young (Allocation Failure) 347M->113M(852M) 24.262ms
[12.136s][info ][gc,cpu       ] GC(12) User=0.04s Sys=0.00s Real=0.02s
[12.136s][info ][safepoint    ] Leaving safepoint region
[12.136s][info ][safepoint    ] Total time for which application threads were stopped: 0.0661154 seconds, Stopping threads took: 0.0416403 seconds
[12.167s][info ][safepoint    ] Application time: 0.0310527 seconds
[12.184s][info ][safepoint    ] Entering safepoint region: RevokeBias
[12.184s][info ][safepoint    ] Leaving safepoint region
[12.184s][info ][safepoint    ] Total time for which application threads were stopped: 0.0166778 seconds, Stopping threads took: 0.0164647 seconds
[12.187s][info ][safepoint    ] Application time: 0.0028212 seconds
[12.187s][info ][safepoint    ] Entering safepoint region: RevokeBias
[12.187s][info ][safepoint    ] Leaving safepoint region
[12.187s][info ][safepoint    ] Total time for which application threads were stopped: 0.0001109 seconds, Stopping threads took: 0.0000090 seconds
[12.209s][info ][safepoint    ] Application time: 0.0222540 seconds
[12.216s][info ][safepoint    ] Entering safepoint region: RevokeBias
[12.216s][info ][safepoint    ] Leaving safepoint region
[12.216s][info ][safepoint    ] Total time for which application threads were stopped: 0.0068028 seconds, Stopping threads took: 0.0066250 seconds
[12.271s][info ][safepoint    ] Application time: 0.0549411 seconds
[12.284s][info ][safepoint    ] Entering safepoint region: RevokeBias
[12.284s][info ][safepoint    ] Leaving safepoint region
[12.284s][info ][safepoint    ] Total time for which application threads were stopped: 0.0130364 seconds, Stopping threads took: 0.0127996 seconds
[12.357s][info ][safepoint    ] Application time: 0.0735577 seconds
[12.371s][info ][safepoint    ] Entering safepoint region: RevokeBias
[12.371s][info ][safepoint    ] Leaving safepoint region
[12.371s][info ][safepoint    ] Total time for which application threads were stopped: 0.0139447 seconds, Stopping threads took: 0.0137745 seconds
[12.501s][info ][safepoint    ] Application time: 0.1297372 seconds
[12.510s][info ][safepoint    ] Entering safepoint region: GenCollectForAllocation
[12.510s][info ][gc,start     ] GC(13) Pause Young (Allocation Failure)
[12.510s][info ][gc,task      ] GC(13) Using 4 workers of 4 for evacuation
[12.556s][debug][gc,ref       ] GC(13) Skipped phase1 of Reference Processing due to unavailable references
[12.556s][debug][gc,ref       ] GC(13) Skipped phase3 of Reference Processing due to unavailable references
[12.556s][debug][gc,age       ] GC(13) Desired survivor size 15400960 bytes, new threshold 6 (max threshold 6)
[12.556s][info ][gc,heap      ] GC(13) ParNew: 250970K->8130K(270976K)
[12.556s][info ][gc,heap      ] GC(13) CMS: 106553K->107496K(602112K)
[12.556s][info ][gc,metaspace ] GC(13) Metaspace: 36026K->36026K(1081344K)
[12.556s][info ][gc           ] GC(13) Pause Young (Allocation Failure) 349M->112M(852M) 45.738ms
[12.556s][info ][gc,cpu       ] GC(13) User=0.03s Sys=0.00s Real=0.04s
[12.556s][info ][safepoint    ] Leaving safepoint region
[12.556s][info ][safepoint    ] Total time for which application threads were stopped: 0.0549048 seconds, Stopping threads took: 0.0088915 seconds
[12.560s][info ][safepoint    ] Application time: 0.0034907 seconds
[12.564s][info ][safepoint    ] Entering safepoint region: RevokeBias
[12.564s][info ][safepoint    ] Leaving safepoint region
[12.564s][info ][safepoint    ] Total time for which application threads were stopped: 0.0041858 seconds, Stopping threads took: 0.0040368 seconds
[12.602s][info ][safepoint    ] Application time: 0.0380906 seconds
[12.620s][info ][safepoint    ] Entering safepoint region: RevokeBias
[12.620s][info ][safepoint    ] Leaving safepoint region
[12.620s][info ][safepoint    ] Total time for which application threads were stopped: 0.0178567 seconds, Stopping threads took: 0.0176785 seconds
[12.876s][info ][safepoint    ] Application time: 0.2564173 seconds
[12.892s][info ][safepoint    ] Entering safepoint region: GenCollectForAllocation
[12.892s][info ][gc,start     ] GC(14) Pause Young (Allocation Failure)
[12.892s][info ][gc,task      ] GC(14) Using 4 workers of 4 for evacuation
[12.931s][debug][gc,ref       ] GC(14) Skipped phase1 of Reference Processing due to unavailable references
[12.931s][debug][gc,ref       ] GC(14) Skipped phase3 of Reference Processing due to unavailable references
[12.931s][debug][gc,age       ] GC(14) Desired survivor size 15400960 bytes, new threshold 6 (max threshold 6)
[12.931s][info ][gc,heap      ] GC(14) ParNew: 249026K->14173K(270976K)
[12.931s][info ][gc,heap      ] GC(14) CMS: 107496K->108377K(602112K)
[12.931s][info ][gc,metaspace ] GC(14) Metaspace: 36281K->36281K(1081344K)
[12.931s][info ][gc           ] GC(14) Pause Young (Allocation Failure) 348M->119M(852M) 39.282ms
[12.931s][info ][gc,cpu       ] GC(14) User=0.03s Sys=0.00s Real=0.04s
[12.931s][info ][safepoint    ] Leaving safepoint region
[12.931s][info ][safepoint    ] Total time for which application threads were stopped: 0.0550043 seconds, Stopping threads took: 0.0154970 seconds
[12.968s][info ][safepoint    ] Application time: 0.0371627 seconds
[12.983s][info ][safepoint    ] Entering safepoint region: Deoptimize
[12.985s][info ][safepoint    ] Leaving safepoint region
[12.985s][info ][safepoint    ] Total time for which application threads were stopped: 0.0162647 seconds, Stopping threads took: 0.0149270 seconds
[13.040s][info ][safepoint    ] Application time: 0.0558228 seconds
[13.047s][info ][safepoint    ] Entering safepoint region: RevokeBias
[13.048s][info ][safepoint    ] Leaving safepoint region
[13.048s][info ][safepoint    ] Total time for which application threads were stopped: 0.0070139 seconds, Stopping threads took: 0.0068173 seconds
[13.049s][info ][safepoint    ] Application time: 0.0014857 seconds
[13.049s][info ][safepoint    ] Entering safepoint region: RevokeBias
[13.049s][info ][safepoint    ] Leaving safepoint region
[13.049s][info ][safepoint    ] Total time for which application threads were stopped: 0.0001535 seconds, Stopping threads took: 0.0000155 seconds
[13.051s][info ][safepoint    ] Application time: 0.0017268 seconds
[13.055s][info ][safepoint    ] Entering safepoint region: Deoptimize
[13.056s][info ][safepoint    ] Leaving safepoint region
[13.056s][info ][safepoint    ] Total time for which application threads were stopped: 0.0046792 seconds, Stopping threads took: 0.0039561 seconds
[13.126s][info ][safepoint    ] Application time: 0.0700558 seconds
[13.132s][info ][safepoint    ] Entering safepoint region: RevokeBias
[13.132s][info ][safepoint    ] Leaving safepoint region
[13.132s][info ][safepoint    ] Total time for which application threads were stopped: 0.0059699 seconds, Stopping threads took: 0.0058373 seconds
[13.158s][info ][safepoint    ] Application time: 0.0265082 seconds
[13.186s][info ][safepoint    ] Entering safepoint region: RevokeBias
[13.186s][info ][safepoint    ] Leaving safepoint region
[13.186s][info ][safepoint    ] Total time for which application threads were stopped: 0.0278383 seconds, Stopping threads took: 0.0276775 seconds
[13.207s][info ][safepoint    ] Application time: 0.0206079 seconds
[13.213s][info ][safepoint    ] Entering safepoint region: RevokeBias
[13.213s][info ][safepoint    ] Leaving safepoint region
[13.213s][info ][safepoint    ] Total time for which application threads were stopped: 0.0062152 seconds, Stopping threads took: 0.0060453 seconds
[13.241s][info ][safepoint    ] Application time: 0.0277018 seconds
[13.260s][info ][safepoint    ] Entering safepoint region: GenCollectForAllocation
[13.260s][info ][gc,start     ] GC(15) Pause Young (Allocation Failure)
[13.260s][info ][gc,task      ] GC(15) Using 4 workers of 4 for evacuation
[13.303s][debug][gc,ref       ] GC(15) Skipped phase1 of Reference Processing due to unavailable references
[13.303s][debug][gc,ref       ] GC(15) Skipped phase3 of Reference Processing due to unavailable references
[13.303s][debug][gc,age       ] GC(15) Desired survivor size 15400960 bytes, new threshold 6 (max threshold 6)
[13.303s][info ][gc,heap      ] GC(15) ParNew: 255069K->14724K(270976K)
[13.303s][info ][gc,heap      ] GC(15) CMS: 108377K->109195K(602112K)
[13.303s][info ][gc,metaspace ] GC(15) Metaspace: 36436K->36436K(1081344K)
[13.303s][info ][gc           ] GC(15) Pause Young (Allocation Failure) 354M->121M(852M) 42.905ms
[13.303s][info ][gc,cpu       ] GC(15) User=0.03s Sys=0.00s Real=0.04s
[13.303s][info ][safepoint    ] Leaving safepoint region
[13.303s][info ][safepoint    ] Total time for which application threads were stopped: 0.0626519 seconds, Stopping threads took: 0.0195644 seconds
[13.508s][info ][safepoint    ] Application time: 0.2051643 seconds
[13.540s][info ][safepoint    ] Entering safepoint region: GenCollectForAllocation
[13.540s][info ][gc,start     ] GC(16) Pause Young (Allocation Failure)
[13.540s][info ][gc,task      ] GC(16) Using 4 workers of 4 for evacuation
[13.577s][debug][gc,ref       ] GC(16) Skipped phase1 of Reference Processing due to unavailable references
[13.577s][debug][gc,ref       ] GC(16) Skipped phase3 of Reference Processing due to unavailable references
[13.578s][debug][gc,age       ] GC(16) Desired survivor size 15400960 bytes, new threshold 6 (max threshold 6)
[13.578s][info ][gc,heap      ] GC(16) ParNew: 255620K->14726K(270976K)
[13.578s][info ][gc,heap      ] GC(16) CMS: 109195K->109852K(602112K)
[13.578s][info ][gc,metaspace ] GC(16) Metaspace: 36476K->36476K(1081344K)
[13.578s][info ][gc           ] GC(16) Pause Young (Allocation Failure) 356M->121M(852M) 37.844ms
[13.578s][info ][gc,cpu       ] GC(16) User=0.03s Sys=0.00s Real=0.03s
[13.578s][info ][safepoint    ] Leaving safepoint region
[13.578s][info ][safepoint    ] Total time for which application threads were stopped: 0.0691496 seconds, Stopping threads took: 0.0310971 seconds
[13.875s][info ][safepoint    ] Application time: 0.2977463 seconds
[13.888s][info ][safepoint    ] Entering safepoint region: GenCollectForAllocation
[13.888s][info ][gc,start     ] GC(17) Pause Young (Allocation Failure)
[13.888s][info ][gc,task      ] GC(17) Using 4 workers of 4 for evacuation
[13.930s][debug][gc,ref       ] GC(17) Skipped phase1 of Reference Processing due to unavailable references
[13.930s][debug][gc,ref       ] GC(17) Skipped phase3 of Reference Processing due to unavailable references
[13.930s][debug][gc,age       ] GC(17) Desired survivor size 15400960 bytes, new threshold 6 (max threshold 6)
[13.931s][info ][gc,heap      ] GC(17) ParNew: 255622K->12126K(270976K)
[13.931s][info ][gc,heap      ] GC(17) CMS: 109852K->112753K(602112K)
[13.931s][info ][gc,metaspace ] GC(17) Metaspace: 36483K->36483K(1081344K)
[13.931s][info ][gc           ] GC(17) Pause Young (Allocation Failure) 356M->121M(852M) 42.811ms
[13.931s][info ][gc,cpu       ] GC(17) User=0.03s Sys=0.00s Real=0.04s
[13.931s][info ][safepoint    ] Leaving safepoint region
[13.931s][info ][safepoint    ] Total time for which application threads were stopped: 0.0551639 seconds, Stopping threads took: 0.0121441 seconds
[14.064s][info ][safepoint    ] Application time: 0.1329149 seconds
[14.068s][info ][safepoint    ] Entering safepoint region: GenCollectForAllocation
[14.068s][info ][gc,start     ] GC(18) Pause Young (Allocation Failure)
[14.068s][info ][gc,task      ] GC(18) Using 4 workers of 4 for evacuation
[14.089s][debug][gc,ref       ] GC(18) Skipped phase1 of Reference Processing due to unavailable references
[14.089s][debug][gc,ref       ] GC(18) Skipped phase3 of Reference Processing due to unavailable references
[14.089s][debug][gc,age       ] GC(18) Desired survivor size 15400960 bytes, new threshold 6 (max threshold 6)
[14.089s][info ][gc,heap      ] GC(18) ParNew: 253022K->8979K(270976K)
[14.089s][info ][gc,heap      ] GC(18) CMS: 112753K->113081K(602112K)
[14.089s][info ][gc,metaspace ] GC(18) Metaspace: 36484K->36484K(1081344K)
[14.089s][info ][gc           ] GC(18) Pause Young (Allocation Failure) 357M->119M(852M) 21.341ms
[14.089s][info ][gc,cpu       ] GC(18) User=0.03s Sys=0.00s Real=0.02s
[14.089s][info ][safepoint    ] Leaving safepoint region
[14.089s][info ][safepoint    ] Total time for which application threads were stopped: 0.0256254 seconds, Stopping threads took: 0.0040235 seconds
[14.300s][info ][safepoint    ] Application time: 0.2103453 seconds
[14.312s][info ][safepoint    ] Entering safepoint region: GenCollectForAllocation
[14.312s][info ][gc,start     ] GC(19) Pause Young (Allocation Failure)
[14.312s][info ][gc,task      ] GC(19) Using 4 workers of 4 for evacuation
[14.340s][debug][gc,ref       ] GC(19) Skipped phase1 of Reference Processing due to unavailable references
[14.340s][debug][gc,ref       ] GC(19) Skipped phase3 of Reference Processing due to unavailable references
[14.340s][debug][gc,age       ] GC(19) Desired survivor size 15400960 bytes, new threshold 6 (max threshold 6)
[14.340s][info ][gc,heap      ] GC(19) ParNew: 249875K->8950K(270976K)
[14.340s][info ][gc,heap      ] GC(19) CMS: 113081K->113228K(602112K)
[14.340s][info ][gc,metaspace ] GC(19) Metaspace: 36484K->36484K(1081344K)
[14.340s][info ][gc           ] GC(19) Pause Young (Allocation Failure) 354M->119M(852M) 27.883ms
[14.340s][info ][gc,cpu       ] GC(19) User=0.01s Sys=0.00s Real=0.03s
[14.340s][info ][safepoint    ] Leaving safepoint region
[14.340s][info ][safepoint    ] Total time for which application threads were stopped: 0.0402146 seconds, Stopping threads took: 0.0121153 seconds
[14.518s][info ][safepoint    ] Application time: 0.1778128 seconds
[14.532s][info ][safepoint    ] Entering safepoint region: GenCollectForAllocation
[14.532s][info ][gc,start     ] GC(20) Pause Young (Allocation Failure)
[14.532s][info ][gc,task      ] GC(20) Using 4 workers of 4 for evacuation
[14.596s][debug][gc,ref       ] GC(20) Skipped phase1 of Reference Processing due to unavailable references
[14.596s][debug][gc,ref       ] GC(20) Skipped phase3 of Reference Processing due to unavailable references
[14.596s][debug][gc,ref       ] GC(20) Skipped phase4 of Reference Processing due to unavailable references
[14.596s][debug][gc,age       ] GC(20) Desired survivor size 15400960 bytes, new threshold 6 (max threshold 6)
[14.596s][info ][gc,heap      ] GC(20) ParNew: 249846K->3316K(270976K)
[14.596s][info ][gc,heap      ] GC(20) CMS: 113228K->119707K(602112K)
[14.596s][info ][gc,metaspace ] GC(20) Metaspace: 36484K->36484K(1081344K)
[14.596s][info ][gc           ] GC(20) Pause Young (Allocation Failure) 354M->120M(852M) 63.702ms
[14.596s][info ][gc,cpu       ] GC(20) User=0.04s Sys=0.00s Real=0.06s
[14.596s][info ][safepoint    ] Leaving safepoint region
[14.596s][info ][safepoint    ] Total time for which application threads were stopped: 0.0781859 seconds, Stopping threads took: 0.0142892 seconds
[14.706s][info ][safepoint    ] Application time: 0.1100702 seconds
[14.734s][info ][safepoint    ] Entering safepoint region: GenCollectForAllocation
[14.734s][info ][gc,start     ] GC(21) Pause Young (Allocation Failure)
[14.734s][info ][gc,task      ] GC(21) Using 4 workers of 4 for evacuation
[14.752s][debug][gc,ref       ] GC(21) Skipped phase1 of Reference Processing due to unavailable references
[14.752s][debug][gc,ref       ] GC(21) Skipped phase3 of Reference Processing due to unavailable references
[14.752s][debug][gc,ref       ] GC(21) Skipped phase4 of Reference Processing due to unavailable references
[14.752s][debug][gc,age       ] GC(21) Desired survivor size 15400960 bytes, new threshold 6 (max threshold 6)
[14.752s][info ][gc,heap      ] GC(21) ParNew: 244212K->593K(270976K)
[14.752s][info ][gc,heap      ] GC(21) CMS: 119707K->119817K(602112K)
[14.752s][info ][gc,metaspace ] GC(21) Metaspace: 36484K->36484K(1081344K)
[14.752s][info ][gc           ] GC(21) Pause Young (Allocation Failure) 355M->117M(852M) 17.528ms
[14.752s][info ][gc,cpu       ] GC(21) User=0.01s Sys=0.00s Real=0.02s
[14.752s][info ][safepoint    ] Leaving safepoint region
[14.752s][info ][safepoint    ] Total time for which application threads were stopped: 0.0459147 seconds, Stopping threads took: 0.0281714 seconds
[15.026s][info ][safepoint    ] Application time: 0.2738048 seconds
[15.056s][info ][safepoint    ] Entering safepoint region: GenCollectForAllocation
[15.056s][info ][gc,start     ] GC(22) Pause Young (Allocation Failure)
[15.056s][info ][gc,task      ] GC(22) Using 4 workers of 4 for evacuation
[15.068s][debug][gc,ref       ] GC(22) Skipped phase1 of Reference Processing due to unavailable references
[15.068s][debug][gc,ref       ] GC(22) Skipped phase2 of Reference Processing due to unavailable references
[15.068s][debug][gc,ref       ] GC(22) Skipped phase3 of Reference Processing due to unavailable references
[15.068s][debug][gc,ref       ] GC(22) Skipped phase4 of Reference Processing due to unavailable references
[15.068s][debug][gc,age       ] GC(22) Desired survivor size 15400960 bytes, new threshold 6 (max threshold 6)
[15.068s][info ][gc,heap      ] GC(22) ParNew: 241489K->429K(270976K)
[15.068s][info ][gc,heap      ] GC(22) CMS: 119817K->119867K(602112K)
[15.068s][info ][gc,metaspace ] GC(22) Metaspace: 36484K->36484K(1081344K)
[15.068s][info ][gc           ] GC(22) Pause Young (Allocation Failure) 352M->117M(852M) 12.227ms
[15.068s][info ][gc,cpu       ] GC(22) User=0.01s Sys=0.00s Real=0.02s
[15.068s][info ][safepoint    ] Leaving safepoint region
[15.068s][info ][safepoint    ] Total time for which application threads were stopped: 0.0423473 seconds, Stopping threads took: 0.0299013 seconds
[15.298s][info ][safepoint    ] Application time: 0.2298851 seconds
[15.323s][info ][safepoint    ] Entering safepoint region: GenCollectForAllocation
[15.323s][info ][gc,start     ] GC(23) Pause Young (Allocation Failure)
[15.323s][info ][gc,task      ] GC(23) Using 4 workers of 4 for evacuation
[15.336s][debug][gc,ref       ] GC(23) Skipped phase1 of Reference Processing due to unavailable references
[15.336s][debug][gc,ref       ] GC(23) Skipped phase2 of Reference Processing due to unavailable references
[15.336s][debug][gc,ref       ] GC(23) Skipped phase3 of Reference Processing due to unavailable references
[15.336s][debug][gc,ref       ] GC(23) Skipped phase4 of Reference Processing due to unavailable references
[15.336s][debug][gc,age       ] GC(23) Desired survivor size 15400960 bytes, new threshold 6 (max threshold 6)
[15.336s][info ][gc,heap      ] GC(23) ParNew: 241325K->459K(270976K)
[15.336s][info ][gc,heap      ] GC(23) CMS: 119867K->119921K(602112K)
[15.336s][info ][gc,metaspace ] GC(23) Metaspace: 36484K->36484K(1081344K)
[15.336s][info ][gc           ] GC(23) Pause Young (Allocation Failure) 352M->117M(852M) 12.832ms
[15.336s][info ][gc,cpu       ] GC(23) User=0.00s Sys=0.00s Real=0.01s
[15.336s][info ][safepoint    ] Leaving safepoint region
[15.336s][info ][safepoint    ] Total time for which application threads were stopped: 0.0380147 seconds, Stopping threads took: 0.0249131 seconds
[15.496s][info ][safepoint    ] Application time: 0.1598614 seconds
[15.524s][info ][safepoint    ] Entering safepoint region: GenCollectForAllocation
[15.524s][info ][gc,start     ] GC(24) Pause Young (Allocation Failure)
[15.524s][info ][gc,task      ] GC(24) Using 4 workers of 4 for evacuation
[15.540s][debug][gc,ref       ] GC(24) Skipped phase1 of Reference Processing due to unavailable references
[15.540s][debug][gc,ref       ] GC(24) Skipped phase2 of Reference Processing due to unavailable references
[15.540s][debug][gc,ref       ] GC(24) Skipped phase3 of Reference Processing due to unavailable references
[15.540s][debug][gc,ref       ] GC(24) Skipped phase4 of Reference Processing due to unavailable references
[15.540s][debug][gc,age       ] GC(24) Desired survivor size 15400960 bytes, new threshold 6 (max threshold 6)
[15.540s][info ][gc,heap      ] GC(24) ParNew: 241355K->445K(270976K)
[15.540s][info ][gc,heap      ] GC(24) CMS: 119921K->119937K(602112K)
[15.540s][info ][gc,metaspace ] GC(24) Metaspace: 36485K->36485K(1081344K)
[15.540s][info ][gc           ] GC(24) Pause Young (Allocation Failure) 352M->117M(852M) 16.156ms
[15.540s][info ][gc,cpu       ] GC(24) User=0.00s Sys=0.00s Real=0.02s
[15.540s][info ][safepoint    ] Leaving safepoint region
[15.540s][info ][safepoint    ] Total time for which application threads were stopped: 0.0441604 seconds, Stopping threads took: 0.0277778 seconds
[15.703s][info ][safepoint    ] Application time: 0.1632398 seconds
[15.740s][info ][safepoint    ] Entering safepoint region: GenCollectForAllocation
[15.740s][info ][gc,start     ] GC(25) Pause Young (Allocation Failure)
[15.740s][info ][gc,task      ] GC(25) Using 4 workers of 4 for evacuation
[15.744s][debug][gc,ref       ] GC(25) Skipped phase1 of Reference Processing due to unavailable references
[15.744s][debug][gc,ref       ] GC(25) Skipped phase2 of Reference Processing due to unavailable references
[15.744s][debug][gc,ref       ] GC(25) Skipped phase3 of Reference Processing due to unavailable references
[15.744s][debug][gc,ref       ] GC(25) Skipped phase4 of Reference Processing due to unavailable references
[15.744s][debug][gc,age       ] GC(25) Desired survivor size 15400960 bytes, new threshold 6 (max threshold 6)
[15.744s][info ][gc,heap      ] GC(25) ParNew: 241341K->466K(270976K)
[15.744s][info ][gc,heap      ] GC(25) CMS: 119937K->120004K(602112K)
[15.744s][info ][gc,metaspace ] GC(25) Metaspace: 36485K->36485K(1081344K)
[15.744s][info ][gc           ] GC(25) Pause Young (Allocation Failure) 352M->117M(852M) 4.490ms
[15.744s][info ][gc,cpu       ] GC(25) User=0.01s Sys=0.00s Real=0.00s
[15.744s][info ][safepoint    ] Leaving safepoint region
[15.744s][info ][safepoint    ] Total time for which application threads were stopped: 0.0409955 seconds, Stopping threads took: 0.0363146 seconds
[15.986s][info ][safepoint    ] Application time: 0.2419940 seconds
[16.008s][info ][safepoint    ] Entering safepoint region: GenCollectForAllocation
[16.008s][info ][gc,start     ] GC(26) Pause Young (Allocation Failure)
[16.008s][info ][gc,task      ] GC(26) Using 4 workers of 4 for evacuation
[16.020s][debug][gc,ref       ] GC(26) Skipped phase1 of Reference Processing due to unavailable references
[16.020s][debug][gc,ref       ] GC(26) Skipped phase2 of Reference Processing due to unavailable references
[16.020s][debug][gc,ref       ] GC(26) Skipped phase3 of Reference Processing due to unavailable references
[16.020s][debug][gc,ref       ] GC(26) Skipped phase4 of Reference Processing due to unavailable references
[16.020s][debug][gc,age       ] GC(26) Desired survivor size 15400960 bytes, new threshold 6 (max threshold 6)
[16.020s][info ][gc,heap      ] GC(26) ParNew: 241362K->468K(270976K)
[16.020s][info ][gc,heap      ] GC(26) CMS: 120004K->120050K(602112K)
[16.020s][info ][gc,metaspace ] GC(26) Metaspace: 36485K->36485K(1081344K)
[16.020s][info ][gc           ] GC(26) Pause Young (Allocation Failure) 352M->117M(852M) 12.095ms
[16.020s][info ][gc,cpu       ] GC(26) User=0.01s Sys=0.00s Real=0.01s
[16.020s][info ][safepoint    ] Leaving safepoint region
[16.020s][info ][safepoint    ] Total time for which application threads were stopped: 0.0335802 seconds, Stopping threads took: 0.0212634 seconds
[16.172s][info ][safepoint    ] Application time: 0.1516370 seconds
[16.199s][info ][safepoint    ] Entering safepoint region: GenCollectForAllocation
[16.200s][info ][gc,start     ] GC(27) Pause Young (Allocation Failure)
[16.200s][info ][gc,task      ] GC(27) Using 4 workers of 4 for evacuation
[16.206s][debug][gc,ref       ] GC(27) Skipped phase1 of Reference Processing due to unavailable references
[16.206s][debug][gc,ref       ] GC(27) Skipped phase2 of Reference Processing due to unavailable references
[16.206s][debug][gc,ref       ] GC(27) Skipped phase3 of Reference Processing due to unavailable references
[16.206s][debug][gc,ref       ] GC(27) Skipped phase4 of Reference Processing due to unavailable references
[16.206s][debug][gc,age       ] GC(27) Desired survivor size 15400960 bytes, new threshold 6 (max threshold 6)
[16.206s][info ][gc,heap      ] GC(27) ParNew: 241364K->540K(270976K)
[16.206s][info ][gc,heap      ] GC(27) CMS: 120050K->120070K(602112K)
[16.206s][info ][gc,metaspace ] GC(27) Metaspace: 36485K->36485K(1081344K)
[16.206s][info ][gc           ] GC(27) Pause Young (Allocation Failure) 352M->117M(852M) 6.738ms
[16.206s][info ][gc,cpu       ] GC(27) User=0.01s Sys=0.00s Real=0.00s
[16.206s][info ][safepoint    ] Leaving safepoint region
[16.206s][info ][safepoint    ] Total time for which application threads were stopped: 0.0348804 seconds, Stopping threads took: 0.0279434 seconds
[16.421s][info ][safepoint    ] Application time: 0.2146141 seconds
[16.448s][info ][safepoint    ] Entering safepoint region: GenCollectForAllocation
[16.448s][info ][gc,start     ] GC(28) Pause Young (Allocation Failure)
[16.448s][info ][gc,task      ] GC(28) Using 4 workers of 4 for evacuation
[16.476s][debug][gc,ref       ] GC(28) Skipped phase1 of Reference Processing due to unavailable references
[16.476s][debug][gc,ref       ] GC(28) Skipped phase2 of Reference Processing due to unavailable references
[16.476s][debug][gc,ref       ] GC(28) Skipped phase3 of Reference Processing due to unavailable references
[16.476s][debug][gc,ref       ] GC(28) Skipped phase4 of Reference Processing due to unavailable references
[16.476s][debug][gc,age       ] GC(28) Desired survivor size 15400960 bytes, new threshold 6 (max threshold 6)
[16.476s][info ][gc,heap      ] GC(28) ParNew: 241436K->484K(270976K)
[16.476s][info ][gc,heap      ] GC(28) CMS: 120070K->120135K(602112K)
[16.476s][info ][gc,metaspace ] GC(28) Metaspace: 36485K->36485K(1081344K)
[16.476s][info ][gc           ] GC(28) Pause Young (Allocation Failure) 353M->117M(852M) 27.971ms
[16.476s][info ][gc,cpu       ] GC(28) User=0.02s Sys=0.00s Real=0.02s
[16.476s][info ][safepoint    ] Leaving safepoint region
[16.476s][info ][safepoint    ] Total time for which application threads were stopped: 0.0544876 seconds, Stopping threads took: 0.0262680 seconds
[16.614s][info ][safepoint    ] Application time: 0.1385947 seconds
[16.656s][info ][safepoint    ] Entering safepoint region: GenCollectForAllocation
[16.656s][info ][gc,start     ] GC(29) Pause Young (Allocation Failure)
[16.656s][info ][gc,task      ] GC(29) Using 4 workers of 4 for evacuation
[16.672s][debug][gc,ref       ] GC(29) Skipped phase1 of Reference Processing due to unavailable references
[16.672s][debug][gc,ref       ] GC(29) Skipped phase2 of Reference Processing due to unavailable references
[16.672s][debug][gc,ref       ] GC(29) Skipped phase3 of Reference Processing due to unavailable references
[16.672s][debug][gc,ref       ] GC(29) Skipped phase4 of Reference Processing due to unavailable references
[16.672s][debug][gc,age       ] GC(29) Desired survivor size 15400960 bytes, new threshold 6 (max threshold 6)
[16.672s][info ][gc,heap      ] GC(29) ParNew: 241380K->444K(270976K)
[16.672s][info ][gc,heap      ] GC(29) CMS: 120135K->120184K(602112K)
[16.672s][info ][gc,metaspace ] GC(29) Metaspace: 36485K->36485K(1081344K)
[16.672s][info ][gc           ] GC(29) Pause Young (Allocation Failure) 353M->117M(852M) 15.989ms
[16.672s][info ][gc,cpu       ] GC(29) User=0.01s Sys=0.00s Real=0.02s
[16.672s][info ][safepoint    ] Leaving safepoint region
[16.672s][info ][safepoint    ] Total time for which application threads were stopped: 0.0573664 seconds, Stopping threads took: 0.0411302 seconds
[16.930s][info ][safepoint    ] Application time: 0.2578815 seconds
[16.945s][info ][safepoint    ] Entering safepoint region: GenCollectForAllocation
[16.946s][info ][gc,start     ] GC(30) Pause Young (Allocation Failure)
[16.946s][info ][gc,task      ] GC(30) Using 4 workers of 4 for evacuation
[16.964s][debug][gc,ref       ] GC(30) Skipped phase1 of Reference Processing due to unavailable references
[16.964s][debug][gc,ref       ] GC(30) Skipped phase2 of Reference Processing due to unavailable references
[16.964s][debug][gc,ref       ] GC(30) Skipped phase3 of Reference Processing due to unavailable references
[16.964s][debug][gc,ref       ] GC(30) Skipped phase4 of Reference Processing due to unavailable references
[16.964s][debug][gc,age       ] GC(30) Desired survivor size 15400960 bytes, new threshold 6 (max threshold 6)
[16.964s][info ][gc,heap      ] GC(30) ParNew: 241340K->447K(270976K)
[16.964s][info ][gc,heap      ] GC(30) CMS: 120184K->120225K(602112K)
[16.964s][info ][gc,metaspace ] GC(30) Metaspace: 36485K->36485K(1081344K)
[16.964s][info ][gc           ] GC(30) Pause Young (Allocation Failure) 353M->117M(852M) 18.114ms
[16.964s][info ][gc,cpu       ] GC(30) User=0.02s Sys=0.00s Real=0.02s
[16.964s][info ][safepoint    ] Leaving safepoint region
[16.964s][info ][safepoint    ] Total time for which application threads were stopped: 0.0341235 seconds, Stopping threads took: 0.0158068 seconds
[17.130s][info ][safepoint    ] Application time: 0.1662242 seconds
[17.153s][info ][safepoint    ] Entering safepoint region: GenCollectForAllocation
[17.153s][info ][gc,start     ] GC(31) Pause Young (Allocation Failure)
[17.153s][info ][gc,task      ] GC(31) Using 4 workers of 4 for evacuation
[17.180s][debug][gc,ref       ] GC(31) Skipped phase1 of Reference Processing due to unavailable references
[17.180s][debug][gc,ref       ] GC(31) Skipped phase2 of Reference Processing due to unavailable references
[17.180s][debug][gc,ref       ] GC(31) Skipped phase3 of Reference Processing due to unavailable references
[17.180s][debug][gc,ref       ] GC(31) Skipped phase4 of Reference Processing due to unavailable references
[17.180s][debug][gc,age       ] GC(31) Desired survivor size 15400960 bytes, new threshold 6 (max threshold 6)
[17.180s][info ][gc,heap      ] GC(31) ParNew: 241343K->468K(270976K)
[17.180s][info ][gc,heap      ] GC(31) CMS: 120225K->120281K(602112K)
[17.180s][info ][gc,metaspace ] GC(31) Metaspace: 36485K->36485K(1081344K)
[17.180s][info ][gc           ] GC(31) Pause Young (Allocation Failure) 353M->117M(852M) 26.694ms
[17.180s][info ][gc,cpu       ] GC(31) User=0.01s Sys=0.00s Real=0.03s
[17.180s][info ][safepoint    ] Leaving safepoint region
[17.180s][info ][safepoint    ] Total time for which application threads were stopped: 0.0496956 seconds, Stopping threads took: 0.0228196 seconds
[17.281s][info ][safepoint    ] Application time: 0.1009251 seconds
[17.301s][info ][safepoint    ] Entering safepoint region: GenCollectForAllocation
[17.301s][info ][gc,start     ] GC(32) Pause Young (Allocation Failure)
[17.301s][info ][gc,task      ] GC(32) Using 4 workers of 4 for evacuation
[17.320s][debug][gc,ref       ] GC(32) Skipped phase1 of Reference Processing due to unavailable references
[17.320s][debug][gc,ref       ] GC(32) Skipped phase2 of Reference Processing due to unavailable references
[17.320s][debug][gc,ref       ] GC(32) Skipped phase3 of Reference Processing due to unavailable references
[17.320s][debug][gc,ref       ] GC(32) Skipped phase4 of Reference Processing due to unavailable references
[17.320s][debug][gc,age       ] GC(32) Desired survivor size 15400960 bytes, new threshold 6 (max threshold 6)
[17.320s][info ][gc,heap      ] GC(32) ParNew: 241364K->553K(270976K)
[17.320s][info ][gc,heap      ] GC(32) CMS: 120281K->120333K(602112K)
[17.320s][info ][gc,metaspace ] GC(32) Metaspace: 36485K->36485K(1081344K)
[17.320s][info ][gc           ] GC(32) Pause Young (Allocation Failure) 353M->118M(852M) 18.710ms
[17.320s][info ][gc,cpu       ] GC(32) User=0.01s Sys=0.00s Real=0.02s
[17.320s][info ][safepoint    ] Leaving safepoint region
[17.320s][info ][safepoint    ] Total time for which application threads were stopped: 0.0390511 seconds, Stopping threads took: 0.0201472 seconds
[17.508s][info ][safepoint    ] Application time: 0.1877290 seconds
[17.535s][info ][safepoint    ] Entering safepoint region: GenCollectForAllocation
[17.536s][info ][gc,start     ] GC(33) Pause Young (Allocation Failure)
[17.536s][info ][gc,task      ] GC(33) Using 4 workers of 4 for evacuation
[17.548s][debug][gc,ref       ] GC(33) Skipped phase1 of Reference Processing due to unavailable references
[17.548s][debug][gc,ref       ] GC(33) Skipped phase2 of Reference Processing due to unavailable references
[17.548s][debug][gc,ref       ] GC(33) Skipped phase3 of Reference Processing due to unavailable references
[17.548s][debug][gc,ref       ] GC(33) Skipped phase4 of Reference Processing due to unavailable references
[17.548s][debug][gc,age       ] GC(33) Desired survivor size 15400960 bytes, new threshold 6 (max threshold 6)
[17.548s][info ][gc,heap      ] GC(33) ParNew: 241449K->541K(270976K)
[17.548s][info ][gc,heap      ] GC(33) CMS: 120333K->120373K(602112K)
[17.548s][info ][gc,metaspace ] GC(33) Metaspace: 36485K->36485K(1081344K)
[17.548s][info ][gc           ] GC(33) Pause Young (Allocation Failure) 353M->118M(852M) 12.067ms
[17.548s][info ][gc,cpu       ] GC(33) User=0.01s Sys=0.00s Real=0.02s
[17.548s][info ][safepoint    ] Leaving safepoint region
[17.548s][info ][safepoint    ] Total time for which application threads were stopped: 0.0402415 seconds, Stopping threads took: 0.0279815 seconds
[17.652s][info ][safepoint    ] Application time: 0.1044900 seconds
[17.684s][info ][safepoint    ] Entering safepoint region: GenCollectForAllocation
[17.684s][info ][gc,start     ] GC(34) Pause Young (Allocation Failure)
[17.684s][info ][gc,task      ] GC(34) Using 4 workers of 4 for evacuation
[17.708s][debug][gc,ref       ] GC(34) Skipped phase1 of Reference Processing due to unavailable references
[17.708s][debug][gc,ref       ] GC(34) Skipped phase2 of Reference Processing due to unavailable references
[17.708s][debug][gc,ref       ] GC(34) Skipped phase3 of Reference Processing due to unavailable references
[17.708s][debug][gc,ref       ] GC(34) Skipped phase4 of Reference Processing due to unavailable references
[17.708s][debug][gc,age       ] GC(34) Desired survivor size 15400960 bytes, new threshold 6 (max threshold 6)
[17.708s][info ][gc,heap      ] GC(34) ParNew: 241437K->565K(270976K)
[17.708s][info ][gc,heap      ] GC(34) CMS: 120373K->120403K(602112K)
[17.708s][info ][gc,metaspace ] GC(34) Metaspace: 36485K->36485K(1081344K)
[17.708s][info ][gc           ] GC(34) Pause Young (Allocation Failure) 353M->118M(852M) 24.031ms
[17.708s][info ][gc,cpu       ] GC(34) User=0.01s Sys=0.00s Real=0.03s
[17.708s][info ][safepoint    ] Leaving safepoint region
[17.708s][info ][safepoint    ] Total time for which application threads were stopped: 0.0555067 seconds, Stopping threads took: 0.0312539 seconds
[17.909s][info ][safepoint    ] Application time: 0.2015602 seconds
[17.934s][info ][safepoint    ] Entering safepoint region: GenCollectForAllocation
[17.934s][info ][gc,start     ] GC(35) Pause Young (Allocation Failure)
[17.934s][info ][gc,task      ] GC(35) Using 4 workers of 4 for evacuation
[17.944s][debug][gc,ref       ] GC(35) Skipped phase1 of Reference Processing due to unavailable references
[17.944s][debug][gc,ref       ] GC(35) Skipped phase2 of Reference Processing due to unavailable references
[17.944s][debug][gc,ref       ] GC(35) Skipped phase3 of Reference Processing due to unavailable references
[17.944s][debug][gc,ref       ] GC(35) Skipped phase4 of Reference Processing due to unavailable references
[17.944s][debug][gc,age       ] GC(35) Desired survivor size 15400960 bytes, new threshold 6 (max threshold 6)
[17.944s][info ][gc,heap      ] GC(35) ParNew: 241461K->476K(270976K)
[17.944s][info ][gc,heap      ] GC(35) CMS: 120403K->120453K(602112K)
[17.944s][info ][gc,metaspace ] GC(35) Metaspace: 36485K->36485K(1081344K)
[17.944s][info ][gc           ] GC(35) Pause Young (Allocation Failure) 353M->118M(852M) 9.736ms
[17.944s][info ][gc,cpu       ] GC(35) User=0.01s Sys=0.00s Real=0.01s
[17.944s][info ][safepoint    ] Leaving safepoint region
[17.944s][info ][safepoint    ] Total time for which application threads were stopped: 0.0344405 seconds, Stopping threads took: 0.0244688 seconds
[18.131s][info ][safepoint    ] Application time: 0.1874606 seconds
[18.148s][info ][safepoint    ] Entering safepoint region: GenCollectForAllocation
[18.148s][info ][gc,start     ] GC(36) Pause Young (Allocation Failure)
[18.148s][info ][gc,task      ] GC(36) Using 4 workers of 4 for evacuation
[18.151s][debug][gc,ref       ] GC(36) Skipped phase1 of Reference Processing due to unavailable references
[18.151s][debug][gc,ref       ] GC(36) Skipped phase2 of Reference Processing due to unavailable references
[18.151s][debug][gc,ref       ] GC(36) Skipped phase3 of Reference Processing due to unavailable references
[18.151s][debug][gc,ref       ] GC(36) Skipped phase4 of Reference Processing due to unavailable references
[18.151s][debug][gc,age       ] GC(36) Desired survivor size 15400960 bytes, new threshold 6 (max threshold 6)
[18.151s][info ][gc,heap      ] GC(36) ParNew: 241372K->563K(270976K)
[18.151s][info ][gc,heap      ] GC(36) CMS: 120453K->120524K(602112K)
[18.151s][info ][gc,metaspace ] GC(36) Metaspace: 36487K->36487K(1081344K)
[18.151s][info ][gc           ] GC(36) Pause Young (Allocation Failure) 353M->118M(852M) 3.199ms
[18.151s][info ][gc,cpu       ] GC(36) User=0.00s Sys=0.00s Real=0.00s
[18.151s][info ][safepoint    ] Leaving safepoint region
[18.151s][info ][safepoint    ] Total time for which application threads were stopped: 0.0200575 seconds, Stopping threads took: 0.0166449 seconds
[18.332s][info ][safepoint    ] Application time: 0.1801215 seconds
[18.338s][info ][safepoint    ] Entering safepoint region: GenCollectForAllocation
[18.338s][info ][gc,start     ] GC(37) Pause Young (Allocation Failure)
[18.338s][info ][gc,task      ] GC(37) Using 4 workers of 4 for evacuation
[18.384s][debug][gc,ref       ] GC(37) Skipped phase1 of Reference Processing due to unavailable references
[18.384s][debug][gc,ref       ] GC(37) Skipped phase2 of Reference Processing due to unavailable references
[18.384s][debug][gc,ref       ] GC(37) Skipped phase3 of Reference Processing due to unavailable references
[18.384s][debug][gc,ref       ] GC(37) Skipped phase4 of Reference Processing due to unavailable references
[18.384s][debug][gc,age       ] GC(37) Desired survivor size 15400960 bytes, new threshold 6 (max threshold 6)
[18.384s][info ][gc,heap      ] GC(37) ParNew: 241459K->628K(270976K)
[18.384s][info ][gc,heap      ] GC(37) CMS: 120524K->120567K(602112K)
[18.384s][info ][gc,metaspace ] GC(37) Metaspace: 36504K->36504K(1081344K)
[18.384s][info ][gc           ] GC(37) Pause Young (Allocation Failure) 353M->118M(852M) 45.269ms
[18.384s][info ][gc,cpu       ] GC(37) User=0.02s Sys=0.00s Real=0.05s
[18.384s][info ][safepoint    ] Leaving safepoint region
[18.384s][info ][safepoint    ] Total time for which application threads were stopped: 0.0522154 seconds, Stopping threads took: 0.0067367 seconds
[18.539s][info ][safepoint    ] Application time: 0.1553796 seconds
[18.556s][info ][safepoint    ] Entering safepoint region: GenCollectForAllocation
[18.556s][info ][gc,start     ] GC(38) Pause Young (Allocation Failure)
[18.556s][info ][gc,task      ] GC(38) Using 4 workers of 4 for evacuation
[18.595s][debug][gc,ref       ] GC(38) Skipped phase1 of Reference Processing due to unavailable references
[18.595s][debug][gc,ref       ] GC(38) Skipped phase2 of Reference Processing due to unavailable references
[18.595s][debug][gc,ref       ] GC(38) Skipped phase3 of Reference Processing due to unavailable references
[18.595s][debug][gc,ref       ] GC(38) Skipped phase4 of Reference Processing due to unavailable references
[18.595s][debug][gc,age       ] GC(38) Desired survivor size 15400960 bytes, new threshold 6 (max threshold 6)
[18.595s][info ][gc,heap      ] GC(38) ParNew: 241524K->396K(270976K)
[18.595s][info ][gc,heap      ] GC(38) CMS: 120567K->120603K(602112K)
[18.595s][info ][gc,metaspace ] GC(38) Metaspace: 36513K->36513K(1081344K)
[18.595s][info ][gc           ] GC(38) Pause Young (Allocation Failure) 353M->118M(852M) 39.635ms
[18.595s][info ][gc,cpu       ] GC(38) User=0.02s Sys=0.00s Real=0.04s
[18.595s][info ][safepoint    ] Leaving safepoint region
[18.595s][info ][safepoint    ] Total time for which application threads were stopped: 0.0562229 seconds, Stopping threads took: 0.0163703 seconds
[18.843s][info ][safepoint    ] Application time: 0.2473075 seconds
[18.872s][info ][safepoint    ] Entering safepoint region: GenCollectForAllocation
[18.872s][info ][gc,start     ] GC(39) Pause Young (Allocation Failure)
[18.872s][info ][gc,task      ] GC(39) Using 4 workers of 4 for evacuation
[18.894s][debug][gc,ref       ] GC(39) Skipped phase1 of Reference Processing due to unavailable references
[18.894s][debug][gc,ref       ] GC(39) Skipped phase2 of Reference Processing due to unavailable references
[18.894s][debug][gc,ref       ] GC(39) Skipped phase3 of Reference Processing due to unavailable references
[18.894s][debug][gc,ref       ] GC(39) Skipped phase4 of Reference Processing due to unavailable references
[18.894s][debug][gc,age       ] GC(39) Desired survivor size 15400960 bytes, new threshold 6 (max threshold 6)
[18.894s][info ][gc,heap      ] GC(39) ParNew: 241292K->480K(270976K)
[18.894s][info ][gc,heap      ] GC(39) CMS: 120603K->120667K(602112K)
[18.894s][info ][gc,metaspace ] GC(39) Metaspace: 36513K->36513K(1081344K)
[18.894s][info ][gc           ] GC(39) Pause Young (Allocation Failure) 353M->118M(852M) 22.331ms
[18.894s][info ][gc,cpu       ] GC(39) User=0.01s Sys=0.00s Real=0.02s
[18.894s][info ][safepoint    ] Leaving safepoint region
[18.894s][info ][safepoint    ] Total time for which application threads were stopped: 0.0514208 seconds, Stopping threads took: 0.0288239 seconds
[19.129s][info ][safepoint    ] Application time: 0.2349560 seconds
[19.156s][info ][safepoint    ] Entering safepoint region: GenCollectForAllocation
[19.156s][info ][gc,start     ] GC(40) Pause Young (Allocation Failure)
[19.156s][info ][gc,task      ] GC(40) Using 4 workers of 4 for evacuation
[19.167s][debug][gc,ref       ] GC(40) Skipped phase1 of Reference Processing due to unavailable references
[19.168s][debug][gc,ref       ] GC(40) Skipped phase2 of Reference Processing due to unavailable references
[19.168s][debug][gc,ref       ] GC(40) Skipped phase3 of Reference Processing due to unavailable references
[19.168s][debug][gc,ref       ] GC(40) Skipped phase4 of Reference Processing due to unavailable references
[19.168s][debug][gc,age       ] GC(40) Desired survivor size 15400960 bytes, new threshold 6 (max threshold 6)
[19.168s][info ][gc,heap      ] GC(40) ParNew: 241376K->437K(270976K)
[19.168s][info ][gc,heap      ] GC(40) CMS: 120667K->120691K(602112K)
[19.168s][info ][gc,metaspace ] GC(40) Metaspace: 36513K->36513K(1081344K)
[19.168s][info ][gc           ] GC(40) Pause Young (Allocation Failure) 353M->118M(852M) 11.745ms
[19.168s][info ][gc,cpu       ] GC(40) User=0.01s Sys=0.00s Real=0.02s
[19.168s][info ][safepoint    ] Leaving safepoint region
[19.168s][info ][safepoint    ] Total time for which application threads were stopped: 0.0385690 seconds, Stopping threads took: 0.0265599 seconds
[19.446s][info ][safepoint    ] Application time: 0.2784894 seconds
[19.490s][info ][safepoint    ] Entering safepoint region: GenCollectForAllocation
[19.490s][info ][gc,start     ] GC(41) Pause Young (Allocation Failure)
[19.490s][info ][gc,task      ] GC(41) Using 4 workers of 4 for evacuation
[19.523s][debug][gc,ref       ] GC(41) Skipped phase1 of Reference Processing due to unavailable references
[19.523s][debug][gc,ref       ] GC(41) Skipped phase2 of Reference Processing due to unavailable references
[19.523s][debug][gc,ref       ] GC(41) Skipped phase3 of Reference Processing due to unavailable references
[19.523s][debug][gc,ref       ] GC(41) Skipped phase4 of Reference Processing due to unavailable references
[19.523s][debug][gc,age       ] GC(41) Desired survivor size 15400960 bytes, new threshold 6 (max threshold 6)
[19.524s][info ][gc,heap      ] GC(41) ParNew: 241333K->457K(270976K)
[19.524s][info ][gc,heap      ] GC(41) CMS: 120691K->120754K(602112K)
[19.524s][info ][gc,metaspace ] GC(41) Metaspace: 36513K->36513K(1081344K)
[19.524s][info ][gc           ] GC(41) Pause Young (Allocation Failure) 353M->118M(852M) 33.699ms
[19.524s][info ][gc,cpu       ] GC(41) User=0.03s Sys=0.00s Real=0.03s
[19.524s][info ][safepoint    ] Leaving safepoint region
[19.524s][info ][safepoint    ] Total time for which application threads were stopped: 0.0773264 seconds, Stopping threads took: 0.0433918 seconds
[19.726s][info ][safepoint    ] Application time: 0.2028858 seconds
[19.736s][info ][safepoint    ] Entering safepoint region: GenCollectForAllocation
[19.737s][info ][gc,start     ] GC(42) Pause Young (Allocation Failure)
[19.737s][info ][gc,task      ] GC(42) Using 4 workers of 4 for evacuation
[19.784s][debug][gc,ref       ] GC(42) Skipped phase1 of Reference Processing due to unavailable references
[19.784s][debug][gc,ref       ] GC(42) Skipped phase2 of Reference Processing due to unavailable references
[19.784s][debug][gc,ref       ] GC(42) Skipped phase3 of Reference Processing due to unavailable references
[19.784s][debug][gc,ref       ] GC(42) Skipped phase4 of Reference Processing due to unavailable references
[19.784s][debug][gc,age       ] GC(42) Desired survivor size 15400960 bytes, new threshold 6 (max threshold 6)
[19.784s][info ][gc,heap      ] GC(42) ParNew: 241353K->552K(270976K)
[19.784s][info ][gc,heap      ] GC(42) CMS: 120754K->120786K(602112K)
[19.784s][info ][gc,metaspace ] GC(42) Metaspace: 36513K->36513K(1081344K)
[19.784s][info ][gc           ] GC(42) Pause Young (Allocation Failure) 353M->118M(852M) 47.237ms
[19.784s][info ][gc,cpu       ] GC(42) User=0.02s Sys=0.00s Real=0.05s
[19.784s][info ][safepoint    ] Leaving safepoint region
[19.784s][info ][safepoint    ] Total time for which application threads were stopped: 0.0573214 seconds, Stopping threads took: 0.0098938 seconds
[20.051s][info ][safepoint    ] Application time: 0.2673566 seconds
[20.096s][info ][safepoint    ] Entering safepoint region: GenCollectForAllocation
[20.096s][info ][gc,start     ] GC(43) Pause Young (Allocation Failure)
[20.096s][info ][gc,task      ] GC(43) Using 4 workers of 4 for evacuation
[20.115s][debug][gc,ref       ] GC(43) Skipped phase1 of Reference Processing due to unavailable references
[20.115s][debug][gc,ref       ] GC(43) Skipped phase2 of Reference Processing due to unavailable references
[20.115s][debug][gc,ref       ] GC(43) Skipped phase3 of Reference Processing due to unavailable references
[20.115s][debug][gc,ref       ] GC(43) Skipped phase4 of Reference Processing due to unavailable references
[20.115s][debug][gc,age       ] GC(43) Desired survivor size 15400960 bytes, new threshold 6 (max threshold 6)
[20.115s][info ][gc,heap      ] GC(43) ParNew: 241448K->576K(270976K)
[20.115s][info ][gc,heap      ] GC(43) CMS: 120786K->120837K(602112K)
[20.115s][info ][gc,metaspace ] GC(43) Metaspace: 36513K->36513K(1081344K)
[20.115s][info ][gc           ] GC(43) Pause Young (Allocation Failure) 353M->118M(852M) 19.398ms
[20.115s][info ][gc,cpu       ] GC(43) User=0.01s Sys=0.00s Real=0.02s
[20.115s][info ][safepoint    ] Leaving safepoint region
[20.115s][info ][safepoint    ] Total time for which application threads were stopped: 0.0639911 seconds, Stopping threads took: 0.0443916 seconds
[20.304s][info ][safepoint    ] Application time: 0.1890093 seconds
[20.324s][info ][safepoint    ] Entering safepoint region: GenCollectForAllocation
[20.324s][info ][gc,start     ] GC(44) Pause Young (Allocation Failure)
[20.324s][info ][gc,task      ] GC(44) Using 4 workers of 4 for evacuation
[20.346s][debug][gc,ref       ] GC(44) Skipped phase1 of Reference Processing due to unavailable references
[20.346s][debug][gc,ref       ] GC(44) Skipped phase2 of Reference Processing due to unavailable references
[20.346s][debug][gc,ref       ] GC(44) Skipped phase3 of Reference Processing due to unavailable references
[20.346s][debug][gc,ref       ] GC(44) Skipped phase4 of Reference Processing due to unavailable references
[20.346s][debug][gc,age       ] GC(44) Desired survivor size 15400960 bytes, new threshold 6 (max threshold 6)
[20.346s][info ][gc,heap      ] GC(44) ParNew: 241472K->489K(270976K)
[20.346s][info ][gc,heap      ] GC(44) CMS: 120837K->120874K(602112K)
[20.346s][info ][gc,metaspace ] GC(44) Metaspace: 36513K->36513K(1081344K)
[20.346s][info ][gc           ] GC(44) Pause Young (Allocation Failure) 353M->118M(852M) 22.070ms
[20.346s][info ][gc,cpu       ] GC(44) User=0.01s Sys=0.00s Real=0.02s
[20.346s][info ][safepoint    ] Leaving safepoint region
[20.346s][info ][safepoint    ] Total time for which application threads were stopped: 0.0416254 seconds, Stopping threads took: 0.0193274 seconds
[20.600s][info ][safepoint    ] Application time: 0.2536307 seconds
[20.619s][info ][safepoint    ] Entering safepoint region: GenCollectForAllocation
[20.619s][info ][gc,start     ] GC(45) Pause Young (Allocation Failure)
[20.619s][info ][gc,task      ] GC(45) Using 4 workers of 4 for evacuation
[20.626s][debug][gc,ref       ] GC(45) Skipped phase1 of Reference Processing due to unavailable references
[20.626s][debug][gc,ref       ] GC(45) Skipped phase2 of Reference Processing due to unavailable references
[20.626s][debug][gc,ref       ] GC(45) Skipped phase3 of Reference Processing due to unavailable references
[20.626s][debug][gc,ref       ] GC(45) Skipped phase4 of Reference Processing due to unavailable references
[20.626s][debug][gc,age       ] GC(45) Desired survivor size 15400960 bytes, new threshold 6 (max threshold 6)
[20.626s][info ][gc,heap      ] GC(45) ParNew: 241385K->505K(270976K)
[20.626s][info ][gc,heap      ] GC(45) CMS: 120874K->120935K(602112K)
[20.626s][info ][gc,metaspace ] GC(45) Metaspace: 36513K->36513K(1081344K)
[20.626s][info ][gc           ] GC(45) Pause Young (Allocation Failure) 353M->118M(852M) 7.278ms
[20.626s][info ][gc,cpu       ] GC(45) User=0.01s Sys=0.00s Real=0.01s
[20.626s][info ][safepoint    ] Leaving safepoint region
[20.626s][info ][safepoint    ] Total time for which application threads were stopped: 0.0265223 seconds, Stopping threads took: 0.0190361 seconds
[20.843s][info ][safepoint    ] Application time: 0.2171150 seconds
[20.872s][info ][safepoint    ] Entering safepoint region: GenCollectForAllocation
[20.872s][info ][gc,start     ] GC(46) Pause Young (Allocation Failure)
[20.872s][info ][gc,task      ] GC(46) Using 4 workers of 4 for evacuation
[20.892s][debug][gc,ref       ] GC(46) Skipped phase1 of Reference Processing due to unavailable references
[20.892s][debug][gc,ref       ] GC(46) Skipped phase2 of Reference Processing due to unavailable references
[20.892s][debug][gc,ref       ] GC(46) Skipped phase3 of Reference Processing due to unavailable references
[20.892s][debug][gc,ref       ] GC(46) Skipped phase4 of Reference Processing due to unavailable references
[20.892s][debug][gc,age       ] GC(46) Desired survivor size 15400960 bytes, new threshold 6 (max threshold 6)
[20.892s][info ][gc,heap      ] GC(46) ParNew: 241401K->500K(270976K)
[20.892s][info ][gc,heap      ] GC(46) CMS: 120935K->120980K(602112K)
[20.892s][info ][gc,metaspace ] GC(46) Metaspace: 36513K->36513K(1081344K)
[20.892s][info ][gc           ] GC(46) Pause Young (Allocation Failure) 353M->118M(852M) 20.450ms
[20.892s][info ][gc,cpu       ] GC(46) User=0.01s Sys=0.00s Real=0.02s
[20.892s][info ][safepoint    ] Leaving safepoint region
[20.892s][info ][safepoint    ] Total time for which application threads were stopped: 0.0490696 seconds, Stopping threads took: 0.0284236 seconds
[21.159s][info ][safepoint    ] Application time: 0.2670647 seconds
[21.188s][info ][safepoint    ] Entering safepoint region: GenCollectForAllocation
[21.188s][info ][gc,start     ] GC(47) Pause Young (Allocation Failure)
[21.188s][info ][gc,task      ] GC(47) Using 4 workers of 4 for evacuation
[21.195s][debug][gc,ref       ] GC(47) Skipped phase1 of Reference Processing due to unavailable references
[21.195s][debug][gc,ref       ] GC(47) Skipped phase2 of Reference Processing due to unavailable references
[21.195s][debug][gc,ref       ] GC(47) Skipped phase3 of Reference Processing due to unavailable references
[21.195s][debug][gc,ref       ] GC(47) Skipped phase4 of Reference Processing due to unavailable references
[21.195s][debug][gc,age       ] GC(47) Desired survivor size 15400960 bytes, new threshold 6 (max threshold 6)
[21.195s][info ][gc,heap      ] GC(47) ParNew: 241396K->499K(270976K)
[21.195s][info ][gc,heap      ] GC(47) CMS: 120980K->121039K(602112K)
[21.195s][info ][gc,metaspace ] GC(47) Metaspace: 36513K->36513K(1081344K)
[21.195s][info ][gc           ] GC(47) Pause Young (Allocation Failure) 353M->118M(852M) 7.102ms
[21.195s][info ][gc,cpu       ] GC(47) User=0.00s Sys=0.01s Real=0.00s
[21.195s][info ][safepoint    ] Leaving safepoint region
[21.195s][info ][safepoint    ] Total time for which application threads were stopped: 0.0357771 seconds, Stopping threads took: 0.0283707 seconds
[21.376s][info ][safepoint    ] Application time: 0.1803339 seconds
[21.408s][info ][safepoint    ] Entering safepoint region: GenCollectForAllocation
[21.408s][info ][gc,start     ] GC(48) Pause Young (Allocation Failure)
[21.408s][info ][gc,task      ] GC(48) Using 4 workers of 4 for evacuation
[21.436s][debug][gc,ref       ] GC(48) Skipped phase1 of Reference Processing due to unavailable references
[21.436s][debug][gc,ref       ] GC(48) Skipped phase2 of Reference Processing due to unavailable references
[21.436s][debug][gc,ref       ] GC(48) Skipped phase3 of Reference Processing due to unavailable references
[21.436s][debug][gc,ref       ] GC(48) Skipped phase4 of Reference Processing due to unavailable references
[21.436s][debug][gc,age       ] GC(48) Desired survivor size 15400960 bytes, new threshold 6 (max threshold 6)
[21.436s][info ][gc,heap      ] GC(48) ParNew: 241395K->591K(270976K)
[21.436s][info ][gc,heap      ] GC(48) CMS: 121039K->121081K(602112K)
[21.436s][info ][gc,metaspace ] GC(48) Metaspace: 36513K->36513K(1081344K)
[21.436s][info ][gc           ] GC(48) Pause Young (Allocation Failure) 353M->118M(852M) 28.063ms
[21.436s][info ][gc,cpu       ] GC(48) User=0.01s Sys=0.00s Real=0.02s
[21.436s][info ][safepoint    ] Leaving safepoint region
[21.436s][info ][safepoint    ] Total time for which application threads were stopped: 0.0603894 seconds, Stopping threads took: 0.0319886 seconds
[21.578s][info ][safepoint    ] Application time: 0.1418424 seconds
[21.604s][info ][safepoint    ] Entering safepoint region: GenCollectForAllocation
[21.604s][info ][gc,start     ] GC(49) Pause Young (Allocation Failure)
[21.604s][info ][gc,task      ] GC(49) Using 4 workers of 4 for evacuation
[21.620s][debug][gc,ref       ] GC(49) Skipped phase1 of Reference Processing due to unavailable references
[21.620s][debug][gc,ref       ] GC(49) Skipped phase2 of Reference Processing due to unavailable references
[21.620s][debug][gc,ref       ] GC(49) Skipped phase3 of Reference Processing due to unavailable references
[21.620s][debug][gc,ref       ] GC(49) Skipped phase4 of Reference Processing due to unavailable references
[21.620s][debug][gc,age       ] GC(49) Desired survivor size 15400960 bytes, new threshold 6 (max threshold 6)
[21.620s][info ][gc,heap      ] GC(49) ParNew: 241487K->602K(270976K)
[21.620s][info ][gc,heap      ] GC(49) CMS: 121081K->121158K(602112K)
[21.620s][info ][gc,metaspace ] GC(49) Metaspace: 36514K->36514K(1081344K)
[21.620s][info ][gc           ] GC(49) Pause Young (Allocation Failure) 354M->118M(852M) 16.484ms
[21.620s][info ][gc,cpu       ] GC(49) User=0.01s Sys=0.00s Real=0.02s
[21.620s][info ][safepoint    ] Leaving safepoint region
[21.620s][info ][safepoint    ] Total time for which application threads were stopped: 0.0425634 seconds, Stopping threads took: 0.0258472 seconds
[21.798s][info ][safepoint    ] Application time: 0.1780789 seconds
[21.820s][info ][safepoint    ] Entering safepoint region: GenCollectForAllocation
[21.820s][info ][gc,start     ] GC(50) Pause Young (Allocation Failure)
[21.820s][info ][gc,task      ] GC(50) Using 4 workers of 4 for evacuation
[21.830s][debug][gc,ref       ] GC(50) Skipped phase1 of Reference Processing due to unavailable references
[21.830s][debug][gc,ref       ] GC(50) Skipped phase2 of Reference Processing due to unavailable references
[21.830s][debug][gc,ref       ] GC(50) Skipped phase3 of Reference Processing due to unavailable references
[21.830s][debug][gc,ref       ] GC(50) Skipped phase4 of Reference Processing due to unavailable references
[21.830s][debug][gc,age       ] GC(50) Desired survivor size 15400960 bytes, new threshold 6 (max threshold 6)
[21.830s][info ][gc,heap      ] GC(50) ParNew: 241498K->489K(270976K)
[21.830s][info ][gc,heap      ] GC(50) CMS: 121158K->121195K(602112K)
[21.830s][info ][gc,metaspace ] GC(50) Metaspace: 36514K->36514K(1081344K)
[21.830s][info ][gc           ] GC(50) Pause Young (Allocation Failure) 354M->118M(852M) 10.190ms
[21.830s][info ][gc,cpu       ] GC(50) User=0.01s Sys=0.00s Real=0.01s
[21.830s][info ][safepoint    ] Leaving safepoint region
[21.830s][info ][safepoint    ] Total time for which application threads were stopped: 0.0315301 seconds, Stopping threads took: 0.0211183 seconds
[22.060s][info ][safepoint    ] Application time: 0.2299551 seconds
[22.096s][info ][safepoint    ] Entering safepoint region: GenCollectForAllocation
[22.096s][info ][gc,start     ] GC(51) Pause Young (Allocation Failure)
[22.096s][info ][gc,task      ] GC(51) Using 4 workers of 4 for evacuation
[22.104s][debug][gc,ref       ] GC(51) Skipped phase1 of Reference Processing due to unavailable references
[22.104s][debug][gc,ref       ] GC(51) Skipped phase2 of Reference Processing due to unavailable references
[22.104s][debug][gc,ref       ] GC(51) Skipped phase3 of Reference Processing due to unavailable references
[22.104s][debug][gc,ref       ] GC(51) Skipped phase4 of Reference Processing due to unavailable references
[22.104s][debug][gc,age       ] GC(51) Desired survivor size 15400960 bytes, new threshold 6 (max threshold 6)
[22.104s][info ][gc,heap      ] GC(51) ParNew: 241385K->492K(270976K)
[22.104s][info ][gc,heap      ] GC(51) CMS: 121195K->121253K(602112K)
[22.104s][info ][gc,metaspace ] GC(51) Metaspace: 36516K->36516K(1081344K)
[22.104s][info ][gc           ] GC(51) Pause Young (Allocation Failure) 354M->118M(852M) 7.953ms
[22.104s][info ][gc,cpu       ] GC(51) User=0.01s Sys=0.00s Real=0.01s
[22.104s][info ][safepoint    ] Leaving safepoint region
[22.104s][info ][safepoint    ] Total time for which application threads were stopped: 0.0437986 seconds, Stopping threads took: 0.0355764 seconds
[22.295s][info ][safepoint    ] Application time: 0.1908433 seconds
[23.951s][info ][safepoint    ] Entering safepoint region: GenCollectForAllocation
[23.951s][info ][gc,start     ] GC(52) Pause Young (Allocation Failure)
[23.951s][info ][gc,task      ] GC(52) Using 4 workers of 4 for evacuation
[24.004s][debug][gc,ref       ] GC(52) Skipped phase1 of Reference Processing due to unavailable references
[24.004s][debug][gc,ref       ] GC(52) Skipped phase2 of Reference Processing due to unavailable references
[24.004s][debug][gc,ref       ] GC(52) Skipped phase3 of Reference Processing due to unavailable references
[24.004s][debug][gc,ref       ] GC(52) Skipped phase4 of Reference Processing due to unavailable references
[24.004s][debug][gc,age       ] GC(52) Desired survivor size 15400960 bytes, new threshold 6 (max threshold 6)
[24.004s][info ][gc,heap      ] GC(52) ParNew: 241388K->578K(270976K)
[24.004s][info ][gc,heap      ] GC(52) CMS: 121253K->121295K(602112K)
[24.004s][info ][gc,metaspace ] GC(52) Metaspace: 36516K->36516K(1081344K)
[24.004s][info ][gc           ] GC(52) Pause Young (Allocation Failure) 354M->119M(852M) 53.240ms
[24.004s][info ][gc,cpu       ] GC(52) User=0.03s Sys=0.00s Real=0.05s
[24.004s][info ][safepoint    ] Leaving safepoint region
[24.004s][info ][safepoint    ] Total time for which application threads were stopped: 0.0535480 seconds, Stopping threads took: 0.0000434 seconds
[24.182s][info ][safepoint    ] Application time: 0.1774652 seconds
[24.212s][info ][safepoint    ] Entering safepoint region: GenCollectForAllocation
[24.212s][info ][gc,start     ] GC(53) Pause Young (Allocation Failure)
[24.212s][info ][gc,task      ] GC(53) Using 4 workers of 4 for evacuation
[24.233s][debug][gc,ref       ] GC(53) Skipped phase1 of Reference Processing due to unavailable references
[24.233s][debug][gc,ref       ] GC(53) Skipped phase2 of Reference Processing due to unavailable references
[24.233s][debug][gc,ref       ] GC(53) Skipped phase3 of Reference Processing due to unavailable references
[24.233s][debug][gc,ref       ] GC(53) Skipped phase4 of Reference Processing due to unavailable references
[24.233s][debug][gc,age       ] GC(53) Desired survivor size 15400960 bytes, new threshold 6 (max threshold 6)
[24.233s][info ][gc,heap      ] GC(53) ParNew: 241474K->403K(270976K)
[24.233s][info ][gc,heap      ] GC(53) CMS: 121295K->121354K(602112K)
[24.233s][info ][gc,metaspace ] GC(53) Metaspace: 36516K->36516K(1081344K)
[24.233s][info ][gc           ] GC(53) Pause Young (Allocation Failure) 354M->118M(852M) 21.281ms
[24.233s][info ][gc,cpu       ] GC(53) User=0.01s Sys=0.00s Real=0.02s
[24.233s][info ][safepoint    ] Leaving safepoint region
[24.233s][info ][safepoint    ] Total time for which application threads were stopped: 0.0512521 seconds, Stopping threads took: 0.0297750 seconds
[24.490s][info ][safepoint    ] Application time: 0.2564392 seconds
[24.508s][info ][safepoint    ] Entering safepoint region: GenCollectForAllocation
[24.508s][info ][gc,start     ] GC(54) Pause Young (Allocation Failure)
[24.508s][info ][gc,task      ] GC(54) Using 4 workers of 4 for evacuation
[24.516s][debug][gc,ref       ] GC(54) Skipped phase1 of Reference Processing due to unavailable references
[24.516s][debug][gc,ref       ] GC(54) Skipped phase2 of Reference Processing due to unavailable references
[24.516s][debug][gc,ref       ] GC(54) Skipped phase3 of Reference Processing due to unavailable references
[24.516s][debug][gc,ref       ] GC(54) Skipped phase4 of Reference Processing due to unavailable references
[24.516s][debug][gc,age       ] GC(54) Desired survivor size 15400960 bytes, new threshold 6 (max threshold 6)
[24.516s][info ][gc,heap      ] GC(54) ParNew: 241299K->494K(270976K)
[24.516s][info ][gc,heap      ] GC(54) CMS: 121354K->121421K(602112K)
[24.516s][info ][gc,metaspace ] GC(54) Metaspace: 36516K->36516K(1081344K)
[24.516s][info ][gc           ] GC(54) Pause Young (Allocation Failure) 354M->119M(852M) 8.102ms
[24.516s][info ][gc,cpu       ] GC(54) User=0.01s Sys=0.00s Real=0.00s
[24.516s][info ][safepoint    ] Leaving safepoint region
[24.516s][info ][safepoint    ] Total time for which application threads were stopped: 0.0264703 seconds, Stopping threads took: 0.0181031 seconds
[24.741s][info ][safepoint    ] Application time: 0.2247621 seconds
[24.751s][info ][safepoint    ] Entering safepoint region: GenCollectForAllocation
[24.751s][info ][gc,start     ] GC(55) Pause Young (Allocation Failure)
[24.751s][info ][gc,task      ] GC(55) Using 4 workers of 4 for evacuation
[24.808s][debug][gc,ref       ] GC(55) Skipped phase1 of Reference Processing due to unavailable references
[24.808s][debug][gc,ref       ] GC(55) Skipped phase2 of Reference Processing due to unavailable references
[24.808s][debug][gc,ref       ] GC(55) Skipped phase3 of Reference Processing due to unavailable references
[24.808s][debug][gc,ref       ] GC(55) Skipped phase4 of Reference Processing due to unavailable references
[24.808s][debug][gc,age       ] GC(55) Desired survivor size 15400960 bytes, new threshold 6 (max threshold 6)
[24.808s][info ][gc,heap      ] GC(55) ParNew: 241390K->559K(270976K)
[24.808s][info ][gc,heap      ] GC(55) CMS: 121421K->121465K(602112K)
[24.808s][info ][gc,metaspace ] GC(55) Metaspace: 36516K->36516K(1081344K)
[24.808s][info ][gc           ] GC(55) Pause Young (Allocation Failure) 354M->119M(852M) 56.960ms
[24.808s][info ][gc,cpu       ] GC(55) User=0.02s Sys=0.00s Real=0.06s
[24.808s][info ][safepoint    ] Leaving safepoint region
[24.808s][info ][safepoint    ] Total time for which application threads were stopped: 0.0671043 seconds, Stopping threads took: 0.0098937 seconds
[25.054s][info ][safepoint    ] Application time: 0.2460674 seconds
[25.068s][info ][safepoint    ] Entering safepoint region: GenCollectForAllocation
[25.068s][info ][gc,start     ] GC(56) Pause Young (Allocation Failure)
[25.068s][info ][gc,task      ] GC(56) Using 4 workers of 4 for evacuation
[25.080s][debug][gc,ref       ] GC(56) Skipped phase1 of Reference Processing due to unavailable references
[25.080s][debug][gc,ref       ] GC(56) Skipped phase2 of Reference Processing due to unavailable references
[25.080s][debug][gc,ref       ] GC(56) Skipped phase3 of Reference Processing due to unavailable references
[25.080s][debug][gc,ref       ] GC(56) Skipped phase4 of Reference Processing due to unavailable references
[25.080s][debug][gc,age       ] GC(56) Desired survivor size 15400960 bytes, new threshold 6 (max threshold 6)
[25.080s][info ][gc,heap      ] GC(56) ParNew: 241455K->403K(270976K)
[25.080s][info ][gc,heap      ] GC(56) CMS: 121465K->121517K(602112K)
[25.080s][info ][gc,metaspace ] GC(56) Metaspace: 36516K->36516K(1081344K)
[25.080s][info ][gc           ] GC(56) Pause Young (Allocation Failure) 354M->119M(852M) 12.525ms
[25.080s][info ][gc,cpu       ] GC(56) User=0.01s Sys=0.00s Real=0.01s
[25.080s][info ][safepoint    ] Leaving safepoint region
[25.080s][info ][safepoint    ] Total time for which application threads were stopped: 0.0263019 seconds, Stopping threads took: 0.0135440 seconds
[25.356s][info ][safepoint    ] Application time: 0.2751803 seconds
[25.368s][info ][safepoint    ] Entering safepoint region: GenCollectForAllocation
[25.368s][info ][gc,start     ] GC(57) Pause Young (Allocation Failure)
[25.368s][info ][gc,task      ] GC(57) Using 4 workers of 4 for evacuation
[25.384s][debug][gc,ref       ] GC(57) Skipped phase1 of Reference Processing due to unavailable references
[25.384s][debug][gc,ref       ] GC(57) Skipped phase2 of Reference Processing due to unavailable references
[25.384s][debug][gc,ref       ] GC(57) Skipped phase3 of Reference Processing due to unavailable references
[25.384s][debug][gc,ref       ] GC(57) Skipped phase4 of Reference Processing due to unavailable references
[25.384s][debug][gc,age       ] GC(57) Desired survivor size 15400960 bytes, new threshold 6 (max threshold 6)
[25.384s][info ][gc,heap      ] GC(57) ParNew: 241299K->581K(270976K)
[25.384s][info ][gc,heap      ] GC(57) CMS: 121517K->121563K(602112K)
[25.384s][info ][gc,metaspace ] GC(57) Metaspace: 36516K->36516K(1081344K)
[25.384s][info ][gc           ] GC(57) Pause Young (Allocation Failure) 354M->119M(852M) 16.093ms
[25.384s][info ][gc,cpu       ] GC(57) User=0.02s Sys=0.00s Real=0.01s
[25.384s][info ][safepoint    ] Leaving safepoint region
[25.384s][info ][safepoint    ] Total time for which application threads were stopped: 0.0282926 seconds, Stopping threads took: 0.0119888 seconds
[25.607s][info ][safepoint    ] Application time: 0.2236020 seconds
[25.659s][info ][safepoint    ] Entering safepoint region: GenCollectForAllocation
[25.659s][info ][gc,start     ] GC(58) Pause Young (Allocation Failure)
[25.659s][info ][gc,task      ] GC(58) Using 4 workers of 4 for evacuation
[25.666s][debug][gc,ref       ] GC(58) Skipped phase1 of Reference Processing due to unavailable references
[25.666s][debug][gc,ref       ] GC(58) Skipped phase2 of Reference Processing due to unavailable references
[25.666s][debug][gc,ref       ] GC(58) Skipped phase3 of Reference Processing due to unavailable references
[25.666s][debug][gc,ref       ] GC(58) Skipped phase4 of Reference Processing due to unavailable references
[25.666s][debug][gc,age       ] GC(58) Desired survivor size 15400960 bytes, new threshold 6 (max threshold 6)
[25.666s][info ][gc,heap      ] GC(58) ParNew: 241477K->610K(270976K)
[25.666s][info ][gc,heap      ] GC(58) CMS: 121563K->121607K(602112K)
[25.666s][info ][gc,metaspace ] GC(58) Metaspace: 36516K->36516K(1081344K)
[25.666s][info ][gc           ] GC(58) Pause Young (Allocation Failure) 354M->119M(852M) 7.676ms
[25.666s][info ][gc,cpu       ] GC(58) User=0.01s Sys=0.00s Real=0.01s
[25.666s][info ][safepoint    ] Leaving safepoint region
[25.666s][info ][safepoint    ] Total time for which application threads were stopped: 0.0589059 seconds, Stopping threads took: 0.0510490 seconds
[25.844s][info ][safepoint    ] Application time: 0.1774207 seconds
[25.880s][info ][safepoint    ] Entering safepoint region: GenCollectForAllocation
[25.880s][info ][gc,start     ] GC(59) Pause Young (Allocation Failure)
[25.880s][info ][gc,task      ] GC(59) Using 4 workers of 4 for evacuation
[25.908s][debug][gc,ref       ] GC(59) Skipped phase1 of Reference Processing due to unavailable references
[25.908s][debug][gc,ref       ] GC(59) Skipped phase2 of Reference Processing due to unavailable references
[25.908s][debug][gc,ref       ] GC(59) Skipped phase3 of Reference Processing due to unavailable references
[25.908s][debug][gc,ref       ] GC(59) Skipped phase4 of Reference Processing due to unavailable references
[25.908s][debug][gc,age       ] GC(59) Desired survivor size 15400960 bytes, new threshold 6 (max threshold 6)
[25.908s][info ][gc,heap      ] GC(59) ParNew: 241506K->621K(270976K)
[25.908s][info ][gc,heap      ] GC(59) CMS: 121607K->121675K(602112K)
[25.908s][info ][gc,metaspace ] GC(59) Metaspace: 36516K->36516K(1081344K)
[25.908s][info ][gc           ] GC(59) Pause Young (Allocation Failure) 354M->119M(852M) 28.054ms
[25.908s][info ][gc,cpu       ] GC(59) User=0.01s Sys=0.00s Real=0.03s
[25.908s][info ][safepoint    ] Leaving safepoint region
[25.908s][info ][safepoint    ] Total time for which application threads were stopped: 0.0639921 seconds, Stopping threads took: 0.0356977 seconds
[26.215s][info ][safepoint    ] Application time: 0.3073335 seconds
[26.236s][info ][safepoint    ] Entering safepoint region: GenCollectForAllocation
[26.236s][info ][gc,start     ] GC(60) Pause Young (Allocation Failure)
[26.236s][info ][gc,task      ] GC(60) Using 4 workers of 4 for evacuation
[26.252s][debug][gc,ref       ] GC(60) Skipped phase1 of Reference Processing due to unavailable references
[26.252s][debug][gc,ref       ] GC(60) Skipped phase2 of Reference Processing due to unavailable references
[26.252s][debug][gc,ref       ] GC(60) Skipped phase3 of Reference Processing due to unavailable references
[26.252s][debug][gc,ref       ] GC(60) Skipped phase4 of Reference Processing due to unavailable references
[26.252s][debug][gc,age       ] GC(60) Desired survivor size 15400960 bytes, new threshold 6 (max threshold 6)
[26.252s][info ][gc,heap      ] GC(60) ParNew: 241517K->627K(270976K)
[26.252s][info ][gc,heap      ] GC(60) CMS: 121675K->121728K(602112K)
[26.252s][info ][gc,metaspace ] GC(60) Metaspace: 36516K->36516K(1081344K)
[26.252s][info ][gc           ] GC(60) Pause Young (Allocation Failure) 354M->119M(852M) 16.000ms
[26.252s][info ][gc,cpu       ] GC(60) User=0.01s Sys=0.00s Real=0.02s
[26.252s][info ][safepoint    ] Leaving safepoint region
[26.252s][info ][safepoint    ] Total time for which application threads were stopped: 0.0365680 seconds, Stopping threads took: 0.0202976 seconds
[26.427s][info ][safepoint    ] Application time: 0.1752240 seconds
[26.440s][info ][safepoint    ] Entering safepoint region: GenCollectForAllocation
[26.440s][info ][gc,start     ] GC(61) Pause Young (Allocation Failure)
[26.440s][info ][gc,task      ] GC(61) Using 4 workers of 4 for evacuation
[26.462s][debug][gc,ref       ] GC(61) Skipped phase1 of Reference Processing due to unavailable references
[26.462s][debug][gc,ref       ] GC(61) Skipped phase2 of Reference Processing due to unavailable references
[26.462s][debug][gc,ref       ] GC(61) Skipped phase3 of Reference Processing due to unavailable references
[26.462s][debug][gc,ref       ] GC(61) Skipped phase4 of Reference Processing due to unavailable references
[26.462s][debug][gc,age       ] GC(61) Desired survivor size 15400960 bytes, new threshold 6 (max threshold 6)
[26.462s][info ][gc,heap      ] GC(61) ParNew: 241523K->552K(270976K)
[26.462s][info ][gc,heap      ] GC(61) CMS: 121728K->121786K(602112K)
[26.462s][info ][gc,metaspace ] GC(61) Metaspace: 36516K->36516K(1081344K)
[26.462s][info ][gc           ] GC(61) Pause Young (Allocation Failure) 354M->119M(852M) 22.648ms
[26.462s][info ][gc,cpu       ] GC(61) User=0.01s Sys=0.00s Real=0.02s
[26.462s][info ][safepoint    ] Leaving safepoint region
[26.462s][info ][safepoint    ] Total time for which application threads were stopped: 0.0353856 seconds, Stopping threads took: 0.0124786 seconds
[26.555s][info ][safepoint    ] Application time: 0.0928428 seconds
[26.592s][info ][safepoint    ] Entering safepoint region: GenCollectForAllocation
[26.592s][info ][gc,start     ] GC(62) Pause Young (Allocation Failure)
[26.592s][info ][gc,task      ] GC(62) Using 4 workers of 4 for evacuation
[26.604s][debug][gc,ref       ] GC(62) Skipped phase1 of Reference Processing due to unavailable references
[26.604s][debug][gc,ref       ] GC(62) Skipped phase2 of Reference Processing due to unavailable references
[26.604s][debug][gc,ref       ] GC(62) Skipped phase3 of Reference Processing due to unavailable references
[26.604s][debug][gc,ref       ] GC(62) Skipped phase4 of Reference Processing due to unavailable references
[26.604s][debug][gc,age       ] GC(62) Desired survivor size 15400960 bytes, new threshold 6 (max threshold 6)
[26.604s][info ][gc,heap      ] GC(62) ParNew: 241448K->666K(270976K)
[26.604s][info ][gc,heap      ] GC(62) CMS: 121786K->121832K(602112K)
[26.604s][info ][gc,metaspace ] GC(62) Metaspace: 36516K->36516K(1081344K)
[26.604s][info ][gc           ] GC(62) Pause Young (Allocation Failure) 354M->119M(852M) 12.062ms
[26.604s][info ][gc,cpu       ] GC(62) User=0.01s Sys=0.00s Real=0.01s
[26.604s][info ][safepoint    ] Leaving safepoint region
[26.604s][info ][safepoint    ] Total time for which application threads were stopped: 0.0491287 seconds, Stopping threads took: 0.0365532 seconds
[26.812s][info ][safepoint    ] Application time: 0.2077694 seconds
[26.827s][info ][safepoint    ] Entering safepoint region: GenCollectForAllocation
[26.828s][info ][gc,start     ] GC(63) Pause Young (Allocation Failure)
[26.828s][info ][gc,task      ] GC(63) Using 4 workers of 4 for evacuation
[26.847s][debug][gc,ref       ] GC(63) Skipped phase1 of Reference Processing due to unavailable references
[26.847s][debug][gc,ref       ] GC(63) Skipped phase2 of Reference Processing due to unavailable references
[26.847s][debug][gc,ref       ] GC(63) Skipped phase3 of Reference Processing due to unavailable references
[26.847s][debug][gc,ref       ] GC(63) Skipped phase4 of Reference Processing due to unavailable references
[26.847s][debug][gc,age       ] GC(63) Desired survivor size 15400960 bytes, new threshold 6 (max threshold 6)
[26.847s][info ][gc,heap      ] GC(63) ParNew: 241562K->673K(270976K)
[26.847s][info ][gc,heap      ] GC(63) CMS: 121832K->121909K(602112K)
[26.847s][info ][gc,metaspace ] GC(63) Metaspace: 36516K->36516K(1081344K)
[26.847s][info ][gc           ] GC(63) Pause Young (Allocation Failure) 354M->119M(852M) 18.932ms
[26.847s][info ][gc,cpu       ] GC(63) User=0.02s Sys=0.00s Real=0.01s
[26.847s][info ][safepoint    ] Leaving safepoint region
[26.847s][info ][safepoint    ] Total time for which application threads were stopped: 0.0344511 seconds, Stopping threads took: 0.0152407 seconds
[27.088s][info ][safepoint    ] Application time: 0.2411072 seconds
[27.111s][info ][safepoint    ] Entering safepoint region: GenCollectForAllocation
[27.112s][info ][gc,start     ] GC(64) Pause Young (Allocation Failure)
[27.112s][info ][gc,task      ] GC(64) Using 4 workers of 4 for evacuation
[27.124s][debug][gc,ref       ] GC(64) Skipped phase1 of Reference Processing due to unavailable references
[27.124s][debug][gc,ref       ] GC(64) Skipped phase2 of Reference Processing due to unavailable references
[27.124s][debug][gc,ref       ] GC(64) Skipped phase3 of Reference Processing due to unavailable references
[27.124s][debug][gc,ref       ] GC(64) Skipped phase4 of Reference Processing due to unavailable references
[27.124s][debug][gc,age       ] GC(64) Desired survivor size 15400960 bytes, new threshold 6 (max threshold 6)
[27.124s][info ][gc,heap      ] GC(64) ParNew: 241569K->560K(270976K)
[27.124s][info ][gc,heap      ] GC(64) CMS: 121909K->121969K(602112K)
[27.124s][info ][gc,metaspace ] GC(64) Metaspace: 36518K->36518K(1081344K)
[27.124s][info ][gc           ] GC(64) Pause Young (Allocation Failure) 354M->119M(852M) 12.218ms
[27.124s][info ][gc,cpu       ] GC(64) User=0.01s Sys=0.00s Real=0.01s
[27.124s][info ][safepoint    ] Leaving safepoint region
[27.124s][info ][safepoint    ] Total time for which application threads were stopped: 0.0361974 seconds, Stopping threads took: 0.0236307 seconds
[27.319s][info ][safepoint    ] Application time: 0.1949150 seconds
[27.332s][info ][safepoint    ] Entering safepoint region: GenCollectForAllocation
[27.332s][info ][gc,start     ] GC(65) Pause Young (Allocation Failure)
[27.332s][info ][gc,task      ] GC(65) Using 4 workers of 4 for evacuation
[27.347s][debug][gc,ref       ] GC(65) Skipped phase1 of Reference Processing due to unavailable references
[27.347s][debug][gc,ref       ] GC(65) Skipped phase2 of Reference Processing due to unavailable references
[27.347s][debug][gc,ref       ] GC(65) Skipped phase3 of Reference Processing due to unavailable references
[27.347s][debug][gc,ref       ] GC(65) Skipped phase4 of Reference Processing due to unavailable references
[27.347s][debug][gc,age       ] GC(65) Desired survivor size 15400960 bytes, new threshold 6 (max threshold 6)
[27.347s][info ][gc,heap      ] GC(65) ParNew: 241456K->651K(270976K)
[27.347s][info ][gc,heap      ] GC(65) CMS: 121969K->122015K(602112K)
[27.347s][info ][gc,metaspace ] GC(65) Metaspace: 36518K->36518K(1081344K)
[27.347s][info ][gc           ] GC(65) Pause Young (Allocation Failure) 354M->119M(852M) 15.507ms
[27.347s][info ][gc,cpu       ] GC(65) User=0.00s Sys=0.00s Real=0.01s
[27.347s][info ][safepoint    ] Leaving safepoint region
[27.347s][info ][safepoint    ] Total time for which application threads were stopped: 0.0282635 seconds, Stopping threads took: 0.0125170 seconds
[27.543s][info ][safepoint    ] Application time: 0.1954366 seconds
[27.553s][info ][safepoint    ] Entering safepoint region: GenCollectForAllocation
[27.553s][info ][gc,start     ] GC(66) Pause Young (Allocation Failure)
[27.553s][info ][gc,task      ] GC(66) Using 4 workers of 4 for evacuation
[27.565s][debug][gc,ref       ] GC(66) Skipped phase1 of Reference Processing due to unavailable references
[27.565s][debug][gc,ref       ] GC(66) Skipped phase2 of Reference Processing due to unavailable references
[27.565s][debug][gc,ref       ] GC(66) Skipped phase3 of Reference Processing due to unavailable references
[27.565s][debug][gc,ref       ] GC(66) Skipped phase4 of Reference Processing due to unavailable references
[27.565s][debug][gc,age       ] GC(66) Desired survivor size 15400960 bytes, new threshold 6 (max threshold 6)
[27.565s][info ][gc,heap      ] GC(66) ParNew: 241547K->696K(270976K)
[27.565s][info ][gc,heap      ] GC(66) CMS: 122015K->122102K(602112K)
[27.565s][info ][gc,metaspace ] GC(66) Metaspace: 36518K->36518K(1081344K)
[27.565s][info ][gc           ] GC(66) Pause Young (Allocation Failure) 355M->119M(852M) 12.335ms
[27.565s][info ][gc,cpu       ] GC(66) User=0.02s Sys=0.00s Real=0.01s
[27.565s][info ][safepoint    ] Leaving safepoint region
[27.565s][info ][safepoint    ] Total time for which application threads were stopped: 0.0223905 seconds, Stopping threads took: 0.0097698 seconds
[27.717s][info ][safepoint    ] Application time: 0.1515849 seconds
[27.736s][info ][safepoint    ] Entering safepoint region: GenCollectForAllocation
[27.736s][info ][gc,start     ] GC(67) Pause Young (Allocation Failure)
[27.736s][info ][gc,task      ] GC(67) Using 4 workers of 4 for evacuation
[27.747s][debug][gc,ref       ] GC(67) Skipped phase1 of Reference Processing due to unavailable references
[27.747s][debug][gc,ref       ] GC(67) Skipped phase2 of Reference Processing due to unavailable references
[27.747s][debug][gc,ref       ] GC(67) Skipped phase3 of Reference Processing due to unavailable references
[27.747s][debug][gc,ref       ] GC(67) Skipped phase4 of Reference Processing due to unavailable references
[27.747s][debug][gc,age       ] GC(67) Desired survivor size 15400960 bytes, new threshold 6 (max threshold 6)
[27.747s][info ][gc,heap      ] GC(67) ParNew: 241592K->681K(270976K)
[27.747s][info ][gc,heap      ] GC(67) CMS: 122102K->122159K(602112K)
[27.747s][info ][gc,metaspace ] GC(67) Metaspace: 36518K->36518K(1081344K)
[27.747s][info ][gc           ] GC(67) Pause Young (Allocation Failure) 355M->119M(852M) 11.002ms
[27.747s][info ][gc,cpu       ] GC(67) User=0.01s Sys=0.00s Real=0.01s
[27.747s][info ][safepoint    ] Leaving safepoint region
[27.747s][info ][safepoint    ] Total time for which application threads were stopped: 0.0301777 seconds, Stopping threads took: 0.0189673 seconds
[27.889s][info ][safepoint    ] Application time: 0.1424771 seconds
[27.908s][info ][safepoint    ] Entering safepoint region: GenCollectForAllocation
[27.908s][info ][gc,start     ] GC(68) Pause Young (Allocation Failure)
[27.908s][info ][gc,task      ] GC(68) Using 4 workers of 4 for evacuation
[27.936s][debug][gc,ref       ] GC(68) Skipped phase1 of Reference Processing due to unavailable references
[27.936s][debug][gc,ref       ] GC(68) Skipped phase2 of Reference Processing due to unavailable references
[27.936s][debug][gc,ref       ] GC(68) Skipped phase3 of Reference Processing due to unavailable references
[27.936s][debug][gc,ref       ] GC(68) Skipped phase4 of Reference Processing due to unavailable references
[27.936s][debug][gc,age       ] GC(68) Desired survivor size 15400960 bytes, new threshold 6 (max threshold 6)
[27.936s][info ][gc,heap      ] GC(68) ParNew: 241577K->937K(270976K)
[27.936s][info ][gc,heap      ] GC(68) CMS: 122159K->122203K(602112K)
[27.936s][info ][gc,metaspace ] GC(68) Metaspace: 36523K->36523K(1081344K)
[27.936s][info ][gc           ] GC(68) Pause Young (Allocation Failure) 355M->120M(852M) 28.280ms
[27.936s][info ][gc,cpu       ] GC(68) User=0.01s Sys=0.00s Real=0.02s
[27.936s][info ][safepoint    ] Leaving safepoint region
[27.936s][info ][safepoint    ] Total time for which application threads were stopped: 0.0465497 seconds, Stopping threads took: 0.0180360 seconds
[28.104s][info ][safepoint    ] Application time: 0.1674703 seconds
[28.104s][info ][safepoint    ] Entering safepoint region: GenCollectForAllocation
[28.104s][info ][gc,start     ] GC(69) Pause Young (Allocation Failure)
[28.104s][info ][gc,task      ] GC(69) Using 4 workers of 4 for evacuation
[28.144s][debug][gc,ref       ] GC(69) Skipped phase1 of Reference Processing due to unavailable references
[28.144s][debug][gc,ref       ] GC(69) Skipped phase2 of Reference Processing due to unavailable references
[28.144s][debug][gc,ref       ] GC(69) Skipped phase3 of Reference Processing due to unavailable references
[28.144s][debug][gc,ref       ] GC(69) Skipped phase4 of Reference Processing due to unavailable references
[28.144s][debug][gc,age       ] GC(69) Desired survivor size 15400960 bytes, new threshold 6 (max threshold 6)
[28.144s][info ][gc,heap      ] GC(69) ParNew: 241833K->970K(270976K)
[28.144s][info ][gc,heap      ] GC(69) CMS: 122203K->122294K(602112K)
[28.144s][info ][gc,metaspace ] GC(69) Metaspace: 36523K->36523K(1081344K)
[28.144s][info ][gc           ] GC(69) Pause Young (Allocation Failure) 355M->120M(852M) 39.988ms
[28.144s][info ][gc,cpu       ] GC(69) User=0.01s Sys=0.00s Real=0.04s
[28.144s][info ][safepoint    ] Leaving safepoint region
[28.144s][info ][safepoint    ] Total time for which application threads were stopped: 0.0402430 seconds, Stopping threads took: 0.0000451 seconds
[28.435s][info ][safepoint    ] Application time: 0.2908675 seconds
[28.474s][info ][safepoint    ] Entering safepoint region: GenCollectForAllocation
[28.475s][info ][gc,start     ] GC(70) Pause Young (Allocation Failure)
[28.475s][info ][gc,task      ] GC(70) Using 4 workers of 4 for evacuation
[28.512s][debug][gc,ref       ] GC(70) Skipped phase1 of Reference Processing due to unavailable references
[28.512s][debug][gc,ref       ] GC(70) Skipped phase2 of Reference Processing due to unavailable references
[28.512s][debug][gc,ref       ] GC(70) Skipped phase3 of Reference Processing due to unavailable references
[28.512s][debug][gc,ref       ] GC(70) Skipped phase4 of Reference Processing due to unavailable references
[28.512s][debug][gc,age       ] GC(70) Desired survivor size 15400960 bytes, new threshold 6 (max threshold 6)
[28.512s][info ][gc,heap      ] GC(70) ParNew: 241866K->1650K(270976K)
[28.512s][info ][gc,heap      ] GC(70) CMS: 122294K->122352K(602112K)
[28.512s][info ][gc,metaspace ] GC(70) Metaspace: 36523K->36523K(1081344K)
[28.512s][info ][gc           ] GC(70) Pause Young (Allocation Failure) 355M->121M(852M) 37.233ms
[28.512s][info ][gc,cpu       ] GC(70) User=0.04s Sys=0.00s Real=0.04s
[28.512s][info ][safepoint    ] Leaving safepoint region
[28.512s][info ][safepoint    ] Total time for which application threads were stopped: 0.0770697 seconds, Stopping threads took: 0.0395904 seconds
[28.735s][info ][safepoint    ] Application time: 0.2228252 seconds
[28.764s][info ][safepoint    ] Entering safepoint region: GenCollectForAllocation
[28.764s][info ][gc,start     ] GC(71) Pause Young (Allocation Failure)
[28.764s][info ][gc,task      ] GC(71) Using 4 workers of 4 for evacuation
[28.796s][debug][gc,ref       ] GC(71) Skipped phase1 of Reference Processing due to unavailable references
[28.796s][debug][gc,ref       ] GC(71) Skipped phase2 of Reference Processing due to unavailable references
[28.796s][debug][gc,ref       ] GC(71) Skipped phase3 of Reference Processing due to unavailable references
[28.796s][debug][gc,ref       ] GC(71) Skipped phase4 of Reference Processing due to unavailable references
[28.796s][debug][gc,age       ] GC(71) Desired survivor size 15400960 bytes, new threshold 6 (max threshold 6)
[28.796s][info ][gc,heap      ] GC(71) ParNew: 242546K->2334K(270976K)
[28.796s][info ][gc,heap      ] GC(71) CMS: 122352K->122417K(602112K)
[28.796s][info ][gc,metaspace ] GC(71) Metaspace: 36523K->36523K(1081344K)
[28.796s][info ][gc           ] GC(71) Pause Young (Allocation Failure) 356M->121M(852M) 31.822ms
[28.796s][info ][gc,cpu       ] GC(71) User=0.01s Sys=0.00s Real=0.03s
[28.796s][info ][safepoint    ] Leaving safepoint region
[28.796s][info ][safepoint    ] Total time for which application threads were stopped: 0.0611654 seconds, Stopping threads took: 0.0291518 seconds
[29.021s][info ][safepoint    ] Application time: 0.2254312 seconds
[29.040s][info ][safepoint    ] Entering safepoint region: GenCollectForAllocation
[29.041s][info ][gc,start     ] GC(72) Pause Young (Allocation Failure)
[29.041s][info ][gc,task      ] GC(72) Using 4 workers of 4 for evacuation
[29.064s][debug][gc,ref       ] GC(72) Skipped phase1 of Reference Processing due to unavailable references
[29.064s][debug][gc,ref       ] GC(72) Skipped phase2 of Reference Processing due to unavailable references
[29.064s][debug][gc,ref       ] GC(72) Skipped phase3 of Reference Processing due to unavailable references
[29.064s][debug][gc,ref       ] GC(72) Skipped phase4 of Reference Processing due to unavailable references
[29.064s][debug][gc,age       ] GC(72) Desired survivor size 15400960 bytes, new threshold 6 (max threshold 6)
[29.064s][info ][gc,heap      ] GC(72) ParNew: 243230K->2626K(270976K)
[29.064s][info ][gc,heap      ] GC(72) CMS: 122417K->122493K(602112K)
[29.064s][info ][gc,metaspace ] GC(72) Metaspace: 36523K->36523K(1081344K)
[29.064s][info ][gc           ] GC(72) Pause Young (Allocation Failure) 357M->122M(852M) 23.317ms
[29.064s][info ][gc,cpu       ] GC(72) User=0.02s Sys=0.00s Real=0.02s
[29.064s][info ][safepoint    ] Leaving safepoint region
[29.064s][info ][safepoint    ] Total time for which application threads were stopped: 0.0425780 seconds, Stopping threads took: 0.0190619 seconds
[29.268s][info ][safepoint    ] Application time: 0.2038772 seconds
[29.300s][info ][safepoint    ] Entering safepoint region: GenCollectForAllocation
[29.300s][info ][gc,start     ] GC(73) Pause Young (Allocation Failure)
[29.300s][info ][gc,task      ] GC(73) Using 4 workers of 4 for evacuation
[29.328s][debug][gc,ref       ] GC(73) Skipped phase1 of Reference Processing due to unavailable references
[29.328s][debug][gc,ref       ] GC(73) Skipped phase2 of Reference Processing due to unavailable references
[29.328s][debug][gc,ref       ] GC(73) Skipped phase3 of Reference Processing due to unavailable references
[29.328s][debug][gc,ref       ] GC(73) Skipped phase4 of Reference Processing due to unavailable references
[29.328s][debug][gc,age       ] GC(73) Desired survivor size 15400960 bytes, new threshold 6 (max threshold 6)
[29.328s][info ][gc,heap      ] GC(73) ParNew: 243522K->2163K(270976K)
[29.328s][info ][gc,heap      ] GC(73) CMS: 122493K->122563K(602112K)
[29.328s][info ][gc,metaspace ] GC(73) Metaspace: 36523K->36523K(1081344K)
[29.328s][info ][gc           ] GC(73) Pause Young (Allocation Failure) 357M->121M(852M) 28.073ms
[29.328s][info ][gc,cpu       ] GC(73) User=0.02s Sys=0.00s Real=0.03s
[29.328s][info ][safepoint    ] Leaving safepoint region
[29.328s][info ][safepoint    ] Total time for which application threads were stopped: 0.0601885 seconds, Stopping threads took: 0.0318756 seconds
[29.532s][info ][safepoint    ] Application time: 0.2039305 seconds
[29.584s][info ][safepoint    ] Entering safepoint region: GenCollectForAllocation
[29.584s][info ][gc,start     ] GC(74) Pause Young (Allocation Failure)
[29.584s][info ][gc,task      ] GC(74) Using 4 workers of 4 for evacuation
[29.612s][debug][gc,ref       ] GC(74) Skipped phase1 of Reference Processing due to unavailable references
[29.612s][debug][gc,ref       ] GC(74) Skipped phase2 of Reference Processing due to unavailable references
[29.612s][debug][gc,ref       ] GC(74) Skipped phase3 of Reference Processing due to unavailable references
[29.612s][debug][gc,ref       ] GC(74) Skipped phase4 of Reference Processing due to unavailable references
[29.612s][debug][gc,age       ] GC(74) Desired survivor size 15400960 bytes, new threshold 6 (max threshold 6)
[29.612s][info ][gc,heap      ] GC(74) ParNew: 243059K->2114K(270976K)
[29.612s][info ][gc,heap      ] GC(74) CMS: 122563K->122851K(602112K)
[29.612s][info ][gc,metaspace ] GC(74) Metaspace: 36523K->36523K(1081344K)
[29.612s][info ][gc           ] GC(74) Pause Young (Allocation Failure) 357M->122M(852M) 28.035ms
[29.612s][info ][gc,cpu       ] GC(74) User=0.02s Sys=0.00s Real=0.03s
[29.612s][info ][safepoint    ] Leaving safepoint region
[29.612s][info ][safepoint    ] Total time for which application threads were stopped: 0.0798652 seconds, Stopping threads took: 0.0515911 seconds
[29.793s][info ][safepoint    ] Application time: 0.1812835 seconds
[29.815s][info ][safepoint    ] Entering safepoint region: GenCollectForAllocation
[29.816s][info ][gc,start     ] GC(75) Pause Young (Allocation Failure)
[29.816s][info ][gc,task      ] GC(75) Using 4 workers of 4 for evacuation
[29.840s][debug][gc,ref       ] GC(75) Skipped phase1 of Reference Processing due to unavailable references
[29.840s][debug][gc,ref       ] GC(75) Skipped phase2 of Reference Processing due to unavailable references
[29.840s][debug][gc,ref       ] GC(75) Skipped phase3 of Reference Processing due to unavailable references
[29.840s][debug][gc,ref       ] GC(75) Skipped phase4 of Reference Processing due to unavailable references
[29.840s][debug][gc,age       ] GC(75) Desired survivor size 15400960 bytes, new threshold 6 (max threshold 6)
[29.840s][info ][gc,heap      ] GC(75) ParNew: 243010K->1741K(270976K)
[29.840s][info ][gc,heap      ] GC(75) CMS: 122851K->122912K(602112K)
[29.840s][info ][gc,metaspace ] GC(75) Metaspace: 36523K->36523K(1081344K)
[29.840s][info ][gc           ] GC(75) Pause Young (Allocation Failure) 357M->121M(852M) 24.030ms
[29.840s][info ][gc,cpu       ] GC(75) User=0.02s Sys=0.00s Real=0.03s
[29.840s][info ][safepoint    ] Leaving safepoint region
[29.840s][info ][safepoint    ] Total time for which application threads were stopped: 0.0466129 seconds, Stopping threads took: 0.0223860 seconds
[30.054s][info ][safepoint    ] Application time: 0.2146625 seconds
[30.072s][info ][safepoint    ] Entering safepoint region: GenCollectForAllocation
[30.072s][info ][gc,start     ] GC(76) Pause Young (Allocation Failure)
[30.072s][info ][gc,task      ] GC(76) Using 4 workers of 4 for evacuation
[30.097s][debug][gc,ref       ] GC(76) Skipped phase1 of Reference Processing due to unavailable references
[30.097s][debug][gc,ref       ] GC(76) Skipped phase2 of Reference Processing due to unavailable references
[30.097s][debug][gc,ref       ] GC(76) Skipped phase3 of Reference Processing due to unavailable references
[30.097s][debug][gc,ref       ] GC(76) Skipped phase4 of Reference Processing due to unavailable references
[30.097s][debug][gc,age       ] GC(76) Desired survivor size 15400960 bytes, new threshold 6 (max threshold 6)
[30.097s][info ][gc,heap      ] GC(76) ParNew: 242637K->1045K(270976K)
[30.097s][info ][gc,heap      ] GC(76) CMS: 122912K->123899K(602112K)
[30.097s][info ][gc,metaspace ] GC(76) Metaspace: 36523K->36523K(1081344K)
[30.097s][info ][gc           ] GC(76) Pause Young (Allocation Failure) 356M->122M(852M) 25.241ms
[30.097s][info ][gc,cpu       ] GC(76) User=0.02s Sys=0.00s Real=0.02s
[30.097s][info ][safepoint    ] Leaving safepoint region
[30.097s][info ][safepoint    ] Total time for which application threads were stopped: 0.0425674 seconds, Stopping threads took: 0.0171209 seconds
[30.300s][info ][safepoint    ] Application time: 0.2033690 seconds
[30.309s][info ][safepoint    ] Entering safepoint region: GenCollectForAllocation
[30.309s][info ][gc,start     ] GC(77) Pause Young (Allocation Failure)
[30.309s][info ][gc,task      ] GC(77) Using 4 workers of 4 for evacuation
[30.322s][debug][gc,ref       ] GC(77) Skipped phase1 of Reference Processing due to unavailable references
[30.322s][debug][gc,ref       ] GC(77) Skipped phase2 of Reference Processing due to unavailable references
[30.322s][debug][gc,ref       ] GC(77) Skipped phase3 of Reference Processing due to unavailable references
[30.322s][debug][gc,ref       ] GC(77) Skipped phase4 of Reference Processing due to unavailable references
[30.322s][debug][gc,age       ] GC(77) Desired survivor size 15400960 bytes, new threshold 6 (max threshold 6)
[30.322s][info ][gc,heap      ] GC(77) ParNew: 241941K->1011K(270976K)
[30.322s][info ][gc,heap      ] GC(77) CMS: 123899K->123959K(602112K)
[30.322s][info ][gc,metaspace ] GC(77) Metaspace: 36523K->36523K(1081344K)
[30.322s][info ][gc           ] GC(77) Pause Young (Allocation Failure) 357M->122M(852M) 13.259ms
[30.322s][info ][gc,cpu       ] GC(77) User=0.02s Sys=0.00s Real=0.01s
[30.322s][info ][safepoint    ] Leaving safepoint region
[30.322s][info ][safepoint    ] Total time for which application threads were stopped: 0.0219042 seconds, Stopping threads took: 0.0084148 seconds
[30.516s][info ][safepoint    ] Application time: 0.1940528 seconds
[30.536s][info ][safepoint    ] Entering safepoint region: GenCollectForAllocation
[30.536s][info ][gc,start     ] GC(78) Pause Young (Allocation Failure)
[30.536s][info ][gc,task      ] GC(78) Using 4 workers of 4 for evacuation
[30.576s][debug][gc,ref       ] GC(78) Skipped phase1 of Reference Processing due to unavailable references
[30.576s][debug][gc,ref       ] GC(78) Skipped phase2 of Reference Processing due to unavailable references
[30.576s][debug][gc,ref       ] GC(78) Skipped phase3 of Reference Processing due to unavailable references
[30.576s][debug][gc,ref       ] GC(78) Skipped phase4 of Reference Processing due to unavailable references
[30.576s][debug][gc,age       ] GC(78) Desired survivor size 15400960 bytes, new threshold 6 (max threshold 6)
[30.576s][info ][gc,heap      ] GC(78) ParNew: 241907K->1593K(270976K)
[30.576s][info ][gc,heap      ] GC(78) CMS: 123959K->124044K(602112K)
[30.576s][info ][gc,metaspace ] GC(78) Metaspace: 36523K->36523K(1081344K)
[30.576s][info ][gc           ] GC(78) Pause Young (Allocation Failure) 357M->122M(852M) 40.028ms
[30.576s][info ][gc,cpu       ] GC(78) User=0.03s Sys=0.00s Real=0.04s
[30.576s][info ][safepoint    ] Leaving safepoint region
[30.576s][info ][safepoint    ] Total time for which application threads were stopped: 0.0595981 seconds, Stopping threads took: 0.0193257 seconds
[30.747s][info ][safepoint    ] Application time: 0.1711181 seconds
[30.775s][info ][safepoint    ] Entering safepoint region: GenCollectForAllocation
[30.776s][info ][gc,start     ] GC(79) Pause Young (Allocation Failure)
[30.776s][info ][gc,task      ] GC(79) Using 4 workers of 4 for evacuation
[30.783s][debug][gc,ref       ] GC(79) Skipped phase1 of Reference Processing due to unavailable references
[30.783s][debug][gc,ref       ] GC(79) Skipped phase2 of Reference Processing due to unavailable references
[30.783s][debug][gc,ref       ] GC(79) Skipped phase3 of Reference Processing due to unavailable references
[30.783s][debug][gc,ref       ] GC(79) Skipped phase4 of Reference Processing due to unavailable references
[30.784s][debug][gc,age       ] GC(79) Desired survivor size 15400960 bytes, new threshold 6 (max threshold 6)
[30.784s][info ][gc,heap      ] GC(79) ParNew: 242489K->1897K(270976K)
[30.784s][info ][gc,heap      ] GC(79) CMS: 124044K->124116K(602112K)
[30.784s][info ][gc,metaspace ] GC(79) Metaspace: 36523K->36523K(1081344K)
[30.784s][info ][gc           ] GC(79) Pause Young (Allocation Failure) 357M->123M(852M) 7.962ms
[30.784s][info ][gc,cpu       ] GC(79) User=0.01s Sys=0.00s Real=0.01s
[30.784s][info ][safepoint    ] Leaving safepoint region
[30.784s][info ][safepoint    ] Total time for which application threads were stopped: 0.0365195 seconds, Stopping threads took: 0.0283546 seconds
[30.896s][info ][safepoint    ] Application time: 0.1118164 seconds
[30.919s][info ][safepoint    ] Entering safepoint region: GenCollectForAllocation
[30.920s][info ][gc,start     ] GC(80) Pause Young (Allocation Failure)
[30.920s][info ][gc,task      ] GC(80) Using 4 workers of 4 for evacuation
[30.976s][debug][gc,ref       ] GC(80) Skipped phase1 of Reference Processing due to unavailable references
[30.976s][debug][gc,ref       ] GC(80) Skipped phase2 of Reference Processing due to unavailable references
[30.976s][debug][gc,ref       ] GC(80) Skipped phase3 of Reference Processing due to unavailable references
[30.976s][debug][gc,ref       ] GC(80) Skipped phase4 of Reference Processing due to unavailable references
[30.976s][debug][gc,age       ] GC(80) Desired survivor size 15400960 bytes, new threshold 6 (max threshold 6)
[30.976s][info ][gc,heap      ] GC(80) ParNew: 242793K->3034K(270976K)
[30.976s][info ][gc,heap      ] GC(80) CMS: 124116K->124217K(602112K)
[30.976s][info ][gc,metaspace ] GC(80) Metaspace: 36523K->36523K(1081344K)
[30.976s][info ][gc           ] GC(80) Pause Young (Allocation Failure) 358M->124M(852M) 56.058ms
[30.976s][info ][gc,cpu       ] GC(80) User=0.02s Sys=0.00s Real=0.05s
[30.976s][info ][safepoint    ] Leaving safepoint region
[30.976s][info ][safepoint    ] Total time for which application threads were stopped: 0.0803189 seconds, Stopping threads took: 0.0239956 seconds
[31.212s][info ][safepoint    ] Application time: 0.2356614 seconds
[31.244s][info ][safepoint    ] Entering safepoint region: GenCollectForAllocation
[31.244s][info ][gc,start     ] GC(81) Pause Young (Allocation Failure)
[31.244s][info ][gc,task      ] GC(81) Using 4 workers of 4 for evacuation
[31.275s][debug][gc,ref       ] GC(81) Skipped phase1 of Reference Processing due to unavailable references
[31.275s][debug][gc,ref       ] GC(81) Skipped phase3 of Reference Processing due to unavailable references
[31.275s][debug][gc,age       ] GC(81) Desired survivor size 15400960 bytes, new threshold 6 (max threshold 6)
[31.275s][info ][gc,heap      ] GC(81) ParNew: 243930K->3970K(270976K)
[31.275s][info ][gc,heap      ] GC(81) CMS: 124217K->124285K(602112K)
[31.275s][info ][gc,metaspace ] GC(81) Metaspace: 36688K->36688K(1083392K)
[31.275s][info ][gc           ] GC(81) Pause Young (Allocation Failure) 359M->125M(852M) 31.209ms
[31.275s][info ][gc,cpu       ] GC(81) User=0.04s Sys=0.00s Real=0.03s
[31.275s][info ][safepoint    ] Leaving safepoint region
[31.275s][info ][safepoint    ] Total time for which application threads were stopped: 0.0634579 seconds, Stopping threads took: 0.0319925 seconds
[31.538s][info ][safepoint    ] Application time: 0.2624436 seconds
[31.556s][info ][safepoint    ] Entering safepoint region: GenCollectForAllocation
[31.556s][info ][gc,start     ] GC(82) Pause Young (Allocation Failure)
[31.556s][info ][gc,task      ] GC(82) Using 4 workers of 4 for evacuation
[31.584s][debug][gc,ref       ] GC(82) Skipped phase1 of Reference Processing due to unavailable references
[31.584s][debug][gc,ref       ] GC(82) Skipped phase3 of Reference Processing due to unavailable references
[31.584s][debug][gc,age       ] GC(82) Desired survivor size 15400960 bytes, new threshold 6 (max threshold 6)
[31.584s][info ][gc,heap      ] GC(82) ParNew: 244866K->4022K(270976K)
[31.584s][info ][gc,heap      ] GC(82) CMS: 124285K->124465K(602112K)
[31.584s][info ][gc,metaspace ] GC(82) Metaspace: 36859K->36859K(1083392K)
[31.584s][info ][gc           ] GC(82) Pause Young (Allocation Failure) 360M->125M(852M) 28.530ms
[31.584s][info ][gc,cpu       ] GC(82) User=0.03s Sys=0.00s Real=0.03s
[31.585s][info ][safepoint    ] Leaving safepoint region
[31.585s][info ][safepoint    ] Total time for which application threads were stopped: 0.0469608 seconds, Stopping threads took: 0.0181661 seconds
[31.937s][info ][safepoint    ] Application time: 0.3527710 seconds
[31.952s][info ][safepoint    ] Entering safepoint region: GenCollectForAllocation
[31.952s][info ][gc,start     ] GC(83) Pause Young (Allocation Failure)
[31.952s][info ][gc,task      ] GC(83) Using 4 workers of 4 for evacuation
[31.988s][debug][gc,ref       ] GC(83) Skipped phase1 of Reference Processing due to unavailable references
[31.988s][debug][gc,ref       ] GC(83) Skipped phase3 of Reference Processing due to unavailable references
[31.988s][debug][gc,ref       ] GC(83) Skipped phase4 of Reference Processing due to unavailable references
[31.988s][debug][gc,age       ] GC(83) Desired survivor size 15400960 bytes, new threshold 6 (max threshold 6)
[31.988s][info ][gc,heap      ] GC(83) ParNew: 244918K->6786K(270976K)
[31.988s][info ][gc,heap      ] GC(83) CMS: 124465K->124790K(602112K)
[31.988s][info ][gc,metaspace ] GC(83) Metaspace: 36986K->36986K(1083392K)
[31.988s][info ][gc           ] GC(83) Pause Young (Allocation Failure) 360M->128M(852M) 36.311ms
[31.988s][info ][gc,cpu       ] GC(83) User=0.04s Sys=0.00s Real=0.04s
[31.989s][info ][safepoint    ] Leaving safepoint region
[31.989s][info ][safepoint    ] Total time for which application threads were stopped: 0.0511944 seconds, Stopping threads took: 0.0145978 seconds
[32.336s][info ][safepoint    ] Application time: 0.3473627 seconds
[32.360s][info ][safepoint    ] Entering safepoint region: GenCollectForAllocation
[32.360s][info ][gc,start     ] GC(84) Pause Young (Allocation Failure)
[32.360s][info ][gc,task      ] GC(84) Using 4 workers of 4 for evacuation
[32.422s][debug][gc,ref       ] GC(84) Skipped phase1 of Reference Processing due to unavailable references
[32.422s][debug][gc,ref       ] GC(84) Skipped phase3 of Reference Processing due to unavailable references
[32.422s][debug][gc,ref       ] GC(84) Skipped phase4 of Reference Processing due to unavailable references
[32.422s][debug][gc,age       ] GC(84) Desired survivor size 15400960 bytes, new threshold 6 (max threshold 6)
[32.422s][info ][gc,heap      ] GC(84) ParNew: 247682K->11437K(270976K)
[32.422s][info ][gc,heap      ] GC(84) CMS: 124790K->125453K(602112K)
[32.422s][info ][gc,metaspace ] GC(84) Metaspace: 37041K->37041K(1083392K)
[32.422s][info ][gc           ] GC(84) Pause Young (Allocation Failure) 363M->133M(852M) 62.201ms
[32.422s][info ][gc,cpu       ] GC(84) User=0.07s Sys=0.00s Real=0.06s
[32.422s][info ][safepoint    ] Leaving safepoint region
[32.422s][info ][safepoint    ] Total time for which application threads were stopped: 0.0864496 seconds, Stopping threads took: 0.0239768 seconds
[32.693s][info ][safepoint    ] Application time: 0.2706508 seconds
[32.707s][info ][safepoint    ] Entering safepoint region: GenCollectForAllocation
[32.708s][info ][gc,start     ] GC(85) Pause Young (Allocation Failure)
[32.708s][info ][gc,task      ] GC(85) Using 4 workers of 4 for evacuation
[32.771s][debug][gc,ref       ] GC(85) Skipped phase1 of Reference Processing due to unavailable references
[32.771s][debug][gc,ref       ] GC(85) Skipped phase3 of Reference Processing due to unavailable references
[32.771s][debug][gc,ref       ] GC(85) Skipped phase4 of Reference Processing due to unavailable references
[32.771s][debug][gc,age       ] GC(85) Desired survivor size 15400960 bytes, new threshold 6 (max threshold 6)
[32.771s][info ][gc,heap      ] GC(85) ParNew: 252333K->14950K(270976K)
[32.771s][info ][gc,heap      ] GC(85) CMS: 125453K->125719K(602112K)
[32.771s][info ][gc,metaspace ] GC(85) Metaspace: 37049K->37049K(1083392K)
[32.771s][info ][gc           ] GC(85) Pause Young (Allocation Failure) 368M->137M(852M) 63.317ms
[32.771s][info ][gc,cpu       ] GC(85) User=0.06s Sys=0.00s Real=0.06s
[32.771s][info ][safepoint    ] Leaving safepoint region
[32.771s][info ][safepoint    ] Total time for which application threads were stopped: 0.0780634 seconds, Stopping threads took: 0.0144505 seconds
[33.009s][info ][safepoint    ] Application time: 0.2375253 seconds
[33.029s][info ][safepoint    ] Entering safepoint region: GenCollectForAllocation
[33.029s][info ][gc,start     ] GC(86) Pause Young (Allocation Failure)
[33.029s][info ][gc,task      ] GC(86) Using 4 workers of 4 for evacuation
[33.100s][debug][gc,ref       ] GC(86) Skipped phase1 of Reference Processing due to unavailable references
[33.100s][debug][gc,ref       ] GC(86) Skipped phase3 of Reference Processing due to unavailable references
[33.100s][debug][gc,ref       ] GC(86) Skipped phase4 of Reference Processing due to unavailable references
[33.100s][debug][gc,age       ] GC(86) Desired survivor size 15400960 bytes, new threshold 6 (max threshold 6)
[33.100s][info ][gc,heap      ] GC(86) ParNew: 255846K->16745K(270976K)
[33.100s][info ][gc,heap      ] GC(86) CMS: 125719K->126403K(602112K)
[33.100s][info ][gc,metaspace ] GC(86) Metaspace: 37049K->37049K(1083392K)
[33.100s][info ][gc           ] GC(86) Pause Young (Allocation Failure) 372M->139M(852M) 71.110ms
[33.100s][info ][gc,cpu       ] GC(86) User=0.06s Sys=0.01s Real=0.07s
[33.100s][info ][safepoint    ] Leaving safepoint region
[33.100s][info ][safepoint    ] Total time for which application threads were stopped: 0.0915481 seconds, Stopping threads took: 0.0202388 seconds
[33.381s][info ][safepoint    ] Application time: 0.2804500 seconds
[33.391s][info ][safepoint    ] Entering safepoint region: GenCollectForAllocation
[33.391s][info ][gc,start     ] GC(87) Pause Young (Allocation Failure)
[33.391s][info ][gc,task      ] GC(87) Using 4 workers of 4 for evacuation
[33.452s][debug][gc,ref       ] GC(87) Skipped phase1 of Reference Processing due to unavailable references
[33.452s][debug][gc,ref       ] GC(87) Skipped phase3 of Reference Processing due to unavailable references
[33.452s][debug][gc,age       ] GC(87) Desired survivor size 15400960 bytes, new threshold 6 (max threshold 6)
[33.452s][info ][gc,heap      ] GC(87) ParNew: 257641K->21406K(270976K)
[33.452s][info ][gc,heap      ] GC(87) CMS: 126403K->127275K(602112K)
[33.452s][info ][gc,metaspace ] GC(87) Metaspace: 37049K->37049K(1083392K)
[33.452s][info ][gc           ] GC(87) Pause Young (Allocation Failure) 375M->145M(852M) 61.690ms
[33.453s][info ][gc,cpu       ] GC(87) User=0.08s Sys=0.00s Real=0.06s
[33.453s][info ][safepoint    ] Leaving safepoint region
[33.453s][info ][safepoint    ] Total time for which application threads were stopped: 0.0718069 seconds, Stopping threads took: 0.0099251 seconds
[33.792s][info ][safepoint    ] Application time: 0.3391196 seconds
[33.811s][info ][safepoint    ] Entering safepoint region: GenCollectForAllocation
[33.812s][info ][gc,start     ] GC(88) Pause Young (Allocation Failure)
[33.812s][info ][gc,task      ] GC(88) Using 4 workers of 4 for evacuation
[33.852s][debug][gc,ref       ] GC(88) Skipped phase1 of Reference Processing due to unavailable references
[33.852s][debug][gc,ref       ] GC(88) Skipped phase2 of Reference Processing due to unavailable references
[33.852s][debug][gc,ref       ] GC(88) Skipped phase3 of Reference Processing due to unavailable references
[33.852s][debug][gc,ref       ] GC(88) Skipped phase4 of Reference Processing due to unavailable references
[33.852s][debug][gc,age       ] GC(88) Desired survivor size 15400960 bytes, new threshold 6 (max threshold 6)
[33.852s][info ][gc,heap      ] GC(88) ParNew: 262302K->19505K(270976K)
[33.852s][info ][gc,heap      ] GC(88) CMS: 127275K->127474K(602112K)
[33.852s][info ][gc,metaspace ] GC(88) Metaspace: 37049K->37049K(1083392K)
[33.852s][info ][gc           ] GC(88) Pause Young (Allocation Failure) 380M->143M(852M) 40.223ms
[33.852s][info ][gc,cpu       ] GC(88) User=0.07s Sys=0.00s Real=0.04s
[33.852s][info ][safepoint    ] Leaving safepoint region
[33.852s][info ][safepoint    ] Total time for which application threads were stopped: 0.0602370 seconds, Stopping threads took: 0.0198117 seconds
[34.177s][info ][safepoint    ] Application time: 0.3252577 seconds
[34.208s][info ][safepoint    ] Entering safepoint region: GenCollectForAllocation
[34.208s][info ][gc,start     ] GC(89) Pause Young (Allocation Failure)
[34.208s][info ][gc,task      ] GC(89) Using 4 workers of 4 for evacuation
[34.268s][debug][gc,ref       ] GC(89) Skipped phase1 of Reference Processing due to unavailable references
[34.268s][debug][gc,ref       ] GC(89) Skipped phase3 of Reference Processing due to unavailable references
[34.268s][debug][gc,age       ] GC(89) Desired survivor size 15400960 bytes, new threshold 6 (max threshold 6)
[34.268s][info ][gc,heap      ] GC(89) ParNew: 260401K->18309K(270976K)
[34.268s][info ][gc,heap      ] GC(89) CMS: 127474K->129945K(602112K)
[34.268s][info ][gc,metaspace ] GC(89) Metaspace: 37465K->37465K(1083392K)
[34.268s][info ][gc           ] GC(89) Pause Young (Allocation Failure) 378M->144M(852M) 60.079ms
[34.268s][info ][gc,cpu       ] GC(89) User=0.08s Sys=0.00s Real=0.06s
[34.268s][info ][safepoint    ] Leaving safepoint region
[34.268s][info ][safepoint    ] Total time for which application threads were stopped: 0.0906000 seconds, Stopping threads took: 0.0302846 seconds
[34.404s][info ][safepoint    ] Application time: 0.1357751 seconds
[34.443s][info ][safepoint    ] Entering safepoint region: RevokeBias
[34.443s][info ][safepoint    ] Leaving safepoint region
[34.443s][info ][safepoint    ] Total time for which application threads were stopped: 0.0393663 seconds, Stopping threads took: 0.0392085 seconds
[34.665s][info ][safepoint    ] Application time: 0.2216042 seconds
[34.672s][info ][safepoint    ] Entering safepoint region: GenCollectForAllocation
[34.672s][info ][gc,start     ] GC(90) Pause Young (Allocation Failure)
[34.672s][info ][gc,task      ] GC(90) Using 4 workers of 4 for evacuation
[34.708s][debug][gc,ref       ] GC(90) Skipped phase1 of Reference Processing due to unavailable references
[34.708s][debug][gc,ref       ] GC(90) Skipped phase3 of Reference Processing due to unavailable references
[34.708s][debug][gc,age       ] GC(90) Desired survivor size 15400960 bytes, new threshold 6 (max threshold 6)
[34.708s][info ][gc,heap      ] GC(90) ParNew: 259205K->15373K(270976K)
[34.708s][info ][gc,heap      ] GC(90) CMS: 129945K->135531K(602112K)
[34.708s][info ][gc,metaspace ] GC(90) Metaspace: 38267K->38267K(1083392K)
[34.708s][info ][gc           ] GC(90) Pause Young (Allocation Failure) 380M->147M(852M) 36.553ms
[34.708s][info ][gc,cpu       ] GC(90) User=0.05s Sys=0.01s Real=0.04s
[34.708s][info ][safepoint    ] Leaving safepoint region
[34.708s][info ][safepoint    ] Total time for which application threads were stopped: 0.0436056 seconds, Stopping threads took: 0.0068474 seconds
[34.976s][info ][safepoint    ] Application time: 0.2672124 seconds
[35.000s][info ][safepoint    ] Entering safepoint region: GenCollectForAllocation
[35.000s][info ][gc,start     ] GC(91) Pause Young (Allocation Failure)
[35.000s][info ][gc,task      ] GC(91) Using 4 workers of 4 for evacuation
[35.039s][debug][gc,ref       ] GC(91) Skipped phase1 of Reference Processing due to unavailable references
[35.039s][debug][gc,ref       ] GC(91) Skipped phase3 of Reference Processing due to unavailable references
[35.039s][debug][gc,age       ] GC(91) Desired survivor size 15400960 bytes, new threshold 6 (max threshold 6)
[35.040s][info ][gc,heap      ] GC(91) ParNew: 256269K->10326K(270976K)
[35.040s][info ][gc,heap      ] GC(91) CMS: 135531K->138099K(602112K)
[35.040s][info ][gc,metaspace ] GC(91) Metaspace: 38341K->38341K(1083392K)
[35.040s][info ][gc           ] GC(91) Pause Young (Allocation Failure) 382M->144M(852M) 39.865ms
[35.040s][info ][gc,cpu       ] GC(91) User=0.04s Sys=0.01s Real=0.04s
[35.040s][info ][safepoint    ] Leaving safepoint region
[35.040s][info ][safepoint    ] Total time for which application threads were stopped: 0.0640830 seconds, Stopping threads took: 0.0239763 seconds
[35.613s][info ][safepoint    ] Application time: 0.5732479 seconds
[35.613s][info ][safepoint    ] Entering safepoint region: RevokeBias
[35.613s][info ][safepoint    ] Leaving safepoint region
[35.613s][info ][safepoint    ] Total time for which application threads were stopped: 0.0001189 seconds, Stopping threads took: 0.0000253 seconds
[35.614s][info ][safepoint    ] Application time: 0.0010166 seconds
[35.614s][info ][safepoint    ] Entering safepoint region: RevokeBias
[35.614s][info ][safepoint    ] Leaving safepoint region
[35.614s][info ][safepoint    ] Total time for which application threads were stopped: 0.0000423 seconds, Stopping threads took: 0.0000179 seconds
[35.614s][info ][safepoint    ] Application time: 0.0000958 seconds
[35.614s][info ][safepoint    ] Entering safepoint region: RevokeBias
[35.614s][info ][safepoint    ] Leaving safepoint region
[35.614s][info ][safepoint    ] Total time for which application threads were stopped: 0.0000312 seconds, Stopping threads took: 0.0000141 seconds
[35.616s][info ][safepoint    ] Application time: 0.0015278 seconds
[35.616s][info ][safepoint    ] Entering safepoint region: RevokeBias
[35.616s][info ][safepoint    ] Leaving safepoint region
[35.616s][info ][safepoint    ] Total time for which application threads were stopped: 0.0000409 seconds, Stopping threads took: 0.0000183 seconds
[35.619s][info ][safepoint    ] Application time: 0.0034206 seconds
[35.619s][info ][safepoint    ] Entering safepoint region: Deoptimize
[35.620s][info ][safepoint    ] Leaving safepoint region
[35.620s][info ][safepoint    ] Total time for which application threads were stopped: 0.0008142 seconds, Stopping threads took: 0.0000275 seconds
[35.646s][info ][safepoint    ] Application time: 0.0257039 seconds
[35.646s][info ][safepoint    ] Entering safepoint region: RevokeBias
[35.646s][info ][safepoint    ] Leaving safepoint region
[35.646s][info ][safepoint    ] Total time for which application threads were stopped: 0.0000707 seconds, Stopping threads took: 0.0000231 seconds
[35.647s][info ][safepoint    ] Application time: 0.0006899 seconds
[35.647s][info ][safepoint    ] Entering safepoint region: RevokeBias
[35.647s][info ][safepoint    ] Leaving safepoint region
[35.647s][info ][safepoint    ] Total time for which application threads were stopped: 0.0000951 seconds, Stopping threads took: 0.0000678 seconds
[35.647s][info ][safepoint    ] Application time: 0.0000341 seconds
[35.647s][info ][safepoint    ] Entering safepoint region: RevokeBias
[35.647s][info ][safepoint    ] Leaving safepoint region
[35.647s][info ][safepoint    ] Total time for which application threads were stopped: 0.0000284 seconds, Stopping threads took: 0.0000133 seconds
[35.656s][info ][safepoint    ] Application time: 0.0090284 seconds
[35.656s][info ][safepoint    ] Entering safepoint region: Deoptimize
[35.658s][info ][safepoint    ] Leaving safepoint region
[35.658s][info ][safepoint    ] Total time for which application threads were stopped: 0.0016287 seconds, Stopping threads took: 0.0000247 seconds
[35.661s][info ][safepoint    ] Application time: 0.0037298 seconds
[35.661s][info ][safepoint    ] Entering safepoint region: RevokeBias
[35.661s][info ][safepoint    ] Leaving safepoint region
[35.661s][info ][safepoint    ] Total time for which application threads were stopped: 0.0000650 seconds, Stopping threads took: 0.0000230 seconds
[35.697s][info ][safepoint    ] Application time: 0.0353194 seconds
[35.697s][info ][safepoint    ] Entering safepoint region: Deoptimize
[35.698s][info ][safepoint    ] Leaving safepoint region
[35.698s][info ][safepoint    ] Total time for which application threads were stopped: 0.0009181 seconds, Stopping threads took: 0.0000284 seconds
[35.759s][info ][safepoint    ] Application time: 0.0614560 seconds
[35.759s][info ][safepoint    ] Entering safepoint region: RevokeBias
[35.759s][info ][safepoint    ] Leaving safepoint region
[35.759s][info ][safepoint    ] Total time for which application threads were stopped: 0.0000851 seconds, Stopping threads took: 0.0000257 seconds
[35.965s][info ][safepoint    ] Application time: 0.2056451 seconds
[35.972s][info ][safepoint    ] Entering safepoint region: GenCollectForAllocation
[35.972s][info ][gc,start     ] GC(92) Pause Young (Allocation Failure)
[35.972s][info ][gc,task      ] GC(92) Using 4 workers of 4 for evacuation
[36.017s][debug][gc,ref       ] GC(92) Skipped phase1 of Reference Processing due to unavailable references
[36.017s][debug][gc,ref       ] GC(92) Skipped phase3 of Reference Processing due to unavailable references
[36.018s][debug][gc,age       ] GC(92) Desired survivor size 15400960 bytes, new threshold 6 (max threshold 6)
[36.018s][info ][gc,heap      ] GC(92) ParNew: 251222K->17255K(270976K)
[36.018s][info ][gc,heap      ] GC(92) CMS: 138099K->139320K(602112K)
[36.018s][info ][gc,metaspace ] GC(92) Metaspace: 40399K->40399K(1085440K)
[36.018s][info ][gc           ] GC(92) Pause Young (Allocation Failure) 380M->152M(852M) 45.627ms
[36.018s][info ][gc,cpu       ] GC(92) User=0.08s Sys=0.00s Real=0.04s
[36.018s][info ][safepoint    ] Leaving safepoint region
[36.018s][info ][safepoint    ] Total time for which application threads were stopped: 0.0527327 seconds, Stopping threads took: 0.0068507 seconds
[36.027s][info ][safepoint    ] Application time: 0.0095043 seconds
[36.027s][info ][safepoint    ] Entering safepoint region: Deoptimize
[36.034s][info ][safepoint    ] Leaving safepoint region
[36.034s][info ][safepoint    ] Total time for which application threads were stopped: 0.0064378 seconds, Stopping threads took: 0.0000284 seconds
[36.082s][info ][safepoint    ] Application time: 0.0483019 seconds
[36.082s][info ][safepoint    ] Entering safepoint region: RevokeBias
[36.082s][info ][safepoint    ] Leaving safepoint region
[36.082s][info ][safepoint    ] Total time for which application threads were stopped: 0.0001119 seconds, Stopping threads took: 0.0000285 seconds
[36.188s][info ][safepoint    ] Application time: 0.1054690 seconds
[36.191s][info ][safepoint    ] Entering safepoint region: RevokeBias
[36.192s][info ][safepoint    ] Leaving safepoint region
[36.192s][info ][safepoint    ] Total time for which application threads were stopped: 0.0041072 seconds, Stopping threads took: 0.0039738 seconds
[36.192s][info ][safepoint    ] Application time: 0.0001142 seconds
[36.192s][info ][safepoint    ] Entering safepoint region: RevokeBias
[36.192s][info ][safepoint    ] Leaving safepoint region
[36.192s][info ][safepoint    ] Total time for which application threads were stopped: 0.0000322 seconds, Stopping threads took: 0.0000093 seconds
[37.115s][info ][safepoint    ] Application time: 0.9230531 seconds
[37.115s][info ][safepoint    ] Entering safepoint region: ICBufferFull
[37.115s][info ][safepoint    ] Leaving safepoint region
[37.115s][info ][safepoint    ] Total time for which application threads were stopped: 0.0002300 seconds, Stopping threads took: 0.0000311 seconds
[37.588s][info ][safepoint    ] Application time: 0.4724865 seconds
[37.588s][info ][safepoint    ] Entering safepoint region: ICBufferFull
[37.588s][info ][safepoint    ] Leaving safepoint region
[37.588s][info ][safepoint    ] Total time for which application threads were stopped: 0.0003250 seconds, Stopping threads took: 0.0001424 seconds
[38.435s][info ][safepoint    ] Application time: 0.8466848 seconds
[38.435s][info ][safepoint    ] Entering safepoint region: RevokeBias
[38.435s][info ][safepoint    ] Leaving safepoint region
[38.435s][info ][safepoint    ] Total time for which application threads were stopped: 0.0001780 seconds, Stopping threads took: 0.0000190 seconds
[38.528s][info ][safepoint    ] Application time: 0.0926022 seconds
[38.528s][info ][safepoint    ] Entering safepoint region: Deoptimize
[38.529s][info ][safepoint    ] Leaving safepoint region
[38.529s][info ][safepoint    ] Total time for which application threads were stopped: 0.0011783 seconds, Stopping threads took: 0.0000779 seconds
[38.576s][info ][safepoint    ] Application time: 0.0467753 seconds
[38.591s][info ][safepoint    ] Entering safepoint region: RevokeBias
[38.592s][info ][safepoint    ] Leaving safepoint region
[38.592s][info ][safepoint    ] Total time for which application threads were stopped: 0.0161758 seconds, Stopping threads took: 0.0160008 seconds
[39.036s][info ][safepoint    ] Application time: 0.4437893 seconds
[39.036s][info ][safepoint    ] Entering safepoint region: Deoptimize
[39.037s][info ][safepoint    ] Leaving safepoint region
[39.037s][info ][safepoint    ] Total time for which application threads were stopped: 0.0011329 seconds, Stopping threads took: 0.0000172 seconds
[39.238s][info ][safepoint    ] Application time: 0.2009269 seconds
[39.238s][info ][safepoint    ] Entering safepoint region: RevokeBias
[39.238s][info ][safepoint    ] Leaving safepoint region
[39.238s][info ][safepoint    ] Total time for which application threads were stopped: 0.0002642 seconds, Stopping threads took: 0.0000583 seconds
[39.243s][info ][safepoint    ] Application time: 0.0048730 seconds
[39.243s][info ][safepoint    ] Entering safepoint region: RevokeBias
[39.243s][info ][safepoint    ] Leaving safepoint region
[39.243s][info ][safepoint    ] Total time for which application threads were stopped: 0.0000904 seconds, Stopping threads took: 0.0000147 seconds
[40.249s][info ][safepoint    ] Application time: 1.0056111 seconds
[40.249s][info ][safepoint    ] Entering safepoint region: Cleanup
[40.249s][info ][safepoint    ] Leaving safepoint region
[40.249s][info ][safepoint    ] Total time for which application threads were stopped: 0.0001649 seconds, Stopping threads took: 0.0000208 seconds
[41.249s][info ][safepoint    ] Application time: 1.0001202 seconds
[41.249s][info ][safepoint    ] Entering safepoint region: Cleanup
[41.249s][info ][safepoint    ] Leaving safepoint region
[41.249s][info ][safepoint    ] Total time for which application threads were stopped: 0.0000862 seconds, Stopping threads took: 0.0000189 seconds
[42.249s][info ][safepoint    ] Application time: 1.0000961 seconds
[42.249s][info ][safepoint    ] Entering safepoint region: Cleanup
[42.249s][info ][safepoint    ] Leaving safepoint region
[42.249s][info ][safepoint    ] Total time for which application threads were stopped: 0.0001108 seconds, Stopping threads took: 0.0000248 seconds
[43.250s][info ][safepoint    ] Application time: 1.0007493 seconds
[43.250s][info ][safepoint    ] Entering safepoint region: Cleanup
[43.250s][info ][safepoint    ] Leaving safepoint region
[43.250s][info ][safepoint    ] Total time for which application threads were stopped: 0.0001376 seconds, Stopping threads took: 0.0000255 seconds
[44.250s][info ][safepoint    ] Application time: 1.0000919 seconds
[44.252s][info ][safepoint    ] Entering safepoint region: Cleanup
[44.252s][info ][safepoint    ] Leaving safepoint region
[44.252s][info ][safepoint    ] Total time for which application threads were stopped: 0.0012683 seconds, Stopping threads took: 0.0011907 seconds
[44.312s][info ][safepoint    ] Application time: 0.0598925 seconds
[44.315s][info ][safepoint    ] Entering safepoint region: RevokeBias
[44.316s][info ][safepoint    ] Leaving safepoint region
[44.316s][info ][safepoint    ] Total time for which application threads were stopped: 0.0040740 seconds, Stopping threads took: 0.0039771 seconds
[44.319s][info ][safepoint    ] Application time: 0.0038171 seconds
[44.323s][info ][safepoint    ] Entering safepoint region: CollectForMetadataAllocation
[44.324s][info ][safepoint    ] Leaving safepoint region
[44.324s][info ][safepoint    ] Total time for which application threads were stopped: 0.0041566 seconds, Stopping threads took: 0.0040512 seconds
[44.328s][info ][safepoint    ] Application time: 0.0041177 seconds
[44.328s][info ][safepoint    ] Entering safepoint region: RevokeBias
[44.328s][info ][safepoint    ] Leaving safepoint region
[44.328s][info ][safepoint    ] Total time for which application threads were stopped: 0.0001103 seconds, Stopping threads took: 0.0000406 seconds
[44.349s][info ][safepoint    ] Application time: 0.0207057 seconds
[44.349s][info ][safepoint    ] Entering safepoint region: RevokeBias
[44.349s][info ][safepoint    ] Leaving safepoint region
[44.349s][info ][safepoint    ] Total time for which application threads were stopped: 0.0000949 seconds, Stopping threads took: 0.0000322 seconds
[44.373s][info ][safepoint    ] Application time: 0.0240351 seconds
[44.373s][info ][safepoint    ] Entering safepoint region: CollectForMetadataAllocation
[44.373s][info ][safepoint    ] Leaving safepoint region
[44.373s][info ][safepoint    ] Total time for which application threads were stopped: 0.0002100 seconds, Stopping threads took: 0.0000385 seconds
[44.413s][info ][safepoint    ] Application time: 0.0398962 seconds
[44.413s][info ][safepoint    ] Entering safepoint region: CollectForMetadataAllocation
[44.413s][info ][safepoint    ] Leaving safepoint region
[44.413s][info ][safepoint    ] Total time for which application threads were stopped: 0.0001616 seconds, Stopping threads took: 0.0000198 seconds
[44.468s][info ][safepoint    ] Application time: 0.0549676 seconds
[44.468s][info ][safepoint    ] Entering safepoint region: CollectForMetadataAllocation
[44.468s][info ][safepoint    ] Leaving safepoint region
[44.468s][info ][safepoint    ] Total time for which application threads were stopped: 0.0001321 seconds, Stopping threads took: 0.0000197 seconds
[44.469s][info ][safepoint    ] Application time: 0.0010494 seconds
[44.469s][info ][safepoint    ] Entering safepoint region: Deoptimize
[44.470s][info ][safepoint    ] Leaving safepoint region
[44.470s][info ][safepoint    ] Total time for which application threads were stopped: 0.0012099 seconds, Stopping threads took: 0.0000200 seconds
[44.473s][info ][safepoint    ] Application time: 0.0023825 seconds
[44.473s][info ][safepoint    ] Entering safepoint region: RevokeBias
[44.473s][info ][safepoint    ] Leaving safepoint region
[44.473s][info ][safepoint    ] Total time for which application threads were stopped: 0.0000740 seconds, Stopping threads took: 0.0000127 seconds
[44.478s][info ][safepoint    ] Application time: 0.0051233 seconds
[44.480s][info ][safepoint    ] Entering safepoint region: CollectForMetadataAllocation
[44.480s][info ][safepoint    ] Leaving safepoint region
[44.480s][info ][safepoint    ] Total time for which application threads were stopped: 0.0015886 seconds, Stopping threads took: 0.0015110 seconds
[44.499s][info ][safepoint    ] Application time: 0.0191118 seconds
[44.499s][info ][safepoint    ] Entering safepoint region: BulkRevokeBias
[44.499s][info ][safepoint    ] Leaving safepoint region
[44.499s][info ][safepoint    ] Total time for which application threads were stopped: 0.0002391 seconds, Stopping threads took: 0.0000325 seconds
[44.501s][info ][safepoint    ] Application time: 0.0021626 seconds
[44.502s][info ][safepoint    ] Entering safepoint region: RevokeBias
[44.502s][info ][safepoint    ] Leaving safepoint region
[44.502s][info ][safepoint    ] Total time for which application threads were stopped: 0.0009863 seconds, Stopping threads took: 0.0009075 seconds
[44.901s][info ][safepoint    ] Application time: 0.3984768 seconds
[44.904s][info ][safepoint    ] Entering safepoint region: CollectForMetadataAllocation
[44.904s][info ][safepoint    ] Leaving safepoint region
[44.904s][info ][safepoint    ] Total time for which application threads were stopped: 0.0029378 seconds, Stopping threads took: 0.0028109 seconds
[44.940s][info ][safepoint    ] Application time: 0.0362311 seconds
[44.940s][info ][safepoint    ] Entering safepoint region: CollectForMetadataAllocation
[44.940s][info ][safepoint    ] Leaving safepoint region
[44.940s][info ][safepoint    ] Total time for which application threads were stopped: 0.0005086 seconds, Stopping threads took: 0.0004043 seconds
[45.020s][info ][safepoint    ] Application time: 0.0798652 seconds
[45.020s][info ][safepoint    ] Entering safepoint region: Deoptimize
[45.022s][info ][safepoint    ] Leaving safepoint region
[45.022s][info ][safepoint    ] Total time for which application threads were stopped: 0.0012539 seconds, Stopping threads took: 0.0000196 seconds
[45.024s][info ][safepoint    ] Application time: 0.0026979 seconds
[45.024s][info ][safepoint    ] Entering safepoint region: RevokeBias
[45.024s][info ][safepoint    ] Leaving safepoint region
[45.024s][info ][safepoint    ] Total time for which application threads were stopped: 0.0000709 seconds, Stopping threads took: 0.0000099 seconds
[45.024s][info ][safepoint    ] Application time: 0.0000608 seconds
[45.024s][info ][safepoint    ] Entering safepoint region: RevokeBias
[45.025s][info ][safepoint    ] Leaving safepoint region
[45.025s][info ][safepoint    ] Total time for which application threads were stopped: 0.0000420 seconds, Stopping threads took: 0.0000092 seconds
[45.025s][info ][safepoint    ] Application time: 0.0000678 seconds
[45.025s][info ][safepoint    ] Entering safepoint region: RevokeBias
[45.025s][info ][safepoint    ] Leaving safepoint region
[45.025s][info ][safepoint    ] Total time for which application threads were stopped: 0.0000355 seconds, Stopping threads took: 0.0000082 seconds
[45.025s][info ][safepoint    ] Application time: 0.0000501 seconds
[45.025s][info ][safepoint    ] Entering safepoint region: RevokeBias
[45.025s][info ][safepoint    ] Leaving safepoint region
[45.025s][info ][safepoint    ] Total time for which application threads were stopped: 0.0000499 seconds, Stopping threads took: 0.0000087 seconds
[45.026s][info ][safepoint    ] Application time: 0.0012591 seconds
[45.026s][info ][safepoint    ] Entering safepoint region: CollectForMetadataAllocation
[45.026s][info ][safepoint    ] Leaving safepoint region
[45.026s][info ][safepoint    ] Total time for which application threads were stopped: 0.0001079 seconds, Stopping threads took: 0.0000202 seconds
[45.030s][info ][safepoint    ] Application time: 0.0042440 seconds
[45.030s][info ][safepoint    ] Entering safepoint region: RevokeBias
[45.030s][info ][safepoint    ] Leaving safepoint region
[45.030s][info ][safepoint    ] Total time for which application threads were stopped: 0.0000484 seconds, Stopping threads took: 0.0000090 seconds
[45.036s][info ][safepoint    ] Application time: 0.0059132 seconds
[45.040s][info ][safepoint    ] Entering safepoint region: RevokeBias
[45.040s][info ][safepoint    ] Leaving safepoint region
[45.040s][info ][safepoint    ] Total time for which application threads were stopped: 0.0034043 seconds, Stopping threads took: 0.0033543 seconds
[45.042s][info ][safepoint    ] Application time: 0.0017405 seconds
[45.042s][info ][safepoint    ] Entering safepoint region: CollectForMetadataAllocation
[45.042s][info ][safepoint    ] Leaving safepoint region
[45.042s][info ][safepoint    ] Total time for which application threads were stopped: 0.0000679 seconds, Stopping threads took: 0.0000188 seconds
[45.065s][info ][safepoint    ] Application time: 0.0230382 seconds
[45.065s][info ][safepoint    ] Entering safepoint region: CollectForMetadataAllocation
[45.065s][info ][safepoint    ] Leaving safepoint region
[45.065s][info ][safepoint    ] Total time for which application threads were stopped: 0.0001131 seconds, Stopping threads took: 0.0000284 seconds
[45.072s][info ][safepoint    ] Application time: 0.0068012 seconds
[45.072s][info ][safepoint    ] Entering safepoint region: RevokeBias
[45.072s][info ][safepoint    ] Leaving safepoint region
[45.072s][info ][safepoint    ] Total time for which application threads were stopped: 0.0000847 seconds, Stopping threads took: 0.0000255 seconds
[45.072s][info ][safepoint    ] Application time: 0.0000649 seconds
[45.072s][info ][safepoint    ] Entering safepoint region: RevokeBias
[45.072s][info ][safepoint    ] Leaving safepoint region
[45.072s][info ][safepoint    ] Total time for which application threads were stopped: 0.0001135 seconds, Stopping threads took: 0.0000559 seconds
[45.075s][info ][safepoint    ] Application time: 0.0030959 seconds
[45.075s][info ][safepoint    ] Entering safepoint region: CollectForMetadataAllocation
[45.075s][info ][safepoint    ] Leaving safepoint region
[45.075s][info ][safepoint    ] Total time for which application threads were stopped: 0.0001312 seconds, Stopping threads took: 0.0000493 seconds
[45.160s][info ][safepoint    ] Application time: 0.0847307 seconds
[45.160s][info ][safepoint    ] Entering safepoint region: Deoptimize
[45.161s][info ][safepoint    ] Leaving safepoint region
[45.161s][info ][safepoint    ] Total time for which application threads were stopped: 0.0014522 seconds, Stopping threads took: 0.0000416 seconds
[45.176s][info ][safepoint    ] Application time: 0.0143907 seconds
[45.176s][info ][safepoint    ] Entering safepoint region: CollectForMetadataAllocation
[45.176s][info ][safepoint    ] Leaving safepoint region
[45.176s][info ][safepoint    ] Total time for which application threads were stopped: 0.0001138 seconds, Stopping threads took: 0.0000293 seconds
[45.189s][info ][safepoint    ] Application time: 0.0127803 seconds
[45.189s][info ][safepoint    ] Entering safepoint region: CollectForMetadataAllocation
[45.189s][info ][safepoint    ] Leaving safepoint region
[45.189s][info ][safepoint    ] Total time for which application threads were stopped: 0.0001200 seconds, Stopping threads took: 0.0000339 seconds
[45.194s][info ][safepoint    ] Application time: 0.0046866 seconds
[45.194s][info ][safepoint    ] Entering safepoint region: CollectForMetadataAllocation
[45.194s][info ][safepoint    ] Leaving safepoint region
[45.194s][info ][safepoint    ] Total time for which application threads were stopped: 0.0001105 seconds, Stopping threads took: 0.0000267 seconds
[45.266s][info ][safepoint    ] Application time: 0.0726738 seconds
[45.266s][info ][safepoint    ] Entering safepoint region: RevokeBias
[45.267s][info ][safepoint    ] Leaving safepoint region
[45.267s][info ][safepoint    ] Total time for which application threads were stopped: 0.0002562 seconds, Stopping threads took: 0.0000218 seconds
[45.277s][info ][safepoint    ] Application time: 0.0103907 seconds
[45.277s][info ][safepoint    ] Entering safepoint region: Deoptimize
[45.278s][info ][safepoint    ] Leaving safepoint region
[45.278s][info ][safepoint    ] Total time for which application threads were stopped: 0.0009767 seconds, Stopping threads took: 0.0000157 seconds
[45.288s][info ][safepoint    ] Application time: 0.0103484 seconds
[45.288s][info ][safepoint    ] Entering safepoint region: CollectForMetadataAllocation
[45.289s][info ][safepoint    ] Leaving safepoint region
[45.289s][info ][safepoint    ] Total time for which application threads were stopped: 0.0001195 seconds, Stopping threads took: 0.0000190 seconds
[45.304s][info ][safepoint    ] Application time: 0.0149846 seconds
[45.307s][info ][safepoint    ] Entering safepoint region: CollectForMetadataAllocation
[45.308s][info ][safepoint    ] Leaving safepoint region
[45.308s][info ][safepoint    ] Total time for which application threads were stopped: 0.0040023 seconds, Stopping threads took: 0.0038988 seconds
[45.327s][info ][safepoint    ] Application time: 0.0194231 seconds
[45.327s][info ][safepoint    ] Entering safepoint region: CollectForMetadataAllocation
[45.327s][info ][safepoint    ] Leaving safepoint region
[45.327s][info ][safepoint    ] Total time for which application threads were stopped: 0.0001460 seconds, Stopping threads took: 0.0000192 seconds
[45.329s][info ][safepoint    ] Application time: 0.0014605 seconds
[45.329s][info ][safepoint    ] Entering safepoint region: RevokeBias
[45.329s][info ][safepoint    ] Leaving safepoint region
[45.329s][info ][safepoint    ] Total time for which application threads were stopped: 0.0000637 seconds, Stopping threads took: 0.0000143 seconds
[45.332s][info ][safepoint    ] Application time: 0.0028153 seconds
[45.332s][info ][safepoint    ] Entering safepoint region: RevokeBias
[45.332s][info ][safepoint    ] Leaving safepoint region
[45.332s][info ][safepoint    ] Total time for which application threads were stopped: 0.0001148 seconds, Stopping threads took: 0.0000450 seconds
[45.333s][info ][safepoint    ] Application time: 0.0013487 seconds
[45.333s][info ][safepoint    ] Entering safepoint region: RevokeBias
[45.333s][info ][safepoint    ] Leaving safepoint region
[45.333s][info ][safepoint    ] Total time for which application threads were stopped: 0.0001022 seconds, Stopping threads took: 0.0000602 seconds
[45.333s][info ][safepoint    ] Application time: 0.0000667 seconds
[45.333s][info ][safepoint    ] Entering safepoint region: RevokeBias
[45.333s][info ][safepoint    ] Leaving safepoint region
[45.333s][info ][safepoint    ] Total time for which application threads were stopped: 0.0000560 seconds, Stopping threads took: 0.0000123 seconds
[45.403s][info ][safepoint    ] Application time: 0.0701357 seconds
[45.404s][info ][safepoint    ] Entering safepoint region: CollectForMetadataAllocation
[45.404s][info ][safepoint    ] Leaving safepoint region
[45.404s][info ][safepoint    ] Total time for which application threads were stopped: 0.0001078 seconds, Stopping threads took: 0.0000155 seconds
[45.415s][info ][safepoint    ] Application time: 0.0118615 seconds
[45.417s][info ][safepoint    ] Entering safepoint region: CollectForMetadataAllocation
[45.418s][info ][safepoint    ] Leaving safepoint region
[45.418s][info ][safepoint    ] Total time for which application threads were stopped: 0.0021074 seconds, Stopping threads took: 0.0019858 seconds
[45.455s][info ][safepoint    ] Application time: 0.0375123 seconds
[45.463s][info ][safepoint    ] Entering safepoint region: CollectForMetadataAllocation
[45.464s][info ][safepoint    ] Leaving safepoint region
[45.464s][info ][safepoint    ] Total time for which application threads were stopped: 0.0084736 seconds, Stopping threads took: 0.0083397 seconds
[45.514s][info ][safepoint    ] Application time: 0.0500677 seconds
[45.515s][info ][safepoint    ] Entering safepoint region: CollectForMetadataAllocation
[45.515s][info ][safepoint    ] Leaving safepoint region
[45.515s][info ][safepoint    ] Total time for which application threads were stopped: 0.0013063 seconds, Stopping threads took: 0.0012147 seconds
[45.569s][info ][safepoint    ] Application time: 0.0543283 seconds
[45.570s][info ][safepoint    ] Entering safepoint region: CollectForMetadataAllocation
[45.570s][info ][safepoint    ] Leaving safepoint region
[45.570s][info ][safepoint    ] Total time for which application threads were stopped: 0.0002460 seconds, Stopping threads took: 0.0001496 seconds
[45.661s][info ][safepoint    ] Application time: 0.0917515 seconds
[45.661s][info ][safepoint    ] Entering safepoint region: RevokeBias
[45.662s][info ][safepoint    ] Leaving safepoint region
[45.662s][info ][safepoint    ] Total time for which application threads were stopped: 0.0001164 seconds, Stopping threads took: 0.0000284 seconds
[45.797s][info ][safepoint    ] Application time: 0.1358364 seconds
[45.798s][info ][safepoint    ] Entering safepoint region: Deoptimize
[45.799s][info ][safepoint    ] Leaving safepoint region
[45.799s][info ][safepoint    ] Total time for which application threads were stopped: 0.0011596 seconds, Stopping threads took: 0.0000879 seconds
[45.799s][info ][safepoint    ] Application time: 0.0002805 seconds
[45.799s][info ][safepoint    ] Entering safepoint region: Deoptimize
[45.799s][info ][safepoint    ] Leaving safepoint region
[45.799s][info ][safepoint    ] Total time for which application threads were stopped: 0.0005189 seconds, Stopping threads took: 0.0000190 seconds
[45.801s][info ][safepoint    ] Application time: 0.0011469 seconds
[45.801s][info ][safepoint    ] Entering safepoint region: RevokeBias
[45.801s][info ][safepoint    ] Leaving safepoint region
[45.801s][info ][safepoint    ] Total time for which application threads were stopped: 0.0000584 seconds, Stopping threads took: 0.0000196 seconds
[45.808s][info ][safepoint    ] Application time: 0.0070306 seconds
[45.813s][info ][safepoint    ] Entering safepoint region: Deoptimize
[45.815s][info ][safepoint    ] Leaving safepoint region
[45.815s][info ][safepoint    ] Total time for which application threads were stopped: 0.0072749 seconds, Stopping threads took: 0.0055357 seconds
[45.821s][info ][safepoint    ] Application time: 0.0060918 seconds
[45.821s][info ][safepoint    ] Entering safepoint region: RevokeBias
[45.821s][info ][safepoint    ] Leaving safepoint region
[45.821s][info ][safepoint    ] Total time for which application threads were stopped: 0.0001030 seconds, Stopping threads took: 0.0000276 seconds
[45.867s][info ][safepoint    ] Application time: 0.0460227 seconds
[45.867s][info ][safepoint    ] Entering safepoint region: RevokeBias
[45.867s][info ][safepoint    ] Leaving safepoint region
[45.867s][info ][safepoint    ] Total time for which application threads were stopped: 0.0000749 seconds, Stopping threads took: 0.0000158 seconds
[45.880s][info ][safepoint    ] Application time: 0.0122400 seconds
[45.880s][info ][safepoint    ] Entering safepoint region: CollectForMetadataAllocation
[45.880s][info ][safepoint    ] Leaving safepoint region
[45.880s][info ][safepoint    ] Total time for which application threads were stopped: 0.0001311 seconds, Stopping threads took: 0.0000177 seconds
[45.899s][info ][safepoint    ] Application time: 0.0192982 seconds
[45.899s][info ][safepoint    ] Entering safepoint region: CollectForMetadataAllocation
[45.899s][info ][safepoint    ] Leaving safepoint region
[45.899s][info ][safepoint    ] Total time for which application threads were stopped: 0.0001253 seconds, Stopping threads took: 0.0000284 seconds
[46.022s][info ][safepoint    ] Application time: 0.1231480 seconds
[46.030s][info ][safepoint    ] Entering safepoint region: CMS_Initial_Mark
[46.030s][info ][gc,start     ] GC(93) Pause Initial Mark
[46.084s][info ][gc           ] GC(93) Pause Initial Mark 309M->309M(852M) 53.757ms
[46.084s][info ][gc,cpu       ] GC(93) User=0.09s Sys=0.00s Real=0.05s
[46.084s][info ][safepoint    ] Leaving safepoint region
[46.084s][info ][safepoint    ] Total time for which application threads were stopped: 0.0613013 seconds, Stopping threads took: 0.0073574 seconds
[46.092s][info ][gc           ] GC(93) Concurrent Mark
[46.498s][info ][gc           ] GC(93) Concurrent Mark 406.827ms
[46.499s][info ][gc,cpu       ] GC(93) User=0.47s Sys=0.01s Real=0.40s
[46.499s][info ][gc           ] GC(93) Concurrent Preclean
[46.499s][debug][gc,ref       ] GC(93) Preclean SoftReferences 0.001ms
[46.499s][debug][gc,ref       ] GC(93) Preclean WeakReferences 0.023ms
[46.499s][debug][gc,ref       ] GC(93) Preclean FinalReferences 0.001ms
[46.499s][debug][gc,ref       ] GC(93) Preclean PhantomReferences 0.002ms
[46.509s][info ][gc           ] GC(93) Concurrent Preclean 10.451ms
[46.509s][info ][gc,cpu       ] GC(93) User=0.02s Sys=0.00s Real=0.02s
[46.509s][info ][gc           ] GC(93) Concurrent Abortable Preclean
[46.885s][info ][safepoint    ] Application time: 0.8015749 seconds
[46.885s][info ][safepoint    ] Entering safepoint region: RevokeBias
[46.885s][info ][safepoint    ] Leaving safepoint region
[46.885s][info ][safepoint    ] Total time for which application threads were stopped: 0.0001321 seconds, Stopping threads took: 0.0000262 seconds
[46.916s][info ][safepoint    ] Application time: 0.0307666 seconds
[46.916s][info ][safepoint    ] Entering safepoint region: CollectForMetadataAllocation
[46.916s][info ][safepoint    ] Leaving safepoint region
[46.916s][info ][safepoint    ] Total time for which application threads were stopped: 0.0000979 seconds, Stopping threads took: 0.0000134 seconds
[46.916s][info ][safepoint    ] Application time: 0.0000526 seconds
[46.916s][info ][safepoint    ] Entering safepoint region: CollectForMetadataAllocation
[46.916s][info ][safepoint    ] Leaving safepoint region
[46.917s][info ][safepoint    ] Total time for which application threads were stopped: 0.0000842 seconds, Stopping threads took: 0.0000585 seconds
[46.919s][info ][safepoint    ] Application time: 0.0020441 seconds
[46.919s][info ][safepoint    ] Entering safepoint region: RevokeBias
[46.919s][info ][safepoint    ] Leaving safepoint region
[46.919s][info ][safepoint    ] Total time for which application threads were stopped: 0.0000648 seconds, Stopping threads took: 0.0000090 seconds
[46.922s][info ][safepoint    ] Application time: 0.0034460 seconds
[46.927s][info ][safepoint    ] Entering safepoint region: RevokeBias
[46.928s][info ][safepoint    ] Leaving safepoint region
[46.928s][info ][safepoint    ] Total time for which application threads were stopped: 0.0055323 seconds, Stopping threads took: 0.0054095 seconds
[46.975s][info ][safepoint    ] Application time: 0.0472402 seconds
[46.982s][info ][safepoint    ] Entering safepoint region: CollectForMetadataAllocation
[46.982s][info ][safepoint    ] Leaving safepoint region
[46.982s][info ][safepoint    ] Total time for which application threads were stopped: 0.0075175 seconds, Stopping threads took: 0.0073614 seconds
[47.461s][info ][safepoint    ] Application time: 0.4786230 seconds
[47.461s][info ][safepoint    ] Entering safepoint region: GenCollectForAllocation
[47.461s][info ][safepoint    ] Leaving safepoint region
[47.461s][info ][safepoint    ] Total time for which application threads were stopped: 0.0002078 seconds, Stopping threads took: 0.0000773 seconds
[47.461s][info ][safepoint    ] Application time: 0.0000375 seconds
[47.461s][info ][safepoint    ] Entering safepoint region: GenCollectForAllocation
[47.461s][info ][gc,start     ] GC(94) Pause Young (Allocation Failure)
[47.461s][info ][gc,task      ] GC(94) Using 4 workers of 4 for evacuation
[47.574s][debug][gc,ref       ] GC(94) Skipped phase1 of Reference Processing due to unavailable references
[47.574s][debug][gc,age       ] GC(94) Desired survivor size 15400960 bytes, new threshold 1 (max threshold 6)
[47.574s][info ][gc,heap      ] GC(94) ParNew: 258151K->30080K(270976K)
[47.574s][info ][gc,heap      ] GC(94) CMS: 139320K->159966K(602112K)
[47.574s][info ][gc,metaspace ] GC(94) Metaspace: 50543K->50543K(1095680K)
[47.574s][info ][gc           ] GC(94) Pause Young (Allocation Failure) 388M->185M(852M) 112.483ms
[47.574s][info ][gc,cpu       ] GC(94) User=0.11s Sys=0.00s Real=0.11s
[47.574s][info ][safepoint    ] Leaving safepoint region
[47.574s][info ][safepoint    ] Total time for which application threads were stopped: 0.1125830 seconds, Stopping threads took: 0.0000161 seconds
[47.602s][info ][safepoint    ] Application time: 0.0281767 seconds
[47.602s][info ][safepoint    ] Entering safepoint region: CollectForMetadataAllocation
[47.602s][info ][safepoint    ] Leaving safepoint region
[47.602s][info ][safepoint    ] Total time for which application threads were stopped: 0.0001820 seconds, Stopping threads took: 0.0000349 seconds
[47.688s][info ][safepoint    ] Application time: 0.0852792 seconds
[47.704s][info ][safepoint    ] Entering safepoint region: RevokeBias
[47.704s][info ][safepoint    ] Leaving safepoint region
[47.704s][info ][safepoint    ] Total time for which application threads were stopped: 0.0160852 seconds, Stopping threads took: 0.0159641 seconds
[47.704s][info ][safepoint    ] Application time: 0.0006884 seconds
[47.705s][info ][safepoint    ] Entering safepoint region: RevokeBias
[47.705s][info ][safepoint    ] Leaving safepoint region
[47.705s][info ][safepoint    ] Total time for which application threads were stopped: 0.0006423 seconds, Stopping threads took: 0.0006017 seconds
[47.714s][info ][safepoint    ] Application time: 0.0085720 seconds
[47.728s][info ][safepoint    ] Entering safepoint region: RevokeBias
[47.728s][info ][safepoint    ] Leaving safepoint region
[47.728s][info ][safepoint    ] Total time for which application threads were stopped: 0.0147540 seconds, Stopping threads took: 0.0146521 seconds
[47.859s][info ][safepoint    ] Application time: 0.1306135 seconds
[47.859s][info ][safepoint    ] Entering safepoint region: CollectForMetadataAllocation
[47.859s][info ][safepoint    ] Leaving safepoint region
[47.859s][info ][safepoint    ] Total time for which application threads were stopped: 0.0004217 seconds, Stopping threads took: 0.0002275 seconds
[47.952s][info ][safepoint    ] Application time: 0.0927102 seconds
[47.952s][info ][safepoint    ] Entering safepoint region: ICBufferFull
[47.952s][info ][safepoint    ] Leaving safepoint region
[47.952s][info ][safepoint    ] Total time for which application threads were stopped: 0.0001728 seconds, Stopping threads took: 0.0000171 seconds
[48.270s][info ][safepoint    ] Application time: 0.3179954 seconds
[48.271s][info ][safepoint    ] Entering safepoint region: ICBufferFull
[48.271s][info ][safepoint    ] Leaving safepoint region
[48.271s][info ][safepoint    ] Total time for which application threads were stopped: 0.0003288 seconds, Stopping threads took: 0.0000885 seconds
[48.274s][info ][safepoint    ] Application time: 0.0035297 seconds
[48.274s][info ][safepoint    ] Entering safepoint region: ICBufferFull
[48.275s][info ][safepoint    ] Leaving safepoint region
[48.275s][info ][safepoint    ] Total time for which application threads were stopped: 0.0001987 seconds, Stopping threads took: 0.0000106 seconds
[49.275s][info ][safepoint    ] Application time: 1.0006197 seconds
[49.275s][info ][safepoint    ] Entering safepoint region: Cleanup
[49.275s][info ][safepoint    ] Leaving safepoint region
[49.275s][info ][safepoint    ] Total time for which application threads were stopped: 0.0001677 seconds, Stopping threads took: 0.0000220 seconds
[50.214s][info ][safepoint    ] Application time: 0.9388259 seconds
[50.215s][info ][safepoint    ] Entering safepoint region: RevokeBias
[50.215s][info ][safepoint    ] Leaving safepoint region
[50.215s][info ][safepoint    ] Total time for which application threads were stopped: 0.0011016 seconds, Stopping threads took: 0.0010062 seconds
[50.824s][info ][safepoint    ] Application time: 0.6082243 seconds
[50.824s][info ][safepoint    ] Entering safepoint region: RevokeBias
[50.824s][info ][safepoint    ] Leaving safepoint region
[50.824s][info ][safepoint    ] Total time for which application threads were stopped: 0.0001066 seconds, Stopping threads took: 0.0000214 seconds
[50.824s][info ][safepoint    ] Application time: 0.0001449 seconds
[50.824s][info ][safepoint    ] Entering safepoint region: RevokeBias
[50.824s][info ][safepoint    ] Leaving safepoint region
[50.824s][info ][safepoint    ] Total time for which application threads were stopped: 0.0000404 seconds, Stopping threads took: 0.0000207 seconds
[50.824s][info ][safepoint    ] Application time: 0.0001492 seconds
[50.824s][info ][safepoint    ] Entering safepoint region: RevokeBias
[50.824s][info ][safepoint    ] Leaving safepoint region
[50.824s][info ][safepoint    ] Total time for which application threads were stopped: 0.0000274 seconds, Stopping threads took: 0.0000069 seconds
[50.825s][info ][safepoint    ] Application time: 0.0008768 seconds
[50.828s][info ][safepoint    ] Entering safepoint region: RevokeBias
[50.828s][info ][safepoint    ] Leaving safepoint region
[50.828s][info ][safepoint    ] Total time for which application threads were stopped: 0.0029669 seconds, Stopping threads took: 0.0028821 seconds
[50.828s][info ][safepoint    ] Application time: 0.0003297 seconds
[50.828s][info ][safepoint    ] Entering safepoint region: RevokeBias
[50.828s][info ][safepoint    ] Leaving safepoint region
[50.828s][info ][safepoint    ] Total time for which application threads were stopped: 0.0000340 seconds, Stopping threads took: 0.0000097 seconds
[50.829s][info ][safepoint    ] Application time: 0.0002391 seconds
[50.829s][info ][safepoint    ] Entering safepoint region: RevokeBias
[50.829s][info ][safepoint    ] Leaving safepoint region
[50.829s][info ][safepoint    ] Total time for which application threads were stopped: 0.0000310 seconds, Stopping threads took: 0.0000077 seconds
[50.829s][info ][safepoint    ] Application time: 0.0001496 seconds
[50.829s][info ][safepoint    ] Entering safepoint region: RevokeBias
[50.829s][info ][safepoint    ] Leaving safepoint region
[50.829s][info ][safepoint    ] Total time for which application threads were stopped: 0.0000417 seconds, Stopping threads took: 0.0000074 seconds
[50.829s][info ][safepoint    ] Application time: 0.0002286 seconds
[50.829s][info ][safepoint    ] Entering safepoint region: RevokeBias
[50.829s][info ][safepoint    ] Leaving safepoint region
[50.829s][info ][safepoint    ] Total time for which application threads were stopped: 0.0000596 seconds, Stopping threads took: 0.0000132 seconds
[51.622s][info ][gc           ] GC(93) Concurrent Abortable Preclean 5113.059ms
[51.622s][info ][gc,cpu       ] GC(93) User=5.65s Sys=0.28s Real=5.11s
[51.622s][info ][safepoint    ] Application time: 0.7930934 seconds
[51.622s][info ][safepoint    ] Entering safepoint region: CMS_Final_Remark
[51.622s][info ][gc,start     ] GC(93) Pause Remark
[51.637s][debug][gc,phases    ] GC(93) Rescan (parallel) 14.718ms
[51.637s][debug][gc,ref       ] GC(93) Skipped phase1 of Reference Processing due to unavailable references
[51.637s][debug][gc,ref       ] GC(93) Skipped phase2 of Reference Processing due to unavailable references
[51.637s][debug][gc,ref       ] GC(93) Skipped phase3 of Reference Processing due to unavailable references
[51.637s][debug][gc,ref       ] GC(93) Skipped phase4 of Reference Processing due to unavailable references
[51.637s][debug][gc,phases    ] GC(93) Reference Processing 0.030ms
[51.637s][debug][gc,phases    ] GC(93) Weak Processing 0.099ms
[51.638s][debug][gc,phases    ] GC(93) ClassLoaderData 1.045ms
[51.638s][debug][gc,phases    ] GC(93) Dictionary 0.019ms
[51.638s][debug][gc,phases    ] GC(93) ProtectionDomainCacheTable 0.003ms
[51.638s][debug][gc,phases    ] GC(93) ResolvedMethodTable 0.110ms
[51.657s][debug][gc,phases    ] GC(93) Class Unloading 19.668ms
[51.661s][debug][gc,phases    ] GC(93) Scrub Symbol Table 4.056ms
[51.661s][debug][gc,phases    ] GC(93) Scrub String Table 0.348ms
[51.662s][info ][gc           ] GC(93) Pause Remark 225M->225M(852M) 39.646ms
[51.662s][info ][gc,cpu       ] GC(93) User=0.07s Sys=0.00s Real=0.04s
[51.662s][info ][safepoint    ] Leaving safepoint region
[51.662s][info ][safepoint    ] Total time for which application threads were stopped: 0.0398108 seconds, Stopping threads took: 0.0000166 seconds
[51.662s][info ][gc           ] GC(93) Concurrent Sweep
[51.734s][info ][gc           ] GC(93) Concurrent Sweep 72.111ms
[51.734s][info ][gc,cpu       ] GC(93) User=0.10s Sys=0.00s Real=0.07s
[51.734s][info ][gc           ] GC(93) Concurrent Reset
[51.744s][info ][gc           ] GC(93) Concurrent Reset 9.589ms
[51.744s][info ][gc,cpu       ] GC(93) User=0.01s Sys=0.00s Real=0.01s
[51.744s][info ][gc,heap      ] GC(93) Old: 139320K->156352K(602112K)
[52.662s][info ][safepoint    ] Application time: 1.0001062 seconds
[52.664s][info ][safepoint    ] Entering safepoint region: Cleanup
[52.664s][info ][safepoint    ] Leaving safepoint region
[52.664s][info ][safepoint    ] Total time for which application threads were stopped: 0.0015620 seconds, Stopping threads took: 0.0013742 seconds
[53.664s][info ][safepoint    ] Application time: 1.0001010 seconds
[53.664s][info ][safepoint    ] Entering safepoint region: Cleanup
[53.664s][info ][safepoint    ] Leaving safepoint region
[53.664s][info ][safepoint    ] Total time for which application threads were stopped: 0.0001019 seconds, Stopping threads took: 0.0000181 seconds
[54.664s][info ][safepoint    ] Application time: 1.0000839 seconds
[56.082s][info ][safepoint    ] Entering safepoint region: Cleanup
[56.082s][info ][safepoint    ] Leaving safepoint region
[56.082s][info ][safepoint    ] Total time for which application threads were stopped: 0.0002253 seconds, Stopping threads took: 0.0000646 seconds
[57.082s][info ][safepoint    ] Application time: 1.0001252 seconds
[57.082s][info ][safepoint    ] Entering safepoint region: Cleanup
[57.082s][info ][safepoint    ] Leaving safepoint region
[57.082s][info ][safepoint    ] Total time for which application threads were stopped: 0.0001484 seconds, Stopping threads took: 0.0000184 seconds
[58.083s][info ][safepoint    ] Application time: 1.0011845 seconds
[58.084s][info ][safepoint    ] Entering safepoint region: Cleanup
[58.084s][info ][safepoint    ] Leaving safepoint region
[58.084s][info ][safepoint    ] Total time for which application threads were stopped: 0.0000904 seconds, Stopping threads took: 0.0000177 seconds
[59.084s][info ][safepoint    ] Application time: 1.0001000 seconds
[59.084s][info ][safepoint    ] Entering safepoint region: Cleanup
[59.084s][info ][safepoint    ] Leaving safepoint region
[59.084s][info ][safepoint    ] Total time for which application threads were stopped: 0.0001621 seconds, Stopping threads took: 0.0000563 seconds
[60.084s][info ][safepoint    ] Application time: 1.0001112 seconds
[60.085s][info ][safepoint    ] Entering safepoint region: Cleanup
[60.085s][info ][safepoint    ] Leaving safepoint region
[60.085s][info ][safepoint    ] Total time for which application threads were stopped: 0.0006070 seconds, Stopping threads took: 0.0005103 seconds
[61.085s][info ][safepoint    ] Application time: 1.0001072 seconds
[61.085s][info ][safepoint    ] Entering safepoint region: Cleanup
[61.085s][info ][safepoint    ] Leaving safepoint region
[61.085s][info ][safepoint    ] Total time for which application threads were stopped: 0.0000811 seconds, Stopping threads took: 0.0000179 seconds
[62.085s][info ][safepoint    ] Application time: 1.0000999 seconds
[62.085s][info ][safepoint    ] Entering safepoint region: Cleanup
[62.085s][info ][safepoint    ] Leaving safepoint region
[62.085s][info ][safepoint    ] Total time for which application threads were stopped: 0.0000784 seconds, Stopping threads took: 0.0000173 seconds
[63.085s][info ][safepoint    ] Application time: 1.0000991 seconds
[63.085s][info ][safepoint    ] Entering safepoint region: Cleanup
[63.085s][info ][safepoint    ] Leaving safepoint region
[63.085s][info ][safepoint    ] Total time for which application threads were stopped: 0.0000721 seconds, Stopping threads took: 0.0000168 seconds
[64.085s][info ][safepoint    ] Application time: 1.0000865 seconds
[64.085s][info ][safepoint    ] Entering safepoint region: Cleanup
[64.086s][info ][safepoint    ] Leaving safepoint region
[64.086s][info ][safepoint    ] Total time for which application threads were stopped: 0.0000911 seconds, Stopping threads took: 0.0000192 seconds
[65.086s][info ][safepoint    ] Application time: 1.0000930 seconds
[65.086s][info ][safepoint    ] Entering safepoint region: Cleanup
[65.086s][info ][safepoint    ] Leaving safepoint region
[65.086s][info ][safepoint    ] Total time for which application threads were stopped: 0.0000988 seconds, Stopping threads took: 0.0000162 seconds
[66.086s][info ][safepoint    ] Application time: 1.0001027 seconds
[66.092s][info ][safepoint    ] Entering safepoint region: Cleanup
[66.092s][info ][safepoint    ] Leaving safepoint region
[66.092s][info ][safepoint    ] Total time for which application threads were stopped: 0.0057865 seconds, Stopping threads took: 0.0056752 seconds
[67.092s][info ][safepoint    ] Application time: 1.0001068 seconds
[67.092s][info ][safepoint    ] Entering safepoint region: Cleanup
[67.092s][info ][safepoint    ] Leaving safepoint region
[67.092s][info ][safepoint    ] Total time for which application threads were stopped: 0.0001061 seconds, Stopping threads took: 0.0000443 seconds
[68.092s][info ][safepoint    ] Application time: 1.0005088 seconds
[68.092s][info ][safepoint    ] Entering safepoint region: Cleanup
[68.093s][info ][safepoint    ] Leaving safepoint region
[68.093s][info ][safepoint    ] Total time for which application threads were stopped: 0.0000912 seconds, Stopping threads took: 0.0000205 seconds
[69.093s][info ][safepoint    ] Application time: 1.0001023 seconds
[69.093s][info ][safepoint    ] Entering safepoint region: Cleanup
[69.093s][info ][safepoint    ] Leaving safepoint region
[69.093s][info ][safepoint    ] Total time for which application threads were stopped: 0.0001014 seconds, Stopping threads took: 0.0000407 seconds
[70.093s][info ][safepoint    ] Application time: 1.0000885 seconds
[70.093s][info ][safepoint    ] Entering safepoint region: Cleanup
[70.093s][info ][safepoint    ] Leaving safepoint region
[70.093s][info ][safepoint    ] Total time for which application threads were stopped: 0.0000713 seconds, Stopping threads took: 0.0000179 seconds
[71.093s][info ][safepoint    ] Application time: 1.0001398 seconds
[71.093s][info ][safepoint    ] Entering safepoint region: Cleanup
[71.093s][info ][safepoint    ] Leaving safepoint region
[71.093s][info ][safepoint    ] Total time for which application threads were stopped: 0.0001017 seconds, Stopping threads took: 0.0000170 seconds
[72.093s][info ][safepoint    ] Application time: 1.0000937 seconds
[72.093s][info ][safepoint    ] Entering safepoint region: Cleanup
[72.093s][info ][safepoint    ] Leaving safepoint region
[72.093s][info ][safepoint    ] Total time for which application threads were stopped: 0.0000863 seconds, Stopping threads took: 0.0000187 seconds
[73.094s][info ][safepoint    ] Application time: 1.0000713 seconds
[73.094s][info ][safepoint    ] Entering safepoint region: Cleanup
[73.094s][info ][safepoint    ] Leaving safepoint region
[73.094s][info ][safepoint    ] Total time for which application threads were stopped: 0.0000910 seconds, Stopping threads took: 0.0000187 seconds
[74.094s][info ][safepoint    ] Application time: 1.0001049 seconds
[74.094s][info ][safepoint    ] Entering safepoint region: Cleanup
[74.094s][info ][safepoint    ] Leaving safepoint region
[74.094s][info ][safepoint    ] Total time for which application threads were stopped: 0.0001932 seconds, Stopping threads took: 0.0000992 seconds
[75.094s][info ][safepoint    ] Application time: 1.0000887 seconds
[75.094s][info ][safepoint    ] Entering safepoint region: Cleanup
[75.094s][info ][safepoint    ] Leaving safepoint region
[75.094s][info ][safepoint    ] Total time for which application threads were stopped: 0.0000903 seconds, Stopping threads took: 0.0000176 seconds
[76.094s][info ][safepoint    ] Application time: 1.0000881 seconds
[76.094s][info ][safepoint    ] Entering safepoint region: Cleanup
[76.094s][info ][safepoint    ] Leaving safepoint region
[76.094s][info ][safepoint    ] Total time for which application threads were stopped: 0.0000962 seconds, Stopping threads took: 0.0000173 seconds
[77.095s][info ][safepoint    ] Application time: 1.0000850 seconds
[77.095s][info ][safepoint    ] Entering safepoint region: Cleanup
[77.095s][info ][safepoint    ] Leaving safepoint region
[77.095s][info ][safepoint    ] Total time for which application threads were stopped: 0.0000785 seconds, Stopping threads took: 0.0000164 seconds
[78.095s][info ][safepoint    ] Application time: 1.0000934 seconds
[78.095s][info ][safepoint    ] Entering safepoint region: Cleanup
[78.095s][info ][safepoint    ] Leaving safepoint region
[78.095s][info ][safepoint    ] Total time for which application threads were stopped: 0.0001077 seconds, Stopping threads took: 0.0000213 seconds
[79.095s][info ][safepoint    ] Application time: 1.0000998 seconds
[79.095s][info ][safepoint    ] Entering safepoint region: Cleanup
[79.095s][info ][safepoint    ] Leaving safepoint region
[79.095s][info ][safepoint    ] Total time for which application threads were stopped: 0.0001526 seconds, Stopping threads took: 0.0000719 seconds
[80.095s][info ][safepoint    ] Application time: 1.0000841 seconds
[80.095s][info ][safepoint    ] Entering safepoint region: Cleanup
[80.095s][info ][safepoint    ] Leaving safepoint region
[80.095s][info ][safepoint    ] Total time for which application threads were stopped: 0.0000918 seconds, Stopping threads took: 0.0000300 seconds
[81.095s][info ][safepoint    ] Application time: 1.0001075 seconds
[81.096s][info ][safepoint    ] Entering safepoint region: Cleanup
[81.096s][info ][safepoint    ] Leaving safepoint region
[81.096s][info ][safepoint    ] Total time for which application threads were stopped: 0.0000793 seconds, Stopping threads took: 0.0000175 seconds
[82.096s][info ][safepoint    ] Application time: 1.0000855 seconds
[82.096s][info ][safepoint    ] Entering safepoint region: Cleanup
[82.097s][info ][safepoint    ] Leaving safepoint region
[82.097s][info ][safepoint    ] Total time for which application threads were stopped: 0.0008873 seconds, Stopping threads took: 0.0008290 seconds
[83.097s][info ][safepoint    ] Application time: 1.0001524 seconds
[83.097s][info ][safepoint    ] Entering safepoint region: Cleanup
[83.097s][info ][safepoint    ] Leaving safepoint region
[83.097s][info ][safepoint    ] Total time for which application threads were stopped: 0.0000996 seconds, Stopping threads took: 0.0000194 seconds
[84.097s][info ][safepoint    ] Application time: 1.0000731 seconds
[84.097s][info ][safepoint    ] Entering safepoint region: Cleanup
[84.097s][info ][safepoint    ] Leaving safepoint region
[84.097s][info ][safepoint    ] Total time for which application threads were stopped: 0.0000724 seconds, Stopping threads took: 0.0000167 seconds
[85.097s][info ][safepoint    ] Application time: 1.0000977 seconds
[85.097s][info ][safepoint    ] Entering safepoint region: Cleanup
[85.097s][info ][safepoint    ] Leaving safepoint region
[85.097s][info ][safepoint    ] Total time for which application threads were stopped: 0.0001856 seconds, Stopping threads took: 0.0000220 seconds
[86.099s][info ][safepoint    ] Application time: 1.0020769 seconds
[86.100s][info ][safepoint    ] Entering safepoint region: Cleanup
[86.100s][info ][safepoint    ] Leaving safepoint region
[86.100s][info ][safepoint    ] Total time for which application threads were stopped: 0.0000991 seconds, Stopping threads took: 0.0000169 seconds
[87.100s][info ][safepoint    ] Application time: 1.0000859 seconds
[87.100s][info ][safepoint    ] Entering safepoint region: Cleanup
[87.100s][info ][safepoint    ] Leaving safepoint region
[87.100s][info ][safepoint    ] Total time for which application threads were stopped: 0.0000849 seconds, Stopping threads took: 0.0000189 seconds
[88.100s][info ][safepoint    ] Application time: 1.0000877 seconds
[88.100s][info ][safepoint    ] Entering safepoint region: Cleanup
[88.100s][info ][safepoint    ] Leaving safepoint region
[88.100s][info ][safepoint    ] Total time for which application threads were stopped: 0.0000841 seconds, Stopping threads took: 0.0000169 seconds
[89.100s][info ][safepoint    ] Application time: 1.0000915 seconds
[89.100s][info ][safepoint    ] Entering safepoint region: Cleanup
[89.100s][info ][safepoint    ] Leaving safepoint region
[89.100s][info ][safepoint    ] Total time for which application threads were stopped: 0.0001034 seconds, Stopping threads took: 0.0000206 seconds
[90.100s][info ][safepoint    ] Application time: 1.0000926 seconds
[90.105s][info ][safepoint    ] Entering safepoint region: Cleanup
[90.106s][info ][safepoint    ] Leaving safepoint region
[90.106s][info ][safepoint    ] Total time for which application threads were stopped: 0.0052365 seconds, Stopping threads took: 0.0050624 seconds
[91.106s][info ][safepoint    ] Application time: 1.0001114 seconds
[91.106s][info ][safepoint    ] Entering safepoint region: Cleanup
[91.106s][info ][safepoint    ] Leaving safepoint region
[91.106s][info ][safepoint    ] Total time for which application threads were stopped: 0.0000813 seconds, Stopping threads took: 0.0000169 seconds
[92.106s][info ][safepoint    ] Application time: 1.0000908 seconds
[92.106s][info ][safepoint    ] Entering safepoint region: Cleanup
[92.106s][info ][safepoint    ] Leaving safepoint region
[92.106s][info ][safepoint    ] Total time for which application threads were stopped: 0.0000729 seconds, Stopping threads took: 0.0000173 seconds
[93.106s][info ][safepoint    ] Application time: 1.0000883 seconds
[93.108s][info ][safepoint    ] Entering safepoint region: Cleanup
[93.108s][info ][safepoint    ] Leaving safepoint region
[93.108s][info ][safepoint    ] Total time for which application threads were stopped: 0.0013524 seconds, Stopping threads took: 0.0012928 seconds
[94.108s][info ][safepoint    ] Application time: 1.0000945 seconds
[94.108s][info ][safepoint    ] Entering safepoint region: Cleanup
[94.108s][info ][safepoint    ] Leaving safepoint region
[94.108s][info ][safepoint    ] Total time for which application threads were stopped: 0.0000735 seconds, Stopping threads took: 0.0000179 seconds
[95.108s][info ][safepoint    ] Application time: 1.0000997 seconds
[95.108s][info ][safepoint    ] Entering safepoint region: Cleanup
[95.108s][info ][safepoint    ] Leaving safepoint region
[95.108s][info ][safepoint    ] Total time for which application threads were stopped: 0.0001440 seconds, Stopping threads took: 0.0000626 seconds
[96.109s][info ][safepoint    ] Application time: 1.0005391 seconds
[96.109s][info ][safepoint    ] Entering safepoint region: Cleanup
[96.109s][info ][safepoint    ] Leaving safepoint region
[96.109s][info ][safepoint    ] Total time for which application threads were stopped: 0.0001297 seconds, Stopping threads took: 0.0000314 seconds
[96.810s][info ][safepoint    ] Application time: 0.7007232 seconds
[96.815s][info ][safepoint    ] Entering safepoint region: RevokeBias
[96.815s][info ][safepoint    ] Leaving safepoint region
[96.815s][info ][safepoint    ] Total time for which application threads were stopped: 0.0056325 seconds, Stopping threads took: 0.0054588 seconds
[97.815s][info ][safepoint    ] Application time: 1.0001132 seconds
[97.815s][info ][safepoint    ] Entering safepoint region: Cleanup
[97.816s][info ][safepoint    ] Leaving safepoint region
[97.816s][info ][safepoint    ] Total time for which application threads were stopped: 0.0001854 seconds, Stopping threads took: 0.0000234 seconds
[98.816s][info ][safepoint    ] Application time: 1.0000872 seconds
[98.816s][info ][safepoint    ] Entering safepoint region: Cleanup
[98.816s][info ][safepoint    ] Leaving safepoint region
[98.816s][info ][safepoint    ] Total time for which application threads were stopped: 0.0002905 seconds, Stopping threads took: 0.0000902 seconds
[99.816s][info ][safepoint    ] Application time: 1.0000953 seconds
[99.816s][info ][safepoint    ] Entering safepoint region: Cleanup
[99.816s][info ][safepoint    ] Leaving safepoint region
[99.816s][info ][safepoint    ] Total time for which application threads were stopped: 0.0000895 seconds, Stopping threads took: 0.0000201 seconds
[100.816s][info ][safepoint    ] Application time: 1.0000956 seconds
[100.816s][info ][safepoint    ] Entering safepoint region: Cleanup
[100.816s][info ][safepoint    ] Leaving safepoint region
[100.816s][info ][safepoint    ] Total time for which application threads were stopped: 0.0001160 seconds, Stopping threads took: 0.0000231 seconds
[101.817s][info ][safepoint    ] Application time: 1.0001083 seconds
[101.817s][info ][safepoint    ] Entering safepoint region: Cleanup
[101.817s][info ][safepoint    ] Leaving safepoint region
[101.817s][info ][safepoint    ] Total time for which application threads were stopped: 0.0000927 seconds, Stopping threads took: 0.0000210 seconds
[102.823s][info ][safepoint    ] Application time: 1.0064197 seconds
[102.823s][info ][safepoint    ] Entering safepoint region: Cleanup
[102.823s][info ][safepoint    ] Leaving safepoint region
[102.823s][info ][safepoint    ] Total time for which application threads were stopped: 0.0000850 seconds, Stopping threads took: 0.0000208 seconds
[103.823s][info ][safepoint    ] Application time: 1.0000918 seconds
[103.823s][info ][safepoint    ] Entering safepoint region: Cleanup
[103.823s][info ][safepoint    ] Leaving safepoint region
[103.823s][info ][safepoint    ] Total time for which application threads were stopped: 0.0000887 seconds, Stopping threads took: 0.0000170 seconds
[104.824s][info ][safepoint    ] Application time: 1.0000932 seconds
[104.824s][info ][safepoint    ] Entering safepoint region: Cleanup
[104.824s][info ][safepoint    ] Leaving safepoint region
[104.824s][info ][safepoint    ] Total time for which application threads were stopped: 0.0000692 seconds, Stopping threads took: 0.0000171 seconds
[105.824s][info ][safepoint    ] Application time: 1.0000884 seconds
[105.824s][info ][safepoint    ] Entering safepoint region: Cleanup
[105.824s][info ][safepoint    ] Leaving safepoint region
[105.824s][info ][safepoint    ] Total time for which application threads were stopped: 0.0000816 seconds, Stopping threads took: 0.0000307 seconds
[106.824s][info ][safepoint    ] Application time: 1.0000972 seconds
[106.824s][info ][safepoint    ] Entering safepoint region: Cleanup
[106.824s][info ][safepoint    ] Leaving safepoint region
[106.824s][info ][safepoint    ] Total time for which application threads were stopped: 0.0000724 seconds, Stopping threads took: 0.0000183 seconds
[107.824s][info ][safepoint    ] Application time: 1.0000871 seconds
[107.824s][info ][safepoint    ] Entering safepoint region: Cleanup
[107.824s][info ][safepoint    ] Leaving safepoint region
[107.824s][info ][safepoint    ] Total time for which application threads were stopped: 0.0000707 seconds, Stopping threads took: 0.0000181 seconds
[108.824s][info ][safepoint    ] Application time: 1.0000947 seconds
[108.824s][info ][safepoint    ] Entering safepoint region: Cleanup
[108.824s][info ][safepoint    ] Leaving safepoint region
[108.825s][info ][safepoint    ] Total time for which application threads were stopped: 0.0000670 seconds, Stopping threads took: 0.0000160 seconds
[109.825s][info ][safepoint    ] Application time: 1.0001308 seconds
[109.825s][info ][safepoint    ] Entering safepoint region: Cleanup
[109.825s][info ][safepoint    ] Leaving safepoint region
[109.825s][info ][safepoint    ] Total time for which application threads were stopped: 0.0000855 seconds, Stopping threads took: 0.0000210 seconds
[110.825s][info ][safepoint    ] Application time: 1.0000824 seconds
[110.825s][info ][safepoint    ] Entering safepoint region: Cleanup
[110.825s][info ][safepoint    ] Leaving safepoint region
[110.825s][info ][safepoint    ] Total time for which application threads were stopped: 0.0000852 seconds, Stopping threads took: 0.0000303 seconds
[111.825s][info ][safepoint    ] Application time: 1.0000357 seconds
[111.825s][info ][safepoint    ] Entering safepoint region: Cleanup
[111.825s][info ][safepoint    ] Leaving safepoint region
[111.825s][info ][safepoint    ] Total time for which application threads were stopped: 0.0001052 seconds, Stopping threads took: 0.0000220 seconds
[112.827s][info ][safepoint    ] Application time: 1.0021099 seconds
[112.827s][info ][safepoint    ] Entering safepoint region: Cleanup
[112.827s][info ][safepoint    ] Leaving safepoint region
[112.827s][info ][safepoint    ] Total time for which application threads were stopped: 0.0000687 seconds, Stopping threads took: 0.0000171 seconds
[113.827s][info ][safepoint    ] Application time: 1.0000951 seconds
[113.828s][info ][safepoint    ] Entering safepoint region: Cleanup
[113.828s][info ][safepoint    ] Leaving safepoint region
[113.828s][info ][safepoint    ] Total time for which application threads were stopped: 0.0000883 seconds, Stopping threads took: 0.0000168 seconds
[114.828s][info ][safepoint    ] Application time: 1.0000894 seconds
[114.828s][info ][safepoint    ] Entering safepoint region: Cleanup
[114.828s][info ][safepoint    ] Leaving safepoint region
[114.828s][info ][safepoint    ] Total time for which application threads were stopped: 0.0000729 seconds, Stopping threads took: 0.0000164 seconds
[115.828s][info ][safepoint    ] Application time: 1.0000779 seconds
[115.828s][info ][safepoint    ] Entering safepoint region: Cleanup
[115.828s][info ][safepoint    ] Leaving safepoint region
[115.828s][info ][safepoint    ] Total time for which application threads were stopped: 0.0000871 seconds, Stopping threads took: 0.0000164 seconds
[116.828s][info ][safepoint    ] Application time: 1.0000953 seconds
[116.828s][info ][safepoint    ] Entering safepoint region: Cleanup
[116.828s][info ][safepoint    ] Leaving safepoint region
[116.828s][info ][safepoint    ] Total time for which application threads were stopped: 0.0000857 seconds, Stopping threads took: 0.0000177 seconds
[117.828s][info ][safepoint    ] Application time: 1.0000869 seconds
[117.828s][info ][safepoint    ] Entering safepoint region: Cleanup
[117.828s][info ][safepoint    ] Leaving safepoint region
[117.828s][info ][safepoint    ] Total time for which application threads were stopped: 0.0000727 seconds, Stopping threads took: 0.0000177 seconds
[118.828s][info ][safepoint    ] Application time: 1.0000615 seconds
[118.829s][info ][safepoint    ] Entering safepoint region: Cleanup
[118.829s][info ][safepoint    ] Leaving safepoint region
[118.829s][info ][safepoint    ] Total time for which application threads were stopped: 0.0000799 seconds, Stopping threads took: 0.0000194 seconds
[119.829s][info ][safepoint    ] Application time: 1.0000811 seconds
[119.829s][info ][safepoint    ] Entering safepoint region: Cleanup
[119.829s][info ][safepoint    ] Leaving safepoint region
[119.829s][info ][safepoint    ] Total time for which application threads were stopped: 0.0000823 seconds, Stopping threads took: 0.0000186 seconds
[120.829s][info ][safepoint    ] Application time: 1.0001228 seconds
[120.829s][info ][safepoint    ] Entering safepoint region: Cleanup
[120.829s][info ][safepoint    ] Leaving safepoint region
[120.829s][info ][safepoint    ] Total time for which application threads were stopped: 0.0000804 seconds, Stopping threads took: 0.0000186 seconds
[121.829s][info ][safepoint    ] Application time: 1.0000898 seconds
[121.829s][info ][safepoint    ] Entering safepoint region: Cleanup
[121.829s][info ][safepoint    ] Leaving safepoint region
[121.829s][info ][safepoint    ] Total time for which application threads were stopped: 0.0000852 seconds, Stopping threads took: 0.0000194 seconds
[122.829s][info ][safepoint    ] Application time: 1.0000766 seconds
[122.829s][info ][safepoint    ] Entering safepoint region: Cleanup
[122.829s][info ][safepoint    ] Leaving safepoint region
[122.829s][info ][safepoint    ] Total time for which application threads were stopped: 0.0000865 seconds, Stopping threads took: 0.0000172 seconds
[123.830s][info ][safepoint    ] Application time: 1.0000977 seconds
[123.830s][info ][safepoint    ] Entering safepoint region: Cleanup
[123.830s][info ][safepoint    ] Leaving safepoint region
[123.830s][info ][safepoint    ] Total time for which application threads were stopped: 0.0000758 seconds, Stopping threads took: 0.0000185 seconds
[124.830s][info ][safepoint    ] Application time: 1.0001070 seconds
[124.830s][info ][safepoint    ] Entering safepoint region: Cleanup
[124.830s][info ][safepoint    ] Leaving safepoint region
[124.830s][info ][safepoint    ] Total time for which application threads were stopped: 0.0000850 seconds, Stopping threads took: 0.0000188 seconds
[125.830s][info ][safepoint    ] Application time: 1.0000854 seconds
[125.830s][info ][safepoint    ] Entering safepoint region: Cleanup
[125.830s][info ][safepoint    ] Leaving safepoint region
[125.830s][info ][safepoint    ] Total time for which application threads were stopped: 0.0000769 seconds, Stopping threads took: 0.0000184 seconds
[126.830s][info ][safepoint    ] Application time: 1.0000851 seconds
[126.830s][info ][safepoint    ] Entering safepoint region: Cleanup
[126.830s][info ][safepoint    ] Leaving safepoint region
[126.830s][info ][safepoint    ] Total time for which application threads were stopped: 0.0000776 seconds, Stopping threads took: 0.0000180 seconds
[127.830s][info ][safepoint    ] Application time: 1.0000794 seconds
[127.831s][info ][safepoint    ] Entering safepoint region: Cleanup
[127.831s][info ][safepoint    ] Leaving safepoint region
[127.831s][info ][safepoint    ] Total time for which application threads were stopped: 0.0000904 seconds, Stopping threads took: 0.0000183 seconds
[128.831s][info ][safepoint    ] Application time: 1.0000867 seconds
[128.831s][info ][safepoint    ] Entering safepoint region: Cleanup
[128.831s][info ][safepoint    ] Leaving safepoint region
[128.831s][info ][safepoint    ] Total time for which application threads were stopped: 0.0000756 seconds, Stopping threads took: 0.0000187 seconds
[129.831s][info ][safepoint    ] Application time: 1.0001157 seconds
[129.831s][info ][safepoint    ] Entering safepoint region: Cleanup
[129.831s][info ][safepoint    ] Leaving safepoint region
[129.831s][info ][safepoint    ] Total time for which application threads were stopped: 0.0000770 seconds, Stopping threads took: 0.0000187 seconds
[130.831s][info ][safepoint    ] Application time: 1.0000882 seconds
[130.831s][info ][safepoint    ] Entering safepoint region: Cleanup
[130.831s][info ][safepoint    ] Leaving safepoint region
[130.831s][info ][safepoint    ] Total time for which application threads were stopped: 0.0000775 seconds, Stopping threads took: 0.0000173 seconds
[131.831s][info ][safepoint    ] Application time: 1.0000917 seconds
[131.831s][info ][safepoint    ] Entering safepoint region: Cleanup
[131.831s][info ][safepoint    ] Leaving safepoint region
[131.831s][info ][safepoint    ] Total time for which application threads were stopped: 0.0000822 seconds, Stopping threads took: 0.0000191 seconds
[132.832s][info ][safepoint    ] Application time: 1.0000849 seconds
[132.832s][info ][safepoint    ] Entering safepoint region: Cleanup
[132.832s][info ][safepoint    ] Leaving safepoint region
[132.832s][info ][safepoint    ] Total time for which application threads were stopped: 0.0000854 seconds, Stopping threads took: 0.0000205 seconds
[133.832s][info ][safepoint    ] Application time: 1.0000790 seconds
[133.832s][info ][safepoint    ] Entering safepoint region: Cleanup
[133.832s][info ][safepoint    ] Leaving safepoint region
[133.832s][info ][safepoint    ] Total time for which application threads were stopped: 0.0000851 seconds, Stopping threads took: 0.0000169 seconds
[134.832s][info ][safepoint    ] Application time: 1.0000819 seconds
[134.832s][info ][safepoint    ] Entering safepoint region: Cleanup
[134.832s][info ][safepoint    ] Leaving safepoint region
[134.832s][info ][safepoint    ] Total time for which application threads were stopped: 0.0000744 seconds, Stopping threads took: 0.0000199 seconds
[135.832s][info ][safepoint    ] Application time: 1.0000888 seconds
[135.832s][info ][safepoint    ] Entering safepoint region: Cleanup
[135.832s][info ][safepoint    ] Leaving safepoint region
[135.832s][info ][safepoint    ] Total time for which application threads were stopped: 0.0000698 seconds, Stopping threads took: 0.0000173 seconds
[136.832s][info ][safepoint    ] Application time: 1.0000880 seconds
[136.832s][info ][safepoint    ] Entering safepoint region: Cleanup
[136.832s][info ][safepoint    ] Leaving safepoint region
[136.832s][info ][safepoint    ] Total time for which application threads were stopped: 0.0000916 seconds, Stopping threads took: 0.0000167 seconds
[137.833s][info ][safepoint    ] Application time: 1.0000840 seconds
[137.833s][info ][safepoint    ] Entering safepoint region: Cleanup
[137.833s][info ][safepoint    ] Leaving safepoint region
[137.833s][info ][safepoint    ] Total time for which application threads were stopped: 0.0000844 seconds, Stopping threads took: 0.0000182 seconds
[138.833s][info ][safepoint    ] Application time: 1.0000839 seconds
[138.833s][info ][safepoint    ] Entering safepoint region: Cleanup
[138.833s][info ][safepoint    ] Leaving safepoint region
[138.833s][info ][safepoint    ] Total time for which application threads were stopped: 0.0000724 seconds, Stopping threads took: 0.0000170 seconds
[139.833s][info ][safepoint    ] Application time: 1.0001245 seconds
[139.833s][info ][safepoint    ] Entering safepoint region: Cleanup
[139.833s][info ][safepoint    ] Leaving safepoint region
[139.833s][info ][safepoint    ] Total time for which application threads were stopped: 0.0000733 seconds, Stopping threads took: 0.0000180 seconds
[140.833s][info ][safepoint    ] Application time: 1.0000599 seconds
[140.833s][info ][safepoint    ] Entering safepoint region: Cleanup
[140.833s][info ][safepoint    ] Leaving safepoint region
[140.833s][info ][safepoint    ] Total time for which application threads were stopped: 0.0000818 seconds, Stopping threads took: 0.0000292 seconds
[141.833s][info ][safepoint    ] Application time: 1.0000963 seconds
[141.833s][info ][safepoint    ] Entering safepoint region: Cleanup
[141.833s][info ][safepoint    ] Leaving safepoint region
[141.833s][info ][safepoint    ] Total time for which application threads were stopped: 0.0000757 seconds, Stopping threads took: 0.0000195 seconds
[142.834s][info ][safepoint    ] Application time: 1.0000770 seconds
[142.834s][info ][safepoint    ] Entering safepoint region: Cleanup
[142.834s][info ][safepoint    ] Leaving safepoint region
[142.834s][info ][safepoint    ] Total time for which application threads were stopped: 0.0000775 seconds, Stopping threads took: 0.0000190 seconds
[143.834s][info ][safepoint    ] Application time: 1.0000946 seconds
[143.834s][info ][safepoint    ] Entering safepoint region: Cleanup
[143.834s][info ][safepoint    ] Leaving safepoint region
[143.834s][info ][safepoint    ] Total time for which application threads were stopped: 0.0000736 seconds, Stopping threads took: 0.0000178 seconds
[144.834s][info ][safepoint    ] Application time: 1.0000953 seconds
[144.834s][info ][safepoint    ] Entering safepoint region: Cleanup
[144.834s][info ][safepoint    ] Leaving safepoint region
[144.834s][info ][safepoint    ] Total time for which application threads were stopped: 0.0000905 seconds, Stopping threads took: 0.0000177 seconds
[145.834s][info ][safepoint    ] Application time: 1.0000398 seconds
[145.834s][info ][safepoint    ] Entering safepoint region: Cleanup
[145.834s][info ][safepoint    ] Leaving safepoint region
[145.834s][info ][safepoint    ] Total time for which application threads were stopped: 0.0000751 seconds, Stopping threads took: 0.0000190 seconds
[146.834s][info ][safepoint    ] Application time: 1.0000831 seconds
[146.834s][info ][safepoint    ] Entering safepoint region: Cleanup
[146.834s][info ][safepoint    ] Leaving safepoint region
[146.834s][info ][safepoint    ] Total time for which application threads were stopped: 0.0000739 seconds, Stopping threads took: 0.0000176 seconds
[147.835s][info ][safepoint    ] Application time: 1.0000866 seconds
[147.835s][info ][safepoint    ] Entering safepoint region: Cleanup
[147.835s][info ][safepoint    ] Leaving safepoint region
[147.835s][info ][safepoint    ] Total time for which application threads were stopped: 0.0000724 seconds, Stopping threads took: 0.0000171 seconds
[148.835s][info ][safepoint    ] Application time: 1.0001154 seconds
[148.835s][info ][safepoint    ] Entering safepoint region: Cleanup
[148.835s][info ][safepoint    ] Leaving safepoint region
[148.835s][info ][safepoint    ] Total time for which application threads were stopped: 0.0000891 seconds, Stopping threads took: 0.0000189 seconds
[149.835s][info ][safepoint    ] Application time: 1.0001152 seconds
[149.835s][info ][safepoint    ] Entering safepoint region: Cleanup
[149.835s][info ][safepoint    ] Leaving safepoint region
[149.835s][info ][safepoint    ] Total time for which application threads were stopped: 0.0000721 seconds, Stopping threads took: 0.0000178 seconds
[150.835s][info ][safepoint    ] Application time: 1.0000858 seconds
[150.835s][info ][safepoint    ] Entering safepoint region: Cleanup
[150.835s][info ][safepoint    ] Leaving safepoint region
[150.835s][info ][safepoint    ] Total time for which application threads were stopped: 0.0000923 seconds, Stopping threads took: 0.0000183 seconds
[151.835s][info ][safepoint    ] Application time: 1.0000889 seconds
[151.836s][info ][safepoint    ] Entering safepoint region: Cleanup
[151.836s][info ][safepoint    ] Leaving safepoint region
[151.836s][info ][safepoint    ] Total time for which application threads were stopped: 0.0000744 seconds, Stopping threads took: 0.0000189 seconds
[152.836s][info ][safepoint    ] Application time: 1.0004540 seconds
[152.836s][info ][safepoint    ] Entering safepoint region: Cleanup
[152.836s][info ][safepoint    ] Leaving safepoint region
[152.836s][info ][safepoint    ] Total time for which application threads were stopped: 0.0000737 seconds, Stopping threads took: 0.0000179 seconds
[153.836s][info ][safepoint    ] Application time: 1.0000890 seconds
[153.836s][info ][safepoint    ] Entering safepoint region: Cleanup
[153.836s][info ][safepoint    ] Leaving safepoint region
[153.836s][info ][safepoint    ] Total time for which application threads were stopped: 0.0000738 seconds, Stopping threads took: 0.0000183 seconds
[154.836s][info ][safepoint    ] Application time: 1.0000973 seconds
[154.836s][info ][safepoint    ] Entering safepoint region: Cleanup
[154.837s][info ][safepoint    ] Leaving safepoint region
[154.837s][info ][safepoint    ] Total time for which application threads were stopped: 0.0000774 seconds, Stopping threads took: 0.0000191 seconds
[155.837s][info ][safepoint    ] Application time: 1.0000781 seconds
[155.837s][info ][safepoint    ] Entering safepoint region: Cleanup
[155.837s][info ][safepoint    ] Leaving safepoint region
[155.837s][info ][safepoint    ] Total time for which application threads were stopped: 0.0000892 seconds, Stopping threads took: 0.0000182 seconds
[156.837s][info ][safepoint    ] Application time: 1.0000956 seconds
[156.837s][info ][safepoint    ] Entering safepoint region: Cleanup
[156.837s][info ][safepoint    ] Leaving safepoint region
[156.837s][info ][safepoint    ] Total time for which application threads were stopped: 0.0000741 seconds, Stopping threads took: 0.0000184 seconds
[157.837s][info ][safepoint    ] Application time: 1.0000810 seconds
[157.837s][info ][safepoint    ] Entering safepoint region: Cleanup
[157.837s][info ][safepoint    ] Leaving safepoint region
[157.837s][info ][safepoint    ] Total time for which application threads were stopped: 0.0000747 seconds, Stopping threads took: 0.0000184 seconds
[158.663s][info ][safepoint    ] Application time: 0.8257859 seconds
[158.663s][info ][safepoint    ] Entering safepoint region: RevokeBias
[158.663s][info ][safepoint    ] Leaving safepoint region
[158.663s][info ][safepoint    ] Total time for which application threads were stopped: 0.0001023 seconds, Stopping threads took: 0.0000161 seconds
[159.663s][info ][safepoint    ] Application time: 1.0000952 seconds
[159.663s][info ][safepoint    ] Entering safepoint region: Cleanup
[159.663s][info ][safepoint    ] Leaving safepoint region
[159.663s][info ][safepoint    ] Total time for which application threads were stopped: 0.0000762 seconds, Stopping threads took: 0.0000182 seconds
[160.663s][info ][safepoint    ] Application time: 1.0000898 seconds
[160.663s][info ][safepoint    ] Entering safepoint region: Cleanup
[160.663s][info ][safepoint    ] Leaving safepoint region
[160.664s][info ][safepoint    ] Total time for which application threads were stopped: 0.0001077 seconds, Stopping threads took: 0.0000316 seconds
[161.664s][info ][safepoint    ] Application time: 1.0000873 seconds
[161.664s][info ][safepoint    ] Entering safepoint region: Cleanup
[161.664s][info ][safepoint    ] Leaving safepoint region
[161.664s][info ][safepoint    ] Total time for which application threads were stopped: 0.0000850 seconds, Stopping threads took: 0.0000269 seconds
[162.664s][info ][safepoint    ] Application time: 1.0000825 seconds
[162.664s][info ][safepoint    ] Entering safepoint region: Cleanup
[162.664s][info ][safepoint    ] Leaving safepoint region
[162.664s][info ][safepoint    ] Total time for which application threads were stopped: 0.0000928 seconds, Stopping threads took: 0.0000183 seconds
[163.664s][info ][safepoint    ] Application time: 1.0000863 seconds
[163.664s][info ][safepoint    ] Entering safepoint region: Cleanup
[163.664s][info ][safepoint    ] Leaving safepoint region
[163.664s][info ][safepoint    ] Total time for which application threads were stopped: 0.0000885 seconds, Stopping threads took: 0.0000177 seconds
[164.664s][info ][safepoint    ] Application time: 1.0000534 seconds
[164.664s][info ][safepoint    ] Entering safepoint region: Cleanup
[164.664s][info ][safepoint    ] Leaving safepoint region
[164.664s][info ][safepoint    ] Total time for which application threads were stopped: 0.0000987 seconds, Stopping threads took: 0.0000205 seconds
[165.664s][info ][safepoint    ] Application time: 1.0000954 seconds
[165.664s][info ][safepoint    ] Entering safepoint region: Cleanup
[165.665s][info ][safepoint    ] Leaving safepoint region
[165.665s][info ][safepoint    ] Total time for which application threads were stopped: 0.0001488 seconds, Stopping threads took: 0.0000204 seconds
[166.665s][info ][safepoint    ] Application time: 1.0000956 seconds
[166.665s][info ][safepoint    ] Entering safepoint region: Cleanup
[166.665s][info ][safepoint    ] Leaving safepoint region
[166.665s][info ][safepoint    ] Total time for which application threads were stopped: 0.0000676 seconds, Stopping threads took: 0.0000157 seconds
[167.665s][info ][safepoint    ] Application time: 1.0001040 seconds
[167.665s][info ][safepoint    ] Entering safepoint region: Cleanup
[167.665s][info ][safepoint    ] Leaving safepoint region
[167.665s][info ][safepoint    ] Total time for which application threads were stopped: 0.0000902 seconds, Stopping threads took: 0.0000179 seconds
[168.667s][info ][safepoint    ] Application time: 1.0015986 seconds
[168.667s][info ][safepoint    ] Entering safepoint region: Cleanup
[168.667s][info ][safepoint    ] Leaving safepoint region
[168.667s][info ][safepoint    ] Total time for which application threads were stopped: 0.0001186 seconds, Stopping threads took: 0.0000292 seconds
[169.667s][info ][safepoint    ] Application time: 1.0001304 seconds
[169.667s][info ][safepoint    ] Entering safepoint region: Cleanup
[169.667s][info ][safepoint    ] Leaving safepoint region
[169.667s][info ][safepoint    ] Total time for which application threads were stopped: 0.0000849 seconds, Stopping threads took: 0.0000177 seconds
[170.667s][info ][safepoint    ] Application time: 1.0000899 seconds
[170.668s][info ][safepoint    ] Entering safepoint region: Cleanup
[170.668s][info ][safepoint    ] Leaving safepoint region
[170.668s][info ][safepoint    ] Total time for which application threads were stopped: 0.0004987 seconds, Stopping threads took: 0.0004175 seconds
[171.668s][info ][safepoint    ] Application time: 1.0000901 seconds
[171.668s][info ][safepoint    ] Entering safepoint region: Cleanup
[171.668s][info ][safepoint    ] Leaving safepoint region
[171.668s][info ][safepoint    ] Total time for which application threads were stopped: 0.0000818 seconds, Stopping threads took: 0.0000277 seconds
[172.668s][info ][safepoint    ] Application time: 1.0000848 seconds
[172.668s][info ][safepoint    ] Entering safepoint region: Cleanup
[172.668s][info ][safepoint    ] Leaving safepoint region
[172.668s][info ][safepoint    ] Total time for which application threads were stopped: 0.0000842 seconds, Stopping threads took: 0.0000281 seconds
[173.668s][info ][safepoint    ] Application time: 1.0000886 seconds
[173.668s][info ][safepoint    ] Entering safepoint region: Cleanup
[173.668s][info ][safepoint    ] Leaving safepoint region
[173.668s][info ][safepoint    ] Total time for which application threads were stopped: 0.0000852 seconds, Stopping threads took: 0.0000193 seconds
[174.668s][info ][safepoint    ] Application time: 1.0000819 seconds
[174.672s][info ][safepoint    ] Entering safepoint region: Cleanup
[174.672s][info ][safepoint    ] Leaving safepoint region
[174.672s][info ][safepoint    ] Total time for which application threads were stopped: 0.0031777 seconds, Stopping threads took: 0.0031210 seconds
[175.672s][info ][safepoint    ] Application time: 1.0000828 seconds
[175.672s][info ][safepoint    ] Entering safepoint region: Cleanup
[175.672s][info ][safepoint    ] Leaving safepoint region
[175.672s][info ][safepoint    ] Total time for which application threads were stopped: 0.0000858 seconds, Stopping threads took: 0.0000166 seconds
[176.672s][info ][safepoint    ] Application time: 1.0000894 seconds
[176.672s][info ][safepoint    ] Entering safepoint region: Cleanup
[176.672s][info ][safepoint    ] Leaving safepoint region
[176.672s][info ][safepoint    ] Total time for which application threads were stopped: 0.0000912 seconds, Stopping threads took: 0.0000180 seconds
[177.674s][info ][safepoint    ] Application time: 1.0019277 seconds
[177.674s][info ][safepoint    ] Entering safepoint region: Cleanup
[177.674s][info ][safepoint    ] Leaving safepoint region
[177.675s][info ][safepoint    ] Total time for which application threads were stopped: 0.0005202 seconds, Stopping threads took: 0.0000177 seconds
[178.675s][info ][safepoint    ] Application time: 1.0002105 seconds
[178.675s][info ][safepoint    ] Entering safepoint region: Cleanup
[178.675s][info ][safepoint    ] Leaving safepoint region
[178.675s][info ][safepoint    ] Total time for which application threads were stopped: 0.0000717 seconds, Stopping threads took: 0.0000171 seconds
[179.676s][info ][safepoint    ] Application time: 1.0014944 seconds
[179.676s][info ][safepoint    ] Entering safepoint region: Cleanup
[179.676s][info ][safepoint    ] Leaving safepoint region
[179.676s][info ][safepoint    ] Total time for which application threads were stopped: 0.0000693 seconds, Stopping threads took: 0.0000172 seconds
[180.677s][info ][safepoint    ] Application time: 1.0000883 seconds
[180.677s][info ][safepoint    ] Entering safepoint region: Cleanup
[180.677s][info ][safepoint    ] Leaving safepoint region
[180.677s][info ][safepoint    ] Total time for which application threads were stopped: 0.0000850 seconds, Stopping threads took: 0.0000246 seconds
[181.677s][info ][safepoint    ] Application time: 1.0000706 seconds
[181.677s][info ][safepoint    ] Entering safepoint region: Cleanup
[181.677s][info ][safepoint    ] Leaving safepoint region
[181.677s][info ][safepoint    ] Total time for which application threads were stopped: 0.0001045 seconds, Stopping threads took: 0.0000228 seconds
[182.677s][info ][safepoint    ] Application time: 1.0001144 seconds
[182.677s][info ][safepoint    ] Entering safepoint region: Cleanup
[182.677s][info ][safepoint    ] Leaving safepoint region
[182.677s][info ][safepoint    ] Total time for which application threads were stopped: 0.0000675 seconds, Stopping threads took: 0.0000170 seconds
[183.677s][info ][safepoint    ] Application time: 1.0001019 seconds
[183.677s][info ][safepoint    ] Entering safepoint region: Cleanup
[183.677s][info ][safepoint    ] Leaving safepoint region
[183.677s][info ][safepoint    ] Total time for which application threads were stopped: 0.0000968 seconds, Stopping threads took: 0.0000224 seconds
[184.677s][info ][safepoint    ] Application time: 1.0001728 seconds
[184.678s][info ][safepoint    ] Entering safepoint region: Cleanup
[184.678s][info ][safepoint    ] Leaving safepoint region
[184.678s][info ][safepoint    ] Total time for which application threads were stopped: 0.0001108 seconds, Stopping threads took: 0.0000423 seconds
[185.678s][info ][safepoint    ] Application time: 1.0000918 seconds
[185.678s][info ][safepoint    ] Entering safepoint region: Cleanup
[185.678s][info ][safepoint    ] Leaving safepoint region
[185.678s][info ][safepoint    ] Total time for which application threads were stopped: 0.0001220 seconds, Stopping threads took: 0.0000223 seconds
[186.678s][info ][safepoint    ] Application time: 1.0000966 seconds
[186.678s][info ][safepoint    ] Entering safepoint region: Cleanup
[186.678s][info ][safepoint    ] Leaving safepoint region
[186.678s][info ][safepoint    ] Total time for which application threads were stopped: 0.0000769 seconds, Stopping threads took: 0.0000163 seconds
[187.678s][info ][safepoint    ] Application time: 1.0000978 seconds
[187.678s][info ][safepoint    ] Entering safepoint region: Cleanup
[187.678s][info ][safepoint    ] Leaving safepoint region
[187.678s][info ][safepoint    ] Total time for which application threads were stopped: 0.0001045 seconds, Stopping threads took: 0.0000179 seconds
[188.679s][info ][safepoint    ] Application time: 1.0000982 seconds
[188.679s][info ][safepoint    ] Entering safepoint region: Cleanup
[188.679s][info ][safepoint    ] Leaving safepoint region
[188.679s][info ][safepoint    ] Total time for which application threads were stopped: 0.0001000 seconds, Stopping threads took: 0.0000261 seconds
[189.679s][info ][safepoint    ] Application time: 1.0000996 seconds
[189.679s][info ][safepoint    ] Entering safepoint region: Cleanup
[189.679s][info ][safepoint    ] Leaving safepoint region
[189.679s][info ][safepoint    ] Total time for which application threads were stopped: 0.0001666 seconds, Stopping threads took: 0.0000507 seconds
[190.679s][info ][safepoint    ] Application time: 1.0000891 seconds
[190.679s][info ][safepoint    ] Entering safepoint region: Cleanup
[190.679s][info ][safepoint    ] Leaving safepoint region
[190.679s][info ][safepoint    ] Total time for which application threads were stopped: 0.0002775 seconds, Stopping threads took: 0.0002248 seconds
[191.680s][info ][safepoint    ] Application time: 1.0002113 seconds
[191.680s][info ][safepoint    ] Entering safepoint region: Cleanup
[191.680s][info ][safepoint    ] Leaving safepoint region
[191.680s][info ][safepoint    ] Total time for which application threads were stopped: 0.0000755 seconds, Stopping threads took: 0.0000171 seconds
[192.680s][info ][safepoint    ] Application time: 1.0000898 seconds
[192.680s][info ][safepoint    ] Entering safepoint region: Cleanup
[192.680s][info ][safepoint    ] Leaving safepoint region
[192.680s][info ][safepoint    ] Total time for which application threads were stopped: 0.0001161 seconds, Stopping threads took: 0.0000248 seconds
[193.680s][info ][safepoint    ] Application time: 1.0001410 seconds
[193.680s][info ][safepoint    ] Entering safepoint region: Cleanup
[193.680s][info ][safepoint    ] Leaving safepoint region
[193.680s][info ][safepoint    ] Total time for which application threads were stopped: 0.0001216 seconds, Stopping threads took: 0.0000422 seconds
[194.680s][info ][safepoint    ] Application time: 1.0001008 seconds
[194.680s][info ][safepoint    ] Entering safepoint region: Cleanup
[194.680s][info ][safepoint    ] Leaving safepoint region
[194.680s][info ][safepoint    ] Total time for which application threads were stopped: 0.0000692 seconds, Stopping threads took: 0.0000174 seconds
[195.681s][info ][safepoint    ] Application time: 1.0000912 seconds
[195.681s][info ][safepoint    ] Entering safepoint region: Cleanup
[195.681s][info ][safepoint    ] Leaving safepoint region
[195.681s][info ][safepoint    ] Total time for which application threads were stopped: 0.0000685 seconds, Stopping threads took: 0.0000176 seconds
[196.681s][info ][safepoint    ] Application time: 1.0000797 seconds
[196.681s][info ][safepoint    ] Entering safepoint region: Cleanup
[196.681s][info ][safepoint    ] Leaving safepoint region
[196.681s][info ][safepoint    ] Total time for which application threads were stopped: 0.0001013 seconds, Stopping threads took: 0.0000309 seconds
[197.681s][info ][safepoint    ] Application time: 1.0000911 seconds
[197.681s][info ][safepoint    ] Entering safepoint region: Cleanup
[197.681s][info ][safepoint    ] Leaving safepoint region
[197.681s][info ][safepoint    ] Total time for which application threads were stopped: 0.0000748 seconds, Stopping threads took: 0.0000198 seconds
[198.681s][info ][safepoint    ] Application time: 1.0000895 seconds
[198.681s][info ][safepoint    ] Entering safepoint region: Cleanup
[198.681s][info ][safepoint    ] Leaving safepoint region
[198.681s][info ][safepoint    ] Total time for which application threads were stopped: 0.0000661 seconds, Stopping threads took: 0.0000165 seconds
[199.681s][info ][safepoint    ] Application time: 1.0001138 seconds
[199.681s][info ][safepoint    ] Entering safepoint region: Cleanup
[199.682s][info ][safepoint    ] Leaving safepoint region
[199.682s][info ][safepoint    ] Total time for which application threads were stopped: 0.0001054 seconds, Stopping threads took: 0.0000537 seconds
[200.682s][info ][safepoint    ] Application time: 1.0000877 seconds
[200.724s][info ][safepoint    ] Entering safepoint region: Cleanup
[200.724s][info ][safepoint    ] Leaving safepoint region
[200.724s][info ][safepoint    ] Total time for which application threads were stopped: 0.0001283 seconds, Stopping threads took: 0.0000398 seconds
[201.724s][info ][safepoint    ] Application time: 1.0000782 seconds
[201.724s][info ][safepoint    ] Entering safepoint region: Cleanup
[201.724s][info ][safepoint    ] Leaving safepoint region
[201.724s][info ][safepoint    ] Total time for which application threads were stopped: 0.0000753 seconds, Stopping threads took: 0.0000177 seconds
[202.724s][info ][safepoint    ] Application time: 1.0000979 seconds
[202.724s][info ][safepoint    ] Entering safepoint region: Cleanup
[202.724s][info ][safepoint    ] Leaving safepoint region
[202.724s][info ][safepoint    ] Total time for which application threads were stopped: 0.0001113 seconds, Stopping threads took: 0.0000383 seconds
[203.724s][info ][safepoint    ] Application time: 1.0000981 seconds
[203.724s][info ][safepoint    ] Entering safepoint region: Cleanup
[203.724s][info ][safepoint    ] Leaving safepoint region
[203.724s][info ][safepoint    ] Total time for which application threads were stopped: 0.0001124 seconds, Stopping threads took: 0.0000526 seconds
[204.725s][info ][safepoint    ] Application time: 1.0000881 seconds
[204.725s][info ][safepoint    ] Entering safepoint region: Cleanup
[204.725s][info ][safepoint    ] Leaving safepoint region
[204.725s][info ][safepoint    ] Total time for which application threads were stopped: 0.0000743 seconds, Stopping threads took: 0.0000178 seconds
[205.725s][info ][safepoint    ] Application time: 1.0000721 seconds
[205.725s][info ][safepoint    ] Entering safepoint region: Cleanup
[205.725s][info ][safepoint    ] Leaving safepoint region
[205.725s][info ][safepoint    ] Total time for which application threads were stopped: 0.0000887 seconds, Stopping threads took: 0.0000179 seconds
[206.725s][info ][safepoint    ] Application time: 1.0000802 seconds
[206.725s][info ][safepoint    ] Entering safepoint region: Cleanup
[206.725s][info ][safepoint    ] Leaving safepoint region
[206.725s][info ][safepoint    ] Total time for which application threads were stopped: 0.0000799 seconds, Stopping threads took: 0.0000192 seconds
[207.725s][info ][safepoint    ] Application time: 1.0000925 seconds
[207.725s][info ][safepoint    ] Entering safepoint region: Cleanup
[207.725s][info ][safepoint    ] Leaving safepoint region
[207.725s][info ][safepoint    ] Total time for which application threads were stopped: 0.0000763 seconds, Stopping threads took: 0.0000179 seconds
[208.725s][info ][safepoint    ] Application time: 1.0000923 seconds
[208.725s][info ][safepoint    ] Entering safepoint region: Cleanup
[208.725s][info ][safepoint    ] Leaving safepoint region
[208.725s][info ][safepoint    ] Total time for which application threads were stopped: 0.0000771 seconds, Stopping threads took: 0.0000196 seconds
[209.726s][info ][safepoint    ] Application time: 1.0000908 seconds
[209.726s][info ][safepoint    ] Entering safepoint region: Cleanup
[209.726s][info ][safepoint    ] Leaving safepoint region
[209.726s][info ][safepoint    ] Total time for which application threads were stopped: 0.0000777 seconds, Stopping threads took: 0.0000205 seconds
[210.726s][info ][safepoint    ] Application time: 1.0000933 seconds
[210.726s][info ][safepoint    ] Entering safepoint region: Cleanup
[210.726s][info ][safepoint    ] Leaving safepoint region
[210.726s][info ][safepoint    ] Total time for which application threads were stopped: 0.0000787 seconds, Stopping threads took: 0.0000180 seconds
[211.726s][info ][safepoint    ] Application time: 1.0000792 seconds
[211.726s][info ][safepoint    ] Entering safepoint region: Cleanup
[211.726s][info ][safepoint    ] Leaving safepoint region
[211.726s][info ][safepoint    ] Total time for which application threads were stopped: 0.0000784 seconds, Stopping threads took: 0.0000188 seconds
[212.726s][info ][safepoint    ] Application time: 1.0000518 seconds
[212.726s][info ][safepoint    ] Entering safepoint region: Cleanup
[212.726s][info ][safepoint    ] Leaving safepoint region
[212.726s][info ][safepoint    ] Total time for which application threads were stopped: 0.0000975 seconds, Stopping threads took: 0.0000206 seconds
[213.726s][info ][safepoint    ] Application time: 1.0000946 seconds
[213.726s][info ][safepoint    ] Entering safepoint region: Cleanup
[213.727s][info ][safepoint    ] Leaving safepoint region
[213.727s][info ][safepoint    ] Total time for which application threads were stopped: 0.0000898 seconds, Stopping threads took: 0.0000183 seconds
[214.727s][info ][safepoint    ] Application time: 1.0000989 seconds
[214.727s][info ][safepoint    ] Entering safepoint region: Cleanup
[214.727s][info ][safepoint    ] Leaving safepoint region
[214.727s][info ][safepoint    ] Total time for which application threads were stopped: 0.0000767 seconds, Stopping threads took: 0.0000192 seconds
[215.727s][info ][safepoint    ] Application time: 1.0001282 seconds
[215.727s][info ][safepoint    ] Entering safepoint region: Cleanup
[215.727s][info ][safepoint    ] Leaving safepoint region
[215.727s][info ][safepoint    ] Total time for which application threads were stopped: 0.0000786 seconds, Stopping threads took: 0.0000202 seconds
[216.727s][info ][safepoint    ] Application time: 1.0000917 seconds
[216.727s][info ][safepoint    ] Entering safepoint region: Cleanup
[216.727s][info ][safepoint    ] Leaving safepoint region
[216.728s][info ][safepoint    ] Total time for which application threads were stopped: 0.0003288 seconds, Stopping threads took: 0.0000179 seconds
[217.728s][info ][safepoint    ] Application time: 1.0001312 seconds
[217.728s][info ][safepoint    ] Entering safepoint region: Cleanup
[217.728s][info ][safepoint    ] Leaving safepoint region
[217.728s][info ][safepoint    ] Total time for which application threads were stopped: 0.0000808 seconds, Stopping threads took: 0.0000191 seconds
[218.663s][info ][safepoint    ] Application time: 0.9349531 seconds
[218.663s][info ][safepoint    ] Entering safepoint region: RevokeBias
[218.663s][info ][safepoint    ] Leaving safepoint region
[218.663s][info ][safepoint    ] Total time for which application threads were stopped: 0.0000913 seconds, Stopping threads took: 0.0000173 seconds
[231.664s][info ][safepoint    ] Application time: 13.0009554 seconds
[231.664s][info ][safepoint    ] Entering safepoint region: Cleanup
[231.664s][info ][safepoint    ] Leaving safepoint region
[231.664s][info ][safepoint    ] Total time for which application threads were stopped: 0.0000745 seconds, Stopping threads took: 0.0000177 seconds
[264.667s][info ][safepoint    ] Application time: 33.0025176 seconds
[264.667s][info ][safepoint    ] Entering safepoint region: Cleanup
[264.667s][info ][safepoint    ] Leaving safepoint region
[264.667s][info ][safepoint    ] Total time for which application threads were stopped: 0.0001097 seconds, Stopping threads took: 0.0000317 seconds
[265.667s][info ][safepoint    ] Application time: 1.0001156 seconds
[265.667s][info ][safepoint    ] Entering safepoint region: Cleanup
[265.667s][info ][safepoint    ] Leaving safepoint region
[265.667s][info ][safepoint    ] Total time for which application threads were stopped: 0.0000879 seconds, Stopping threads took: 0.0000160 seconds
[278.663s][info ][safepoint    ] Application time: 12.9958531 seconds
[278.663s][info ][safepoint    ] Entering safepoint region: RevokeBias
[278.663s][info ][safepoint    ] Leaving safepoint region
[278.663s][info ][safepoint    ] Total time for which application threads were stopped: 0.0000816 seconds, Stopping threads took: 0.0000176 seconds
[282.071s][info ][safepoint    ] Application time: 3.4079508 seconds
[282.071s][info ][safepoint    ] Entering safepoint region: GenCollectForAllocation
[282.071s][info ][gc,start     ] GC(95) Pause Young (Allocation Failure)
[282.071s][info ][gc,task      ] GC(95) Using 4 workers of 4 for evacuation
[282.091s][debug][gc,ref       ] GC(95) Skipped phase1 of Reference Processing due to unavailable references
[282.091s][debug][gc,ref       ] GC(95) Skipped phase3 of Reference Processing due to unavailable references
[282.091s][debug][gc,age       ] GC(95) Desired survivor size 15400960 bytes, new threshold 6 (max threshold 6)
[282.091s][info ][gc,heap      ] GC(95) ParNew: 270976K->13470K(270976K)
[282.091s][info ][gc,heap      ] GC(95) CMS: 156352K->184586K(602112K)
[282.091s][info ][gc,metaspace ] GC(95) Metaspace: 51926K->51926K(1095680K)
[282.091s][info ][gc           ] GC(95) Pause Young (Allocation Failure) 417M->193M(852M) 20.165ms
[282.091s][info ][gc,cpu       ] GC(95) User=0.07s Sys=0.00s Real=0.02s
[282.091s][info ][safepoint    ] Leaving safepoint region
[282.091s][info ][safepoint    ] Total time for which application threads were stopped: 0.0203150 seconds, Stopping threads took: 0.0000269 seconds
[291.092s][info ][safepoint    ] Application time: 9.0006358 seconds
[291.092s][info ][safepoint    ] Entering safepoint region: Cleanup
[291.092s][info ][safepoint    ] Leaving safepoint region
[291.092s][info ][safepoint    ] Total time for which application threads were stopped: 0.0000810 seconds, Stopping threads took: 0.0000208 seconds
[309.093s][info ][safepoint    ] Application time: 18.0012646 seconds
[309.093s][info ][safepoint    ] Entering safepoint region: Cleanup
[309.093s][info ][safepoint    ] Leaving safepoint region
[309.093s][info ][safepoint    ] Total time for which application threads were stopped: 0.0001081 seconds, Stopping threads took: 0.0000333 seconds
[311.094s][info ][safepoint    ] Application time: 2.0001719 seconds
[311.094s][info ][safepoint    ] Entering safepoint region: Cleanup
[311.094s][info ][safepoint    ] Leaving safepoint region
[311.094s][info ][safepoint    ] Total time for which application threads were stopped: 0.0000855 seconds, Stopping threads took: 0.0000192 seconds
[338.663s][info ][safepoint    ] Application time: 27.5690649 seconds
[338.663s][info ][safepoint    ] Entering safepoint region: RevokeBias
[338.663s][info ][safepoint    ] Leaving safepoint region
[338.663s][info ][safepoint    ] Total time for which application threads were stopped: 0.0001057 seconds, Stopping threads took: 0.0000432 seconds
[342.664s][info ][safepoint    ] Application time: 4.0012921 seconds
[342.664s][info ][safepoint    ] Entering safepoint region: Cleanup
[342.664s][info ][safepoint    ] Leaving safepoint region
[342.664s][info ][safepoint    ] Total time for which application threads were stopped: 0.0000793 seconds, Stopping threads took: 0.0000181 seconds
[351.665s][info ][safepoint    ] Application time: 9.0007301 seconds
[351.665s][info ][safepoint    ] Entering safepoint region: Cleanup
[351.665s][info ][safepoint    ] Leaving safepoint region
[351.665s][info ][safepoint    ] Total time for which application threads were stopped: 0.0000901 seconds, Stopping threads took: 0.0000182 seconds
[369.667s][info ][safepoint    ] Application time: 18.0014021 seconds
[369.667s][info ][safepoint    ] Entering safepoint region: Cleanup
[369.667s][info ][safepoint    ] Leaving safepoint region
[369.667s][info ][safepoint    ] Total time for which application threads were stopped: 0.0000950 seconds, Stopping threads took: 0.0000348 seconds
[398.663s][info ][safepoint    ] Application time: 28.9960504 seconds
[398.663s][info ][safepoint    ] Entering safepoint region: RevokeBias
[398.663s][info ][safepoint    ] Leaving safepoint region
[398.663s][info ][safepoint    ] Total time for which application threads were stopped: 0.0000856 seconds, Stopping threads took: 0.0000295 seconds
[400.460s][info ][safepoint    ] Application time: 1.7969185 seconds
[400.460s][info ][safepoint    ] Entering safepoint region: RevokeBias
[400.460s][info ][safepoint    ] Leaving safepoint region
[400.460s][info ][safepoint    ] Total time for which application threads were stopped: 0.0001003 seconds, Stopping threads took: 0.0000204 seconds
[400.464s][info ][safepoint    ] Application time: 0.0044348 seconds
[400.464s][info ][safepoint    ] Entering safepoint region: RevokeBias
[400.464s][info ][safepoint    ] Leaving safepoint region
[400.465s][info ][safepoint    ] Total time for which application threads were stopped: 0.0000591 seconds, Stopping threads took: 0.0000160 seconds
[400.465s][info ][safepoint    ] Application time: 0.0004423 seconds
[400.465s][info ][safepoint    ] Entering safepoint region: RevokeBias
[400.465s][info ][safepoint    ] Leaving safepoint region
[400.465s][info ][safepoint    ] Total time for which application threads were stopped: 0.0000762 seconds, Stopping threads took: 0.0000276 seconds
[400.465s][info ][safepoint    ] Application time: 0.0001313 seconds
[400.465s][info ][safepoint    ] Entering safepoint region: RevokeBias
[400.465s][info ][safepoint    ] Leaving safepoint region
[400.465s][info ][safepoint    ] Total time for which application threads were stopped: 0.0000666 seconds, Stopping threads took: 0.0000300 seconds
[400.466s][info ][safepoint    ] Application time: 0.0003725 seconds
[400.466s][info ][safepoint    ] Entering safepoint region: RevokeBias
[400.466s][info ][safepoint    ] Leaving safepoint region
[400.466s][info ][safepoint    ] Total time for which application threads were stopped: 0.0000805 seconds, Stopping threads took: 0.0000427 seconds
[400.466s][info ][safepoint    ] Application time: 0.0001354 seconds
[400.466s][info ][safepoint    ] Entering safepoint region: RevokeBias
[400.466s][info ][safepoint    ] Leaving safepoint region
[400.466s][info ][safepoint    ] Total time for which application threads were stopped: 0.0000798 seconds, Stopping threads took: 0.0000498 seconds
[400.466s][info ][safepoint    ] Application time: 0.0001328 seconds
[400.466s][info ][safepoint    ] Entering safepoint region: RevokeBias
[400.466s][info ][safepoint    ] Leaving safepoint region
[400.466s][info ][safepoint    ] Total time for which application threads were stopped: 0.0001474 seconds, Stopping threads took: 0.0001264 seconds
[400.466s][info ][safepoint    ] Application time: 0.0000420 seconds
[400.466s][info ][safepoint    ] Entering safepoint region: RevokeBias
[400.466s][info ][safepoint    ] Leaving safepoint region
[400.466s][info ][safepoint    ] Total time for which application threads were stopped: 0.0000464 seconds, Stopping threads took: 0.0000315 seconds
[400.467s][info ][safepoint    ] Application time: 0.0009488 seconds
[400.467s][info ][safepoint    ] Entering safepoint region: RevokeBias
[400.467s][info ][safepoint    ] Leaving safepoint region
[400.467s][info ][safepoint    ] Total time for which application threads were stopped: 0.0000514 seconds, Stopping threads took: 0.0000110 seconds
[400.469s][info ][safepoint    ] Application time: 0.0014839 seconds
[400.469s][info ][safepoint    ] Entering safepoint region: RevokeBias
[400.469s][info ][safepoint    ] Leaving safepoint region
[400.469s][info ][safepoint    ] Total time for which application threads were stopped: 0.0001003 seconds, Stopping threads took: 0.0000271 seconds
[400.470s][info ][gc,heap,exit ] Heap
[400.470s][info ][gc,heap,exit ]  par new generation   total 270976K, used 64708K [0x0000000700000000, 0x0000000712600000, 0x0000000714cc0000)
[400.470s][info ][gc,heap,exit ]   eden space 240896K,  21% used [0x0000000700000000, 0x0000000703209770, 0x000000070eb40000)
[400.470s][info ][gc,heap,exit ]   from space 30080K,  44% used [0x000000070eb40000, 0x000000070f867900, 0x00000007108a0000)
[400.470s][info ][gc,heap,exit ]   to   space 30080K,   0% used [0x00000007108a0000, 0x00000007108a0000, 0x0000000712600000)
[400.470s][info ][gc,heap,exit ]  concurrent mark-sweep generation total 602112K, used 184586K [0x0000000714cc0000, 0x00000007398c0000, 0x0000000800000000)
[400.470s][info ][gc,heap,exit ]  Metaspace       used 51983K, capacity 55023K, committed 55328K, reserved 1095680K
[400.470s][info ][gc,heap,exit ]   class space    used 7086K, capacity 8452K, committed 8564K, reserved 1048576K
[400.470s][info ][safepoint    ] Application time: 0.0008774 seconds
[400.470s][info ][safepoint    ] Entering safepoint region: Halt
