[0.007s][info][gc] Using Concurrent Mark Sweep
[0.007s][info][gc,heap,coops] Heap address: 0x0000000700000000, size: 4096 MB, Compressed Oops mode: Zero based, Oop shift amount: 3
[0.059s][info][safepoint    ] Entering safepoint region: EnableBiasedLocking
[0.059s][info][safepoint    ] Leaving safepoint region
[0.059s][info][safepoint    ] Total time for which application threads were stopped: 0.0001814 seconds, Stopping threads took: 0.0000893 seconds
[0.065s][info][safepoint    ] Application time: 0.0050659 seconds
[0.065s][info][safepoint    ] Entering safepoint region: RevokeBias
[0.065s][info][safepoint    ] Leaving safepoint region
[0.065s][info][safepoint    ] Total time for which application threads were stopped: 0.0000969 seconds, Stopping threads took: 0.0000351 seconds
[0.146s][info][safepoint    ] Application time: 0.0816500 seconds
[0.146s][info][safepoint    ] Entering safepoint region: Deoptimize
[0.146s][info][safepoint    ] Leaving safepoint region
[0.146s][info][safepoint    ] Total time for which application threads were stopped: 0.0000631 seconds, Stopping threads took: 0.0000071 seconds
[1.147s][info][safepoint    ] Application time: 1.0001293 seconds
[1.147s][info][safepoint    ] Entering safepoint region: Cleanup
[1.147s][info][safepoint    ] Leaving safepoint region
[1.147s][info][safepoint    ] Total time for which application threads were stopped: 0.0001354 seconds, Stopping threads took: 0.0000104 seconds
[1.362s][info][safepoint    ] Application time: 0.2152082 seconds
[1.362s][info][safepoint    ] Entering safepoint region: Deoptimize
[1.362s][info][safepoint    ] Leaving safepoint region
[1.362s][info][safepoint    ] Total time for which application threads were stopped: 0.0001412 seconds, Stopping threads took: 0.0000072 seconds
[1.401s][info][safepoint    ] Application time: 0.0385539 seconds
[1.401s][info][safepoint    ] Entering safepoint region: Deoptimize
[1.401s][info][safepoint    ] Leaving safepoint region
[1.401s][info][safepoint    ] Total time for which application threads were stopped: 0.0001505 seconds, Stopping threads took: 0.0000071 seconds
[1.446s][info][safepoint    ] Application time: 0.0449425 seconds
[1.446s][info][safepoint    ] Entering safepoint region: Deoptimize
[1.446s][info][safepoint    ] Leaving safepoint region
[1.446s][info][safepoint    ] Total time for which application threads were stopped: 0.0002047 seconds, Stopping threads took: 0.0000072 seconds
[2.325s][info][safepoint    ] Application time: 0.8788915 seconds
[2.325s][info][safepoint    ] Entering safepoint region: Deoptimize
[2.325s][info][safepoint    ] Leaving safepoint region
[2.325s][info][safepoint    ] Total time for which application threads were stopped: 0.0001963 seconds, Stopping threads took: 0.0000076 seconds
[2.475s][info][safepoint    ] Application time: 0.1498795 seconds
[2.475s][info][safepoint    ] Entering safepoint region: Deoptimize
[2.475s][info][safepoint    ] Leaving safepoint region
[2.475s][info][safepoint    ] Total time for which application threads were stopped: 0.0002575 seconds, Stopping threads took: 0.0000077 seconds
[2.692s][info][safepoint    ] Application time: 0.2167915 seconds
[2.692s][info][safepoint    ] Entering safepoint region: RevokeBias
[2.692s][info][safepoint    ] Leaving safepoint region
[2.692s][info][safepoint    ] Total time for which application threads were stopped: 0.0001831 seconds, Stopping threads took: 0.0000451 seconds
[2.869s][info][safepoint    ] Application time: 0.1768119 seconds
[2.869s][info][safepoint    ] Entering safepoint region: ICBufferFull
[2.869s][info][safepoint    ] Leaving safepoint region
[2.869s][info][safepoint    ] Total time for which application threads were stopped: 0.0001349 seconds, Stopping threads took: 0.0000098 seconds
[2.879s][info][safepoint    ] Application time: 0.0094408 seconds
[2.879s][info][safepoint    ] Entering safepoint region: Deoptimize
[2.879s][info][safepoint    ] Leaving safepoint region
[2.879s][info][safepoint    ] Total time for which application threads were stopped: 0.0003087 seconds, Stopping threads took: 0.0000071 seconds
[2.887s][info][safepoint    ] Application time: 0.0074487 seconds
[2.887s][info][safepoint    ] Entering safepoint region: Deoptimize
[2.887s][info][safepoint    ] Leaving safepoint region
[2.887s][info][safepoint    ] Total time for which application threads were stopped: 0.0002748 seconds, Stopping threads took: 0.0000070 seconds
[3.016s][info][safepoint    ] Application time: 0.1289263 seconds
[3.016s][info][safepoint    ] Entering safepoint region: Deoptimize
[3.016s][info][safepoint    ] Leaving safepoint region
[3.016s][info][safepoint    ] Total time for which application threads were stopped: 0.0003626 seconds, Stopping threads took: 0.0000072 seconds
[3.143s][info][safepoint    ] Application time: 0.1271002 seconds
[3.143s][info][safepoint    ] Entering safepoint region: ICBufferFull
[3.143s][info][safepoint    ] Leaving safepoint region
[3.143s][info][safepoint    ] Total time for which application threads were stopped: 0.0001409 seconds, Stopping threads took: 0.0000112 seconds
[3.362s][info][safepoint    ] Application time: 0.2181371 seconds
[3.362s][info][safepoint    ] Entering safepoint region: Deoptimize
[3.362s][info][safepoint    ] Leaving safepoint region
[3.362s][info][safepoint    ] Total time for which application threads were stopped: 0.0004270 seconds, Stopping threads took: 0.0000074 seconds
[3.453s][info][safepoint    ] Application time: 0.0911169 seconds
[3.453s][info][safepoint    ] Entering safepoint region: CollectForMetadataAllocation
[3.453s][info][safepoint    ] Leaving safepoint region
[3.453s][info][safepoint    ] Total time for which application threads were stopped: 0.0001696 seconds, Stopping threads took: 0.0000083 seconds
[3.535s][info][safepoint    ] Application time: 0.0818007 seconds
[3.535s][info][safepoint    ] Entering safepoint region: GenCollectForAllocation
[3.535s][info][gc,start     ] GC(0) Pause Young (Allocation Failure)
[3.536s][info][gc,task      ] GC(0) Using 4 workers of 4 for evacuation
[3.585s][debug][gc,ref       ] GC(0) Skipped phase1 of Reference Processing due to unavailable references
[3.585s][debug][gc,ref       ] GC(0) Skipped phase3 of Reference Processing due to unavailable references
[3.585s][debug][gc,age       ] GC(0) Desired survivor size 15400960 bytes, new threshold 1 (max threshold 6)
[3.585s][info ][gc,heap      ] GC(0) ParNew: 240896K->30079K(270976K)
[3.585s][info ][gc,heap      ] GC(0) CMS: 0K->3425K(602112K)
[3.585s][info ][gc,metaspace ] GC(0) Metaspace: 20564K->20564K(1069056K)
[3.585s][info ][gc           ] GC(0) Pause Young (Allocation Failure) 235M->32M(852M) 49.851ms
[3.585s][info ][gc,cpu       ] GC(0) User=0.16s Sys=0.03s Real=0.05s
[3.585s][info ][safepoint    ] Leaving safepoint region
[3.585s][info ][safepoint    ] Total time for which application threads were stopped: 0.0500055 seconds, Stopping threads took: 0.0000351 seconds
[3.585s][info ][safepoint    ] Application time: 0.0001289 seconds
[3.585s][info ][safepoint    ] Entering safepoint region: CMS_Initial_Mark
[3.585s][info ][gc,start     ] GC(1) Pause Initial Mark
[3.593s][info ][gc           ] GC(1) Pause Initial Mark 37M->37M(852M) 7.541ms
[3.593s][info ][gc,cpu       ] GC(1) User=0.03s Sys=0.00s Real=0.01s
[3.593s][info ][safepoint    ] Leaving safepoint region
[3.593s][info ][safepoint    ] Total time for which application threads were stopped: 0.0076629 seconds, Stopping threads took: 0.0000303 seconds
[3.593s][info ][gc           ] GC(1) Concurrent Mark
[3.594s][info ][safepoint    ] Application time: 0.0008935 seconds
[3.594s][info ][safepoint    ] Entering safepoint region: RevokeBias
[3.594s][info ][safepoint    ] Leaving safepoint region
[3.594s][info ][safepoint    ] Total time for which application threads were stopped: 0.0001453 seconds, Stopping threads took: 0.0000672 seconds
[3.594s][info ][safepoint    ] Application time: 0.0000495 seconds
[3.594s][info ][safepoint    ] Entering safepoint region: RevokeBias
[3.594s][info ][safepoint    ] Leaving safepoint region
[3.594s][info ][safepoint    ] Total time for which application threads were stopped: 0.0001006 seconds, Stopping threads took: 0.0000657 seconds
[3.594s][info ][safepoint    ] Application time: 0.0000502 seconds
[3.594s][info ][safepoint    ] Entering safepoint region: RevokeBias
[3.594s][info ][safepoint    ] Leaving safepoint region
[3.594s][info ][safepoint    ] Total time for which application threads were stopped: 0.0000524 seconds, Stopping threads took: 0.0000223 seconds
[3.620s][info ][gc           ] GC(1) Concurrent Mark 27.362ms
[3.620s][info ][gc,cpu       ] GC(1) User=0.10s Sys=0.00s Real=0.03s
[3.620s][info ][gc           ] GC(1) Concurrent Preclean
[3.620s][debug][gc,ref       ] GC(1) Preclean SoftReferences 0.001ms
[3.621s][debug][gc,ref       ] GC(1) Preclean WeakReferences 0.000ms
[3.621s][debug][gc,ref       ] GC(1) Preclean FinalReferences 0.000ms
[3.621s][debug][gc,ref       ] GC(1) Preclean PhantomReferences 0.000ms
[3.621s][info ][gc           ] GC(1) Concurrent Preclean 0.864ms
[3.621s][info ][gc,cpu       ] GC(1) User=0.00s Sys=0.00s Real=0.00s
[3.621s][info ][gc           ] GC(1) Concurrent Abortable Preclean
[3.646s][info ][safepoint    ] Application time: 0.0515672 seconds
[3.646s][info ][safepoint    ] Entering safepoint region: CollectForMetadataAllocation
[3.646s][info ][safepoint    ] Leaving safepoint region
[3.646s][info ][safepoint    ] Total time for which application threads were stopped: 0.0001094 seconds, Stopping threads took: 0.0000071 seconds
[3.664s][info ][safepoint    ] Application time: 0.0181012 seconds
[3.664s][info ][safepoint    ] Entering safepoint region: CollectForMetadataAllocation
[3.664s][info ][safepoint    ] Leaving safepoint region
[3.664s][info ][safepoint    ] Total time for which application threads were stopped: 0.0001572 seconds, Stopping threads took: 0.0000864 seconds
[3.689s][info ][safepoint    ] Application time: 0.0246803 seconds
[3.689s][info ][safepoint    ] Entering safepoint region: CollectForMetadataAllocation
[3.689s][info ][safepoint    ] Leaving safepoint region
[3.689s][info ][safepoint    ] Total time for which application threads were stopped: 0.0000654 seconds, Stopping threads took: 0.0000086 seconds
[3.723s][info ][safepoint    ] Application time: 0.0336439 seconds
[3.723s][info ][safepoint    ] Entering safepoint region: CollectForMetadataAllocation
[3.723s][info ][safepoint    ] Leaving safepoint region
[3.723s][info ][safepoint    ] Total time for which application threads were stopped: 0.0001321 seconds, Stopping threads took: 0.0000297 seconds
[3.731s][info ][safepoint    ] Application time: 0.0084673 seconds
[3.732s][info ][safepoint    ] Entering safepoint region: RevokeBias
[3.732s][info ][safepoint    ] Leaving safepoint region
[3.732s][info ][safepoint    ] Total time for which application threads were stopped: 0.0001480 seconds, Stopping threads took: 0.0000687 seconds
[3.732s][info ][safepoint    ] Application time: 0.0004603 seconds
[3.732s][info ][safepoint    ] Entering safepoint region: RevokeBias
[3.732s][info ][safepoint    ] Leaving safepoint region
[3.732s][info ][safepoint    ] Total time for which application threads were stopped: 0.0001013 seconds, Stopping threads took: 0.0000364 seconds
[3.732s][info ][safepoint    ] Application time: 0.0002211 seconds
[3.732s][info ][safepoint    ] Entering safepoint region: RevokeBias
[3.733s][info ][safepoint    ] Leaving safepoint region
[3.733s][info ][safepoint    ] Total time for which application threads were stopped: 0.0001153 seconds, Stopping threads took: 0.0000660 seconds
[3.733s][info ][safepoint    ] Application time: 0.0002143 seconds
[3.733s][info ][safepoint    ] Entering safepoint region: RevokeBias
[3.733s][info ][safepoint    ] Leaving safepoint region
[3.733s][info ][safepoint    ] Total time for which application threads were stopped: 0.0001470 seconds, Stopping threads took: 0.0000735 seconds
[3.733s][info ][safepoint    ] Application time: 0.0001687 seconds
[3.733s][info ][safepoint    ] Entering safepoint region: RevokeBias
[3.733s][info ][safepoint    ] Leaving safepoint region
[3.733s][info ][safepoint    ] Total time for which application threads were stopped: 0.0001480 seconds, Stopping threads took: 0.0000948 seconds
[3.733s][info ][safepoint    ] Application time: 0.0001245 seconds
[3.734s][info ][safepoint    ] Entering safepoint region: RevokeBias
[3.734s][info ][safepoint    ] Leaving safepoint region
[3.734s][info ][safepoint    ] Total time for which application threads were stopped: 0.0003245 seconds, Stopping threads took: 0.0002632 seconds
[3.734s][info ][safepoint    ] Application time: 0.0002531 seconds
[3.734s][info ][safepoint    ] Entering safepoint region: RevokeBias
[3.734s][info ][safepoint    ] Leaving safepoint region
[3.734s][info ][safepoint    ] Total time for which application threads were stopped: 0.0001262 seconds, Stopping threads took: 0.0000760 seconds
[3.734s][info ][safepoint    ] Application time: 0.0002608 seconds
[3.734s][info ][safepoint    ] Entering safepoint region: RevokeBias
[3.735s][info ][safepoint    ] Leaving safepoint region
[3.735s][info ][safepoint    ] Total time for which application threads were stopped: 0.0001319 seconds, Stopping threads took: 0.0000733 seconds
[3.735s][info ][safepoint    ] Application time: 0.0001796 seconds
[3.735s][info ][safepoint    ] Entering safepoint region: RevokeBias
[3.735s][info ][safepoint    ] Leaving safepoint region
[3.735s][info ][safepoint    ] Total time for which application threads were stopped: 0.0001661 seconds, Stopping threads took: 0.0000871 seconds
[3.735s][info ][safepoint    ] Application time: 0.0001803 seconds
[3.735s][info ][safepoint    ] Entering safepoint region: RevokeBias
[3.735s][info ][safepoint    ] Leaving safepoint region
[3.735s][info ][safepoint    ] Total time for which application threads were stopped: 0.0002598 seconds, Stopping threads took: 0.0001903 seconds
[3.736s][info ][safepoint    ] Application time: 0.0000822 seconds
[3.736s][info ][safepoint    ] Entering safepoint region: RevokeBias
[3.736s][info ][safepoint    ] Leaving safepoint region
[3.736s][info ][safepoint    ] Total time for which application threads were stopped: 0.0001220 seconds, Stopping threads took: 0.0000795 seconds
[3.736s][info ][safepoint    ] Application time: 0.0001756 seconds
[3.736s][info ][safepoint    ] Entering safepoint region: RevokeBias
[3.736s][info ][safepoint    ] Leaving safepoint region
[3.736s][info ][safepoint    ] Total time for which application threads were stopped: 0.0002411 seconds, Stopping threads took: 0.0001610 seconds
[3.736s][info ][safepoint    ] Application time: 0.0002612 seconds
[3.736s][info ][safepoint    ] Entering safepoint region: RevokeBias
[3.737s][info ][safepoint    ] Leaving safepoint region
[3.737s][info ][safepoint    ] Total time for which application threads were stopped: 0.0001311 seconds, Stopping threads took: 0.0000559 seconds
[3.737s][info ][safepoint    ] Application time: 0.0002595 seconds
[3.737s][info ][safepoint    ] Entering safepoint region: RevokeBias
[3.737s][info ][safepoint    ] Leaving safepoint region
[3.737s][info ][safepoint    ] Total time for which application threads were stopped: 0.0001487 seconds, Stopping threads took: 0.0000982 seconds
[3.738s][info ][safepoint    ] Application time: 0.0006436 seconds
[3.738s][info ][safepoint    ] Entering safepoint region: RevokeBias
[3.738s][info ][safepoint    ] Leaving safepoint region
[3.738s][info ][safepoint    ] Total time for which application threads were stopped: 0.0001416 seconds, Stopping threads took: 0.0000654 seconds
[3.738s][info ][safepoint    ] Application time: 0.0002791 seconds
[3.738s][info ][safepoint    ] Entering safepoint region: RevokeBias
[3.738s][info ][safepoint    ] Leaving safepoint region
[3.738s][info ][safepoint    ] Total time for which application threads were stopped: 0.0001591 seconds, Stopping threads took: 0.0000690 seconds
[3.739s][info ][safepoint    ] Application time: 0.0003069 seconds
[3.739s][info ][safepoint    ] Entering safepoint region: RevokeBias
[3.739s][info ][safepoint    ] Leaving safepoint region
[3.739s][info ][safepoint    ] Total time for which application threads were stopped: 0.0001873 seconds, Stopping threads took: 0.0000866 seconds
[3.739s][info ][safepoint    ] Application time: 0.0006063 seconds
[3.739s][info ][safepoint    ] Entering safepoint region: RevokeBias
[3.739s][info ][safepoint    ] Leaving safepoint region
[3.739s][info ][safepoint    ] Total time for which application threads were stopped: 0.0000971 seconds, Stopping threads took: 0.0000436 seconds
[3.740s][info ][safepoint    ] Application time: 0.0007157 seconds
[3.740s][info ][safepoint    ] Entering safepoint region: RevokeBias
[3.740s][info ][safepoint    ] Leaving safepoint region
[3.740s][info ][safepoint    ] Total time for which application threads were stopped: 0.0000920 seconds, Stopping threads took: 0.0000320 seconds
[3.740s][info ][safepoint    ] Application time: 0.0000790 seconds
[3.740s][info ][safepoint    ] Entering safepoint region: RevokeBias
[3.741s][info ][safepoint    ] Leaving safepoint region
[3.741s][info ][safepoint    ] Total time for which application threads were stopped: 0.0001389 seconds, Stopping threads took: 0.0001014 seconds
[3.741s][info ][safepoint    ] Application time: 0.0003979 seconds
[3.741s][info ][safepoint    ] Entering safepoint region: RevokeBias
[3.741s][info ][safepoint    ] Leaving safepoint region
[3.741s][info ][safepoint    ] Total time for which application threads were stopped: 0.0001488 seconds, Stopping threads took: 0.0000847 seconds
[3.741s][info ][safepoint    ] Application time: 0.0000745 seconds
[3.741s][info ][safepoint    ] Entering safepoint region: RevokeBias
[3.741s][info ][safepoint    ] Leaving safepoint region
[3.741s][info ][safepoint    ] Total time for which application threads were stopped: 0.0000602 seconds, Stopping threads took: 0.0000223 seconds
[3.742s][info ][safepoint    ] Application time: 0.0008233 seconds
[3.742s][info ][safepoint    ] Entering safepoint region: RevokeBias
[3.742s][info ][safepoint    ] Leaving safepoint region
[3.742s][info ][safepoint    ] Total time for which application threads were stopped: 0.0001430 seconds, Stopping threads took: 0.0000753 seconds
[3.743s][info ][safepoint    ] Application time: 0.0007458 seconds
[3.743s][info ][safepoint    ] Entering safepoint region: RevokeBias
[3.743s][info ][safepoint    ] Leaving safepoint region
[3.743s][info ][safepoint    ] Total time for which application threads were stopped: 0.0001347 seconds, Stopping threads took: 0.0000785 seconds
[3.748s][info ][safepoint    ] Application time: 0.0048165 seconds
[3.748s][info ][safepoint    ] Entering safepoint region: RevokeBias
[3.748s][info ][safepoint    ] Leaving safepoint region
[3.748s][info ][safepoint    ] Total time for which application threads were stopped: 0.0001702 seconds, Stopping threads took: 0.0000334 seconds
[3.750s][info ][safepoint    ] Application time: 0.0021626 seconds
[3.750s][info ][safepoint    ] Entering safepoint region: BulkRevokeBias
[3.751s][info ][safepoint    ] Leaving safepoint region
[3.751s][info ][safepoint    ] Total time for which application threads were stopped: 0.0001918 seconds, Stopping threads took: 0.0000594 seconds
[3.753s][info ][safepoint    ] Application time: 0.0023823 seconds
[3.753s][info ][safepoint    ] Entering safepoint region: RevokeBias
[3.753s][info ][safepoint    ] Leaving safepoint region
[3.753s][info ][safepoint    ] Total time for which application threads were stopped: 0.0001301 seconds, Stopping threads took: 0.0000513 seconds
[3.753s][info ][safepoint    ] Application time: 0.0002568 seconds
[3.753s][info ][safepoint    ] Entering safepoint region: CollectForMetadataAllocation
[3.753s][info ][safepoint    ] Leaving safepoint region
[3.753s][info ][safepoint    ] Total time for which application threads were stopped: 0.0000982 seconds, Stopping threads took: 0.0000097 seconds
[3.754s][info ][safepoint    ] Application time: 0.0002344 seconds
[3.754s][info ][safepoint    ] Entering safepoint region: CollectForMetadataAllocation
[3.754s][info ][safepoint    ] Leaving safepoint region
[3.754s][info ][safepoint    ] Total time for which application threads were stopped: 0.0002808 seconds, Stopping threads took: 0.0002464 seconds
[3.756s][info ][safepoint    ] Application time: 0.0022155 seconds
[3.756s][info ][safepoint    ] Entering safepoint region: RevokeBias
[3.756s][info ][safepoint    ] Leaving safepoint region
[3.756s][info ][safepoint    ] Total time for which application threads were stopped: 0.0001026 seconds, Stopping threads took: 0.0000086 seconds
[3.758s][info ][safepoint    ] Application time: 0.0020547 seconds
[3.759s][info ][safepoint    ] Entering safepoint region: RevokeBias
[3.759s][info ][safepoint    ] Leaving safepoint region
[3.759s][info ][safepoint    ] Total time for which application threads were stopped: 0.0001546 seconds, Stopping threads took: 0.0000969 seconds
[3.759s][info ][safepoint    ] Application time: 0.0001944 seconds
[3.759s][info ][safepoint    ] Entering safepoint region: RevokeBias
[3.759s][info ][safepoint    ] Leaving safepoint region
[3.759s][info ][safepoint    ] Total time for which application threads were stopped: 0.0000985 seconds, Stopping threads took: 0.0000312 seconds
[3.759s][info ][safepoint    ] Application time: 0.0005474 seconds
[3.759s][info ][safepoint    ] Entering safepoint region: RevokeBias
[3.760s][info ][safepoint    ] Leaving safepoint region
[3.760s][info ][safepoint    ] Total time for which application threads were stopped: 0.0001066 seconds, Stopping threads took: 0.0000452 seconds
[3.762s][info ][safepoint    ] Application time: 0.0025689 seconds
[3.762s][info ][safepoint    ] Entering safepoint region: RevokeBias
[3.762s][info ][safepoint    ] Leaving safepoint region
[3.762s][info ][safepoint    ] Total time for which application threads were stopped: 0.0001270 seconds, Stopping threads took: 0.0000753 seconds
[3.763s][info ][safepoint    ] Application time: 0.0009597 seconds
[3.763s][info ][safepoint    ] Entering safepoint region: RevokeBias
[3.763s][info ][safepoint    ] Leaving safepoint region
[3.763s][info ][safepoint    ] Total time for which application threads were stopped: 0.0001100 seconds, Stopping threads took: 0.0000328 seconds
[3.764s][info ][safepoint    ] Application time: 0.0001614 seconds
[3.764s][info ][safepoint    ] Entering safepoint region: CollectForMetadataAllocation
[3.764s][info ][safepoint    ] Leaving safepoint region
[3.764s][info ][safepoint    ] Total time for which application threads were stopped: 0.0001014 seconds, Stopping threads took: 0.0000446 seconds
[3.765s][info ][safepoint    ] Application time: 0.0016032 seconds
[3.765s][info ][safepoint    ] Entering safepoint region: RevokeBias
[3.765s][info ][safepoint    ] Leaving safepoint region
[3.765s][info ][safepoint    ] Total time for which application threads were stopped: 0.0001593 seconds, Stopping threads took: 0.0000892 seconds
[3.767s][info ][safepoint    ] Application time: 0.0020268 seconds
[3.767s][info ][safepoint    ] Entering safepoint region: RevokeBias
[3.768s][info ][safepoint    ] Leaving safepoint region
[3.768s][info ][safepoint    ] Total time for which application threads were stopped: 0.0000889 seconds, Stopping threads took: 0.0000079 seconds
[3.770s][info ][safepoint    ] Application time: 0.0025081 seconds
[3.770s][info ][safepoint    ] Entering safepoint region: RevokeBias
[3.770s][info ][safepoint    ] Leaving safepoint region
[3.770s][info ][safepoint    ] Total time for which application threads were stopped: 0.0002491 seconds, Stopping threads took: 0.0001868 seconds
[3.772s][info ][safepoint    ] Application time: 0.0017067 seconds
[3.772s][info ][safepoint    ] Entering safepoint region: RevokeBias
[3.772s][info ][safepoint    ] Leaving safepoint region
[3.772s][info ][safepoint    ] Total time for which application threads were stopped: 0.0003348 seconds, Stopping threads took: 0.0002227 seconds
[3.774s][info ][safepoint    ] Application time: 0.0011398 seconds
[3.774s][info ][safepoint    ] Entering safepoint region: CollectForMetadataAllocation
[3.774s][info ][safepoint    ] Leaving safepoint region
[3.774s][info ][safepoint    ] Total time for which application threads were stopped: 0.0002245 seconds, Stopping threads took: 0.0000104 seconds
[3.774s][info ][safepoint    ] Application time: 0.0003626 seconds
[3.774s][info ][safepoint    ] Entering safepoint region: RevokeBias
[3.774s][info ][safepoint    ] Leaving safepoint region
[3.774s][info ][safepoint    ] Total time for which application threads were stopped: 0.0001102 seconds, Stopping threads took: 0.0000309 seconds
[3.776s][info ][safepoint    ] Application time: 0.0013218 seconds
[3.776s][info ][safepoint    ] Entering safepoint region: RevokeBias
[3.776s][info ][safepoint    ] Leaving safepoint region
[3.776s][info ][safepoint    ] Total time for which application threads were stopped: 0.0003496 seconds, Stopping threads took: 0.0002667 seconds
[3.777s][info ][safepoint    ] Application time: 0.0011528 seconds
[3.779s][info ][safepoint    ] Entering safepoint region: RevokeBias
[3.779s][info ][safepoint    ] Leaving safepoint region
[3.779s][info ][safepoint    ] Total time for which application threads were stopped: 0.0014562 seconds, Stopping threads took: 0.0013945 seconds
[3.781s][info ][safepoint    ] Application time: 0.0028413 seconds
[3.782s][info ][safepoint    ] Entering safepoint region: RevokeBias
[3.782s][info ][safepoint    ] Leaving safepoint region
[3.782s][info ][safepoint    ] Total time for which application threads were stopped: 0.0004603 seconds, Stopping threads took: 0.0000159 seconds
[3.783s][info ][safepoint    ] Application time: 0.0013607 seconds
[3.783s][info ][safepoint    ] Entering safepoint region: RevokeBias
[3.783s][info ][safepoint    ] Leaving safepoint region
[3.783s][info ][safepoint    ] Total time for which application threads were stopped: 0.0001077 seconds, Stopping threads took: 0.0000438 seconds
[3.784s][info ][safepoint    ] Application time: 0.0003678 seconds
[3.784s][info ][safepoint    ] Entering safepoint region: RevokeBias
[3.784s][info ][safepoint    ] Leaving safepoint region
[3.784s][info ][safepoint    ] Total time for which application threads were stopped: 0.0000635 seconds, Stopping threads took: 0.0000072 seconds
[3.784s][info ][safepoint    ] Application time: 0.0004912 seconds
[3.784s][info ][safepoint    ] Entering safepoint region: RevokeBias
[3.785s][info ][safepoint    ] Leaving safepoint region
[3.785s][info ][safepoint    ] Total time for which application threads were stopped: 0.0000887 seconds, Stopping threads took: 0.0000481 seconds
[3.786s][info ][safepoint    ] Application time: 0.0013247 seconds
[3.786s][info ][safepoint    ] Entering safepoint region: RevokeBias
[3.786s][info ][safepoint    ] Leaving safepoint region
[3.786s][info ][safepoint    ] Total time for which application threads were stopped: 0.0001712 seconds, Stopping threads took: 0.0001198 seconds
[3.787s][info ][safepoint    ] Application time: 0.0010364 seconds
[3.787s][info ][safepoint    ] Entering safepoint region: RevokeBias
[3.787s][info ][safepoint    ] Leaving safepoint region
[3.787s][info ][safepoint    ] Total time for which application threads were stopped: 0.0001176 seconds, Stopping threads took: 0.0000475 seconds
[3.788s][info ][safepoint    ] Application time: 0.0003345 seconds
[3.788s][info ][safepoint    ] Entering safepoint region: CollectForMetadataAllocation
[3.788s][info ][safepoint    ] Leaving safepoint region
[3.788s][info ][safepoint    ] Total time for which application threads were stopped: 0.0000811 seconds, Stopping threads took: 0.0000295 seconds
[3.788s][info ][safepoint    ] Application time: 0.0001394 seconds
[3.788s][info ][safepoint    ] Entering safepoint region: BulkRevokeBias
[3.788s][info ][safepoint    ] Leaving safepoint region
[3.788s][info ][safepoint    ] Total time for which application threads were stopped: 0.0005377 seconds, Stopping threads took: 0.0003274 seconds
[3.800s][info ][safepoint    ] Application time: 0.0117373 seconds
[3.800s][info ][safepoint    ] Entering safepoint region: CollectForMetadataAllocation
[3.800s][info ][safepoint    ] Leaving safepoint region
[3.800s][info ][safepoint    ] Total time for which application threads were stopped: 0.0001429 seconds, Stopping threads took: 0.0000318 seconds
[3.813s][info ][safepoint    ] Application time: 0.0125935 seconds
[3.813s][info ][safepoint    ] Entering safepoint region: CollectForMetadataAllocation
[3.813s][info ][safepoint    ] Leaving safepoint region
[3.813s][info ][safepoint    ] Total time for which application threads were stopped: 0.0001321 seconds, Stopping threads took: 0.0000446 seconds
[3.820s][info ][safepoint    ] Application time: 0.0073568 seconds
[3.820s][info ][safepoint    ] Entering safepoint region: CollectForMetadataAllocation
[3.821s][info ][safepoint    ] Leaving safepoint region
[3.821s][info ][safepoint    ] Total time for which application threads were stopped: 0.0001205 seconds, Stopping threads took: 0.0000492 seconds
[3.835s][info ][safepoint    ] Application time: 0.0143320 seconds
[3.835s][info ][safepoint    ] Entering safepoint region: CollectForMetadataAllocation
[3.835s][info ][safepoint    ] Leaving safepoint region
[3.835s][info ][safepoint    ] Total time for which application threads were stopped: 0.0001585 seconds, Stopping threads took: 0.0000653 seconds
[3.847s][info ][safepoint    ] Application time: 0.0122980 seconds
[3.847s][info ][safepoint    ] Entering safepoint region: CollectForMetadataAllocation
[3.848s][info ][safepoint    ] Leaving safepoint region
[3.848s][info ][safepoint    ] Total time for which application threads were stopped: 0.0001506 seconds, Stopping threads took: 0.0000528 seconds
[3.848s][info ][safepoint    ] Application time: 0.0000785 seconds
[3.848s][info ][safepoint    ] Entering safepoint region: CollectForMetadataAllocation
[3.848s][info ][safepoint    ] Leaving safepoint region
[3.848s][info ][safepoint    ] Total time for which application threads were stopped: 0.0000561 seconds, Stopping threads took: 0.0000285 seconds
[3.862s][info ][safepoint    ] Application time: 0.0139300 seconds
[3.862s][info ][safepoint    ] Entering safepoint region: CollectForMetadataAllocation
[3.862s][info ][safepoint    ] Leaving safepoint region
[3.862s][info ][safepoint    ] Total time for which application threads were stopped: 0.0002535 seconds, Stopping threads took: 0.0001169 seconds
[3.864s][info ][safepoint    ] Application time: 0.0017282 seconds
[3.864s][info ][safepoint    ] Entering safepoint region: Deoptimize
[3.864s][info ][safepoint    ] Leaving safepoint region
[3.864s][info ][safepoint    ] Total time for which application threads were stopped: 0.0004729 seconds, Stopping threads took: 0.0000886 seconds
[3.883s][info ][safepoint    ] Application time: 0.0187026 seconds
[3.883s][info ][safepoint    ] Entering safepoint region: RevokeBias
[3.883s][info ][safepoint    ] Leaving safepoint region
[3.883s][info ][safepoint    ] Total time for which application threads were stopped: 0.0002184 seconds, Stopping threads took: 0.0001042 seconds
[3.884s][info ][safepoint    ] Application time: 0.0004916 seconds
[3.884s][info ][safepoint    ] Entering safepoint region: RevokeBias
[3.884s][info ][safepoint    ] Leaving safepoint region
[3.884s][info ][safepoint    ] Total time for which application threads were stopped: 0.0001512 seconds, Stopping threads took: 0.0000863 seconds
[3.885s][info ][safepoint    ] Application time: 0.0008462 seconds
[3.885s][info ][safepoint    ] Entering safepoint region: RevokeBias
[3.885s][info ][safepoint    ] Leaving safepoint region
[3.885s][info ][safepoint    ] Total time for which application threads were stopped: 0.0002150 seconds, Stopping threads took: 0.0001471 seconds
[3.885s][info ][safepoint    ] Application time: 0.0001635 seconds
[3.885s][info ][safepoint    ] Entering safepoint region: RevokeBias
[3.885s][info ][safepoint    ] Leaving safepoint region
[3.885s][info ][safepoint    ] Total time for which application threads were stopped: 0.0001750 seconds, Stopping threads took: 0.0000920 seconds
[3.885s][info ][safepoint    ] Application time: 0.0001256 seconds
[3.885s][info ][safepoint    ] Entering safepoint region: RevokeBias
[3.885s][info ][safepoint    ] Leaving safepoint region
[3.886s][info ][safepoint    ] Total time for which application threads were stopped: 0.0001155 seconds, Stopping threads took: 0.0000412 seconds
[3.886s][info ][safepoint    ] Application time: 0.0003288 seconds
[3.886s][info ][safepoint    ] Entering safepoint region: RevokeBias
[3.886s][info ][safepoint    ] Leaving safepoint region
[3.886s][info ][safepoint    ] Total time for which application threads were stopped: 0.0001523 seconds, Stopping threads took: 0.0000420 seconds
[3.888s][info ][safepoint    ] Application time: 0.0019672 seconds
[3.888s][info ][safepoint    ] Entering safepoint region: RevokeBias
[3.888s][info ][safepoint    ] Leaving safepoint region
[3.888s][info ][safepoint    ] Total time for which application threads were stopped: 0.0002277 seconds, Stopping threads took: 0.0000280 seconds
[3.888s][info ][safepoint    ] Application time: 0.0002277 seconds
[3.889s][info ][safepoint    ] Entering safepoint region: RevokeBias
[3.889s][info ][safepoint    ] Leaving safepoint region
[3.889s][info ][safepoint    ] Total time for which application threads were stopped: 0.0003150 seconds, Stopping threads took: 0.0002476 seconds
[3.889s][info ][safepoint    ] Application time: 0.0001978 seconds
[3.889s][info ][safepoint    ] Entering safepoint region: RevokeBias
[3.889s][info ][safepoint    ] Leaving safepoint region
[3.889s][info ][safepoint    ] Total time for which application threads were stopped: 0.0001352 seconds, Stopping threads took: 0.0000511 seconds
[3.889s][info ][safepoint    ] Application time: 0.0000761 seconds
[3.889s][info ][safepoint    ] Entering safepoint region: RevokeBias
[3.889s][info ][safepoint    ] Leaving safepoint region
[3.889s][info ][safepoint    ] Total time for which application threads were stopped: 0.0001496 seconds, Stopping threads took: 0.0000751 seconds
[3.890s][info ][safepoint    ] Application time: 0.0002867 seconds
[3.890s][info ][safepoint    ] Entering safepoint region: RevokeBias
[3.890s][info ][safepoint    ] Leaving safepoint region
[3.890s][info ][safepoint    ] Total time for which application threads were stopped: 0.0002268 seconds, Stopping threads took: 0.0001105 seconds
[3.890s][info ][safepoint    ] Application time: 0.0001207 seconds
[3.890s][info ][safepoint    ] Entering safepoint region: RevokeBias
[3.890s][info ][safepoint    ] Leaving safepoint region
[3.890s][info ][safepoint    ] Total time for which application threads were stopped: 0.0001845 seconds, Stopping threads took: 0.0000417 seconds
[3.890s][info ][safepoint    ] Application time: 0.0000770 seconds
[3.890s][info ][safepoint    ] Entering safepoint region: RevokeBias
[3.890s][info ][safepoint    ] Leaving safepoint region
[3.890s][info ][safepoint    ] Total time for which application threads were stopped: 0.0001538 seconds, Stopping threads took: 0.0000343 seconds
[3.891s][info ][safepoint    ] Application time: 0.0001048 seconds
[3.891s][info ][safepoint    ] Entering safepoint region: RevokeBias
[3.891s][info ][safepoint    ] Leaving safepoint region
[3.891s][info ][safepoint    ] Total time for which application threads were stopped: 0.0001782 seconds, Stopping threads took: 0.0000885 seconds
[3.891s][info ][safepoint    ] Application time: 0.0000724 seconds
[3.891s][info ][safepoint    ] Entering safepoint region: RevokeBias
[3.891s][info ][safepoint    ] Leaving safepoint region
[3.891s][info ][safepoint    ] Total time for which application threads were stopped: 0.0001269 seconds, Stopping threads took: 0.0000493 seconds
[3.891s][info ][safepoint    ] Application time: 0.0002829 seconds
[3.892s][info ][safepoint    ] Entering safepoint region: RevokeBias
[3.892s][info ][safepoint    ] Leaving safepoint region
[3.892s][info ][safepoint    ] Total time for which application threads were stopped: 0.0005555 seconds, Stopping threads took: 0.0004398 seconds
[3.892s][info ][safepoint    ] Application time: 0.0004045 seconds
[3.892s][info ][safepoint    ] Entering safepoint region: BulkRevokeBias
[3.893s][info ][safepoint    ] Leaving safepoint region
[3.893s][info ][safepoint    ] Total time for which application threads were stopped: 0.0005203 seconds, Stopping threads took: 0.0000538 seconds
[3.895s][info ][safepoint    ] Application time: 0.0026729 seconds
[3.896s][info ][safepoint    ] Entering safepoint region: CollectForMetadataAllocation
[3.896s][info ][safepoint    ] Leaving safepoint region
[3.896s][info ][safepoint    ] Total time for which application threads were stopped: 0.0004452 seconds, Stopping threads took: 0.0002698 seconds
[3.897s][info ][safepoint    ] Application time: 0.0006046 seconds
[3.897s][info ][safepoint    ] Entering safepoint region: RevokeBias
[3.897s][info ][safepoint    ] Leaving safepoint region
[3.897s][info ][safepoint    ] Total time for which application threads were stopped: 0.0002800 seconds, Stopping threads took: 0.0001700 seconds
[3.898s][info ][safepoint    ] Application time: 0.0015782 seconds
[3.899s][info ][safepoint    ] Entering safepoint region: RevokeBias
[3.899s][info ][safepoint    ] Leaving safepoint region
[3.899s][info ][safepoint    ] Total time for which application threads were stopped: 0.0001892 seconds, Stopping threads took: 0.0001046 seconds
[3.903s][info ][safepoint    ] Application time: 0.0043365 seconds
[3.903s][info ][safepoint    ] Entering safepoint region: RevokeBias
[3.903s][info ][safepoint    ] Leaving safepoint region
[3.903s][info ][safepoint    ] Total time for which application threads were stopped: 0.0002669 seconds, Stopping threads took: 0.0001565 seconds
[3.915s][info ][safepoint    ] Application time: 0.0121698 seconds
[3.916s][info ][safepoint    ] Entering safepoint region: RevokeBias
[3.916s][info ][safepoint    ] Leaving safepoint region
[3.916s][info ][safepoint    ] Total time for which application threads were stopped: 0.0002902 seconds, Stopping threads took: 0.0001822 seconds
[3.922s][info ][safepoint    ] Application time: 0.0061812 seconds
[3.922s][info ][safepoint    ] Entering safepoint region: BulkRevokeBias
[3.923s][info ][safepoint    ] Leaving safepoint region
[3.923s][info ][safepoint    ] Total time for which application threads were stopped: 0.0006243 seconds, Stopping threads took: 0.0001835 seconds
[3.923s][info ][safepoint    ] Application time: 0.0004391 seconds
[3.923s][info ][safepoint    ] Entering safepoint region: RevokeBias
[3.923s][info ][safepoint    ] Leaving safepoint region
[3.923s][info ][safepoint    ] Total time for which application threads were stopped: 0.0002434 seconds, Stopping threads took: 0.0001652 seconds
[3.924s][info ][safepoint    ] Application time: 0.0003304 seconds
[3.924s][info ][safepoint    ] Entering safepoint region: RevokeBias
[3.924s][info ][safepoint    ] Leaving safepoint region
[3.924s][info ][safepoint    ] Total time for which application threads were stopped: 0.0002253 seconds, Stopping threads took: 0.0001482 seconds
[3.925s][info ][safepoint    ] Application time: 0.0008419 seconds
[3.925s][info ][safepoint    ] Entering safepoint region: RevokeBias
[3.926s][info ][safepoint    ] Leaving safepoint region
[3.926s][info ][safepoint    ] Total time for which application threads were stopped: 0.0007491 seconds, Stopping threads took: 0.0006624 seconds
[3.927s][info ][safepoint    ] Application time: 0.0012246 seconds
[3.927s][info ][safepoint    ] Entering safepoint region: RevokeBias
[3.927s][info ][safepoint    ] Leaving safepoint region
[3.927s][info ][safepoint    ] Total time for which application threads were stopped: 0.0002654 seconds, Stopping threads took: 0.0001644 seconds
[3.929s][info ][safepoint    ] Application time: 0.0016561 seconds
[3.929s][info ][safepoint    ] Entering safepoint region: RevokeBias
[3.929s][info ][safepoint    ] Leaving safepoint region
[3.929s][info ][safepoint    ] Total time for which application threads were stopped: 0.0002503 seconds, Stopping threads took: 0.0000828 seconds
[3.938s][info ][safepoint    ] Application time: 0.0085497 seconds
[3.941s][info ][safepoint    ] Entering safepoint region: RevokeBias
[3.941s][info ][safepoint    ] Leaving safepoint region
[3.941s][info ][safepoint    ] Total time for which application threads were stopped: 0.0033039 seconds, Stopping threads took: 0.0031597 seconds
[3.942s][info ][safepoint    ] Application time: 0.0006544 seconds
[3.942s][info ][safepoint    ] Entering safepoint region: CollectForMetadataAllocation
[3.942s][info ][safepoint    ] Leaving safepoint region
[3.942s][info ][safepoint    ] Total time for which application threads were stopped: 0.0002901 seconds, Stopping threads took: 0.0001804 seconds
[3.942s][info ][safepoint    ] Application time: 0.0001074 seconds
[3.942s][info ][safepoint    ] Entering safepoint region: CollectForMetadataAllocation
[3.942s][info ][safepoint    ] Leaving safepoint region
[3.942s][info ][safepoint    ] Total time for which application threads were stopped: 0.0001605 seconds, Stopping threads took: 0.0001097 seconds
[3.942s][info ][safepoint    ] Application time: 0.0001243 seconds
[3.942s][info ][safepoint    ] Entering safepoint region: Deoptimize
[3.943s][info ][safepoint    ] Leaving safepoint region
[3.943s][info ][safepoint    ] Total time for which application threads were stopped: 0.0005156 seconds, Stopping threads took: 0.0000962 seconds
[3.946s][info ][safepoint    ] Application time: 0.0033432 seconds
[3.946s][info ][safepoint    ] Entering safepoint region: RevokeBias
[3.946s][info ][safepoint    ] Leaving safepoint region
[3.946s][info ][safepoint    ] Total time for which application threads were stopped: 0.0002707 seconds, Stopping threads took: 0.0001844 seconds
[3.950s][info ][safepoint    ] Application time: 0.0040500 seconds
[3.951s][info ][safepoint    ] Entering safepoint region: RevokeBias
[3.951s][info ][safepoint    ] Leaving safepoint region
[3.951s][info ][safepoint    ] Total time for which application threads were stopped: 0.0003902 seconds, Stopping threads took: 0.0001648 seconds
[3.953s][info ][safepoint    ] Application time: 0.0020492 seconds
[3.953s][info ][safepoint    ] Entering safepoint region: RevokeBias
[3.953s][info ][safepoint    ] Leaving safepoint region
[3.953s][info ][safepoint    ] Total time for which application threads were stopped: 0.0003376 seconds, Stopping threads took: 0.0001239 seconds
[3.954s][info ][safepoint    ] Application time: 0.0002737 seconds
[3.954s][info ][safepoint    ] Entering safepoint region: RevokeBias
[3.954s][info ][safepoint    ] Leaving safepoint region
[3.954s][info ][safepoint    ] Total time for which application threads were stopped: 0.0003044 seconds, Stopping threads took: 0.0001300 seconds
[3.965s][info ][safepoint    ] Application time: 0.0111529 seconds
[3.965s][info ][safepoint    ] Entering safepoint region: RevokeBias
[3.965s][info ][safepoint    ] Leaving safepoint region
[3.965s][info ][safepoint    ] Total time for which application threads were stopped: 0.0003295 seconds, Stopping threads took: 0.0001137 seconds
[3.966s][info ][safepoint    ] Application time: 0.0010697 seconds
[3.967s][info ][safepoint    ] Entering safepoint region: RevokeBias
[3.967s][info ][safepoint    ] Leaving safepoint region
[3.967s][info ][safepoint    ] Total time for which application threads were stopped: 0.0004236 seconds, Stopping threads took: 0.0002246 seconds
[3.972s][info ][safepoint    ] Application time: 0.0046791 seconds
[3.972s][info ][safepoint    ] Entering safepoint region: RevokeBias
[3.972s][info ][safepoint    ] Leaving safepoint region
[3.972s][info ][safepoint    ] Total time for which application threads were stopped: 0.0003223 seconds, Stopping threads took: 0.0001837 seconds
[3.972s][info ][safepoint    ] Application time: 0.0002338 seconds
[3.972s][info ][safepoint    ] Entering safepoint region: RevokeBias
[3.972s][info ][safepoint    ] Leaving safepoint region
[3.972s][info ][safepoint    ] Total time for which application threads were stopped: 0.0002461 seconds, Stopping threads took: 0.0001408 seconds
[3.973s][info ][safepoint    ] Application time: 0.0007701 seconds
[3.973s][info ][safepoint    ] Entering safepoint region: RevokeBias
[3.974s][info ][safepoint    ] Leaving safepoint region
[3.974s][info ][safepoint    ] Total time for which application threads were stopped: 0.0002925 seconds, Stopping threads took: 0.0001131 seconds
[3.978s][info ][safepoint    ] Application time: 0.0047700 seconds
[3.979s][info ][safepoint    ] Entering safepoint region: RevokeBias
[3.979s][info ][safepoint    ] Leaving safepoint region
[3.979s][info ][safepoint    ] Total time for which application threads were stopped: 0.0004250 seconds, Stopping threads took: 0.0002102 seconds
[3.995s][info ][safepoint    ] Application time: 0.0165382 seconds
[3.995s][info ][safepoint    ] Entering safepoint region: BulkRevokeBias
[3.996s][info ][safepoint    ] Leaving safepoint region
[3.996s][info ][safepoint    ] Total time for which application threads were stopped: 0.0010589 seconds, Stopping threads took: 0.0001884 seconds
[4.005s][info ][safepoint    ] Application time: 0.0087994 seconds
[4.005s][info ][safepoint    ] Entering safepoint region: RevokeBias
[4.006s][info ][safepoint    ] Leaving safepoint region
[4.006s][info ][safepoint    ] Total time for which application threads were stopped: 0.0003178 seconds, Stopping threads took: 0.0001735 seconds
[4.035s][info ][safepoint    ] Application time: 0.0294454 seconds
[4.035s][info ][safepoint    ] Entering safepoint region: RevokeBias
[4.035s][info ][safepoint    ] Leaving safepoint region
[4.035s][info ][safepoint    ] Total time for which application threads were stopped: 0.0004324 seconds, Stopping threads took: 0.0002130 seconds
[4.060s][info ][safepoint    ] Application time: 0.0247722 seconds
[4.060s][info ][safepoint    ] Entering safepoint region: RevokeBias
[4.061s][info ][safepoint    ] Leaving safepoint region
[4.061s][info ][safepoint    ] Total time for which application threads were stopped: 0.0003643 seconds, Stopping threads took: 0.0001259 seconds
[4.062s][info ][safepoint    ] Application time: 0.0009485 seconds
[4.062s][info ][safepoint    ] Entering safepoint region: RevokeBias
[4.062s][info ][safepoint    ] Leaving safepoint region
[4.062s][info ][safepoint    ] Total time for which application threads were stopped: 0.0003184 seconds, Stopping threads took: 0.0001956 seconds
[4.063s][info ][safepoint    ] Application time: 0.0014770 seconds
[4.064s][info ][safepoint    ] Entering safepoint region: RevokeBias
[4.064s][info ][safepoint    ] Leaving safepoint region
[4.064s][info ][safepoint    ] Total time for which application threads were stopped: 0.0007861 seconds, Stopping threads took: 0.0003938 seconds
[4.072s][info ][safepoint    ] Application time: 0.0078945 seconds
[4.072s][info ][safepoint    ] Entering safepoint region: RevokeBias
[4.073s][info ][safepoint    ] Leaving safepoint region
[4.073s][info ][safepoint    ] Total time for which application threads were stopped: 0.0003931 seconds, Stopping threads took: 0.0001473 seconds
[4.082s][info ][safepoint    ] Application time: 0.0095263 seconds
[4.082s][info ][safepoint    ] Entering safepoint region: CollectForMetadataAllocation
[4.082s][info ][safepoint    ] Leaving safepoint region
[4.082s][info ][safepoint    ] Total time for which application threads were stopped: 0.0002847 seconds, Stopping threads took: 0.0001233 seconds
[4.088s][info ][safepoint    ] Application time: 0.0053176 seconds
[4.088s][info ][safepoint    ] Entering safepoint region: RevokeBias
[4.088s][info ][safepoint    ] Leaving safepoint region
[4.088s][info ][safepoint    ] Total time for which application threads were stopped: 0.0003183 seconds, Stopping threads took: 0.0001039 seconds
[4.092s][info ][safepoint    ] Application time: 0.0036078 seconds
[4.092s][info ][safepoint    ] Entering safepoint region: RevokeBias
[4.092s][info ][safepoint    ] Leaving safepoint region
[4.092s][info ][safepoint    ] Total time for which application threads were stopped: 0.0003465 seconds, Stopping threads took: 0.0001571 seconds
[4.105s][info ][safepoint    ] Application time: 0.0130783 seconds
[4.105s][info ][safepoint    ] Entering safepoint region: RevokeBias
[4.106s][info ][safepoint    ] Leaving safepoint region
[4.106s][info ][safepoint    ] Total time for which application threads were stopped: 0.0003820 seconds, Stopping threads took: 0.0001553 seconds
[4.107s][info ][gc           ] GC(1) Concurrent Abortable Preclean 485.473ms
[4.107s][info ][gc,cpu       ] GC(1) User=2.49s Sys=0.22s Real=0.48s
[4.107s][info ][safepoint    ] Application time: 0.0013508 seconds
[4.107s][info ][safepoint    ] Entering safepoint region: CMS_Final_Remark
[4.107s][info ][gc,start     ] GC(1) Pause Remark
[4.144s][debug][gc,phases    ] GC(1) Rescan (parallel) 36.760ms
[4.144s][debug][gc,ref       ] GC(1) Skipped phase1 of Reference Processing due to unavailable references
[4.144s][debug][gc,ref       ] GC(1) Skipped phase2 of Reference Processing due to unavailable references
[4.144s][debug][gc,ref       ] GC(1) Skipped phase3 of Reference Processing due to unavailable references
[4.144s][debug][gc,ref       ] GC(1) Skipped phase4 of Reference Processing due to unavailable references
[4.144s][debug][gc,phases    ] GC(1) Reference Processing 0.031ms
[4.144s][debug][gc,phases    ] GC(1) Weak Processing 0.059ms
[4.145s][debug][gc,phases    ] GC(1) ClassLoaderData 0.318ms
[4.145s][debug][gc,phases    ] GC(1) ProtectionDomainCacheTable 0.004ms
[4.145s][debug][gc,phases    ] GC(1) ResolvedMethodTable 0.049ms
[4.146s][debug][gc,phases    ] GC(1) Class Unloading 1.790ms
[4.148s][debug][gc,phases    ] GC(1) Scrub Symbol Table 1.968ms
[4.148s][debug][gc,phases    ] GC(1) Scrub String Table 0.218ms
[4.149s][info ][gc           ] GC(1) Pause Remark 156M->156M(852M) 41.781ms
[4.149s][info ][gc,cpu       ] GC(1) User=0.15s Sys=0.00s Real=0.05s
[4.149s][info ][safepoint    ] Leaving safepoint region
[4.149s][info ][safepoint    ] Total time for which application threads were stopped: 0.0422265 seconds, Stopping threads took: 0.0002845 seconds
[4.149s][info ][gc           ] GC(1) Concurrent Sweep
[4.150s][info ][safepoint    ] Application time: 0.0004572 seconds
[4.150s][info ][safepoint    ] Entering safepoint region: RevokeBias
[4.150s][info ][safepoint    ] Leaving safepoint region
[4.150s][info ][safepoint    ] Total time for which application threads were stopped: 0.0003389 seconds, Stopping threads took: 0.0001174 seconds
[4.150s][info ][safepoint    ] Application time: 0.0002961 seconds
[4.150s][info ][safepoint    ] Entering safepoint region: RevokeBias
[4.151s][info ][safepoint    ] Leaving safepoint region
[4.151s][info ][safepoint    ] Total time for which application threads were stopped: 0.0003707 seconds, Stopping threads took: 0.0001519 seconds
[4.152s][info ][gc           ] GC(1) Concurrent Sweep 2.620ms
[4.152s][info ][gc,cpu       ] GC(1) User=0.00s Sys=0.00s Real=0.00s
[4.152s][info ][gc           ] GC(1) Concurrent Reset
[4.153s][info ][safepoint    ] Application time: 0.0018953 seconds
[4.153s][info ][safepoint    ] Entering safepoint region: RevokeBias
[4.154s][info ][safepoint    ] Leaving safepoint region
[4.154s][info ][safepoint    ] Total time for which application threads were stopped: 0.0011285 seconds, Stopping threads took: 0.0001472 seconds
[4.161s][info ][safepoint    ] Application time: 0.0075650 seconds
[4.161s][info ][safepoint    ] Entering safepoint region: RevokeBias
[4.162s][info ][safepoint    ] Leaving safepoint region
[4.162s][info ][safepoint    ] Total time for which application threads were stopped: 0.0002855 seconds, Stopping threads took: 0.0001259 seconds
[4.173s][info ][gc           ] GC(1) Concurrent Reset 20.700ms
[4.173s][info ][gc,cpu       ] GC(1) User=0.10s Sys=0.03s Real=0.02s
[4.173s][info ][gc,heap      ] GC(1) Old: 3425K->3424K(602112K)
[4.216s][info ][safepoint    ] Application time: 0.0547264 seconds
[4.217s][info ][safepoint    ] Entering safepoint region: RevokeBias
[4.217s][info ][safepoint    ] Leaving safepoint region
[4.217s][info ][safepoint    ] Total time for which application threads were stopped: 0.0006046 seconds, Stopping threads took: 0.0001778 seconds
[4.228s][info ][safepoint    ] Application time: 0.0112967 seconds
[4.229s][info ][safepoint    ] Entering safepoint region: RevokeBias
[4.229s][info ][safepoint    ] Leaving safepoint region
[4.229s][info ][safepoint    ] Total time for which application threads were stopped: 0.0004542 seconds, Stopping threads took: 0.0002872 seconds
[4.230s][info ][safepoint    ] Application time: 0.0011868 seconds
[4.230s][info ][safepoint    ] Entering safepoint region: RevokeBias
[4.230s][info ][safepoint    ] Leaving safepoint region
[4.230s][info ][safepoint    ] Total time for which application threads were stopped: 0.0002810 seconds, Stopping threads took: 0.0001145 seconds
[4.237s][info ][safepoint    ] Application time: 0.0070076 seconds
[4.241s][info ][safepoint    ] Entering safepoint region: RevokeBias
[4.241s][info ][safepoint    ] Leaving safepoint region
[4.241s][info ][safepoint    ] Total time for which application threads were stopped: 0.0038799 seconds, Stopping threads took: 0.0036650 seconds
[4.242s][info ][safepoint    ] Application time: 0.0010658 seconds
[4.242s][info ][safepoint    ] Entering safepoint region: RevokeBias
[4.243s][info ][safepoint    ] Leaving safepoint region
[4.243s][info ][safepoint    ] Total time for which application threads were stopped: 0.0002795 seconds, Stopping threads took: 0.0001125 seconds
[4.245s][info ][safepoint    ] Application time: 0.0029095 seconds
[4.246s][info ][safepoint    ] Entering safepoint region: RevokeBias
[4.246s][info ][safepoint    ] Leaving safepoint region
[4.246s][info ][safepoint    ] Total time for which application threads were stopped: 0.0005436 seconds, Stopping threads took: 0.0002070 seconds
[4.266s][info ][safepoint    ] Application time: 0.0201201 seconds
[4.266s][info ][safepoint    ] Entering safepoint region: RevokeBias
[4.267s][info ][safepoint    ] Leaving safepoint region
[4.267s][info ][safepoint    ] Total time for which application threads were stopped: 0.0005395 seconds, Stopping threads took: 0.0001836 seconds
[4.275s][info ][safepoint    ] Application time: 0.0079417 seconds
[4.275s][info ][safepoint    ] Entering safepoint region: RevokeBias
[4.276s][info ][safepoint    ] Leaving safepoint region
[4.276s][info ][safepoint    ] Total time for which application threads were stopped: 0.0008505 seconds, Stopping threads took: 0.0006656 seconds
[4.283s][info ][safepoint    ] Application time: 0.0073035 seconds
[4.283s][info ][safepoint    ] Entering safepoint region: RevokeBias
[4.283s][info ][safepoint    ] Leaving safepoint region
[4.283s][info ][safepoint    ] Total time for which application threads were stopped: 0.0003304 seconds, Stopping threads took: 0.0001592 seconds
[4.289s][info ][safepoint    ] Application time: 0.0058089 seconds
[4.289s][info ][safepoint    ] Entering safepoint region: RevokeBias
[4.290s][info ][safepoint    ] Leaving safepoint region
[4.290s][info ][safepoint    ] Total time for which application threads were stopped: 0.0005617 seconds, Stopping threads took: 0.0002514 seconds
[4.292s][info ][safepoint    ] Application time: 0.0020116 seconds
[4.292s][info ][safepoint    ] Entering safepoint region: RevokeBias
[4.292s][info ][safepoint    ] Leaving safepoint region
[4.292s][info ][safepoint    ] Total time for which application threads were stopped: 0.0002362 seconds, Stopping threads took: 0.0000070 seconds
[4.301s][info ][safepoint    ] Application time: 0.0086069 seconds
[4.301s][info ][safepoint    ] Entering safepoint region: RevokeBias
[4.301s][info ][safepoint    ] Leaving safepoint region
[4.301s][info ][safepoint    ] Total time for which application threads were stopped: 0.0003123 seconds, Stopping threads took: 0.0001490 seconds
[4.310s][info ][safepoint    ] Application time: 0.0090672 seconds
[4.310s][info ][safepoint    ] Entering safepoint region: RevokeBias
[4.310s][info ][safepoint    ] Leaving safepoint region
[4.310s][info ][safepoint    ] Total time for which application threads were stopped: 0.0004723 seconds, Stopping threads took: 0.0001605 seconds
[4.316s][info ][safepoint    ] Application time: 0.0058103 seconds
[4.324s][info ][safepoint    ] Entering safepoint region: BulkRevokeBias
[4.325s][info ][safepoint    ] Leaving safepoint region
[4.325s][info ][safepoint    ] Total time for which application threads were stopped: 0.0083350 seconds, Stopping threads took: 0.0073295 seconds
[4.378s][info ][safepoint    ] Application time: 0.0534857 seconds
[4.378s][info ][safepoint    ] Entering safepoint region: Deoptimize
[4.379s][info ][safepoint    ] Leaving safepoint region
[4.379s][info ][safepoint    ] Total time for which application threads were stopped: 0.0008067 seconds, Stopping threads took: 0.0002129 seconds
[4.416s][info ][safepoint    ] Application time: 0.0374942 seconds
[4.417s][info ][safepoint    ] Entering safepoint region: GenCollectForAllocation
[4.417s][info ][gc,start     ] GC(2) Pause Young (Allocation Failure)
[4.417s][info ][gc,task      ] GC(2) Using 4 workers of 4 for evacuation
[4.493s][debug][gc,ref       ] GC(2) Skipped phase1 of Reference Processing due to unavailable references
[4.493s][debug][gc,ref       ] GC(2) Skipped phase3 of Reference Processing due to unavailable references
[4.494s][debug][gc,age       ] GC(2) Desired survivor size 15400960 bytes, new threshold 1 (max threshold 6)
[4.494s][info ][gc,heap      ] GC(2) ParNew: 270975K->30080K(270976K)
[4.494s][info ][gc,heap      ] GC(2) CMS: 3424K->41406K(602112K)
[4.494s][info ][gc,metaspace ] GC(2) Metaspace: 27240K->27240K(1073152K)
[4.494s][info ][gc           ] GC(2) Pause Young (Allocation Failure) 267M->69M(852M) 76.801ms
[4.494s][info ][gc,cpu       ] GC(2) User=0.30s Sys=0.01s Real=0.08s
[4.494s][info ][safepoint    ] Leaving safepoint region
[4.494s][info ][safepoint    ] Total time for which application threads were stopped: 0.0771690 seconds, Stopping threads took: 0.0001414 seconds
[4.685s][info ][safepoint    ] Application time: 0.1916812 seconds
[4.686s][info ][safepoint    ] Entering safepoint region: Deoptimize
[4.686s][info ][safepoint    ] Leaving safepoint region
[4.686s][info ][safepoint    ] Total time for which application threads were stopped: 0.0009431 seconds, Stopping threads took: 0.0002469 seconds
[4.698s][info ][safepoint    ] Application time: 0.0113238 seconds
[4.698s][info ][safepoint    ] Entering safepoint region: Deoptimize
[4.698s][info ][safepoint    ] Leaving safepoint region
[4.698s][info ][safepoint    ] Total time for which application threads were stopped: 0.0006628 seconds, Stopping threads took: 0.0000717 seconds
[4.764s][info ][safepoint    ] Application time: 0.0654206 seconds
[4.766s][info ][safepoint    ] Entering safepoint region: ICBufferFull
[4.766s][info ][safepoint    ] Leaving safepoint region
[4.766s][info ][safepoint    ] Total time for which application threads were stopped: 0.0023169 seconds, Stopping threads took: 0.0021278 seconds
[4.840s][info ][safepoint    ] Application time: 0.0740086 seconds
[4.840s][info ][safepoint    ] Entering safepoint region: GenCollectForAllocation
[4.841s][info ][gc,start     ] GC(3) Pause Young (Allocation Failure)
[4.841s][info ][gc,task      ] GC(3) Using 4 workers of 4 for evacuation
[4.911s][debug][gc,ref       ] GC(3) Skipped phase1 of Reference Processing due to unavailable references
[4.911s][debug][gc,ref       ] GC(3) Skipped phase3 of Reference Processing due to unavailable references
[4.911s][debug][gc,age       ] GC(3) Desired survivor size 15400960 bytes, new threshold 1 (max threshold 6)
[4.911s][info ][gc,heap      ] GC(3) ParNew: 270976K->30080K(270976K)
[4.911s][info ][gc,heap      ] GC(3) CMS: 41406K->72208K(602112K)
[4.911s][info ][gc,metaspace ] GC(3) Metaspace: 32648K->32648K(1079296K)
[4.911s][info ][gc           ] GC(3) Pause Young (Allocation Failure) 305M->99M(852M) 70.661ms
[4.911s][info ][gc,cpu       ] GC(3) User=0.25s Sys=0.01s Real=0.07s
[4.911s][info ][safepoint    ] Leaving safepoint region
[4.911s][info ][safepoint    ] Total time for which application threads were stopped: 0.0711580 seconds, Stopping threads took: 0.0002694 seconds
[4.925s][info ][safepoint    ] Application time: 0.0136685 seconds
[4.925s][info ][safepoint    ] Entering safepoint region: RevokeBias
[4.925s][info ][safepoint    ] Leaving safepoint region
[4.925s][info ][safepoint    ] Total time for which application threads were stopped: 0.0003874 seconds, Stopping threads took: 0.0002522 seconds
[4.925s][info ][safepoint    ] Application time: 0.0000538 seconds
[4.926s][info ][safepoint    ] Entering safepoint region: RevokeBias
[4.926s][info ][safepoint    ] Leaving safepoint region
[4.926s][info ][safepoint    ] Total time for which application threads were stopped: 0.0002068 seconds, Stopping threads took: 0.0000941 seconds
[4.985s][info ][safepoint    ] Application time: 0.0591372 seconds
[4.985s][info ][safepoint    ] Entering safepoint region: Deoptimize
[4.986s][info ][safepoint    ] Leaving safepoint region
[4.986s][info ][safepoint    ] Total time for which application threads were stopped: 0.0012857 seconds, Stopping threads took: 0.0003261 seconds
[5.006s][info ][safepoint    ] Application time: 0.0200250 seconds
[5.006s][info ][safepoint    ] Entering safepoint region: RevokeBias
[5.006s][info ][safepoint    ] Leaving safepoint region
[5.006s][info ][safepoint    ] Total time for which application threads were stopped: 0.0003306 seconds, Stopping threads took: 0.0001939 seconds
[5.007s][info ][safepoint    ] Application time: 0.0001579 seconds
[5.007s][info ][safepoint    ] Entering safepoint region: RevokeBias
[5.007s][info ][safepoint    ] Leaving safepoint region
[5.007s][info ][safepoint    ] Total time for which application threads were stopped: 0.0002590 seconds, Stopping threads took: 0.0001698 seconds
[5.009s][info ][safepoint    ] Application time: 0.0022282 seconds
[5.009s][info ][safepoint    ] Entering safepoint region: RevokeBias
[5.009s][info ][safepoint    ] Leaving safepoint region
[5.009s][info ][safepoint    ] Total time for which application threads were stopped: 0.0002604 seconds, Stopping threads took: 0.0001538 seconds
[5.010s][info ][safepoint    ] Application time: 0.0000610 seconds
[5.010s][info ][safepoint    ] Entering safepoint region: RevokeBias
[5.010s][info ][safepoint    ] Leaving safepoint region
[5.010s][info ][safepoint    ] Total time for which application threads were stopped: 0.0001359 seconds, Stopping threads took: 0.0000653 seconds
[5.010s][info ][safepoint    ] Application time: 0.0001321 seconds
[5.010s][info ][safepoint    ] Entering safepoint region: RevokeBias
[5.010s][info ][safepoint    ] Leaving safepoint region
[5.010s][info ][safepoint    ] Total time for which application threads were stopped: 0.0002511 seconds, Stopping threads took: 0.0001426 seconds
[5.010s][info ][safepoint    ] Application time: 0.0000607 seconds
[5.010s][info ][safepoint    ] Entering safepoint region: RevokeBias
[5.010s][info ][safepoint    ] Leaving safepoint region
[5.010s][info ][safepoint    ] Total time for which application threads were stopped: 0.0001954 seconds, Stopping threads took: 0.0000996 seconds
[5.011s][info ][safepoint    ] Application time: 0.0008999 seconds
[5.011s][info ][safepoint    ] Entering safepoint region: RevokeBias
[5.011s][info ][safepoint    ] Leaving safepoint region
[5.011s][info ][safepoint    ] Total time for which application threads were stopped: 0.0002164 seconds, Stopping threads took: 0.0001243 seconds
[5.012s][info ][safepoint    ] Application time: 0.0001534 seconds
[5.012s][info ][safepoint    ] Entering safepoint region: RevokeBias
[5.012s][info ][safepoint    ] Leaving safepoint region
[5.012s][info ][safepoint    ] Total time for which application threads were stopped: 0.0002239 seconds, Stopping threads took: 0.0001450 seconds
[5.105s][info ][safepoint    ] Application time: 0.0931988 seconds
[5.105s][info ][safepoint    ] Entering safepoint region: GenCollectForAllocation
[5.106s][info ][gc,start     ] GC(4) Pause Young (Allocation Failure)
[5.106s][info ][gc,task      ] GC(4) Using 4 workers of 4 for evacuation
[5.166s][debug][gc,ref       ] GC(4) Skipped phase1 of Reference Processing due to unavailable references
[5.166s][debug][gc,ref       ] GC(4) Skipped phase3 of Reference Processing due to unavailable references
[5.166s][debug][gc,age       ] GC(4) Desired survivor size 15400960 bytes, new threshold 6 (max threshold 6)
[5.166s][info ][gc,heap      ] GC(4) ParNew: 270976K->25985K(270976K)
[5.166s][info ][gc,heap      ] GC(4) CMS: 72208K->97979K(602112K)
[5.166s][info ][gc,metaspace ] GC(4) Metaspace: 33654K->33654K(1079296K)
[5.166s][info ][gc           ] GC(4) Pause Young (Allocation Failure) 335M->121M(852M) 60.664ms
[5.166s][info ][gc,cpu       ] GC(4) User=0.20s Sys=0.02s Real=0.06s
[5.166s][info ][safepoint    ] Leaving safepoint region
[5.166s][info ][safepoint    ] Total time for which application threads were stopped: 0.0611830 seconds, Stopping threads took: 0.0002858 seconds
[5.291s][info ][safepoint    ] Application time: 0.1246694 seconds
[5.292s][info ][safepoint    ] Entering safepoint region: GenCollectForAllocation
[5.293s][info ][gc,start     ] GC(5) Pause Young (Allocation Failure)
[5.293s][info ][gc,task      ] GC(5) Using 4 workers of 4 for evacuation
[5.306s][debug][gc,ref       ] GC(5) Skipped phase1 of Reference Processing due to unavailable references
[5.306s][debug][gc,ref       ] GC(5) Skipped phase3 of Reference Processing due to unavailable references
[5.306s][debug][gc,age       ] GC(5) Desired survivor size 15400960 bytes, new threshold 6 (max threshold 6)
[5.306s][info ][gc,heap      ] GC(5) ParNew: 266881K->18239K(270976K)
[5.306s][info ][gc,heap      ] GC(5) CMS: 97979K->97979K(602112K)
[5.306s][info ][gc,metaspace ] GC(5) Metaspace: 33720K->33720K(1079296K)
[5.306s][info ][gc           ] GC(5) Pause Young (Allocation Failure) 356M->113M(852M) 13.178ms
[5.306s][info ][gc,cpu       ] GC(5) User=0.05s Sys=0.00s Real=0.01s
[5.306s][info ][safepoint    ] Leaving safepoint region
[5.306s][info ][safepoint    ] Total time for which application threads were stopped: 0.0148394 seconds, Stopping threads took: 0.0014517 seconds
[5.315s][info ][safepoint    ] Application time: 0.0088384 seconds
[5.315s][info ][safepoint    ] Entering safepoint region: Deoptimize
[5.316s][info ][safepoint    ] Leaving safepoint region
[5.316s][info ][safepoint    ] Total time for which application threads were stopped: 0.0009068 seconds, Stopping threads took: 0.0001759 seconds
[5.319s][info ][safepoint    ] Application time: 0.0031050 seconds
[5.321s][info ][safepoint    ] Entering safepoint region: Deoptimize
[5.321s][info ][safepoint    ] Leaving safepoint region
[5.321s][info ][safepoint    ] Total time for which application threads were stopped: 0.0025614 seconds, Stopping threads took: 0.0017773 seconds
[5.324s][info ][safepoint    ] Application time: 0.0024456 seconds
[5.324s][info ][safepoint    ] Entering safepoint region: RevokeBias
[5.324s][info ][safepoint    ] Leaving safepoint region
[5.324s][info ][safepoint    ] Total time for which application threads were stopped: 0.0003271 seconds, Stopping threads took: 0.0001075 seconds
[5.345s][info ][safepoint    ] Application time: 0.0204067 seconds
[5.346s][info ][safepoint    ] Entering safepoint region: RevokeBias
[5.346s][info ][safepoint    ] Leaving safepoint region
[5.346s][info ][safepoint    ] Total time for which application threads were stopped: 0.0012339 seconds, Stopping threads took: 0.0010904 seconds
[5.350s][info ][safepoint    ] Application time: 0.0040804 seconds
[5.353s][info ][safepoint    ] Entering safepoint region: RevokeBias
[5.353s][info ][safepoint    ] Leaving safepoint region
[5.353s][info ][safepoint    ] Total time for which application threads were stopped: 0.0032362 seconds, Stopping threads took: 0.0030766 seconds
[5.353s][info ][safepoint    ] Application time: 0.0000589 seconds
[5.353s][info ][safepoint    ] Entering safepoint region: RevokeBias
[5.353s][info ][safepoint    ] Leaving safepoint region
[5.353s][info ][safepoint    ] Total time for which application threads were stopped: 0.0001095 seconds, Stopping threads took: 0.0000227 seconds
[5.353s][info ][safepoint    ] Application time: 0.0000493 seconds
[5.353s][info ][safepoint    ] Entering safepoint region: RevokeBias
[5.354s][info ][safepoint    ] Leaving safepoint region
[5.354s][info ][safepoint    ] Total time for which application threads were stopped: 0.0002169 seconds, Stopping threads took: 0.0000282 seconds
[5.354s][info ][safepoint    ] Application time: 0.0007709 seconds
[5.355s][info ][safepoint    ] Entering safepoint region: RevokeBias
[5.355s][info ][safepoint    ] Leaving safepoint region
[5.355s][info ][safepoint    ] Total time for which application threads were stopped: 0.0003335 seconds, Stopping threads took: 0.0002253 seconds
[5.355s][info ][safepoint    ] Application time: 0.0002245 seconds
[5.355s][info ][safepoint    ] Entering safepoint region: RevokeBias
[5.355s][info ][safepoint    ] Leaving safepoint region
[5.355s][info ][safepoint    ] Total time for which application threads were stopped: 0.0002722 seconds, Stopping threads took: 0.0001464 seconds
[5.395s][info ][safepoint    ] Application time: 0.0395556 seconds
[5.395s][info ][safepoint    ] Entering safepoint region: RevokeBias
[5.395s][info ][safepoint    ] Leaving safepoint region
[5.395s][info ][safepoint    ] Total time for which application threads were stopped: 0.0004533 seconds, Stopping threads took: 0.0002520 seconds
[5.462s][info ][safepoint    ] Application time: 0.0668843 seconds
[5.463s][info ][safepoint    ] Entering safepoint region: GenCollectForAllocation
[5.463s][info ][gc,start     ] GC(6) Pause Young (Allocation Failure)
[5.463s][info ][gc,task      ] GC(6) Using 4 workers of 4 for evacuation
[5.479s][debug][gc,ref       ] GC(6) Skipped phase1 of Reference Processing due to unavailable references
[5.479s][debug][gc,ref       ] GC(6) Skipped phase3 of Reference Processing due to unavailable references
[5.479s][debug][gc,age       ] GC(6) Desired survivor size 15400960 bytes, new threshold 6 (max threshold 6)
[5.479s][info ][gc,heap      ] GC(6) ParNew: 259135K->17783K(270976K)
[5.479s][info ][gc,heap      ] GC(6) CMS: 97979K->97979K(602112K)
[5.479s][info ][gc,metaspace ] GC(6) Metaspace: 35572K->35572K(1081344K)
[5.479s][info ][gc           ] GC(6) Pause Young (Allocation Failure) 348M->113M(852M) 16.250ms
[5.479s][info ][gc,cpu       ] GC(6) User=0.06s Sys=0.00s Real=0.01s
[5.479s][info ][safepoint    ] Leaving safepoint region
[5.479s][info ][safepoint    ] Total time for which application threads were stopped: 0.0168330 seconds, Stopping threads took: 0.0003634 seconds
[5.506s][info ][safepoint    ] Application time: 0.0265461 seconds
[5.509s][info ][safepoint    ] Entering safepoint region: RevokeBias
[5.509s][info ][safepoint    ] Leaving safepoint region
[5.509s][info ][safepoint    ] Total time for which application threads were stopped: 0.0033077 seconds, Stopping threads took: 0.0031724 seconds
[5.510s][info ][safepoint    ] Application time: 0.0007823 seconds
[5.510s][info ][safepoint    ] Entering safepoint region: RevokeBias
[5.510s][info ][safepoint    ] Leaving safepoint region
[5.510s][info ][safepoint    ] Total time for which application threads were stopped: 0.0002921 seconds, Stopping threads took: 0.0001963 seconds
[5.526s][info ][safepoint    ] Application time: 0.0156819 seconds
[5.526s][info ][safepoint    ] Entering safepoint region: RevokeBias
[5.526s][info ][safepoint    ] Leaving safepoint region
[5.526s][info ][safepoint    ] Total time for which application threads were stopped: 0.0002688 seconds, Stopping threads took: 0.0001443 seconds
[5.549s][info ][safepoint    ] Application time: 0.0233446 seconds
[5.550s][info ][safepoint    ] Entering safepoint region: RevokeBias
[5.550s][info ][safepoint    ] Leaving safepoint region
[5.550s][info ][safepoint    ] Total time for which application threads were stopped: 0.0003555 seconds, Stopping threads took: 0.0002551 seconds
[5.569s][info ][safepoint    ] Application time: 0.0186748 seconds
[5.569s][info ][safepoint    ] Entering safepoint region: GenCollectForAllocation
[5.569s][info ][gc,start     ] GC(7) Pause Young (Allocation Failure)
[5.569s][info ][gc,task      ] GC(7) Using 4 workers of 4 for evacuation
[5.582s][debug][gc,ref       ] GC(7) Skipped phase1 of Reference Processing due to unavailable references
[5.582s][debug][gc,ref       ] GC(7) Skipped phase3 of Reference Processing due to unavailable references
[5.582s][debug][gc,age       ] GC(7) Desired survivor size 15400960 bytes, new threshold 6 (max threshold 6)
[5.582s][info ][gc,heap      ] GC(7) ParNew: 258679K->19791K(270976K)
[5.582s][info ][gc,heap      ] GC(7) CMS: 97979K->97979K(602112K)
[5.582s][info ][gc,metaspace ] GC(7) Metaspace: 36163K->36163K(1081344K)
[5.582s][info ][gc           ] GC(7) Pause Young (Allocation Failure) 348M->115M(852M) 13.054ms
[5.582s][info ][gc,cpu       ] GC(7) User=0.06s Sys=0.00s Real=0.01s
[5.582s][info ][safepoint    ] Leaving safepoint region
[5.582s][info ][safepoint    ] Total time for which application threads were stopped: 0.0134578 seconds, Stopping threads took: 0.0002014 seconds
[5.585s][info ][safepoint    ] Application time: 0.0026950 seconds
[5.585s][info ][safepoint    ] Entering safepoint region: RevokeBias
[5.585s][info ][safepoint    ] Leaving safepoint region
[5.585s][info ][safepoint    ] Total time for which application threads were stopped: 0.0003176 seconds, Stopping threads took: 0.0002178 seconds
[5.587s][info ][safepoint    ] Application time: 0.0019729 seconds
[5.587s][info ][safepoint    ] Entering safepoint region: RevokeBias
[5.587s][info ][safepoint    ] Leaving safepoint region
[5.587s][info ][safepoint    ] Total time for which application threads were stopped: 0.0002606 seconds, Stopping threads took: 0.0001720 seconds
[5.625s][info ][safepoint    ] Application time: 0.0372918 seconds
[5.628s][info ][safepoint    ] Entering safepoint region: Deoptimize
[5.628s][info ][safepoint    ] Leaving safepoint region
[5.628s][info ][safepoint    ] Total time for which application threads were stopped: 0.0038725 seconds, Stopping threads took: 0.0031760 seconds
[5.646s][info ][safepoint    ] Application time: 0.0179829 seconds
[5.650s][info ][safepoint    ] Entering safepoint region: RevokeBias
[5.650s][info ][safepoint    ] Leaving safepoint region
[5.650s][info ][safepoint    ] Total time for which application threads were stopped: 0.0033412 seconds, Stopping threads took: 0.0032375 seconds
[5.666s][info ][safepoint    ] Application time: 0.0159742 seconds
[5.666s][info ][safepoint    ] Entering safepoint region: RevokeBias
[5.666s][info ][safepoint    ] Leaving safepoint region
[5.666s][info ][safepoint    ] Total time for which application threads were stopped: 0.0003015 seconds, Stopping threads took: 0.0002038 seconds
[5.668s][info ][safepoint    ] Application time: 0.0018465 seconds
[5.668s][info ][safepoint    ] Entering safepoint region: Deoptimize
[5.669s][info ][safepoint    ] Leaving safepoint region
[5.669s][info ][safepoint    ] Total time for which application threads were stopped: 0.0009660 seconds, Stopping threads took: 0.0002724 seconds
[5.671s][info ][safepoint    ] Application time: 0.0018531 seconds
[5.671s][info ][safepoint    ] Entering safepoint region: RevokeBias
[5.671s][info ][safepoint    ] Leaving safepoint region
[5.671s][info ][safepoint    ] Total time for which application threads were stopped: 0.0003115 seconds, Stopping threads took: 0.0002229 seconds
[5.677s][info ][safepoint    ] Application time: 0.0059504 seconds
[5.677s][info ][safepoint    ] Entering safepoint region: RevokeBias
[5.678s][info ][safepoint    ] Leaving safepoint region
[5.678s][info ][safepoint    ] Total time for which application threads were stopped: 0.0003083 seconds, Stopping threads took: 0.0002106 seconds
[5.680s][info ][safepoint    ] Application time: 0.0026291 seconds
[5.680s][info ][safepoint    ] Entering safepoint region: RevokeBias
[5.680s][info ][safepoint    ] Leaving safepoint region
[5.681s][info ][safepoint    ] Total time for which application threads were stopped: 0.0003264 seconds, Stopping threads took: 0.0002294 seconds
[5.763s][info ][safepoint    ] Application time: 0.0822854 seconds
[5.766s][info ][safepoint    ] Entering safepoint region: GenCollectForAllocation
[5.766s][info ][gc,start     ] GC(8) Pause Young (Allocation Failure)
[5.766s][info ][gc,task      ] GC(8) Using 4 workers of 4 for evacuation
[5.781s][debug][gc,ref       ] GC(8) Skipped phase1 of Reference Processing due to unavailable references
[5.781s][debug][gc,ref       ] GC(8) Skipped phase3 of Reference Processing due to unavailable references
[5.781s][debug][gc,age       ] GC(8) Desired survivor size 15400960 bytes, new threshold 5 (max threshold 6)
[5.781s][info ][gc,heap      ] GC(8) ParNew: 260687K->24438K(270976K)
[5.781s][info ][gc,heap      ] GC(8) CMS: 97979K->97979K(602112K)
[5.781s][info ][gc,metaspace ] GC(8) Metaspace: 36602K->36602K(1081344K)
[5.781s][info ][gc           ] GC(8) Pause Young (Allocation Failure) 350M->119M(852M) 14.816ms
[5.781s][info ][gc,cpu       ] GC(8) User=0.07s Sys=0.00s Real=0.02s
[5.781s][info ][safepoint    ] Leaving safepoint region
[5.781s][info ][safepoint    ] Total time for which application threads were stopped: 0.0181382 seconds, Stopping threads took: 0.0031532 seconds
[5.880s][info ][safepoint    ] Application time: 0.0990363 seconds
[5.880s][info ][safepoint    ] Entering safepoint region: GenCollectForAllocation
[5.880s][info ][gc,start     ] GC(9) Pause Young (Allocation Failure)
[5.880s][info ][gc,task      ] GC(9) Using 4 workers of 4 for evacuation
[5.903s][debug][gc,ref       ] GC(9) Skipped phase1 of Reference Processing due to unavailable references
[5.903s][debug][gc,ref       ] GC(9) Skipped phase3 of Reference Processing due to unavailable references
[5.903s][debug][gc,age       ] GC(9) Desired survivor size 15400960 bytes, new threshold 6 (max threshold 6)
[5.903s][info ][gc,heap      ] GC(9) ParNew: 265334K->22547K(270976K)
[5.903s][info ][gc,heap      ] GC(9) CMS: 97979K->108762K(602112K)
[5.903s][info ][gc,metaspace ] GC(9) Metaspace: 36609K->36609K(1081344K)
[5.903s][info ][gc           ] GC(9) Pause Young (Allocation Failure) 354M->128M(852M) 22.318ms
[5.903s][info ][gc,cpu       ] GC(9) User=0.09s Sys=0.00s Real=0.02s
[5.903s][info ][safepoint    ] Leaving safepoint region
[5.903s][info ][safepoint    ] Total time for which application threads were stopped: 0.0227622 seconds, Stopping threads took: 0.0002589 seconds
[5.949s][info ][safepoint    ] Application time: 0.0461371 seconds
[5.949s][info ][safepoint    ] Entering safepoint region: GenCollectForAllocation
[5.949s][info ][gc,start     ] GC(10) Pause Young (Allocation Failure)
[5.949s][info ][gc,task      ] GC(10) Using 4 workers of 4 for evacuation
[5.957s][debug][gc,ref       ] GC(10) Skipped phase1 of Reference Processing due to unavailable references
[5.957s][debug][gc,ref       ] GC(10) Skipped phase3 of Reference Processing due to unavailable references
[5.957s][debug][gc,age       ] GC(10) Desired survivor size 15400960 bytes, new threshold 6 (max threshold 6)
[5.957s][info ][gc,heap      ] GC(10) ParNew: 263443K->14963K(270976K)
[5.957s][info ][gc,heap      ] GC(10) CMS: 108762K->108762K(602112K)
[5.957s][info ][gc,metaspace ] GC(10) Metaspace: 36609K->36609K(1081344K)
[5.957s][info ][gc           ] GC(10) Pause Young (Allocation Failure) 363M->120M(852M) 7.432ms
[5.957s][info ][gc,cpu       ] GC(10) User=0.03s Sys=0.00s Real=0.00s
[5.957s][info ][safepoint    ] Leaving safepoint region
[5.957s][info ][safepoint    ] Total time for which application threads were stopped: 0.0079175 seconds, Stopping threads took: 0.0002780 seconds
[5.995s][info ][safepoint    ] Application time: 0.0383552 seconds
[5.995s][info ][safepoint    ] Entering safepoint region: GenCollectForAllocation
[5.996s][info ][gc,start     ] GC(11) Pause Young (Allocation Failure)
[5.996s][info ][gc,task      ] GC(11) Using 4 workers of 4 for evacuation
[6.002s][debug][gc,ref       ] GC(11) Skipped phase1 of Reference Processing due to unavailable references
[6.002s][debug][gc,ref       ] GC(11) Skipped phase3 of Reference Processing due to unavailable references
[6.003s][debug][gc,age       ] GC(11) Desired survivor size 15400960 bytes, new threshold 6 (max threshold 6)
[6.003s][info ][gc,heap      ] GC(11) ParNew: 255859K->14460K(270976K)
[6.003s][info ][gc,heap      ] GC(11) CMS: 108762K->109244K(602112K)
[6.003s][info ][gc,metaspace ] GC(11) Metaspace: 36609K->36609K(1081344K)
[6.003s][info ][gc           ] GC(11) Pause Young (Allocation Failure) 356M->120M(852M) 7.048ms
[6.003s][info ][gc,cpu       ] GC(11) User=0.03s Sys=0.00s Real=0.01s
[6.003s][info ][safepoint    ] Leaving safepoint region
[6.003s][info ][safepoint    ] Total time for which application threads were stopped: 0.0073264 seconds, Stopping threads took: 0.0001073 seconds
[6.063s][info ][safepoint    ] Application time: 0.0605095 seconds
[6.063s][info ][safepoint    ] Entering safepoint region: GenCollectForAllocation
[6.064s][info ][gc,start     ] GC(12) Pause Young (Allocation Failure)
[6.064s][info ][gc,task      ] GC(12) Using 4 workers of 4 for evacuation
[6.071s][debug][gc,ref       ] GC(12) Skipped phase1 of Reference Processing due to unavailable references
[6.071s][debug][gc,ref       ] GC(12) Skipped phase3 of Reference Processing due to unavailable references
[6.071s][debug][gc,age       ] GC(12) Desired survivor size 15400960 bytes, new threshold 6 (max threshold 6)
[6.071s][info ][gc,heap      ] GC(12) ParNew: 255356K->13849K(270976K)
[6.071s][info ][gc,heap      ] GC(12) CMS: 109244K->112240K(602112K)
[6.071s][info ][gc,metaspace ] GC(12) Metaspace: 36611K->36611K(1081344K)
[6.071s][info ][gc           ] GC(12) Pause Young (Allocation Failure) 356M->123M(852M) 7.180ms
[6.071s][info ][gc,cpu       ] GC(12) User=0.03s Sys=0.00s Real=0.01s
[6.071s][info ][safepoint    ] Leaving safepoint region
[6.071s][info ][safepoint    ] Total time for which application threads were stopped: 0.0075902 seconds, Stopping threads took: 0.0001571 seconds
[6.113s][info ][safepoint    ] Application time: 0.0425533 seconds
[6.117s][info ][safepoint    ] Entering safepoint region: GenCollectForAllocation
[6.117s][info ][gc,start     ] GC(13) Pause Young (Allocation Failure)
[6.117s][info ][gc,task      ] GC(13) Using 4 workers of 4 for evacuation
[6.123s][debug][gc,ref       ] GC(13) Skipped phase1 of Reference Processing due to unavailable references
[6.123s][debug][gc,ref       ] GC(13) Skipped phase3 of Reference Processing due to unavailable references
[6.123s][debug][gc,age       ] GC(13) Desired survivor size 15400960 bytes, new threshold 6 (max threshold 6)
[6.123s][info ][gc,heap      ] GC(13) ParNew: 254745K->8764K(270976K)
[6.123s][info ][gc,heap      ] GC(13) CMS: 112240K->112440K(602112K)
[6.123s][info ][gc,metaspace ] GC(13) Metaspace: 36611K->36611K(1081344K)
[6.123s][info ][gc           ] GC(13) Pause Young (Allocation Failure) 358M->118M(852M) 6.351ms
[6.123s][info ][gc,cpu       ] GC(13) User=0.02s Sys=0.00s Real=0.01s
[6.123s][info ][safepoint    ] Leaving safepoint region
[6.123s][info ][safepoint    ] Total time for which application threads were stopped: 0.0101143 seconds, Stopping threads took: 0.0035853 seconds
[6.188s][info ][safepoint    ] Application time: 0.0650259 seconds
[6.189s][info ][safepoint    ] Entering safepoint region: GenCollectForAllocation
[6.189s][info ][gc,start     ] GC(14) Pause Young (Allocation Failure)
[6.189s][info ][gc,task      ] GC(14) Using 4 workers of 4 for evacuation
[6.197s][debug][gc,ref       ] GC(14) Skipped phase1 of Reference Processing due to unavailable references
[6.197s][debug][gc,ref       ] GC(14) Skipped phase2 of Reference Processing due to unavailable references
[6.197s][debug][gc,ref       ] GC(14) Skipped phase3 of Reference Processing due to unavailable references
[6.197s][debug][gc,ref       ] GC(14) Skipped phase4 of Reference Processing due to unavailable references
[6.197s][debug][gc,age       ] GC(14) Desired survivor size 15400960 bytes, new threshold 6 (max threshold 6)
[6.198s][info ][gc,heap      ] GC(14) ParNew: 249660K->3187K(270976K)
[6.198s][info ][gc,heap      ] GC(14) CMS: 112440K->119008K(602112K)
[6.198s][info ][gc,metaspace ] GC(14) Metaspace: 36611K->36611K(1081344K)
[6.198s][info ][gc           ] GC(14) Pause Young (Allocation Failure) 353M->119M(852M) 8.759ms
[6.198s][info ][gc,cpu       ] GC(14) User=0.03s Sys=0.00s Real=0.00s
[6.198s][info ][safepoint    ] Leaving safepoint region
[6.198s][info ][safepoint    ] Total time for which application threads were stopped: 0.0090653 seconds, Stopping threads took: 0.0001340 seconds
[6.250s][info ][safepoint    ] Application time: 0.0527700 seconds
[6.257s][info ][safepoint    ] Entering safepoint region: GenCollectForAllocation
[6.258s][info ][gc,start     ] GC(15) Pause Young (Allocation Failure)
[6.258s][info ][gc,task      ] GC(15) Using 4 workers of 4 for evacuation
[6.259s][debug][gc,ref       ] GC(15) Skipped phase1 of Reference Processing due to unavailable references
[6.259s][debug][gc,ref       ] GC(15) Skipped phase2 of Reference Processing due to unavailable references
[6.259s][debug][gc,ref       ] GC(15) Skipped phase3 of Reference Processing due to unavailable references
[6.259s][debug][gc,ref       ] GC(15) Skipped phase4 of Reference Processing due to unavailable references
[6.260s][debug][gc,age       ] GC(15) Desired survivor size 15400960 bytes, new threshold 6 (max threshold 6)
[6.260s][info ][gc,heap      ] GC(15) ParNew: 244083K->1124K(270976K)
[6.260s][info ][gc,heap      ] GC(15) CMS: 119008K->119062K(602112K)
[6.260s][info ][gc,metaspace ] GC(15) Metaspace: 36611K->36611K(1081344K)
[6.260s][info ][gc           ] GC(15) Pause Young (Allocation Failure) 354M->117M(852M) 1.845ms
[6.260s][info ][gc,cpu       ] GC(15) User=0.01s Sys=0.00s Real=0.00s
[6.260s][info ][safepoint    ] Leaving safepoint region
[6.260s][info ][safepoint    ] Total time for which application threads were stopped: 0.0091773 seconds, Stopping threads took: 0.0071145 seconds
[6.293s][info ][safepoint    ] Application time: 0.0338767 seconds
[6.294s][info ][safepoint    ] Entering safepoint region: GenCollectForAllocation
[6.294s][info ][gc,start     ] GC(16) Pause Young (Allocation Failure)
[6.294s][info ][gc,task      ] GC(16) Using 4 workers of 4 for evacuation
[6.296s][debug][gc,ref       ] GC(16) Skipped phase1 of Reference Processing due to unavailable references
[6.296s][debug][gc,ref       ] GC(16) Skipped phase2 of Reference Processing due to unavailable references
[6.296s][debug][gc,ref       ] GC(16) Skipped phase3 of Reference Processing due to unavailable references
[6.296s][debug][gc,ref       ] GC(16) Skipped phase4 of Reference Processing due to unavailable references
[6.296s][debug][gc,age       ] GC(16) Desired survivor size 15400960 bytes, new threshold 6 (max threshold 6)
[6.296s][info ][gc,heap      ] GC(16) ParNew: 242020K->455K(270976K)
[6.296s][info ][gc,heap      ] GC(16) CMS: 119062K->119087K(602112K)
[6.296s][info ][gc,metaspace ] GC(16) Metaspace: 36611K->36611K(1081344K)
[6.296s][info ][gc           ] GC(16) Pause Young (Allocation Failure) 352M->116M(852M) 2.349ms
[6.296s][info ][gc,cpu       ] GC(16) User=0.01s Sys=0.00s Real=0.00s
[6.296s][info ][safepoint    ] Leaving safepoint region
[6.296s][info ][safepoint    ] Total time for which application threads were stopped: 0.0026362 seconds, Stopping threads took: 0.0001118 seconds
[6.353s][info ][safepoint    ] Application time: 0.0566181 seconds
[6.353s][info ][safepoint    ] Entering safepoint region: GenCollectForAllocation
[6.353s][info ][gc,start     ] GC(17) Pause Young (Allocation Failure)
[6.353s][info ][gc,task      ] GC(17) Using 4 workers of 4 for evacuation
[6.355s][debug][gc,ref       ] GC(17) Skipped phase1 of Reference Processing due to unavailable references
[6.355s][debug][gc,ref       ] GC(17) Skipped phase2 of Reference Processing due to unavailable references
[6.355s][debug][gc,ref       ] GC(17) Skipped phase3 of Reference Processing due to unavailable references
[6.355s][debug][gc,ref       ] GC(17) Skipped phase4 of Reference Processing due to unavailable references
[6.355s][debug][gc,age       ] GC(17) Desired survivor size 15400960 bytes, new threshold 6 (max threshold 6)
[6.355s][info ][gc,heap      ] GC(17) ParNew: 241351K->420K(270976K)
[6.355s][info ][gc,heap      ] GC(17) CMS: 119087K->119121K(602112K)
[6.355s][info ][gc,metaspace ] GC(17) Metaspace: 36611K->36611K(1081344K)
[6.355s][info ][gc           ] GC(17) Pause Young (Allocation Failure) 351M->116M(852M) 1.783ms
[6.355s][info ][gc,cpu       ] GC(17) User=0.01s Sys=0.00s Real=0.00s
[6.355s][info ][safepoint    ] Leaving safepoint region
[6.355s][info ][safepoint    ] Total time for which application threads were stopped: 0.0021186 seconds, Stopping threads took: 0.0001613 seconds
[6.407s][info ][safepoint    ] Application time: 0.0517423 seconds
[6.407s][info ][safepoint    ] Entering safepoint region: GenCollectForAllocation
[6.407s][info ][gc,start     ] GC(18) Pause Young (Allocation Failure)
[6.407s][info ][gc,task      ] GC(18) Using 4 workers of 4 for evacuation
[6.409s][debug][gc,ref       ] GC(18) Skipped phase1 of Reference Processing due to unavailable references
[6.409s][debug][gc,ref       ] GC(18) Skipped phase2 of Reference Processing due to unavailable references
[6.409s][debug][gc,ref       ] GC(18) Skipped phase3 of Reference Processing due to unavailable references
[6.409s][debug][gc,ref       ] GC(18) Skipped phase4 of Reference Processing due to unavailable references
[6.409s][debug][gc,age       ] GC(18) Desired survivor size 15400960 bytes, new threshold 6 (max threshold 6)
[6.409s][info ][gc,heap      ] GC(18) ParNew: 241316K->569K(270976K)
[6.409s][info ][gc,heap      ] GC(18) CMS: 119121K->119174K(602112K)
[6.409s][info ][gc,metaspace ] GC(18) Metaspace: 36611K->36611K(1081344K)
[6.409s][info ][gc           ] GC(18) Pause Young (Allocation Failure) 351M->116M(852M) 2.014ms
[6.409s][info ][gc,cpu       ] GC(18) User=0.01s Sys=0.00s Real=0.01s
[6.409s][info ][safepoint    ] Leaving safepoint region
[6.409s][info ][safepoint    ] Total time for which application threads were stopped: 0.0023990 seconds, Stopping threads took: 0.0002068 seconds
[6.451s][info ][safepoint    ] Application time: 0.0414260 seconds
[6.451s][info ][safepoint    ] Entering safepoint region: GenCollectForAllocation
[6.451s][info ][gc,start     ] GC(19) Pause Young (Allocation Failure)
[6.451s][info ][gc,task      ] GC(19) Using 4 workers of 4 for evacuation
[6.453s][debug][gc,ref       ] GC(19) Skipped phase1 of Reference Processing due to unavailable references
[6.453s][debug][gc,ref       ] GC(19) Skipped phase2 of Reference Processing due to unavailable references
[6.453s][debug][gc,ref       ] GC(19) Skipped phase3 of Reference Processing due to unavailable references
[6.453s][debug][gc,ref       ] GC(19) Skipped phase4 of Reference Processing due to unavailable references
[6.453s][debug][gc,age       ] GC(19) Desired survivor size 15400960 bytes, new threshold 6 (max threshold 6)
[6.453s][info ][gc,heap      ] GC(19) ParNew: 241465K->504K(270976K)
[6.453s][info ][gc,heap      ] GC(19) CMS: 119174K->119196K(602112K)
[6.453s][info ][gc,metaspace ] GC(19) Metaspace: 36611K->36611K(1081344K)
[6.453s][info ][gc           ] GC(19) Pause Young (Allocation Failure) 352M->116M(852M) 1.765ms
[6.453s][info ][gc,cpu       ] GC(19) User=0.01s Sys=0.00s Real=0.00s
[6.453s][info ][safepoint    ] Leaving safepoint region
[6.453s][info ][safepoint    ] Total time for which application threads were stopped: 0.0021925 seconds, Stopping threads took: 0.0002620 seconds
[6.506s][info ][safepoint    ] Application time: 0.0534914 seconds
[6.506s][info ][safepoint    ] Entering safepoint region: GenCollectForAllocation
[6.507s][info ][gc,start     ] GC(20) Pause Young (Allocation Failure)
[6.507s][info ][gc,task      ] GC(20) Using 4 workers of 4 for evacuation
[6.508s][debug][gc,ref       ] GC(20) Skipped phase1 of Reference Processing due to unavailable references
[6.508s][debug][gc,ref       ] GC(20) Skipped phase2 of Reference Processing due to unavailable references
[6.508s][debug][gc,ref       ] GC(20) Skipped phase3 of Reference Processing due to unavailable references
[6.508s][debug][gc,ref       ] GC(20) Skipped phase4 of Reference Processing due to unavailable references
[6.509s][debug][gc,age       ] GC(20) Desired survivor size 15400960 bytes, new threshold 6 (max threshold 6)
[6.509s][info ][gc,heap      ] GC(20) ParNew: 241400K->443K(270976K)
[6.509s][info ][gc,heap      ] GC(20) CMS: 119196K->119260K(602112K)
[6.509s][info ][gc,metaspace ] GC(20) Metaspace: 36612K->36612K(1081344K)
[6.509s][info ][gc           ] GC(20) Pause Young (Allocation Failure) 352M->116M(852M) 2.007ms
[6.509s][info ][gc,cpu       ] GC(20) User=0.01s Sys=0.00s Real=0.01s
[6.509s][info ][safepoint    ] Leaving safepoint region
[6.509s][info ][safepoint    ] Total time for which application threads were stopped: 0.0023776 seconds, Stopping threads took: 0.0001607 seconds
[6.570s][info ][safepoint    ] Application time: 0.0609155 seconds
[6.570s][info ][safepoint    ] Entering safepoint region: GenCollectForAllocation
[6.570s][info ][gc,start     ] GC(21) Pause Young (Allocation Failure)
[6.570s][info ][gc,task      ] GC(21) Using 4 workers of 4 for evacuation
[6.572s][debug][gc,ref       ] GC(21) Skipped phase1 of Reference Processing due to unavailable references
[6.572s][debug][gc,ref       ] GC(21) Skipped phase2 of Reference Processing due to unavailable references
[6.572s][debug][gc,ref       ] GC(21) Skipped phase3 of Reference Processing due to unavailable references
[6.572s][debug][gc,ref       ] GC(21) Skipped phase4 of Reference Processing due to unavailable references
[6.572s][debug][gc,age       ] GC(21) Desired survivor size 15400960 bytes, new threshold 6 (max threshold 6)
[6.572s][info ][gc,heap      ] GC(21) ParNew: 241339K->461K(270976K)
[6.572s][info ][gc,heap      ] GC(21) CMS: 119260K->119292K(602112K)
[6.572s][info ][gc,metaspace ] GC(21) Metaspace: 36612K->36612K(1081344K)
[6.572s][info ][gc           ] GC(21) Pause Young (Allocation Failure) 352M->116M(852M) 1.838ms
[6.572s][info ][gc,cpu       ] GC(21) User=0.01s Sys=0.00s Real=0.00s
[6.572s][info ][safepoint    ] Leaving safepoint region
[6.572s][info ][safepoint    ] Total time for which application threads were stopped: 0.0021715 seconds, Stopping threads took: 0.0001625 seconds
[6.608s][info ][safepoint    ] Application time: 0.0361954 seconds
[6.608s][info ][safepoint    ] Entering safepoint region: GenCollectForAllocation
[6.608s][info ][gc,start     ] GC(22) Pause Young (Allocation Failure)
[6.608s][info ][gc,task      ] GC(22) Using 4 workers of 4 for evacuation
[6.610s][debug][gc,ref       ] GC(22) Skipped phase1 of Reference Processing due to unavailable references
[6.610s][debug][gc,ref       ] GC(22) Skipped phase2 of Reference Processing due to unavailable references
[6.610s][debug][gc,ref       ] GC(22) Skipped phase3 of Reference Processing due to unavailable references
[6.610s][debug][gc,ref       ] GC(22) Skipped phase4 of Reference Processing due to unavailable references
[6.610s][debug][gc,age       ] GC(22) Desired survivor size 15400960 bytes, new threshold 6 (max threshold 6)
[6.610s][info ][gc,heap      ] GC(22) ParNew: 241357K->490K(270976K)
[6.610s][info ][gc,heap      ] GC(22) CMS: 119292K->119306K(602112K)
[6.610s][info ][gc,metaspace ] GC(22) Metaspace: 36612K->36612K(1081344K)
[6.610s][info ][gc           ] GC(22) Pause Young (Allocation Failure) 352M->116M(852M) 2.118ms
[6.610s][info ][gc,cpu       ] GC(22) User=0.00s Sys=0.00s Real=0.00s
[6.610s][info ][safepoint    ] Leaving safepoint region
[6.610s][info ][safepoint    ] Total time for which application threads were stopped: 0.0024600 seconds, Stopping threads took: 0.0001213 seconds
[6.665s][info ][safepoint    ] Application time: 0.0542049 seconds
[6.665s][info ][safepoint    ] Entering safepoint region: GenCollectForAllocation
[6.665s][info ][gc,start     ] GC(23) Pause Young (Allocation Failure)
[6.665s][info ][gc,task      ] GC(23) Using 4 workers of 4 for evacuation
[6.667s][debug][gc,ref       ] GC(23) Skipped phase1 of Reference Processing due to unavailable references
[6.667s][debug][gc,ref       ] GC(23) Skipped phase2 of Reference Processing due to unavailable references
[6.667s][debug][gc,ref       ] GC(23) Skipped phase3 of Reference Processing due to unavailable references
[6.667s][debug][gc,ref       ] GC(23) Skipped phase4 of Reference Processing due to unavailable references
[6.667s][debug][gc,age       ] GC(23) Desired survivor size 15400960 bytes, new threshold 6 (max threshold 6)
[6.667s][info ][gc,heap      ] GC(23) ParNew: 241386K->439K(270976K)
[6.667s][info ][gc,heap      ] GC(23) CMS: 119306K->119369K(602112K)
[6.667s][info ][gc,metaspace ] GC(23) Metaspace: 36612K->36612K(1081344K)
[6.667s][info ][gc           ] GC(23) Pause Young (Allocation Failure) 352M->117M(852M) 2.156ms
[6.667s][info ][gc,cpu       ] GC(23) User=0.01s Sys=0.00s Real=0.00s
[6.667s][info ][safepoint    ] Leaving safepoint region
[6.667s][info ][safepoint    ] Total time for which application threads were stopped: 0.0024897 seconds, Stopping threads took: 0.0001816 seconds
[6.716s][info ][safepoint    ] Application time: 0.0484446 seconds
[6.716s][info ][safepoint    ] Entering safepoint region: GenCollectForAllocation
[6.716s][info ][gc,start     ] GC(24) Pause Young (Allocation Failure)
[6.716s][info ][gc,task      ] GC(24) Using 4 workers of 4 for evacuation
[6.719s][debug][gc,ref       ] GC(24) Skipped phase1 of Reference Processing due to unavailable references
[6.719s][debug][gc,ref       ] GC(24) Skipped phase2 of Reference Processing due to unavailable references
[6.719s][debug][gc,ref       ] GC(24) Skipped phase3 of Reference Processing due to unavailable references
[6.719s][debug][gc,ref       ] GC(24) Skipped phase4 of Reference Processing due to unavailable references
[6.720s][debug][gc,age       ] GC(24) Desired survivor size 15400960 bytes, new threshold 6 (max threshold 6)
[6.720s][info ][gc,heap      ] GC(24) ParNew: 241335K->415K(270976K)
[6.720s][info ][gc,heap      ] GC(24) CMS: 119369K->119402K(602112K)
[6.720s][info ][gc,metaspace ] GC(24) Metaspace: 36612K->36612K(1081344K)
[6.720s][info ][gc           ] GC(24) Pause Young (Allocation Failure) 352M->117M(852M) 3.467ms
[6.720s][info ][gc,cpu       ] GC(24) User=0.00s Sys=0.00s Real=0.00s
[6.720s][info ][safepoint    ] Leaving safepoint region
[6.720s][info ][safepoint    ] Total time for which application threads were stopped: 0.0039360 seconds, Stopping threads took: 0.0003018 seconds
[6.758s][info ][safepoint    ] Application time: 0.0387226 seconds
[6.759s][info ][safepoint    ] Entering safepoint region: GenCollectForAllocation
[6.759s][info ][gc,start     ] GC(25) Pause Young (Allocation Failure)
[6.759s][info ][gc,task      ] GC(25) Using 4 workers of 4 for evacuation
[6.761s][debug][gc,ref       ] GC(25) Skipped phase1 of Reference Processing due to unavailable references
[6.761s][debug][gc,ref       ] GC(25) Skipped phase2 of Reference Processing due to unavailable references
[6.761s][debug][gc,ref       ] GC(25) Skipped phase3 of Reference Processing due to unavailable references
[6.761s][debug][gc,ref       ] GC(25) Skipped phase4 of Reference Processing due to unavailable references
[6.761s][debug][gc,age       ] GC(25) Desired survivor size 15400960 bytes, new threshold 6 (max threshold 6)
[6.761s][info ][gc,heap      ] GC(25) ParNew: 241311K->525K(270976K)
[6.761s][info ][gc,heap      ] GC(25) CMS: 119402K->119442K(602112K)
[6.761s][info ][gc,metaspace ] GC(25) Metaspace: 36612K->36612K(1081344K)
[6.761s][info ][gc           ] GC(25) Pause Young (Allocation Failure) 352M->117M(852M) 1.904ms
[6.761s][info ][gc,cpu       ] GC(25) User=0.01s Sys=0.00s Real=0.01s
[6.761s][info ][safepoint    ] Leaving safepoint region
[6.761s][info ][safepoint    ] Total time for which application threads were stopped: 0.0023218 seconds, Stopping threads took: 0.0002589 seconds
[6.825s][info ][safepoint    ] Application time: 0.0645104 seconds
[6.825s][info ][safepoint    ] Entering safepoint region: GenCollectForAllocation
[6.826s][info ][gc,start     ] GC(26) Pause Young (Allocation Failure)
[6.826s][info ][gc,task      ] GC(26) Using 4 workers of 4 for evacuation
[6.828s][debug][gc,ref       ] GC(26) Skipped phase1 of Reference Processing due to unavailable references
[6.828s][debug][gc,ref       ] GC(26) Skipped phase2 of Reference Processing due to unavailable references
[6.828s][debug][gc,ref       ] GC(26) Skipped phase3 of Reference Processing due to unavailable references
[6.828s][debug][gc,ref       ] GC(26) Skipped phase4 of Reference Processing due to unavailable references
[6.828s][debug][gc,age       ] GC(26) Desired survivor size 15400960 bytes, new threshold 6 (max threshold 6)
[6.828s][info ][gc,heap      ] GC(26) ParNew: 241421K->509K(270976K)
[6.828s][info ][gc,heap      ] GC(26) CMS: 119442K->119489K(602112K)
[6.828s][info ][gc,metaspace ] GC(26) Metaspace: 36613K->36613K(1081344K)
[6.828s][info ][gc           ] GC(26) Pause Young (Allocation Failure) 352M->117M(852M) 2.355ms
[6.828s][info ][gc,cpu       ] GC(26) User=0.01s Sys=0.00s Real=0.00s
[6.828s][info ][safepoint    ] Leaving safepoint region
[6.828s][info ][safepoint    ] Total time for which application threads were stopped: 0.0026052 seconds, Stopping threads took: 0.0000793 seconds
[6.861s][info ][safepoint    ] Application time: 0.0334246 seconds
[6.862s][info ][safepoint    ] Entering safepoint region: GenCollectForAllocation
[6.862s][info ][gc,start     ] GC(27) Pause Young (Allocation Failure)
[6.862s][info ][gc,task      ] GC(27) Using 4 workers of 4 for evacuation
[6.868s][debug][gc,ref       ] GC(27) Skipped phase1 of Reference Processing due to unavailable references
[6.868s][debug][gc,ref       ] GC(27) Skipped phase2 of Reference Processing due to unavailable references
[6.868s][debug][gc,ref       ] GC(27) Skipped phase3 of Reference Processing due to unavailable references
[6.868s][debug][gc,ref       ] GC(27) Skipped phase4 of Reference Processing due to unavailable references
[6.868s][debug][gc,age       ] GC(27) Desired survivor size 15400960 bytes, new threshold 6 (max threshold 6)
[6.868s][info ][gc,heap      ] GC(27) ParNew: 241405K->545K(270976K)
[6.868s][info ][gc,heap      ] GC(27) CMS: 119489K->119539K(602112K)
[6.868s][info ][gc,metaspace ] GC(27) Metaspace: 36613K->36613K(1081344K)
[6.868s][info ][gc           ] GC(27) Pause Young (Allocation Failure) 352M->117M(852M) 6.489ms
[6.868s][info ][gc,cpu       ] GC(27) User=0.01s Sys=0.01s Real=0.01s
[6.868s][info ][safepoint    ] Leaving safepoint region
[6.868s][info ][safepoint    ] Total time for which application threads were stopped: 0.0068617 seconds, Stopping threads took: 0.0001665 seconds
[6.920s][info ][safepoint    ] Application time: 0.0514559 seconds
[6.920s][info ][safepoint    ] Entering safepoint region: GenCollectForAllocation
[6.920s][info ][gc,start     ] GC(28) Pause Young (Allocation Failure)
[6.920s][info ][gc,task      ] GC(28) Using 4 workers of 4 for evacuation
[6.922s][debug][gc,ref       ] GC(28) Skipped phase1 of Reference Processing due to unavailable references
[6.922s][debug][gc,ref       ] GC(28) Skipped phase2 of Reference Processing due to unavailable references
[6.922s][debug][gc,ref       ] GC(28) Skipped phase3 of Reference Processing due to unavailable references
[6.922s][debug][gc,ref       ] GC(28) Skipped phase4 of Reference Processing due to unavailable references
[6.922s][debug][gc,age       ] GC(28) Desired survivor size 15400960 bytes, new threshold 6 (max threshold 6)
[6.922s][info ][gc,heap      ] GC(28) ParNew: 241441K->618K(270976K)
[6.922s][info ][gc,heap      ] GC(28) CMS: 119539K->119558K(602112K)
[6.922s][info ][gc,metaspace ] GC(28) Metaspace: 36613K->36613K(1081344K)
[6.922s][info ][gc           ] GC(28) Pause Young (Allocation Failure) 352M->117M(852M) 1.818ms
[6.922s][info ][gc,cpu       ] GC(28) User=0.01s Sys=0.00s Real=0.00s
[6.922s][info ][safepoint    ] Leaving safepoint region
[6.922s][info ][safepoint    ] Total time for which application threads were stopped: 0.0021765 seconds, Stopping threads took: 0.0001916 seconds
[6.973s][info ][safepoint    ] Application time: 0.0509321 seconds
[6.973s][info ][safepoint    ] Entering safepoint region: GenCollectForAllocation
[6.974s][info ][gc,start     ] GC(29) Pause Young (Allocation Failure)
[6.974s][info ][gc,task      ] GC(29) Using 4 workers of 4 for evacuation
[6.976s][debug][gc,ref       ] GC(29) Skipped phase1 of Reference Processing due to unavailable references
[6.976s][debug][gc,ref       ] GC(29) Skipped phase2 of Reference Processing due to unavailable references
[6.976s][debug][gc,ref       ] GC(29) Skipped phase3 of Reference Processing due to unavailable references
[6.976s][debug][gc,ref       ] GC(29) Skipped phase4 of Reference Processing due to unavailable references
[6.976s][debug][gc,age       ] GC(29) Desired survivor size 15400960 bytes, new threshold 6 (max threshold 6)
[6.976s][info ][gc,heap      ] GC(29) ParNew: 241514K->498K(270976K)
[6.976s][info ][gc,heap      ] GC(29) CMS: 119558K->119618K(602112K)
[6.976s][info ][gc,metaspace ] GC(29) Metaspace: 36613K->36613K(1081344K)
[6.976s][info ][gc           ] GC(29) Pause Young (Allocation Failure) 352M->117M(852M) 2.127ms
[6.976s][info ][gc,cpu       ] GC(29) User=0.00s Sys=0.00s Real=0.00s
[6.976s][info ][safepoint    ] Leaving safepoint region
[6.976s][info ][safepoint    ] Total time for which application threads were stopped: 0.0023998 seconds, Stopping threads took: 0.0000859 seconds
[7.017s][info ][safepoint    ] Application time: 0.0412934 seconds
[7.020s][info ][safepoint    ] Entering safepoint region: GenCollectForAllocation
[7.020s][info ][gc,start     ] GC(30) Pause Young (Allocation Failure)
[7.020s][info ][gc,task      ] GC(30) Using 4 workers of 4 for evacuation
[7.022s][debug][gc,ref       ] GC(30) Skipped phase1 of Reference Processing due to unavailable references
[7.022s][debug][gc,ref       ] GC(30) Skipped phase2 of Reference Processing due to unavailable references
[7.022s][debug][gc,ref       ] GC(30) Skipped phase3 of Reference Processing due to unavailable references
[7.022s][debug][gc,ref       ] GC(30) Skipped phase4 of Reference Processing due to unavailable references
[7.022s][debug][gc,age       ] GC(30) Desired survivor size 15400960 bytes, new threshold 6 (max threshold 6)
[7.022s][info ][gc,heap      ] GC(30) ParNew: 241394K->556K(270976K)
[7.022s][info ][gc,heap      ] GC(30) CMS: 119618K->119659K(602112K)
[7.022s][info ][gc,metaspace ] GC(30) Metaspace: 36613K->36613K(1081344K)
[7.022s][info ][gc           ] GC(30) Pause Young (Allocation Failure) 352M->117M(852M) 1.812ms
[7.022s][info ][gc,cpu       ] GC(30) User=0.01s Sys=0.00s Real=0.00s
[7.022s][info ][safepoint    ] Leaving safepoint region
[7.022s][info ][safepoint    ] Total time for which application threads were stopped: 0.0052273 seconds, Stopping threads took: 0.0032462 seconds
[7.072s][info ][safepoint    ] Application time: 0.0496886 seconds
[7.072s][info ][safepoint    ] Entering safepoint region: GenCollectForAllocation
[7.072s][info ][gc,start     ] GC(31) Pause Young (Allocation Failure)
[7.072s][info ][gc,task      ] GC(31) Using 4 workers of 4 for evacuation
[7.074s][debug][gc,ref       ] GC(31) Skipped phase1 of Reference Processing due to unavailable references
[7.074s][debug][gc,ref       ] GC(31) Skipped phase2 of Reference Processing due to unavailable references
[7.074s][debug][gc,ref       ] GC(31) Skipped phase3 of Reference Processing due to unavailable references
[7.074s][debug][gc,ref       ] GC(31) Skipped phase4 of Reference Processing due to unavailable references
[7.074s][debug][gc,age       ] GC(31) Desired survivor size 15400960 bytes, new threshold 6 (max threshold 6)
[7.074s][info ][gc,heap      ] GC(31) ParNew: 241452K->497K(270976K)
[7.074s][info ][gc,heap      ] GC(31) CMS: 119659K->119693K(602112K)
[7.074s][info ][gc,metaspace ] GC(31) Metaspace: 36613K->36613K(1081344K)
[7.074s][info ][gc           ] GC(31) Pause Young (Allocation Failure) 352M->117M(852M) 1.843ms
[7.074s][info ][gc,cpu       ] GC(31) User=0.01s Sys=0.00s Real=0.00s
[7.074s][info ][safepoint    ] Leaving safepoint region
[7.074s][info ][safepoint    ] Total time for which application threads were stopped: 0.0022033 seconds, Stopping threads took: 0.0001769 seconds
[7.125s][info ][safepoint    ] Application time: 0.0511412 seconds
[7.126s][info ][safepoint    ] Entering safepoint region: GenCollectForAllocation
[7.126s][info ][gc,start     ] GC(32) Pause Young (Allocation Failure)
[7.126s][info ][gc,task      ] GC(32) Using 4 workers of 4 for evacuation
[7.128s][debug][gc,ref       ] GC(32) Skipped phase1 of Reference Processing due to unavailable references
[7.128s][debug][gc,ref       ] GC(32) Skipped phase2 of Reference Processing due to unavailable references
[7.128s][debug][gc,ref       ] GC(32) Skipped phase3 of Reference Processing due to unavailable references
[7.128s][debug][gc,ref       ] GC(32) Skipped phase4 of Reference Processing due to unavailable references
[7.128s][debug][gc,age       ] GC(32) Desired survivor size 15400960 bytes, new threshold 6 (max threshold 6)
[7.128s][info ][gc,heap      ] GC(32) ParNew: 241393K->615K(270976K)
[7.128s][info ][gc,heap      ] GC(32) CMS: 119693K->119765K(602112K)
[7.128s][info ][gc,metaspace ] GC(32) Metaspace: 36613K->36613K(1081344K)
[7.128s][info ][gc           ] GC(32) Pause Young (Allocation Failure) 352M->117M(852M) 1.998ms
[7.128s][info ][gc,cpu       ] GC(32) User=0.00s Sys=0.00s Real=0.00s
[7.128s][info ][safepoint    ] Leaving safepoint region
[7.128s][info ][safepoint    ] Total time for which application threads were stopped: 0.0023666 seconds, Stopping threads took: 0.0002088 seconds
[7.171s][info ][safepoint    ] Application time: 0.0436092 seconds
[7.172s][info ][safepoint    ] Entering safepoint region: GenCollectForAllocation
[7.172s][info ][gc,start     ] GC(33) Pause Young (Allocation Failure)
[7.172s][info ][gc,task      ] GC(33) Using 4 workers of 4 for evacuation
[7.174s][debug][gc,ref       ] GC(33) Skipped phase1 of Reference Processing due to unavailable references
[7.174s][debug][gc,ref       ] GC(33) Skipped phase2 of Reference Processing due to unavailable references
[7.174s][debug][gc,ref       ] GC(33) Skipped phase3 of Reference Processing due to unavailable references
[7.174s][debug][gc,ref       ] GC(33) Skipped phase4 of Reference Processing due to unavailable references
[7.174s][debug][gc,age       ] GC(33) Desired survivor size 15400960 bytes, new threshold 6 (max threshold 6)
[7.174s][info ][gc,heap      ] GC(33) ParNew: 241511K->429K(270976K)
[7.174s][info ][gc,heap      ] GC(33) CMS: 119765K->119768K(602112K)
[7.174s][info ][gc,metaspace ] GC(33) Metaspace: 36613K->36613K(1081344K)
[7.174s][info ][gc           ] GC(33) Pause Young (Allocation Failure) 352M->117M(852M) 2.261ms
[7.174s][info ][gc,cpu       ] GC(33) User=0.01s Sys=0.00s Real=0.00s
[7.174s][info ][safepoint    ] Leaving safepoint region
[7.174s][info ][safepoint    ] Total time for which application threads were stopped: 0.0026573 seconds, Stopping threads took: 0.0002159 seconds
[7.236s][info ][safepoint    ] Application time: 0.0622039 seconds
[7.237s][info ][safepoint    ] Entering safepoint region: GenCollectForAllocation
[7.237s][info ][gc,start     ] GC(34) Pause Young (Allocation Failure)
[7.237s][info ][gc,task      ] GC(34) Using 4 workers of 4 for evacuation
[7.239s][debug][gc,ref       ] GC(34) Skipped phase1 of Reference Processing due to unavailable references
[7.239s][debug][gc,ref       ] GC(34) Skipped phase2 of Reference Processing due to unavailable references
[7.239s][debug][gc,ref       ] GC(34) Skipped phase3 of Reference Processing due to unavailable references
[7.239s][debug][gc,ref       ] GC(34) Skipped phase4 of Reference Processing due to unavailable references
[7.239s][debug][gc,age       ] GC(34) Desired survivor size 15400960 bytes, new threshold 6 (max threshold 6)
[7.239s][info ][gc,heap      ] GC(34) ParNew: 241325K->545K(270976K)
[7.239s][info ][gc,heap      ] GC(34) CMS: 119768K->119832K(602112K)
[7.239s][info ][gc,metaspace ] GC(34) Metaspace: 36613K->36613K(1081344K)
[7.239s][info ][gc           ] GC(34) Pause Young (Allocation Failure) 352M->117M(852M) 1.988ms
[7.239s][info ][gc,cpu       ] GC(34) User=0.00s Sys=0.00s Real=0.00s
[7.239s][info ][safepoint    ] Leaving safepoint region
[7.239s][info ][safepoint    ] Total time for which application threads were stopped: 0.0024463 seconds, Stopping threads took: 0.0002915 seconds
[7.275s][info ][safepoint    ] Application time: 0.0366150 seconds
[7.276s][info ][safepoint    ] Entering safepoint region: GenCollectForAllocation
[7.276s][info ][gc,start     ] GC(35) Pause Young (Allocation Failure)
[7.276s][info ][gc,task      ] GC(35) Using 4 workers of 4 for evacuation
[7.277s][debug][gc,ref       ] GC(35) Skipped phase1 of Reference Processing due to unavailable references
[7.278s][debug][gc,ref       ] GC(35) Skipped phase2 of Reference Processing due to unavailable references
[7.278s][debug][gc,ref       ] GC(35) Skipped phase3 of Reference Processing due to unavailable references
[7.278s][debug][gc,ref       ] GC(35) Skipped phase4 of Reference Processing due to unavailable references
[7.278s][debug][gc,age       ] GC(35) Desired survivor size 15400960 bytes, new threshold 6 (max threshold 6)
[7.278s][info ][gc,heap      ] GC(35) ParNew: 241441K->521K(270976K)
[7.278s][info ][gc,heap      ] GC(35) CMS: 119832K->119871K(602112K)
[7.278s][info ][gc,metaspace ] GC(35) Metaspace: 36613K->36613K(1081344K)
[7.278s][info ][gc           ] GC(35) Pause Young (Allocation Failure) 352M->117M(852M) 1.916ms
[7.278s][info ][gc,cpu       ] GC(35) User=0.00s Sys=0.00s Real=0.00s
[7.278s][info ][safepoint    ] Leaving safepoint region
[7.278s][info ][safepoint    ] Total time for which application threads were stopped: 0.0023081 seconds, Stopping threads took: 0.0001982 seconds
[7.340s][info ][safepoint    ] Application time: 0.0623344 seconds
[7.341s][info ][safepoint    ] Entering safepoint region: GenCollectForAllocation
[7.341s][info ][gc,start     ] GC(36) Pause Young (Allocation Failure)
[7.341s][info ][gc,task      ] GC(36) Using 4 workers of 4 for evacuation
[7.343s][debug][gc,ref       ] GC(36) Skipped phase1 of Reference Processing due to unavailable references
[7.343s][debug][gc,ref       ] GC(36) Skipped phase2 of Reference Processing due to unavailable references
[7.343s][debug][gc,ref       ] GC(36) Skipped phase3 of Reference Processing due to unavailable references
[7.343s][debug][gc,ref       ] GC(36) Skipped phase4 of Reference Processing due to unavailable references
[7.343s][debug][gc,age       ] GC(36) Desired survivor size 15400960 bytes, new threshold 6 (max threshold 6)
[7.343s][info ][gc,heap      ] GC(36) ParNew: 241417K->614K(270976K)
[7.343s][info ][gc,heap      ] GC(36) CMS: 119871K->119911K(602112K)
[7.343s][info ][gc,metaspace ] GC(36) Metaspace: 36613K->36613K(1081344K)
[7.343s][info ][gc           ] GC(36) Pause Young (Allocation Failure) 352M->117M(852M) 1.873ms
[7.343s][info ][gc,cpu       ] GC(36) User=0.01s Sys=0.00s Real=0.00s
[7.343s][info ][safepoint    ] Leaving safepoint region
[7.343s][info ][safepoint    ] Total time for which application threads were stopped: 0.0029254 seconds, Stopping threads took: 0.0008711 seconds
[7.387s][info ][safepoint    ] Application time: 0.0442208 seconds
[7.387s][info ][safepoint    ] Entering safepoint region: GenCollectForAllocation
[7.388s][info ][gc,start     ] GC(37) Pause Young (Allocation Failure)
[7.388s][info ][gc,task      ] GC(37) Using 4 workers of 4 for evacuation
[7.389s][debug][gc,ref       ] GC(37) Skipped phase1 of Reference Processing due to unavailable references
[7.389s][debug][gc,ref       ] GC(37) Skipped phase2 of Reference Processing due to unavailable references
[7.389s][debug][gc,ref       ] GC(37) Skipped phase3 of Reference Processing due to unavailable references
[7.389s][debug][gc,ref       ] GC(37) Skipped phase4 of Reference Processing due to unavailable references
[7.390s][debug][gc,age       ] GC(37) Desired survivor size 15400960 bytes, new threshold 6 (max threshold 6)
[7.390s][info ][gc,heap      ] GC(37) ParNew: 241510K->493K(270976K)
[7.390s][info ][gc,heap      ] GC(37) CMS: 119911K->119970K(602112K)
[7.390s][info ][gc,metaspace ] GC(37) Metaspace: 36613K->36613K(1081344K)
[7.390s][info ][gc           ] GC(37) Pause Young (Allocation Failure) 352M->117M(852M) 1.987ms
[7.390s][info ][gc,cpu       ] GC(37) User=0.01s Sys=0.00s Real=0.01s
[7.390s][info ][safepoint    ] Leaving safepoint region
[7.390s][info ][safepoint    ] Total time for which application threads were stopped: 0.0023128 seconds, Stopping threads took: 0.0001547 seconds
[7.434s][info ][safepoint    ] Application time: 0.0441857 seconds
[7.434s][info ][safepoint    ] Entering safepoint region: GenCollectForAllocation
[7.434s][info ][gc,start     ] GC(38) Pause Young (Allocation Failure)
[7.434s][info ][gc,task      ] GC(38) Using 4 workers of 4 for evacuation
[7.436s][debug][gc,ref       ] GC(38) Skipped phase1 of Reference Processing due to unavailable references
[7.436s][debug][gc,ref       ] GC(38) Skipped phase2 of Reference Processing due to unavailable references
[7.436s][debug][gc,ref       ] GC(38) Skipped phase3 of Reference Processing due to unavailable references
[7.436s][debug][gc,ref       ] GC(38) Skipped phase4 of Reference Processing due to unavailable references
[7.436s][debug][gc,age       ] GC(38) Desired survivor size 15400960 bytes, new threshold 6 (max threshold 6)
[7.436s][info ][gc,heap      ] GC(38) ParNew: 241389K->480K(270976K)
[7.436s][info ][gc,heap      ] GC(38) CMS: 119970K->120013K(602112K)
[7.436s][info ][gc,metaspace ] GC(38) Metaspace: 36616K->36616K(1081344K)
[7.436s][info ][gc           ] GC(38) Pause Young (Allocation Failure) 352M->117M(852M) 1.893ms
[7.436s][info ][gc,cpu       ] GC(38) User=0.00s Sys=0.00s Real=0.00s
[7.436s][info ][safepoint    ] Leaving safepoint region
[7.436s][info ][safepoint    ] Total time for which application threads were stopped: 0.0025131 seconds, Stopping threads took: 0.0004770 seconds
[7.489s][info ][safepoint    ] Application time: 0.0521934 seconds
[7.489s][info ][safepoint    ] Entering safepoint region: GenCollectForAllocation
[7.489s][info ][gc,start     ] GC(39) Pause Young (Allocation Failure)
[7.489s][info ][gc,task      ] GC(39) Using 4 workers of 4 for evacuation
[7.490s][debug][gc,ref       ] GC(39) Skipped phase1 of Reference Processing due to unavailable references
[7.491s][debug][gc,ref       ] GC(39) Skipped phase2 of Reference Processing due to unavailable references
[7.491s][debug][gc,ref       ] GC(39) Skipped phase3 of Reference Processing due to unavailable references
[7.491s][debug][gc,ref       ] GC(39) Skipped phase4 of Reference Processing due to unavailable references
[7.491s][debug][gc,age       ] GC(39) Desired survivor size 15400960 bytes, new threshold 6 (max threshold 6)
[7.491s][info ][gc,heap      ] GC(39) ParNew: 241376K->487K(270976K)
[7.491s][info ][gc,heap      ] GC(39) CMS: 120013K->120043K(602112K)
[7.491s][info ][gc,metaspace ] GC(39) Metaspace: 36619K->36619K(1081344K)
[7.491s][info ][gc           ] GC(39) Pause Young (Allocation Failure) 352M->117M(852M) 1.774ms
[7.491s][info ][gc,cpu       ] GC(39) User=0.01s Sys=0.00s Real=0.00s
[7.491s][info ][safepoint    ] Leaving safepoint region
[7.491s][info ][safepoint    ] Total time for which application threads were stopped: 0.0020673 seconds, Stopping threads took: 0.0001370 seconds
[7.530s][info ][safepoint    ] Application time: 0.0389415 seconds
[7.530s][info ][safepoint    ] Entering safepoint region: GenCollectForAllocation
[7.530s][info ][gc,start     ] GC(40) Pause Young (Allocation Failure)
[7.530s][info ][gc,task      ] GC(40) Using 4 workers of 4 for evacuation
[7.532s][debug][gc,ref       ] GC(40) Skipped phase1 of Reference Processing due to unavailable references
[7.532s][debug][gc,ref       ] GC(40) Skipped phase2 of Reference Processing due to unavailable references
[7.532s][debug][gc,ref       ] GC(40) Skipped phase3 of Reference Processing due to unavailable references
[7.532s][debug][gc,ref       ] GC(40) Skipped phase4 of Reference Processing due to unavailable references
[7.532s][debug][gc,age       ] GC(40) Desired survivor size 15400960 bytes, new threshold 6 (max threshold 6)
[7.532s][info ][gc,heap      ] GC(40) ParNew: 241383K->519K(270976K)
[7.532s][info ][gc,heap      ] GC(40) CMS: 120043K->120101K(602112K)
[7.532s][info ][gc,metaspace ] GC(40) Metaspace: 36621K->36621K(1081344K)
[7.532s][info ][gc           ] GC(40) Pause Young (Allocation Failure) 352M->117M(852M) 1.972ms
[7.532s][info ][gc,cpu       ] GC(40) User=0.01s Sys=0.00s Real=0.00s
[7.532s][info ][safepoint    ] Leaving safepoint region
[7.532s][info ][safepoint    ] Total time for which application threads were stopped: 0.0022505 seconds, Stopping threads took: 0.0001272 seconds
[7.581s][info ][safepoint    ] Application time: 0.0492423 seconds
[7.581s][info ][safepoint    ] Entering safepoint region: GenCollectForAllocation
[7.581s][info ][gc,start     ] GC(41) Pause Young (Allocation Failure)
[7.582s][info ][gc,task      ] GC(41) Using 4 workers of 4 for evacuation
[7.583s][debug][gc,ref       ] GC(41) Skipped phase1 of Reference Processing due to unavailable references
[7.583s][debug][gc,ref       ] GC(41) Skipped phase2 of Reference Processing due to unavailable references
[7.583s][debug][gc,ref       ] GC(41) Skipped phase3 of Reference Processing due to unavailable references
[7.583s][debug][gc,ref       ] GC(41) Skipped phase4 of Reference Processing due to unavailable references
[7.583s][debug][gc,age       ] GC(41) Desired survivor size 15400960 bytes, new threshold 6 (max threshold 6)
[7.583s][info ][gc,heap      ] GC(41) ParNew: 241415K->587K(270976K)
[7.583s][info ][gc,heap      ] GC(41) CMS: 120101K->120126K(602112K)
[7.583s][info ][gc,metaspace ] GC(41) Metaspace: 36621K->36621K(1081344K)
[7.583s][info ][gc           ] GC(41) Pause Young (Allocation Failure) 353M->117M(852M) 1.859ms
[7.583s][info ][gc,cpu       ] GC(41) User=0.01s Sys=0.00s Real=0.00s
[7.583s][info ][safepoint    ] Leaving safepoint region
[7.583s][info ][safepoint    ] Total time for which application threads were stopped: 0.0021889 seconds, Stopping threads took: 0.0001647 seconds
[7.632s][info ][safepoint    ] Application time: 0.0482196 seconds
[7.632s][info ][safepoint    ] Entering safepoint region: GenCollectForAllocation
[7.632s][info ][gc,start     ] GC(42) Pause Young (Allocation Failure)
[7.632s][info ][gc,task      ] GC(42) Using 4 workers of 4 for evacuation
[7.634s][debug][gc,ref       ] GC(42) Skipped phase1 of Reference Processing due to unavailable references
[7.634s][debug][gc,ref       ] GC(42) Skipped phase2 of Reference Processing due to unavailable references
[7.634s][debug][gc,ref       ] GC(42) Skipped phase3 of Reference Processing due to unavailable references
[7.634s][debug][gc,ref       ] GC(42) Skipped phase4 of Reference Processing due to unavailable references
[7.634s][debug][gc,age       ] GC(42) Desired survivor size 15400960 bytes, new threshold 6 (max threshold 6)
[7.634s][info ][gc,heap      ] GC(42) ParNew: 241483K->447K(270976K)
[7.634s][info ][gc,heap      ] GC(42) CMS: 120126K->120192K(602112K)
[7.634s][info ][gc,metaspace ] GC(42) Metaspace: 36621K->36621K(1081344K)
[7.634s][info ][gc           ] GC(42) Pause Young (Allocation Failure) 353M->117M(852M) 1.902ms
[7.634s][info ][gc,cpu       ] GC(42) User=0.01s Sys=0.00s Real=0.00s
[7.634s][info ][safepoint    ] Leaving safepoint region
[7.634s][info ][safepoint    ] Total time for which application threads were stopped: 0.0021685 seconds, Stopping threads took: 0.0001044 seconds
[7.678s][info ][safepoint    ] Application time: 0.0443151 seconds
[7.678s][info ][safepoint    ] Entering safepoint region: GenCollectForAllocation
[7.678s][info ][gc,start     ] GC(43) Pause Young (Allocation Failure)
[7.678s][info ][gc,task      ] GC(43) Using 4 workers of 4 for evacuation
[7.680s][debug][gc,ref       ] GC(43) Skipped phase1 of Reference Processing due to unavailable references
[7.680s][debug][gc,ref       ] GC(43) Skipped phase2 of Reference Processing due to unavailable references
[7.680s][debug][gc,ref       ] GC(43) Skipped phase3 of Reference Processing due to unavailable references
[7.680s][debug][gc,ref       ] GC(43) Skipped phase4 of Reference Processing due to unavailable references
[7.680s][debug][gc,age       ] GC(43) Desired survivor size 15400960 bytes, new threshold 6 (max threshold 6)
[7.680s][info ][gc,heap      ] GC(43) ParNew: 241343K->509K(270976K)
[7.680s][info ][gc,heap      ] GC(43) CMS: 120192K->120221K(602112K)
[7.680s][info ][gc,metaspace ] GC(43) Metaspace: 36622K->36622K(1081344K)
[7.680s][info ][gc           ] GC(43) Pause Young (Allocation Failure) 353M->117M(852M) 1.789ms
[7.680s][info ][gc,cpu       ] GC(43) User=0.01s Sys=0.00s Real=0.00s
[7.680s][info ][safepoint    ] Leaving safepoint region
[7.680s][info ][safepoint    ] Total time for which application threads were stopped: 0.0021138 seconds, Stopping threads took: 0.0001770 seconds
[7.737s][info ][safepoint    ] Application time: 0.0563365 seconds
[7.737s][info ][safepoint    ] Entering safepoint region: GenCollectForAllocation
[7.737s][info ][gc,start     ] GC(44) Pause Young (Allocation Failure)
[7.737s][info ][gc,task      ] GC(44) Using 4 workers of 4 for evacuation
[7.739s][debug][gc,ref       ] GC(44) Skipped phase1 of Reference Processing due to unavailable references
[7.739s][debug][gc,ref       ] GC(44) Skipped phase2 of Reference Processing due to unavailable references
[7.739s][debug][gc,ref       ] GC(44) Skipped phase3 of Reference Processing due to unavailable references
[7.739s][debug][gc,ref       ] GC(44) Skipped phase4 of Reference Processing due to unavailable references
[7.739s][debug][gc,age       ] GC(44) Desired survivor size 15400960 bytes, new threshold 6 (max threshold 6)
[7.739s][info ][gc,heap      ] GC(44) ParNew: 241405K->617K(270976K)
[7.739s][info ][gc,heap      ] GC(44) CMS: 120221K->120271K(602112K)
[7.739s][info ][gc,metaspace ] GC(44) Metaspace: 36622K->36622K(1081344K)
[7.739s][info ][gc           ] GC(44) Pause Young (Allocation Failure) 353M->118M(852M) 1.842ms
[7.739s][info ][gc,cpu       ] GC(44) User=0.01s Sys=0.00s Real=0.00s
[7.739s][info ][safepoint    ] Leaving safepoint region
[7.739s][info ][safepoint    ] Total time for which application threads were stopped: 0.0021023 seconds, Stopping threads took: 0.0001040 seconds
[7.780s][info ][safepoint    ] Application time: 0.0412500 seconds
[7.780s][info ][safepoint    ] Entering safepoint region: GenCollectForAllocation
[7.780s][info ][gc,start     ] GC(45) Pause Young (Allocation Failure)
[7.781s][info ][gc,task      ] GC(45) Using 4 workers of 4 for evacuation
[7.782s][debug][gc,ref       ] GC(45) Skipped phase1 of Reference Processing due to unavailable references
[7.782s][debug][gc,ref       ] GC(45) Skipped phase2 of Reference Processing due to unavailable references
[7.782s][debug][gc,ref       ] GC(45) Skipped phase3 of Reference Processing due to unavailable references
[7.782s][debug][gc,ref       ] GC(45) Skipped phase4 of Reference Processing due to unavailable references
[7.782s][debug][gc,age       ] GC(45) Desired survivor size 15400960 bytes, new threshold 6 (max threshold 6)
[7.783s][info ][gc,heap      ] GC(45) ParNew: 241513K->499K(270976K)
[7.783s][info ][gc,heap      ] GC(45) CMS: 120271K->120313K(602112K)
[7.783s][info ][gc,metaspace ] GC(45) Metaspace: 36622K->36622K(1081344K)
[7.783s][info ][gc           ] GC(45) Pause Young (Allocation Failure) 353M->117M(852M) 2.035ms
[7.783s][info ][gc,cpu       ] GC(45) User=0.00s Sys=0.00s Real=0.00s
[7.783s][info ][safepoint    ] Leaving safepoint region
[7.783s][info ][safepoint    ] Total time for which application threads were stopped: 0.0023470 seconds, Stopping threads took: 0.0001600 seconds
[7.837s][info ][safepoint    ] Application time: 0.0545888 seconds
[7.837s][info ][safepoint    ] Entering safepoint region: GenCollectForAllocation
[7.837s][info ][gc,start     ] GC(46) Pause Young (Allocation Failure)
[7.837s][info ][gc,task      ] GC(46) Using 4 workers of 4 for evacuation
[7.839s][debug][gc,ref       ] GC(46) Skipped phase1 of Reference Processing due to unavailable references
[7.839s][debug][gc,ref       ] GC(46) Skipped phase2 of Reference Processing due to unavailable references
[7.839s][debug][gc,ref       ] GC(46) Skipped phase3 of Reference Processing due to unavailable references
[7.839s][debug][gc,ref       ] GC(46) Skipped phase4 of Reference Processing due to unavailable references
[7.839s][debug][gc,age       ] GC(46) Desired survivor size 15400960 bytes, new threshold 6 (max threshold 6)
[7.839s][info ][gc,heap      ] GC(46) ParNew: 241395K->570K(270976K)
[7.839s][info ][gc,heap      ] GC(46) CMS: 120313K->120348K(602112K)
[7.839s][info ][gc,metaspace ] GC(46) Metaspace: 36622K->36622K(1081344K)
[7.839s][info ][gc           ] GC(46) Pause Young (Allocation Failure) 353M->118M(852M) 1.827ms
[7.839s][info ][gc,cpu       ] GC(46) User=0.01s Sys=0.00s Real=0.00s
[7.839s][info ][safepoint    ] Leaving safepoint region
[7.839s][info ][safepoint    ] Total time for which application threads were stopped: 0.0020983 seconds, Stopping threads took: 0.0001252 seconds
[7.885s][info ][safepoint    ] Application time: 0.0460564 seconds
[7.886s][info ][safepoint    ] Entering safepoint region: GenCollectForAllocation
[7.886s][info ][gc,start     ] GC(47) Pause Young (Allocation Failure)
[7.886s][info ][gc,task      ] GC(47) Using 4 workers of 4 for evacuation
[7.888s][debug][gc,ref       ] GC(47) Skipped phase1 of Reference Processing due to unavailable references
[7.888s][debug][gc,ref       ] GC(47) Skipped phase2 of Reference Processing due to unavailable references
[7.888s][debug][gc,ref       ] GC(47) Skipped phase3 of Reference Processing due to unavailable references
[7.888s][debug][gc,ref       ] GC(47) Skipped phase4 of Reference Processing due to unavailable references
[7.888s][debug][gc,age       ] GC(47) Desired survivor size 15400960 bytes, new threshold 6 (max threshold 6)
[7.888s][info ][gc,heap      ] GC(47) ParNew: 241466K->529K(270976K)
[7.888s][info ][gc,heap      ] GC(47) CMS: 120348K->120405K(602112K)
[7.888s][info ][gc,metaspace ] GC(47) Metaspace: 36622K->36622K(1081344K)
[7.888s][info ][gc           ] GC(47) Pause Young (Allocation Failure) 353M->118M(852M) 2.309ms
[7.888s][info ][gc,cpu       ] GC(47) User=0.01s Sys=0.00s Real=0.00s
[7.888s][info ][safepoint    ] Leaving safepoint region
[7.888s][info ][safepoint    ] Total time for which application threads were stopped: 0.0027530 seconds, Stopping threads took: 0.0002504 seconds
[7.945s][info ][safepoint    ] Application time: 0.0566255 seconds
[7.945s][info ][safepoint    ] Entering safepoint region: GenCollectForAllocation
[7.945s][info ][gc,start     ] GC(48) Pause Young (Allocation Failure)
[7.945s][info ][gc,task      ] GC(48) Using 4 workers of 4 for evacuation
[7.947s][debug][gc,ref       ] GC(48) Skipped phase1 of Reference Processing due to unavailable references
[7.947s][debug][gc,ref       ] GC(48) Skipped phase2 of Reference Processing due to unavailable references
[7.947s][debug][gc,ref       ] GC(48) Skipped phase3 of Reference Processing due to unavailable references
[7.947s][debug][gc,ref       ] GC(48) Skipped phase4 of Reference Processing due to unavailable references
[7.947s][debug][gc,age       ] GC(48) Desired survivor size 15400960 bytes, new threshold 6 (max threshold 6)
[7.947s][info ][gc,heap      ] GC(48) ParNew: 241425K->554K(270976K)
[7.947s][info ][gc,heap      ] GC(48) CMS: 120405K->120449K(602112K)
[7.947s][info ][gc,metaspace ] GC(48) Metaspace: 36622K->36622K(1081344K)
[7.947s][info ][gc           ] GC(48) Pause Young (Allocation Failure) 353M->118M(852M) 2.177ms
[7.947s][info ][gc,cpu       ] GC(48) User=0.01s Sys=0.00s Real=0.00s
[7.947s][info ][safepoint    ] Leaving safepoint region
[7.947s][info ][safepoint    ] Total time for which application threads were stopped: 0.0024997 seconds, Stopping threads took: 0.0001608 seconds
[7.995s][info ][safepoint    ] Application time: 0.0477577 seconds
[7.995s][info ][safepoint    ] Entering safepoint region: GenCollectForAllocation
[7.995s][info ][gc,start     ] GC(49) Pause Young (Allocation Failure)
[7.995s][info ][gc,task      ] GC(49) Using 4 workers of 4 for evacuation
[7.998s][debug][gc,ref       ] GC(49) Skipped phase1 of Reference Processing due to unavailable references
[7.998s][debug][gc,ref       ] GC(49) Skipped phase2 of Reference Processing due to unavailable references
[7.998s][debug][gc,ref       ] GC(49) Skipped phase3 of Reference Processing due to unavailable references
[7.998s][debug][gc,ref       ] GC(49) Skipped phase4 of Reference Processing due to unavailable references
[7.998s][debug][gc,age       ] GC(49) Desired survivor size 15400960 bytes, new threshold 6 (max threshold 6)
[7.998s][info ][gc,heap      ] GC(49) ParNew: 241450K->653K(270976K)
[7.998s][info ][gc,heap      ] GC(49) CMS: 120449K->120494K(602112K)
[7.998s][info ][gc,metaspace ] GC(49) Metaspace: 36622K->36622K(1081344K)
[7.998s][info ][gc           ] GC(49) Pause Young (Allocation Failure) 353M->118M(852M) 2.399ms
[7.998s][info ][gc,cpu       ] GC(49) User=0.01s Sys=0.00s Real=0.00s
[7.998s][info ][safepoint    ] Leaving safepoint region
[7.998s][info ][safepoint    ] Total time for which application threads were stopped: 0.0027999 seconds, Stopping threads took: 0.0001882 seconds
[8.052s][info ][safepoint    ] Application time: 0.0540888 seconds
[8.052s][info ][safepoint    ] Entering safepoint region: GenCollectForAllocation
[8.052s][info ][gc,start     ] GC(50) Pause Young (Allocation Failure)
[8.052s][info ][gc,task      ] GC(50) Using 4 workers of 4 for evacuation
[8.054s][debug][gc,ref       ] GC(50) Skipped phase1 of Reference Processing due to unavailable references
[8.054s][debug][gc,ref       ] GC(50) Skipped phase2 of Reference Processing due to unavailable references
[8.054s][debug][gc,ref       ] GC(50) Skipped phase3 of Reference Processing due to unavailable references
[8.054s][debug][gc,ref       ] GC(50) Skipped phase4 of Reference Processing due to unavailable references
[8.054s][debug][gc,age       ] GC(50) Desired survivor size 15400960 bytes, new threshold 6 (max threshold 6)
[8.054s][info ][gc,heap      ] GC(50) ParNew: 241549K->460K(270976K)
[8.054s][info ][gc,heap      ] GC(50) CMS: 120494K->120542K(602112K)
[8.054s][info ][gc,metaspace ] GC(50) Metaspace: 36623K->36623K(1081344K)
[8.054s][info ][gc           ] GC(50) Pause Young (Allocation Failure) 353M->118M(852M) 2.018ms
[8.054s][info ][gc,cpu       ] GC(50) User=0.01s Sys=0.00s Real=0.00s
[8.054s][info ][safepoint    ] Leaving safepoint region
[8.055s][info ][safepoint    ] Total time for which application threads were stopped: 0.0024651 seconds, Stopping threads took: 0.0002737 seconds
[8.109s][info ][safepoint    ] Application time: 0.0544115 seconds
[8.109s][info ][safepoint    ] Entering safepoint region: GenCollectForAllocation
[8.109s][info ][gc,start     ] GC(51) Pause Young (Allocation Failure)
[8.109s][info ][gc,task      ] GC(51) Using 4 workers of 4 for evacuation
[8.113s][debug][gc,ref       ] GC(51) Skipped phase1 of Reference Processing due to unavailable references
[8.113s][debug][gc,ref       ] GC(51) Skipped phase2 of Reference Processing due to unavailable references
[8.113s][debug][gc,ref       ] GC(51) Skipped phase3 of Reference Processing due to unavailable references
[8.113s][debug][gc,ref       ] GC(51) Skipped phase4 of Reference Processing due to unavailable references
[8.113s][debug][gc,age       ] GC(51) Desired survivor size 15400960 bytes, new threshold 6 (max threshold 6)
[8.113s][info ][gc,heap      ] GC(51) ParNew: 241356K->500K(270976K)
[8.113s][info ][gc,heap      ] GC(51) CMS: 120542K->120585K(602112K)
[8.113s][info ][gc,metaspace ] GC(51) Metaspace: 36623K->36623K(1081344K)
[8.113s][info ][gc           ] GC(51) Pause Young (Allocation Failure) 353M->118M(852M) 3.451ms
[8.113s][info ][gc,cpu       ] GC(51) User=0.01s Sys=0.00s Real=0.00s
[8.113s][info ][safepoint    ] Leaving safepoint region
[8.113s][info ][safepoint    ] Total time for which application threads were stopped: 0.0038850 seconds, Stopping threads took: 0.0001929 seconds
[8.162s][info ][safepoint    ] Application time: 0.0493352 seconds
[8.163s][info ][safepoint    ] Entering safepoint region: GenCollectForAllocation
[8.163s][info ][gc,start     ] GC(52) Pause Young (Allocation Failure)
[8.163s][info ][gc,task      ] GC(52) Using 4 workers of 4 for evacuation
[8.165s][debug][gc,ref       ] GC(52) Skipped phase1 of Reference Processing due to unavailable references
[8.165s][debug][gc,ref       ] GC(52) Skipped phase2 of Reference Processing due to unavailable references
[8.165s][debug][gc,ref       ] GC(52) Skipped phase3 of Reference Processing due to unavailable references
[8.165s][debug][gc,ref       ] GC(52) Skipped phase4 of Reference Processing due to unavailable references
[8.165s][debug][gc,age       ] GC(52) Desired survivor size 15400960 bytes, new threshold 6 (max threshold 6)
[8.165s][info ][gc,heap      ] GC(52) ParNew: 241396K->551K(270976K)
[8.165s][info ][gc,heap      ] GC(52) CMS: 120585K->120645K(602112K)
[8.165s][info ][gc,metaspace ] GC(52) Metaspace: 36624K->36624K(1081344K)
[8.165s][info ][gc           ] GC(52) Pause Young (Allocation Failure) 353M->118M(852M) 2.194ms
[8.165s][info ][gc,cpu       ] GC(52) User=0.01s Sys=0.00s Real=0.00s
[8.165s][info ][safepoint    ] Leaving safepoint region
[8.165s][info ][safepoint    ] Total time for which application threads were stopped: 0.0029176 seconds, Stopping threads took: 0.0005557 seconds
[8.210s][info ][safepoint    ] Application time: 0.0449097 seconds
[8.214s][info ][safepoint    ] Entering safepoint region: GenCollectForAllocation
[8.214s][info ][gc,start     ] GC(53) Pause Young (Allocation Failure)
[8.214s][info ][gc,task      ] GC(53) Using 4 workers of 4 for evacuation
[8.216s][debug][gc,ref       ] GC(53) Skipped phase1 of Reference Processing due to unavailable references
[8.216s][debug][gc,ref       ] GC(53) Skipped phase2 of Reference Processing due to unavailable references
[8.216s][debug][gc,ref       ] GC(53) Skipped phase3 of Reference Processing due to unavailable references
[8.216s][debug][gc,ref       ] GC(53) Skipped phase4 of Reference Processing due to unavailable references
[8.216s][debug][gc,age       ] GC(53) Desired survivor size 15400960 bytes, new threshold 6 (max threshold 6)
[8.216s][info ][gc,heap      ] GC(53) ParNew: 241447K->649K(270976K)
[8.216s][info ][gc,heap      ] GC(53) CMS: 120645K->120680K(602112K)
[8.216s][info ][gc,metaspace ] GC(53) Metaspace: 36630K->36630K(1081344K)
[8.216s][info ][gc           ] GC(53) Pause Young (Allocation Failure) 353M->118M(852M) 2.157ms
[8.216s][info ][gc,cpu       ] GC(53) User=0.01s Sys=0.00s Real=0.00s
[8.216s][info ][safepoint    ] Leaving safepoint region
[8.216s][info ][safepoint    ] Total time for which application threads were stopped: 0.0059469 seconds, Stopping threads took: 0.0034792 seconds
[8.268s][info ][safepoint    ] Application time: 0.0514753 seconds
[8.268s][info ][safepoint    ] Entering safepoint region: GenCollectForAllocation
[8.268s][info ][gc,start     ] GC(54) Pause Young (Allocation Failure)
[8.268s][info ][gc,task      ] GC(54) Using 4 workers of 4 for evacuation
[8.270s][debug][gc,ref       ] GC(54) Skipped phase1 of Reference Processing due to unavailable references
[8.270s][debug][gc,ref       ] GC(54) Skipped phase2 of Reference Processing due to unavailable references
[8.270s][debug][gc,ref       ] GC(54) Skipped phase3 of Reference Processing due to unavailable references
[8.270s][debug][gc,ref       ] GC(54) Skipped phase4 of Reference Processing due to unavailable references
[8.270s][debug][gc,age       ] GC(54) Desired survivor size 15400960 bytes, new threshold 6 (max threshold 6)
[8.270s][info ][gc,heap      ] GC(54) ParNew: 241545K->590K(270976K)
[8.270s][info ][gc,heap      ] GC(54) CMS: 120680K->120747K(602112K)
[8.270s][info ][gc,metaspace ] GC(54) Metaspace: 36635K->36635K(1083392K)
[8.270s][info ][gc           ] GC(54) Pause Young (Allocation Failure) 353M->118M(852M) 1.865ms
[8.270s][info ][gc,cpu       ] GC(54) User=0.01s Sys=0.00s Real=0.01s
[8.270s][info ][safepoint    ] Leaving safepoint region
[8.270s][info ][safepoint    ] Total time for which application threads were stopped: 0.0021469 seconds, Stopping threads took: 0.0001352 seconds
[8.316s][info ][safepoint    ] Application time: 0.0467571 seconds
[8.317s][info ][safepoint    ] Entering safepoint region: GenCollectForAllocation
[8.317s][info ][gc,start     ] GC(55) Pause Young (Allocation Failure)
[8.317s][info ][gc,task      ] GC(55) Using 4 workers of 4 for evacuation
[8.319s][debug][gc,ref       ] GC(55) Skipped phase1 of Reference Processing due to unavailable references
[8.319s][debug][gc,ref       ] GC(55) Skipped phase2 of Reference Processing due to unavailable references
[8.319s][debug][gc,ref       ] GC(55) Skipped phase3 of Reference Processing due to unavailable references
[8.319s][debug][gc,ref       ] GC(55) Skipped phase4 of Reference Processing due to unavailable references
[8.319s][debug][gc,age       ] GC(55) Desired survivor size 15400960 bytes, new threshold 6 (max threshold 6)
[8.319s][info ][gc,heap      ] GC(55) ParNew: 241486K->568K(270976K)
[8.319s][info ][gc,heap      ] GC(55) CMS: 120747K->120776K(602112K)
[8.319s][info ][gc,metaspace ] GC(55) Metaspace: 36635K->36635K(1083392K)
[8.319s][info ][gc           ] GC(55) Pause Young (Allocation Failure) 353M->118M(852M) 1.952ms
[8.319s][info ][gc,cpu       ] GC(55) User=0.00s Sys=0.00s Real=0.00s
[8.319s][info ][safepoint    ] Leaving safepoint region
[8.319s][info ][safepoint    ] Total time for which application threads were stopped: 0.0023606 seconds, Stopping threads took: 0.0002184 seconds
[8.364s][info ][safepoint    ] Application time: 0.0455698 seconds
[8.365s][info ][safepoint    ] Entering safepoint region: GenCollectForAllocation
[8.365s][info ][gc,start     ] GC(56) Pause Young (Allocation Failure)
[8.365s][info ][gc,task      ] GC(56) Using 4 workers of 4 for evacuation
[8.367s][debug][gc,ref       ] GC(56) Skipped phase1 of Reference Processing due to unavailable references
[8.367s][debug][gc,ref       ] GC(56) Skipped phase2 of Reference Processing due to unavailable references
[8.367s][debug][gc,ref       ] GC(56) Skipped phase3 of Reference Processing due to unavailable references
[8.367s][debug][gc,ref       ] GC(56) Skipped phase4 of Reference Processing due to unavailable references
[8.367s][debug][gc,age       ] GC(56) Desired survivor size 15400960 bytes, new threshold 6 (max threshold 6)
[8.367s][info ][gc,heap      ] GC(56) ParNew: 241464K->589K(270976K)
[8.367s][info ][gc,heap      ] GC(56) CMS: 120776K->120840K(602112K)
[8.367s][info ][gc,metaspace ] GC(56) Metaspace: 36635K->36635K(1083392K)
[8.367s][info ][gc           ] GC(56) Pause Young (Allocation Failure) 353M->118M(852M) 1.907ms
[8.367s][info ][gc,cpu       ] GC(56) User=0.01s Sys=0.00s Real=0.00s
[8.367s][info ][safepoint    ] Leaving safepoint region
[8.367s][info ][safepoint    ] Total time for which application threads were stopped: 0.0022768 seconds, Stopping threads took: 0.0002211 seconds
[8.424s][info ][safepoint    ] Application time: 0.0574170 seconds
[8.424s][info ][safepoint    ] Entering safepoint region: GenCollectForAllocation
[8.425s][info ][gc,start     ] GC(57) Pause Young (Allocation Failure)
[8.425s][info ][gc,task      ] GC(57) Using 4 workers of 4 for evacuation
[8.427s][debug][gc,ref       ] GC(57) Skipped phase1 of Reference Processing due to unavailable references
[8.427s][debug][gc,ref       ] GC(57) Skipped phase3 of Reference Processing due to unavailable references
[8.427s][debug][gc,age       ] GC(57) Desired survivor size 15400960 bytes, new threshold 6 (max threshold 6)
[8.427s][info ][gc,heap      ] GC(57) ParNew: 241485K->673K(270976K)
[8.427s][info ][gc,heap      ] GC(57) CMS: 120840K->120884K(602112K)
[8.427s][info ][gc,metaspace ] GC(57) Metaspace: 36788K->36788K(1083392K)
[8.427s][info ][gc           ] GC(57) Pause Young (Allocation Failure) 353M->118M(852M) 2.169ms
[8.427s][info ][gc,cpu       ] GC(57) User=0.01s Sys=0.00s Real=0.00s
[8.427s][info ][safepoint    ] Leaving safepoint region
[8.427s][info ][safepoint    ] Total time for which application threads were stopped: 0.0025380 seconds, Stopping threads took: 0.0002088 seconds
[8.486s][info ][safepoint    ] Application time: 0.0591301 seconds
[8.486s][info ][safepoint    ] Entering safepoint region: GenCollectForAllocation
[8.486s][info ][gc,start     ] GC(58) Pause Young (Allocation Failure)
[8.486s][info ][gc,task      ] GC(58) Using 4 workers of 4 for evacuation
[8.488s][debug][gc,ref       ] GC(58) Skipped phase1 of Reference Processing due to unavailable references
[8.488s][debug][gc,ref       ] GC(58) Skipped phase3 of Reference Processing due to unavailable references
[8.489s][debug][gc,age       ] GC(58) Desired survivor size 15400960 bytes, new threshold 6 (max threshold 6)
[8.489s][info ][gc,heap      ] GC(58) ParNew: 241569K->756K(270976K)
[8.489s][info ][gc,heap      ] GC(58) CMS: 120884K->120950K(602112K)
[8.489s][info ][gc,metaspace ] GC(58) Metaspace: 36894K->36894K(1083392K)
[8.489s][info ][gc           ] GC(58) Pause Young (Allocation Failure) 353M->118M(852M) 2.481ms
[8.489s][info ][gc,cpu       ] GC(58) User=0.01s Sys=0.00s Real=0.01s
[8.489s][info ][safepoint    ] Leaving safepoint region
[8.489s][info ][safepoint    ] Total time for which application threads were stopped: 0.0027715 seconds, Stopping threads took: 0.0001159 seconds
[8.539s][info ][safepoint    ] Application time: 0.0503196 seconds
[8.539s][info ][safepoint    ] Entering safepoint region: GenCollectForAllocation
[8.539s][info ][gc,start     ] GC(59) Pause Young (Allocation Failure)
[8.539s][info ][gc,task      ] GC(59) Using 4 workers of 4 for evacuation
[8.542s][debug][gc,ref       ] GC(59) Skipped phase1 of Reference Processing due to unavailable references
[8.542s][debug][gc,ref       ] GC(59) Skipped phase3 of Reference Processing due to unavailable references
[8.542s][debug][gc,ref       ] GC(59) Skipped phase4 of Reference Processing due to unavailable references
[8.542s][debug][gc,age       ] GC(59) Desired survivor size 15400960 bytes, new threshold 6 (max threshold 6)
[8.542s][info ][gc,heap      ] GC(59) ParNew: 241652K->1174K(270976K)
[8.542s][info ][gc,heap      ] GC(59) CMS: 120950K->120988K(602112K)
[8.542s][info ][gc,metaspace ] GC(59) Metaspace: 36975K->36975K(1083392K)
[8.542s][info ][gc           ] GC(59) Pause Young (Allocation Failure) 354M->119M(852M) 2.380ms
[8.542s][info ][gc,cpu       ] GC(59) User=0.02s Sys=0.00s Real=0.01s
[8.542s][info ][safepoint    ] Leaving safepoint region
[8.542s][info ][safepoint    ] Total time for which application threads were stopped: 0.0027383 seconds, Stopping threads took: 0.0001720 seconds
[8.603s][info ][safepoint    ] Application time: 0.0614408 seconds
[8.603s][info ][safepoint    ] Entering safepoint region: GenCollectForAllocation
[8.604s][info ][gc,start     ] GC(60) Pause Young (Allocation Failure)
[8.604s][info ][gc,task      ] GC(60) Using 4 workers of 4 for evacuation
[8.606s][debug][gc,ref       ] GC(60) Skipped phase1 of Reference Processing due to unavailable references
[8.606s][debug][gc,ref       ] GC(60) Skipped phase3 of Reference Processing due to unavailable references
[8.606s][debug][gc,ref       ] GC(60) Skipped phase4 of Reference Processing due to unavailable references
[8.606s][debug][gc,age       ] GC(60) Desired survivor size 15400960 bytes, new threshold 6 (max threshold 6)
[8.606s][info ][gc,heap      ] GC(60) ParNew: 242070K->1694K(270976K)
[8.606s][info ][gc,heap      ] GC(60) CMS: 120988K->121045K(602112K)
[8.606s][info ][gc,metaspace ] GC(60) Metaspace: 37054K->37054K(1083392K)
[8.606s][info ][gc           ] GC(60) Pause Young (Allocation Failure) 354M->119M(852M) 2.883ms
[8.606s][info ][gc,cpu       ] GC(60) User=0.02s Sys=0.00s Real=0.00s
[8.606s][info ][safepoint    ] Leaving safepoint region
[8.606s][info ][safepoint    ] Total time for which application threads were stopped: 0.0032470 seconds, Stopping threads took: 0.0001955 seconds
[8.656s][info ][safepoint    ] Application time: 0.0496537 seconds
[8.661s][info ][safepoint    ] Entering safepoint region: GenCollectForAllocation
[8.661s][info ][gc,start     ] GC(61) Pause Young (Allocation Failure)
[8.661s][info ][gc,task      ] GC(61) Using 4 workers of 4 for evacuation
[8.664s][debug][gc,ref       ] GC(61) Skipped phase1 of Reference Processing due to unavailable references
[8.664s][debug][gc,ref       ] GC(61) Skipped phase3 of Reference Processing due to unavailable references
[8.664s][debug][gc,ref       ] GC(61) Skipped phase4 of Reference Processing due to unavailable references
[8.664s][debug][gc,age       ] GC(61) Desired survivor size 15400960 bytes, new threshold 6 (max threshold 6)
[8.664s][info ][gc,heap      ] GC(61) ParNew: 242590K->2209K(270976K)
[8.664s][info ][gc,heap      ] GC(61) CMS: 121045K->121088K(602112K)
[8.664s][info ][gc,metaspace ] GC(61) Metaspace: 37082K->37082K(1083392K)
[8.664s][info ][gc           ] GC(61) Pause Young (Allocation Failure) 355M->120M(852M) 3.086ms
[8.664s][info ][gc,cpu       ] GC(61) User=0.01s Sys=0.01s Real=0.00s
[8.664s][info ][safepoint    ] Leaving safepoint region
[8.664s][info ][safepoint    ] Total time for which application threads were stopped: 0.0076770 seconds, Stopping threads took: 0.0043843 seconds
[8.723s][info ][safepoint    ] Application time: 0.0592311 seconds
[8.728s][info ][safepoint    ] Entering safepoint region: GenCollectForAllocation
[8.728s][info ][gc,start     ] GC(62) Pause Young (Allocation Failure)
[8.728s][info ][gc,task      ] GC(62) Using 4 workers of 4 for evacuation
[8.731s][debug][gc,ref       ] GC(62) Skipped phase1 of Reference Processing due to unavailable references
[8.731s][debug][gc,ref       ] GC(62) Skipped phase3 of Reference Processing due to unavailable references
[8.731s][debug][gc,ref       ] GC(62) Skipped phase4 of Reference Processing due to unavailable references
[8.731s][debug][gc,age       ] GC(62) Desired survivor size 15400960 bytes, new threshold 6 (max threshold 6)
[8.731s][info ][gc,heap      ] GC(62) ParNew: 243105K->2957K(270976K)
[8.731s][info ][gc,heap      ] GC(62) CMS: 121088K->121144K(602112K)
[8.731s][info ][gc,metaspace ] GC(62) Metaspace: 37103K->37103K(1083392K)
[8.731s][info ][gc           ] GC(62) Pause Young (Allocation Failure) 355M->121M(852M) 3.189ms
[8.731s][info ][gc,cpu       ] GC(62) User=0.02s Sys=0.00s Real=0.01s
[8.731s][info ][safepoint    ] Leaving safepoint region
[8.731s][info ][safepoint    ] Total time for which application threads were stopped: 0.0081826 seconds, Stopping threads took: 0.0048107 seconds
[8.789s][info ][safepoint    ] Application time: 0.0573747 seconds
[8.789s][info ][safepoint    ] Entering safepoint region: GenCollectForAllocation
[8.789s][info ][gc,start     ] GC(63) Pause Young (Allocation Failure)
[8.789s][info ][gc,task      ] GC(63) Using 4 workers of 4 for evacuation
[8.793s][debug][gc,ref       ] GC(63) Skipped phase1 of Reference Processing due to unavailable references
[8.793s][debug][gc,ref       ] GC(63) Skipped phase3 of Reference Processing due to unavailable references
[8.793s][debug][gc,ref       ] GC(63) Skipped phase4 of Reference Processing due to unavailable references
[8.793s][debug][gc,age       ] GC(63) Desired survivor size 15400960 bytes, new threshold 6 (max threshold 6)
[8.793s][info ][gc,heap      ] GC(63) ParNew: 243853K->3369K(270976K)
[8.793s][info ][gc,heap      ] GC(63) CMS: 121144K->121254K(602112K)
[8.793s][info ][gc,metaspace ] GC(63) Metaspace: 37147K->37147K(1083392K)
[8.793s][info ][gc           ] GC(63) Pause Young (Allocation Failure) 356M->121M(852M) 3.661ms
[8.793s][info ][gc,cpu       ] GC(63) User=0.02s Sys=0.00s Real=0.00s
[8.793s][info ][safepoint    ] Leaving safepoint region
[8.793s][info ][safepoint    ] Total time for which application threads were stopped: 0.0040548 seconds, Stopping threads took: 0.0002173 seconds
[8.852s][info ][safepoint    ] Application time: 0.0589714 seconds
[8.852s][info ][safepoint    ] Entering safepoint region: GenCollectForAllocation
[8.852s][info ][gc,start     ] GC(64) Pause Young (Allocation Failure)
[8.852s][info ][gc,task      ] GC(64) Using 4 workers of 4 for evacuation
[8.856s][debug][gc,ref       ] GC(64) Skipped phase1 of Reference Processing due to unavailable references
[8.856s][debug][gc,ref       ] GC(64) Skipped phase2 of Reference Processing due to unavailable references
[8.856s][debug][gc,ref       ] GC(64) Skipped phase3 of Reference Processing due to unavailable references
[8.856s][debug][gc,ref       ] GC(64) Skipped phase4 of Reference Processing due to unavailable references
[8.856s][debug][gc,age       ] GC(64) Desired survivor size 15400960 bytes, new threshold 6 (max threshold 6)
[8.856s][info ][gc,heap      ] GC(64) ParNew: 244265K->4005K(270976K)
[8.856s][info ][gc,heap      ] GC(64) CMS: 121254K->121418K(602112K)
[8.856s][info ][gc,metaspace ] GC(64) Metaspace: 37147K->37147K(1083392K)
[8.856s][info ][gc           ] GC(64) Pause Young (Allocation Failure) 356M->122M(852M) 3.761ms
[8.856s][info ][gc,cpu       ] GC(64) User=0.02s Sys=0.01s Real=0.00s
[8.856s][info ][safepoint    ] Leaving safepoint region
[8.856s][info ][safepoint    ] Total time for which application threads were stopped: 0.0041254 seconds, Stopping threads took: 0.0002031 seconds
[8.914s][info ][safepoint    ] Application time: 0.0575908 seconds
[8.914s][info ][safepoint    ] Entering safepoint region: GenCollectForAllocation
[8.914s][info ][gc,start     ] GC(65) Pause Young (Allocation Failure)
[8.914s][info ][gc,task      ] GC(65) Using 4 workers of 4 for evacuation
[8.918s][debug][gc,ref       ] GC(65) Skipped phase1 of Reference Processing due to unavailable references
[8.918s][debug][gc,ref       ] GC(65) Skipped phase2 of Reference Processing due to unavailable references
[8.918s][debug][gc,ref       ] GC(65) Skipped phase3 of Reference Processing due to unavailable references
[8.918s][debug][gc,ref       ] GC(65) Skipped phase4 of Reference Processing due to unavailable references
[8.918s][debug][gc,age       ] GC(65) Desired survivor size 15400960 bytes, new threshold 6 (max threshold 6)
[8.918s][info ][gc,heap      ] GC(65) ParNew: 244901K->4342K(270976K)
[8.918s][info ][gc,heap      ] GC(65) CMS: 121418K->121651K(602112K)
[8.918s][info ][gc,metaspace ] GC(65) Metaspace: 37154K->37154K(1083392K)
[8.918s][info ][gc           ] GC(65) Pause Young (Allocation Failure) 357M->123M(852M) 4.485ms
[8.918s][info ][gc,cpu       ] GC(65) User=0.02s Sys=0.00s Real=0.00s
[8.918s][info ][safepoint    ] Leaving safepoint region
[8.918s][info ][safepoint    ] Total time for which application threads were stopped: 0.0048366 seconds, Stopping threads took: 0.0001726 seconds
[8.970s][info ][safepoint    ] Application time: 0.0515852 seconds
[8.970s][info ][safepoint    ] Entering safepoint region: GenCollectForAllocation
[8.970s][info ][gc,start     ] GC(66) Pause Young (Allocation Failure)
[8.971s][info ][gc,task      ] GC(66) Using 4 workers of 4 for evacuation
[8.975s][debug][gc,ref       ] GC(66) Skipped phase1 of Reference Processing due to unavailable references
[8.975s][debug][gc,ref       ] GC(66) Skipped phase2 of Reference Processing due to unavailable references
[8.975s][debug][gc,ref       ] GC(66) Skipped phase3 of Reference Processing due to unavailable references
[8.975s][debug][gc,ref       ] GC(66) Skipped phase4 of Reference Processing due to unavailable references
[8.975s][debug][gc,age       ] GC(66) Desired survivor size 15400960 bytes, new threshold 6 (max threshold 6)
[8.975s][info ][gc,heap      ] GC(66) ParNew: 245238K->4672K(270976K)
[8.975s][info ][gc,heap      ] GC(66) CMS: 121651K->122142K(602112K)
[8.975s][info ][gc,metaspace ] GC(66) Metaspace: 37154K->37154K(1083392K)
[8.975s][info ][gc           ] GC(66) Pause Young (Allocation Failure) 358M->123M(852M) 4.843ms
[8.975s][info ][gc,cpu       ] GC(66) User=0.02s Sys=0.00s Real=0.00s
[8.975s][info ][safepoint    ] Leaving safepoint region
[8.975s][info ][safepoint    ] Total time for which application threads were stopped: 0.0053176 seconds, Stopping threads took: 0.0002945 seconds
[9.049s][info ][safepoint    ] Application time: 0.0735427 seconds
[9.052s][info ][safepoint    ] Entering safepoint region: GenCollectForAllocation
[9.052s][info ][gc,start     ] GC(67) Pause Young (Allocation Failure)
[9.052s][info ][gc,task      ] GC(67) Using 4 workers of 4 for evacuation
[9.057s][debug][gc,ref       ] GC(67) Skipped phase1 of Reference Processing due to unavailable references
[9.057s][debug][gc,ref       ] GC(67) Skipped phase2 of Reference Processing due to unavailable references
[9.057s][debug][gc,ref       ] GC(67) Skipped phase3 of Reference Processing due to unavailable references
[9.057s][debug][gc,ref       ] GC(67) Skipped phase4 of Reference Processing due to unavailable references
[9.057s][debug][gc,age       ] GC(67) Desired survivor size 15400960 bytes, new threshold 6 (max threshold 6)
[9.057s][info ][gc,heap      ] GC(67) ParNew: 245568K->5097K(270976K)
[9.057s][info ][gc,heap      ] GC(67) CMS: 122142K->122560K(602112K)
[9.057s][info ][gc,metaspace ] GC(67) Metaspace: 37154K->37154K(1083392K)
[9.057s][info ][gc           ] GC(67) Pause Young (Allocation Failure) 359M->124M(852M) 4.492ms
[9.057s][info ][gc,cpu       ] GC(67) User=0.02s Sys=0.00s Real=0.00s
[9.057s][info ][safepoint    ] Leaving safepoint region
[9.057s][info ][safepoint    ] Total time for which application threads were stopped: 0.0079335 seconds, Stopping threads took: 0.0032391 seconds
[9.125s][info ][safepoint    ] Application time: 0.0680741 seconds
[9.125s][info ][safepoint    ] Entering safepoint region: GenCollectForAllocation
[9.125s][info ][gc,start     ] GC(68) Pause Young (Allocation Failure)
[9.125s][info ][gc,task      ] GC(68) Using 4 workers of 4 for evacuation
[9.130s][debug][gc,ref       ] GC(68) Skipped phase1 of Reference Processing due to unavailable references
[9.130s][debug][gc,ref       ] GC(68) Skipped phase2 of Reference Processing due to unavailable references
[9.130s][debug][gc,ref       ] GC(68) Skipped phase3 of Reference Processing due to unavailable references
[9.130s][debug][gc,ref       ] GC(68) Skipped phase4 of Reference Processing due to unavailable references
[9.131s][debug][gc,age       ] GC(68) Desired survivor size 15400960 bytes, new threshold 6 (max threshold 6)
[9.131s][info ][gc,heap      ] GC(68) ParNew: 245993K->7099K(270976K)
[9.131s][info ][gc,heap      ] GC(68) CMS: 122560K->123116K(602112K)
[9.131s][info ][gc,metaspace ] GC(68) Metaspace: 37162K->37162K(1083392K)
[9.131s][info ][gc           ] GC(68) Pause Young (Allocation Failure) 359M->127M(852M) 5.329ms
[9.131s][info ][gc,cpu       ] GC(68) User=0.02s Sys=0.00s Real=0.01s
[9.131s][info ][safepoint    ] Leaving safepoint region
[9.131s][info ][safepoint    ] Total time for which application threads were stopped: 0.0055769 seconds, Stopping threads took: 0.0000772 seconds
[9.190s][info ][safepoint    ] Application time: 0.0595077 seconds
[9.190s][info ][safepoint    ] Entering safepoint region: GenCollectForAllocation
[9.190s][info ][safepoint    ] Leaving safepoint region
[9.190s][info ][safepoint    ] Total time for which application threads were stopped: 0.0002120 seconds, Stopping threads took: 0.0001062 seconds
[9.191s][info ][safepoint    ] Application time: 0.0001486 seconds
[9.191s][info ][safepoint    ] Entering safepoint region: GenCollectForAllocation
[9.191s][info ][gc,start     ] GC(69) Pause Young (Allocation Failure)
[9.191s][info ][gc,task      ] GC(69) Using 4 workers of 4 for evacuation
[9.196s][debug][gc,ref       ] GC(69) Skipped phase1 of Reference Processing due to unavailable references
[9.196s][debug][gc,ref       ] GC(69) Skipped phase2 of Reference Processing due to unavailable references
[9.196s][debug][gc,ref       ] GC(69) Skipped phase3 of Reference Processing due to unavailable references
[9.196s][debug][gc,ref       ] GC(69) Skipped phase4 of Reference Processing due to unavailable references
[9.196s][debug][gc,age       ] GC(69) Desired survivor size 15400960 bytes, new threshold 6 (max threshold 6)
[9.196s][info ][gc,heap      ] GC(69) ParNew: 248000K->7135K(270976K)
[9.196s][info ][gc,heap      ] GC(69) CMS: 123116K->123582K(602112K)
[9.196s][info ][gc,metaspace ] GC(69) Metaspace: 37162K->37162K(1083392K)
[9.196s][info ][gc           ] GC(69) Pause Young (Allocation Failure) 362M->127M(852M) 5.372ms
[9.196s][info ][gc,cpu       ] GC(69) User=0.03s Sys=0.00s Real=0.00s
[9.196s][info ][safepoint    ] Leaving safepoint region
[9.196s][info ][safepoint    ] Total time for which application threads were stopped: 0.0056052 seconds, Stopping threads took: 0.0001028 seconds
[9.253s][info ][safepoint    ] Application time: 0.0571916 seconds
[9.253s][info ][safepoint    ] Entering safepoint region: GenCollectForAllocation
[9.254s][info ][gc,start     ] GC(70) Pause Young (Allocation Failure)
[9.254s][info ][gc,task      ] GC(70) Using 4 workers of 4 for evacuation
[9.260s][debug][gc,ref       ] GC(70) Skipped phase1 of Reference Processing due to unavailable references
[9.260s][debug][gc,ref       ] GC(70) Skipped phase2 of Reference Processing due to unavailable references
[9.260s][debug][gc,ref       ] GC(70) Skipped phase3 of Reference Processing due to unavailable references
[9.260s][debug][gc,ref       ] GC(70) Skipped phase4 of Reference Processing due to unavailable references
[9.261s][debug][gc,age       ] GC(70) Desired survivor size 15400960 bytes, new threshold 6 (max threshold 6)
[9.261s][info ][gc,heap      ] GC(70) ParNew: 248031K->8119K(270976K)
[9.261s][info ][gc,heap      ] GC(70) CMS: 123582K->124462K(602112K)
[9.261s][info ][gc,metaspace ] GC(70) Metaspace: 37162K->37162K(1083392K)
[9.261s][info ][gc           ] GC(70) Pause Young (Allocation Failure) 362M->129M(852M) 7.050ms
[9.261s][info ][gc,cpu       ] GC(70) User=0.03s Sys=0.00s Real=0.01s
[9.261s][info ][safepoint    ] Leaving safepoint region
[9.261s][info ][safepoint    ] Total time for which application threads were stopped: 0.0073231 seconds, Stopping threads took: 0.0001055 seconds
[9.312s][info ][safepoint    ] Application time: 0.0512171 seconds
[9.312s][info ][safepoint    ] Entering safepoint region: GenCollectForAllocation
[9.312s][info ][gc,start     ] GC(71) Pause Young (Allocation Failure)
[9.312s][info ][gc,task      ] GC(71) Using 4 workers of 4 for evacuation
[9.318s][debug][gc,ref       ] GC(71) Skipped phase1 of Reference Processing due to unavailable references
[9.318s][debug][gc,ref       ] GC(71) Skipped phase3 of Reference Processing due to unavailable references
[9.318s][debug][gc,age       ] GC(71) Desired survivor size 15400960 bytes, new threshold 6 (max threshold 6)
[9.318s][info ][gc,heap      ] GC(71) ParNew: 249015K->9933K(270976K)
[9.318s][info ][gc,heap      ] GC(71) CMS: 124462K->124751K(602112K)
[9.318s][info ][gc,metaspace ] GC(71) Metaspace: 37210K->37210K(1083392K)
[9.318s][info ][gc           ] GC(71) Pause Young (Allocation Failure) 364M->131M(852M) 5.826ms
[9.318s][info ][gc,cpu       ] GC(71) User=0.02s Sys=0.01s Real=0.00s
[9.318s][info ][safepoint    ] Leaving safepoint region
[9.318s][info ][safepoint    ] Total time for which application threads were stopped: 0.0061856 seconds, Stopping threads took: 0.0001533 seconds
[9.365s][info ][safepoint    ] Application time: 0.0465143 seconds
[9.365s][info ][safepoint    ] Entering safepoint region: GenCollectForAllocation
[9.365s][info ][gc,start     ] GC(72) Pause Young (Allocation Failure)
[9.365s][info ][gc,task      ] GC(72) Using 4 workers of 4 for evacuation
[9.371s][debug][gc,ref       ] GC(72) Skipped phase1 of Reference Processing due to unavailable references
[9.371s][debug][gc,ref       ] GC(72) Skipped phase3 of Reference Processing due to unavailable references
[9.372s][debug][gc,age       ] GC(72) Desired survivor size 15400960 bytes, new threshold 6 (max threshold 6)
[9.372s][info ][gc,heap      ] GC(72) ParNew: 250829K->9156K(270976K)
[9.372s][info ][gc,heap      ] GC(72) CMS: 124751K->125553K(602112K)
[9.372s][info ][gc,metaspace ] GC(72) Metaspace: 37399K->37399K(1083392K)
[9.372s][info ][gc           ] GC(72) Pause Young (Allocation Failure) 366M->131M(852M) 6.555ms
[9.372s][info ][gc,cpu       ] GC(72) User=0.02s Sys=0.00s Real=0.01s
[9.372s][info ][safepoint    ] Leaving safepoint region
[9.372s][info ][safepoint    ] Total time for which application threads were stopped: 0.0069581 seconds, Stopping threads took: 0.0002179 seconds
[9.417s][info ][safepoint    ] Application time: 0.0449176 seconds
[9.420s][info ][safepoint    ] Entering safepoint region: GenCollectForAllocation
[9.420s][info ][gc,start     ] GC(73) Pause Young (Allocation Failure)
[9.420s][info ][gc,task      ] GC(73) Using 4 workers of 4 for evacuation
[9.427s][debug][gc,ref       ] GC(73) Skipped phase1 of Reference Processing due to unavailable references
[9.427s][debug][gc,ref       ] GC(73) Skipped phase3 of Reference Processing due to unavailable references
[9.427s][debug][gc,age       ] GC(73) Desired survivor size 15400960 bytes, new threshold 6 (max threshold 6)
[9.427s][info ][gc,heap      ] GC(73) ParNew: 250052K->7174K(270976K)
[9.427s][info ][gc,heap      ] GC(73) CMS: 125553K->126846K(602112K)
[9.427s][info ][gc,metaspace ] GC(73) Metaspace: 37880K->37880K(1083392K)
[9.427s][info ][gc           ] GC(73) Pause Young (Allocation Failure) 366M->130M(852M) 6.694ms
[9.427s][info ][gc,cpu       ] GC(73) User=0.03s Sys=0.00s Real=0.00s
[9.427s][info ][safepoint    ] Leaving safepoint region
[9.427s][info ][safepoint    ] Total time for which application threads were stopped: 0.0105783 seconds, Stopping threads took: 0.0036594 seconds
[9.431s][info ][safepoint    ] Application time: 0.0035602 seconds
[9.431s][info ][safepoint    ] Entering safepoint region: RevokeBias
[9.431s][info ][safepoint    ] Leaving safepoint region
[9.431s][info ][safepoint    ] Total time for which application threads were stopped: 0.0003523 seconds, Stopping threads took: 0.0002527 seconds
[9.479s][info ][safepoint    ] Application time: 0.0475961 seconds
[9.479s][info ][safepoint    ] Entering safepoint region: GenCollectForAllocation
[9.479s][info ][gc,start     ] GC(74) Pause Young (Allocation Failure)
[9.479s][info ][gc,task      ] GC(74) Using 4 workers of 4 for evacuation
[9.485s][debug][gc,ref       ] GC(74) Skipped phase1 of Reference Processing due to unavailable references
[9.485s][debug][gc,ref       ] GC(74) Skipped phase3 of Reference Processing due to unavailable references
[9.485s][debug][gc,age       ] GC(74) Desired survivor size 15400960 bytes, new threshold 6 (max threshold 6)
[9.485s][info ][gc,heap      ] GC(74) ParNew: 248070K->5161K(270976K)
[9.485s][info ][gc,heap      ] GC(74) CMS: 126846K->128166K(602112K)
[9.485s][info ][gc,metaspace ] GC(74) Metaspace: 38335K->38335K(1083392K)
[9.485s][info ][gc           ] GC(74) Pause Young (Allocation Failure) 366M->130M(852M) 6.190ms
[9.485s][info ][gc,cpu       ] GC(74) User=0.03s Sys=0.00s Real=0.01s
[9.485s][info ][safepoint    ] Leaving safepoint region
[9.485s][info ][safepoint    ] Total time for which application threads were stopped: 0.0066697 seconds, Stopping threads took: 0.0001568 seconds
[9.532s][info ][safepoint    ] Application time: 0.0461383 seconds
[9.532s][info ][safepoint    ] Entering safepoint region: GenCollectForAllocation
[9.532s][info ][gc,start     ] GC(75) Pause Young (Allocation Failure)
[9.532s][info ][gc,task      ] GC(75) Using 4 workers of 4 for evacuation
[9.539s][debug][gc,ref       ] GC(75) Skipped phase1 of Reference Processing due to unavailable references
[9.539s][debug][gc,ref       ] GC(75) Skipped phase3 of Reference Processing due to unavailable references
[9.539s][debug][gc,age       ] GC(75) Desired survivor size 15400960 bytes, new threshold 6 (max threshold 6)
[9.539s][info ][gc,heap      ] GC(75) ParNew: 246057K->6406K(270976K)
[9.539s][info ][gc,heap      ] GC(75) CMS: 128166K->129269K(602112K)
[9.539s][info ][gc,metaspace ] GC(75) Metaspace: 38392K->38392K(1083392K)
[9.539s][info ][gc           ] GC(75) Pause Young (Allocation Failure) 365M->132M(852M) 7.163ms
[9.539s][info ][gc,cpu       ] GC(75) User=0.03s Sys=0.00s Real=0.00s
[9.539s][info ][safepoint    ] Leaving safepoint region
[9.539s][info ][safepoint    ] Total time for which application threads were stopped: 0.0075561 seconds, Stopping threads took: 0.0001958 seconds
[9.583s][info ][safepoint    ] Application time: 0.0436661 seconds
[9.583s][info ][safepoint    ] Entering safepoint region: GenCollectForAllocation
[9.583s][info ][gc,start     ] GC(76) Pause Young (Allocation Failure)
[9.583s][info ][gc,task      ] GC(76) Using 4 workers of 4 for evacuation
[9.590s][debug][gc,ref       ] GC(76) Skipped phase1 of Reference Processing due to unavailable references
[9.590s][debug][gc,ref       ] GC(76) Skipped phase3 of Reference Processing due to unavailable references
[9.590s][debug][gc,age       ] GC(76) Desired survivor size 15400960 bytes, new threshold 6 (max threshold 6)
[9.590s][info ][gc,heap      ] GC(76) ParNew: 247302K->5164K(270976K)
[9.590s][info ][gc,heap      ] GC(76) CMS: 129269K->130309K(602112K)
[9.590s][info ][gc,metaspace ] GC(76) Metaspace: 38447K->38447K(1083392K)
[9.590s][info ][gc           ] GC(76) Pause Young (Allocation Failure) 367M->132M(852M) 6.618ms
[9.590s][info ][gc,cpu       ] GC(76) User=0.03s Sys=0.00s Real=0.01s
[9.590s][info ][safepoint    ] Leaving safepoint region
[9.590s][info ][safepoint    ] Total time for which application threads were stopped: 0.0069370 seconds, Stopping threads took: 0.0001440 seconds
[9.648s][info ][safepoint    ] Application time: 0.0581737 seconds
[9.648s][info ][safepoint    ] Entering safepoint region: GenCollectForAllocation
[9.648s][info ][gc,start     ] GC(77) Pause Young (Allocation Failure)
[9.648s][info ][gc,task      ] GC(77) Using 4 workers of 4 for evacuation
[9.654s][debug][gc,ref       ] GC(77) Skipped phase1 of Reference Processing due to unavailable references
[9.654s][debug][gc,ref       ] GC(77) Skipped phase3 of Reference Processing due to unavailable references
[9.654s][debug][gc,ref       ] GC(77) Skipped phase4 of Reference Processing due to unavailable references
[9.654s][debug][gc,age       ] GC(77) Desired survivor size 15400960 bytes, new threshold 6 (max threshold 6)
[9.654s][info ][gc,heap      ] GC(77) ParNew: 246060K->4421K(270976K)
[9.654s][info ][gc,heap      ] GC(77) CMS: 130309K->131172K(602112K)
[9.654s][info ][gc,metaspace ] GC(77) Metaspace: 38447K->38447K(1083392K)
[9.654s][info ][gc           ] GC(77) Pause Young (Allocation Failure) 367M->132M(852M) 5.938ms
[9.654s][info ][gc,cpu       ] GC(77) User=0.02s Sys=0.00s Real=0.00s
[9.654s][info ][safepoint    ] Leaving safepoint region
[9.654s][info ][safepoint    ] Total time for which application threads were stopped: 0.0063306 seconds, Stopping threads took: 0.0002280 seconds
[9.698s][info ][safepoint    ] Application time: 0.0437655 seconds
[9.698s][info ][safepoint    ] Entering safepoint region: GenCollectForAllocation
[9.699s][info ][gc,start     ] GC(78) Pause Young (Allocation Failure)
[9.699s][info ][gc,task      ] GC(78) Using 4 workers of 4 for evacuation
[9.704s][debug][gc,ref       ] GC(78) Skipped phase1 of Reference Processing due to unavailable references
[9.704s][debug][gc,ref       ] GC(78) Skipped phase3 of Reference Processing due to unavailable references
[9.704s][debug][gc,ref       ] GC(78) Skipped phase4 of Reference Processing due to unavailable references
[9.704s][debug][gc,age       ] GC(78) Desired survivor size 15400960 bytes, new threshold 6 (max threshold 6)
[9.704s][info ][gc,heap      ] GC(78) ParNew: 245317K->4167K(270976K)
[9.704s][info ][gc,heap      ] GC(78) CMS: 131172K->131315K(602112K)
[9.704s][info ][gc,metaspace ] GC(78) Metaspace: 38447K->38447K(1083392K)
[9.704s][info ][gc           ] GC(78) Pause Young (Allocation Failure) 367M->132M(852M) 5.399ms
[9.704s][info ][gc,cpu       ] GC(78) User=0.02s Sys=0.00s Real=0.01s
[9.704s][info ][safepoint    ] Leaving safepoint region
[9.704s][info ][safepoint    ] Total time for which application threads were stopped: 0.0057400 seconds, Stopping threads took: 0.0001648 seconds
[9.749s][info ][safepoint    ] Application time: 0.0448153 seconds
[9.749s][info ][safepoint    ] Entering safepoint region: GenCollectForAllocation
[9.749s][info ][gc,start     ] GC(79) Pause Young (Allocation Failure)
[9.749s][info ][gc,task      ] GC(79) Using 4 workers of 4 for evacuation
[9.756s][debug][gc,ref       ] GC(79) Skipped phase1 of Reference Processing due to unavailable references
[9.756s][debug][gc,ref       ] GC(79) Skipped phase3 of Reference Processing due to unavailable references
[9.756s][debug][gc,age       ] GC(79) Desired survivor size 15400960 bytes, new threshold 6 (max threshold 6)
[9.756s][info ][gc,heap      ] GC(79) ParNew: 245063K->3529K(270976K)
[9.756s][info ][gc,heap      ] GC(79) CMS: 131315K->131908K(602112K)
[9.756s][info ][gc,metaspace ] GC(79) Metaspace: 38772K->38772K(1083392K)
[9.756s][info ][gc           ] GC(79) Pause Young (Allocation Failure) 367M->132M(852M) 6.923ms
[9.756s][info ][gc,cpu       ] GC(79) User=0.03s Sys=0.00s Real=0.00s
[9.756s][info ][safepoint    ] Leaving safepoint region
[9.756s][info ][safepoint    ] Total time for which application threads were stopped: 0.0072634 seconds, Stopping threads took: 0.0001776 seconds
[9.798s][info ][safepoint    ] Application time: 0.0416556 seconds
[9.801s][info ][safepoint    ] Entering safepoint region: GenCollectForAllocation
[9.801s][info ][gc,start     ] GC(80) Pause Young (Allocation Failure)
[9.801s][info ][gc,task      ] GC(80) Using 4 workers of 4 for evacuation
[9.808s][debug][gc,ref       ] GC(80) Skipped phase1 of Reference Processing due to unavailable references
[9.808s][debug][gc,ref       ] GC(80) Skipped phase3 of Reference Processing due to unavailable references
[9.808s][debug][gc,age       ] GC(80) Desired survivor size 15400960 bytes, new threshold 6 (max threshold 6)
[9.808s][info ][gc,heap      ] GC(80) ParNew: 244425K->3849K(270976K)
[9.808s][info ][gc,heap      ] GC(80) CMS: 131908K->132184K(602112K)
[9.808s][info ][gc,metaspace ] GC(80) Metaspace: 38883K->38883K(1085440K)
[9.808s][info ][gc           ] GC(80) Pause Young (Allocation Failure) 367M->132M(852M) 6.518ms
[9.808s][info ][gc,cpu       ] GC(80) User=0.02s Sys=0.00s Real=0.00s
[9.808s][info ][safepoint    ] Leaving safepoint region
[9.808s][info ][safepoint    ] Total time for which application threads were stopped: 0.0102412 seconds, Stopping threads took: 0.0035035 seconds
[9.854s][info ][safepoint    ] Application time: 0.0455481 seconds
[9.854s][info ][safepoint    ] Entering safepoint region: GenCollectForAllocation
[9.854s][info ][gc,start     ] GC(81) Pause Young (Allocation Failure)
[9.854s][info ][gc,task      ] GC(81) Using 4 workers of 4 for evacuation
[9.861s][debug][gc,ref       ] GC(81) Skipped phase1 of Reference Processing due to unavailable references
[9.861s][debug][gc,ref       ] GC(81) Skipped phase3 of Reference Processing due to unavailable references
[9.861s][debug][gc,ref       ] GC(81) Skipped phase4 of Reference Processing due to unavailable references
[9.861s][debug][gc,age       ] GC(81) Desired survivor size 15400960 bytes, new threshold 6 (max threshold 6)
[9.861s][info ][gc,heap      ] GC(81) ParNew: 244745K->3813K(270976K)
[9.861s][info ][gc,heap      ] GC(81) CMS: 132184K->133458K(602112K)
[9.861s][info ][gc,metaspace ] GC(81) Metaspace: 38897K->38897K(1085440K)
[9.861s][info ][gc           ] GC(81) Pause Young (Allocation Failure) 368M->134M(852M) 7.419ms
[9.861s][info ][gc,cpu       ] GC(81) User=0.04s Sys=0.00s Real=0.01s
[9.861s][info ][safepoint    ] Leaving safepoint region
[9.861s][info ][safepoint    ] Total time for which application threads were stopped: 0.0078166 seconds, Stopping threads took: 0.0002186 seconds
[9.911s][info ][safepoint    ] Application time: 0.0491771 seconds
[9.911s][info ][safepoint    ] Entering safepoint region: RevokeBias
[9.911s][info ][safepoint    ] Leaving safepoint region
[9.911s][info ][safepoint    ] Total time for which application threads were stopped: 0.0003174 seconds, Stopping threads took: 0.0001902 seconds
[9.914s][info ][safepoint    ] Application time: 0.0028709 seconds
[9.914s][info ][safepoint    ] Entering safepoint region: RevokeBias
[9.914s][info ][safepoint    ] Leaving safepoint region
[9.914s][info ][safepoint    ] Total time for which application threads were stopped: 0.0003654 seconds, Stopping threads took: 0.0002660 seconds
[9.917s][info ][safepoint    ] Application time: 0.0032641 seconds
[9.918s][info ][safepoint    ] Entering safepoint region: Deoptimize
[9.919s][info ][safepoint    ] Leaving safepoint region
[9.919s][info ][safepoint    ] Total time for which application threads were stopped: 0.0010756 seconds, Stopping threads took: 0.0003280 seconds
[9.923s][info ][safepoint    ] Application time: 0.0044525 seconds
[9.923s][info ][safepoint    ] Entering safepoint region: GenCollectForAllocation
[9.923s][info ][gc,start     ] GC(82) Pause Young (Allocation Failure)
[9.924s][info ][gc,task      ] GC(82) Using 4 workers of 4 for evacuation
[9.931s][debug][gc,ref       ] GC(82) Skipped phase1 of Reference Processing due to unavailable references
[9.931s][debug][gc,ref       ] GC(82) Skipped phase3 of Reference Processing due to unavailable references
[9.931s][debug][gc,age       ] GC(82) Desired survivor size 15400960 bytes, new threshold 6 (max threshold 6)
[9.931s][info ][gc,heap      ] GC(82) ParNew: 244709K->6085K(270976K)
[9.931s][info ][gc,heap      ] GC(82) CMS: 133458K->133783K(602112K)
[9.931s][info ][gc,metaspace ] GC(82) Metaspace: 39148K->39148K(1085440K)
[9.931s][info ][gc           ] GC(82) Pause Young (Allocation Failure) 369M->136M(852M) 7.519ms
[9.931s][info ][gc,cpu       ] GC(82) User=0.03s Sys=0.00s Real=0.01s
[9.931s][info ][safepoint    ] Leaving safepoint region
[9.931s][info ][safepoint    ] Total time for which application threads were stopped: 0.0080085 seconds, Stopping threads took: 0.0003224 seconds
[9.956s][info ][safepoint    ] Application time: 0.0244699 seconds
[9.956s][info ][safepoint    ] Entering safepoint region: RevokeBias
[9.956s][info ][safepoint    ] Leaving safepoint region
[9.956s][info ][safepoint    ] Total time for which application threads were stopped: 0.0003392 seconds, Stopping threads took: 0.0002205 seconds
[9.957s][info ][safepoint    ] Application time: 0.0007857 seconds
[9.957s][info ][safepoint    ] Entering safepoint region: RevokeBias
[9.957s][info ][safepoint    ] Leaving safepoint region
[9.957s][info ][safepoint    ] Total time for which application threads were stopped: 0.0002114 seconds, Stopping threads took: 0.0001312 seconds
[9.957s][info ][safepoint    ] Application time: 0.0000668 seconds
[9.957s][info ][safepoint    ] Entering safepoint region: RevokeBias
[9.957s][info ][safepoint    ] Leaving safepoint region
[9.957s][info ][safepoint    ] Total time for which application threads were stopped: 0.0001049 seconds, Stopping threads took: 0.0000505 seconds
[9.958s][info ][safepoint    ] Application time: 0.0006241 seconds
[9.958s][info ][safepoint    ] Entering safepoint region: Deoptimize
[9.959s][info ][safepoint    ] Leaving safepoint region
[9.959s][info ][safepoint    ] Total time for which application threads were stopped: 0.0010741 seconds, Stopping threads took: 0.0003107 seconds
[9.990s][info ][safepoint    ] Application time: 0.0311196 seconds
[9.990s][info ][safepoint    ] Entering safepoint region: GenCollectForAllocation
[9.990s][info ][gc,start     ] GC(83) Pause Young (Allocation Failure)
[9.990s][info ][gc,task      ] GC(83) Using 4 workers of 4 for evacuation
[9.996s][debug][gc,ref       ] GC(83) Skipped phase1 of Reference Processing due to unavailable references
[9.997s][debug][gc,ref       ] GC(83) Skipped phase3 of Reference Processing due to unavailable references
[9.997s][debug][gc,age       ] GC(83) Desired survivor size 15400960 bytes, new threshold 6 (max threshold 6)
[9.997s][info ][gc,heap      ] GC(83) ParNew: 246981K->8517K(270976K)
[9.997s][info ][gc,heap      ] GC(83) CMS: 133783K->133859K(602112K)
[9.997s][info ][gc,metaspace ] GC(83) Metaspace: 39292K->39292K(1085440K)
[9.997s][info ][gc           ] GC(83) Pause Young (Allocation Failure) 371M->139M(852M) 6.407ms
[9.997s][info ][gc,cpu       ] GC(83) User=0.03s Sys=0.00s Real=0.00s
[9.997s][info ][safepoint    ] Leaving safepoint region
[9.997s][info ][safepoint    ] Total time for which application threads were stopped: 0.0067224 seconds, Stopping threads took: 0.0001632 seconds
[10.040s][info ][safepoint    ] Application time: 0.0432896 seconds
[10.040s][info ][safepoint    ] Entering safepoint region: GenCollectForAllocation
[10.040s][info ][gc,start     ] GC(84) Pause Young (Allocation Failure)
[10.040s][info ][gc,task      ] GC(84) Using 4 workers of 4 for evacuation
[10.048s][debug][gc,ref       ] GC(84) Skipped phase1 of Reference Processing due to unavailable references
[10.048s][debug][gc,ref       ] GC(84) Skipped phase3 of Reference Processing due to unavailable references
[10.048s][debug][gc,ref       ] GC(84) Skipped phase4 of Reference Processing due to unavailable references
[10.048s][debug][gc,age       ] GC(84) Desired survivor size 15400960 bytes, new threshold 6 (max threshold 6)
[10.048s][info ][gc,heap      ] GC(84) ParNew: 249413K->6696K(270976K)
[10.048s][info ][gc,heap      ] GC(84) CMS: 133859K->133939K(602112K)
[10.048s][info ][gc,metaspace ] GC(84) Metaspace: 39292K->39292K(1085440K)
[10.048s][info ][gc           ] GC(84) Pause Young (Allocation Failure) 374M->137M(852M) 7.379ms
[10.048s][info ][gc,cpu       ] GC(84) User=0.03s Sys=0.00s Real=0.00s
[10.048s][info ][safepoint    ] Leaving safepoint region
[10.048s][info ][safepoint    ] Total time for which application threads were stopped: 0.0077701 seconds, Stopping threads took: 0.0002264 seconds
[10.097s][info ][safepoint    ] Application time: 0.0488352 seconds
[10.097s][info ][safepoint    ] Entering safepoint region: GenCollectForAllocation
[10.097s][info ][gc,start     ] GC(85) Pause Young (Allocation Failure)
[10.097s][info ][gc,task      ] GC(85) Using 4 workers of 4 for evacuation
[10.105s][debug][gc,ref       ] GC(85) Skipped phase1 of Reference Processing due to unavailable references
[10.105s][debug][gc,ref       ] GC(85) Skipped phase3 of Reference Processing due to unavailable references
[10.105s][debug][gc,ref       ] GC(85) Skipped phase4 of Reference Processing due to unavailable references
[10.106s][debug][gc,age       ] GC(85) Desired survivor size 15400960 bytes, new threshold 6 (max threshold 6)
[10.106s][info ][gc,heap      ] GC(85) ParNew: 247592K->9878K(270976K)
[10.106s][info ][gc,heap      ] GC(85) CMS: 133939K->134466K(602112K)
[10.106s][info ][gc,metaspace ] GC(85) Metaspace: 39292K->39292K(1085440K)
[10.106s][info ][gc           ] GC(85) Pause Young (Allocation Failure) 372M->140M(852M) 8.610ms
[10.106s][info ][gc,cpu       ] GC(85) User=0.03s Sys=0.00s Real=0.01s
[10.106s][info ][safepoint    ] Leaving safepoint region
[10.106s][info ][safepoint    ] Total time for which application threads were stopped: 0.0089163 seconds, Stopping threads took: 0.0001431 seconds
[10.151s][info ][safepoint    ] Application time: 0.0454467 seconds
[10.151s][info ][safepoint    ] Entering safepoint region: GenCollectForAllocation
[10.152s][info ][gc,start     ] GC(86) Pause Young (Allocation Failure)
[10.152s][info ][gc,task      ] GC(86) Using 4 workers of 4 for evacuation
[10.160s][debug][gc,ref       ] GC(86) Skipped phase1 of Reference Processing due to unavailable references
[10.160s][debug][gc,ref       ] GC(86) Skipped phase3 of Reference Processing due to unavailable references
[10.160s][debug][gc,ref       ] GC(86) Skipped phase4 of Reference Processing due to unavailable references
[10.160s][debug][gc,age       ] GC(86) Desired survivor size 15400960 bytes, new threshold 6 (max threshold 6)
[10.160s][info ][gc,heap      ] GC(86) ParNew: 250774K->6884K(270976K)
[10.160s][info ][gc,heap      ] GC(86) CMS: 134466K->135526K(602112K)
[10.160s][info ][gc,metaspace ] GC(86) Metaspace: 39292K->39292K(1085440K)
[10.160s][info ][gc           ] GC(86) Pause Young (Allocation Failure) 376M->139M(852M) 8.488ms
[10.160s][info ][gc,cpu       ] GC(86) User=0.04s Sys=0.00s Real=0.00s
[10.160s][info ][safepoint    ] Leaving safepoint region
[10.160s][info ][safepoint    ] Total time for which application threads were stopped: 0.0088952 seconds, Stopping threads took: 0.0002485 seconds
[10.233s][info ][safepoint    ] Application time: 0.0732715 seconds
[10.233s][info ][safepoint    ] Entering safepoint region: GenCollectForAllocation
[10.234s][info ][gc,start     ] GC(87) Pause Young (Allocation Failure)
[10.234s][info ][gc,task      ] GC(87) Using 4 workers of 4 for evacuation
[10.240s][debug][gc,ref       ] GC(87) Skipped phase1 of Reference Processing due to unavailable references
[10.241s][debug][gc,ref       ] GC(87) Skipped phase3 of Reference Processing due to unavailable references
[10.241s][debug][gc,ref       ] GC(87) Skipped phase4 of Reference Processing due to unavailable references
[10.241s][debug][gc,age       ] GC(87) Desired survivor size 15400960 bytes, new threshold 6 (max threshold 6)
[10.241s][info ][gc,heap      ] GC(87) ParNew: 247780K->6035K(270976K)
[10.241s][info ][gc,heap      ] GC(87) CMS: 135526K->136534K(602112K)
[10.241s][info ][gc,metaspace ] GC(87) Metaspace: 39292K->39292K(1085440K)
[10.241s][info ][gc           ] GC(87) Pause Young (Allocation Failure) 374M->139M(852M) 7.102ms
[10.241s][info ][gc,cpu       ] GC(87) User=0.03s Sys=0.00s Real=0.01s
[10.241s][info ][safepoint    ] Leaving safepoint region
[10.241s][info ][safepoint    ] Total time for which application threads were stopped: 0.0073870 seconds, Stopping threads took: 0.0001132 seconds
[10.290s][info ][safepoint    ] Application time: 0.0492557 seconds
[10.290s][info ][safepoint    ] Entering safepoint region: GenCollectForAllocation
[10.290s][info ][gc,start     ] GC(88) Pause Young (Allocation Failure)
[10.290s][info ][gc,task      ] GC(88) Using 4 workers of 4 for evacuation
[10.297s][debug][gc,ref       ] GC(88) Skipped phase1 of Reference Processing due to unavailable references
[10.297s][debug][gc,ref       ] GC(88) Skipped phase3 of Reference Processing due to unavailable references
[10.297s][debug][gc,ref       ] GC(88) Skipped phase4 of Reference Processing due to unavailable references
[10.297s][debug][gc,age       ] GC(88) Desired survivor size 15400960 bytes, new threshold 6 (max threshold 6)
[10.297s][info ][gc,heap      ] GC(88) ParNew: 246931K->4713K(270976K)
[10.297s][info ][gc,heap      ] GC(88) CMS: 136534K->138476K(602112K)
[10.297s][info ][gc,metaspace ] GC(88) Metaspace: 39292K->39292K(1085440K)
[10.297s][info ][gc           ] GC(88) Pause Young (Allocation Failure) 374M->139M(852M) 6.908ms
[10.297s][info ][gc,cpu       ] GC(88) User=0.02s Sys=0.00s Real=0.00s
[10.297s][info ][safepoint    ] Leaving safepoint region
[10.297s][info ][safepoint    ] Total time for which application threads were stopped: 0.0071916 seconds, Stopping threads took: 0.0001236 seconds
[10.371s][info ][safepoint    ] Application time: 0.0741924 seconds
[10.372s][info ][safepoint    ] Entering safepoint region: GenCollectForAllocation
[10.372s][info ][gc,start     ] GC(89) Pause Young (Allocation Failure)
[10.372s][info ][gc,task      ] GC(89) Using 4 workers of 4 for evacuation
[10.380s][debug][gc,ref       ] GC(89) Skipped phase1 of Reference Processing due to unavailable references
[10.380s][debug][gc,ref       ] GC(89) Skipped phase2 of Reference Processing due to unavailable references
[10.380s][debug][gc,ref       ] GC(89) Skipped phase3 of Reference Processing due to unavailable references
[10.380s][debug][gc,ref       ] GC(89) Skipped phase4 of Reference Processing due to unavailable references
[10.380s][debug][gc,age       ] GC(89) Desired survivor size 15400960 bytes, new threshold 6 (max threshold 6)
[10.380s][info ][gc,heap      ] GC(89) ParNew: 245609K->6652K(270976K)
[10.380s][info ][gc,heap      ] GC(89) CMS: 138476K->139008K(602112K)
[10.380s][info ][gc,metaspace ] GC(89) Metaspace: 39292K->39292K(1085440K)
[10.380s][info ][gc           ] GC(89) Pause Young (Allocation Failure) 375M->142M(852M) 7.991ms
[10.380s][info ][gc,cpu       ] GC(89) User=0.04s Sys=0.00s Real=0.00s
[10.380s][info ][safepoint    ] Leaving safepoint region
[10.380s][info ][safepoint    ] Total time for which application threads were stopped: 0.0084347 seconds, Stopping threads took: 0.0002418 seconds
[10.438s][info ][safepoint    ] Application time: 0.0577691 seconds
[10.438s][info ][safepoint    ] Entering safepoint region: GenCollectForAllocation
[10.438s][info ][gc,start     ] GC(90) Pause Young (Allocation Failure)
[10.438s][info ][gc,task      ] GC(90) Using 4 workers of 4 for evacuation
[10.447s][debug][gc,ref       ] GC(90) Skipped phase1 of Reference Processing due to unavailable references
[10.447s][debug][gc,ref       ] GC(90) Skipped phase2 of Reference Processing due to unavailable references
[10.447s][debug][gc,ref       ] GC(90) Skipped phase3 of Reference Processing due to unavailable references
[10.447s][debug][gc,ref       ] GC(90) Skipped phase4 of Reference Processing due to unavailable references
[10.447s][debug][gc,age       ] GC(90) Desired survivor size 15400960 bytes, new threshold 6 (max threshold 6)
[10.447s][info ][gc,heap      ] GC(90) ParNew: 247548K->9741K(270976K)
[10.447s][info ][gc,heap      ] GC(90) CMS: 139008K->139619K(602112K)
[10.447s][info ][gc,metaspace ] GC(90) Metaspace: 39292K->39292K(1085440K)
[10.447s][info ][gc           ] GC(90) Pause Young (Allocation Failure) 377M->145M(852M) 9.229ms
[10.447s][info ][gc,cpu       ] GC(90) User=0.04s Sys=0.00s Real=0.01s
[10.447s][info ][safepoint    ] Leaving safepoint region
[10.447s][info ][safepoint    ] Total time for which application threads were stopped: 0.0095233 seconds, Stopping threads took: 0.0001126 seconds
[10.502s][info ][safepoint    ] Application time: 0.0550684 seconds
[10.503s][info ][safepoint    ] Entering safepoint region: GenCollectForAllocation
[10.503s][info ][gc,start     ] GC(91) Pause Young (Allocation Failure)
[10.503s][info ][gc,task      ] GC(91) Using 4 workers of 4 for evacuation
[10.510s][debug][gc,ref       ] GC(91) Skipped phase1 of Reference Processing due to unavailable references
[10.510s][debug][gc,ref       ] GC(91) Skipped phase2 of Reference Processing due to unavailable references
[10.510s][debug][gc,ref       ] GC(91) Skipped phase3 of Reference Processing due to unavailable references
[10.510s][debug][gc,ref       ] GC(91) Skipped phase4 of Reference Processing due to unavailable references
[10.510s][debug][gc,age       ] GC(91) Desired survivor size 15400960 bytes, new threshold 6 (max threshold 6)
[10.510s][info ][gc,heap      ] GC(91) ParNew: 250637K->7924K(270976K)
[10.510s][info ][gc,heap      ] GC(91) CMS: 139619K->140422K(602112K)
[10.510s][info ][gc,metaspace ] GC(91) Metaspace: 39292K->39292K(1085440K)
[10.510s][info ][gc           ] GC(91) Pause Young (Allocation Failure) 381M->144M(852M) 7.700ms
[10.510s][info ][gc,cpu       ] GC(91) User=0.03s Sys=0.00s Real=0.01s
[10.510s][info ][safepoint    ] Leaving safepoint region
[10.510s][info ][safepoint    ] Total time for which application threads were stopped: 0.0080452 seconds, Stopping threads took: 0.0001681 seconds
[10.569s][info ][safepoint    ] Application time: 0.0585728 seconds
[10.569s][info ][safepoint    ] Entering safepoint region: GenCollectForAllocation
[10.569s][info ][gc,start     ] GC(92) Pause Young (Allocation Failure)
[10.569s][info ][gc,task      ] GC(92) Using 4 workers of 4 for evacuation
[10.576s][debug][gc,ref       ] GC(92) Skipped phase1 of Reference Processing due to unavailable references
[10.576s][debug][gc,ref       ] GC(92) Skipped phase2 of Reference Processing due to unavailable references
[10.576s][debug][gc,ref       ] GC(92) Skipped phase3 of Reference Processing due to unavailable references
[10.576s][debug][gc,ref       ] GC(92) Skipped phase4 of Reference Processing due to unavailable references
[10.576s][debug][gc,age       ] GC(92) Desired survivor size 15400960 bytes, new threshold 6 (max threshold 6)
[10.576s][info ][gc,heap      ] GC(92) ParNew: 248820K->7736K(270976K)
[10.576s][info ][gc,heap      ] GC(92) CMS: 140422K->140863K(602112K)
[10.576s][info ][gc,metaspace ] GC(92) Metaspace: 39292K->39292K(1085440K)
[10.576s][info ][gc           ] GC(92) Pause Young (Allocation Failure) 380M->145M(852M) 7.035ms
[10.576s][info ][gc,cpu       ] GC(92) User=0.03s Sys=0.00s Real=0.00s
[10.576s][info ][safepoint    ] Leaving safepoint region
[10.576s][info ][safepoint    ] Total time for which application threads were stopped: 0.0074557 seconds, Stopping threads took: 0.0002490 seconds
[10.638s][info ][safepoint    ] Application time: 0.0610243 seconds
[10.638s][info ][safepoint    ] Entering safepoint region: GenCollectForAllocation
[10.638s][info ][gc,start     ] GC(93) Pause Young (Allocation Failure)
[10.638s][info ][gc,task      ] GC(93) Using 4 workers of 4 for evacuation
[10.647s][debug][gc,ref       ] GC(93) Skipped phase1 of Reference Processing due to unavailable references
[10.647s][debug][gc,ref       ] GC(93) Skipped phase2 of Reference Processing due to unavailable references
[10.647s][debug][gc,ref       ] GC(93) Skipped phase3 of Reference Processing due to unavailable references
[10.647s][debug][gc,ref       ] GC(93) Skipped phase4 of Reference Processing due to unavailable references
[10.647s][debug][gc,age       ] GC(93) Desired survivor size 15400960 bytes, new threshold 6 (max threshold 6)
[10.647s][info ][gc,heap      ] GC(93) ParNew: 248632K->7443K(270976K)
[10.647s][info ][gc,heap      ] GC(93) CMS: 140863K->141293K(602112K)
[10.647s][info ][gc,metaspace ] GC(93) Metaspace: 39292K->39292K(1085440K)
[10.647s][info ][gc           ] GC(93) Pause Young (Allocation Failure) 380M->145M(852M) 9.159ms
[10.647s][info ][gc,cpu       ] GC(93) User=0.04s Sys=0.00s Real=0.01s
[10.647s][info ][safepoint    ] Leaving safepoint region
[10.647s][info ][safepoint    ] Total time for which application threads were stopped: 0.0094514 seconds, Stopping threads took: 0.0001088 seconds
[10.709s][info ][safepoint    ] Application time: 0.0616130 seconds
[10.709s][info ][safepoint    ] Entering safepoint region: GenCollectForAllocation
[10.709s][info ][gc,start     ] GC(94) Pause Young (Allocation Failure)
[10.709s][info ][gc,task      ] GC(94) Using 4 workers of 4 for evacuation
[10.715s][debug][gc,ref       ] GC(94) Skipped phase1 of Reference Processing due to unavailable references
[10.715s][debug][gc,ref       ] GC(94) Skipped phase2 of Reference Processing due to unavailable references
[10.715s][debug][gc,ref       ] GC(94) Skipped phase3 of Reference Processing due to unavailable references
[10.715s][debug][gc,ref       ] GC(94) Skipped phase4 of Reference Processing due to unavailable references
[10.715s][debug][gc,age       ] GC(94) Desired survivor size 15400960 bytes, new threshold 6 (max threshold 6)
[10.715s][info ][gc,heap      ] GC(94) ParNew: 248339K->9899K(270976K)
[10.715s][info ][gc,heap      ] GC(94) CMS: 141293K->141398K(602112K)
[10.715s][info ][gc,metaspace ] GC(94) Metaspace: 39292K->39292K(1085440K)
[10.715s][info ][gc           ] GC(94) Pause Young (Allocation Failure) 380M->147M(852M) 6.265ms
[10.715s][info ][gc,cpu       ] GC(94) User=0.03s Sys=0.00s Real=0.00s
[10.715s][info ][safepoint    ] Leaving safepoint region
[10.715s][info ][safepoint    ] Total time for which application threads were stopped: 0.0065272 seconds, Stopping threads took: 0.0001001 seconds
[10.744s][info ][safepoint    ] Application time: 0.0288331 seconds
[10.744s][info ][safepoint    ] Entering safepoint region: RevokeBias
[10.744s][info ][safepoint    ] Leaving safepoint region
[10.744s][info ][safepoint    ] Total time for which application threads were stopped: 0.0003186 seconds, Stopping threads took: 0.0002037 seconds
[10.783s][info ][safepoint    ] Application time: 0.0380818 seconds
[10.783s][info ][safepoint    ] Entering safepoint region: GenCollectForAllocation
[10.783s][info ][gc,start     ] GC(95) Pause Young (Allocation Failure)
[10.783s][info ][gc,task      ] GC(95) Using 4 workers of 4 for evacuation
[10.792s][debug][gc,ref       ] GC(95) Skipped phase1 of Reference Processing due to unavailable references
[10.792s][debug][gc,ref       ] GC(95) Skipped phase3 of Reference Processing due to unavailable references
[10.792s][debug][gc,age       ] GC(95) Desired survivor size 15400960 bytes, new threshold 6 (max threshold 6)
[10.792s][info ][gc,heap      ] GC(95) ParNew: 250795K->3511K(270976K)
[10.792s][info ][gc,heap      ] GC(95) CMS: 141398K->144573K(602112K)
[10.792s][info ][gc,metaspace ] GC(95) Metaspace: 39314K->39314K(1085440K)
[10.792s][info ][gc           ] GC(95) Pause Young (Allocation Failure) 383M->144M(852M) 9.539ms
[10.792s][info ][gc,cpu       ] GC(95) User=0.03s Sys=0.00s Real=0.01s
[10.792s][info ][safepoint    ] Leaving safepoint region
[10.792s][info ][safepoint    ] Total time for which application threads were stopped: 0.0098094 seconds, Stopping threads took: 0.0001050 seconds
[10.868s][info ][safepoint    ] Application time: 0.0751538 seconds
[10.868s][info ][safepoint    ] Entering safepoint region: GenCollectForAllocation
[10.868s][info ][gc,start     ] GC(96) Pause Young (Allocation Failure)
[10.868s][info ][gc,task      ] GC(96) Using 4 workers of 4 for evacuation
[10.873s][debug][gc,ref       ] GC(96) Skipped phase1 of Reference Processing due to unavailable references
[10.873s][debug][gc,ref       ] GC(96) Skipped phase3 of Reference Processing due to unavailable references
[10.873s][debug][gc,ref       ] GC(96) Skipped phase4 of Reference Processing due to unavailable references
[10.873s][debug][gc,age       ] GC(96) Desired survivor size 15400960 bytes, new threshold 6 (max threshold 6)
[10.873s][info ][gc,heap      ] GC(96) ParNew: 244407K->2922K(270976K)
[10.873s][info ][gc,heap      ] GC(96) CMS: 144573K->146640K(602112K)
[10.873s][info ][gc,metaspace ] GC(96) Metaspace: 39314K->39314K(1085440K)
[10.873s][info ][gc           ] GC(96) Pause Young (Allocation Failure) 379M->146M(852M) 5.662ms
[10.873s][info ][gc,cpu       ] GC(96) User=0.01s Sys=0.00s Real=0.01s
[10.873s][info ][safepoint    ] Leaving safepoint region
[10.873s][info ][safepoint    ] Total time for which application threads were stopped: 0.0058839 seconds, Stopping threads took: 0.0000594 seconds
[10.957s][info ][safepoint    ] Application time: 0.0832550 seconds
[10.957s][info ][safepoint    ] Entering safepoint region: GenCollectForAllocation
[10.957s][info ][gc,start     ] GC(97) Pause Young (Allocation Failure)
[10.957s][info ][gc,task      ] GC(97) Using 4 workers of 4 for evacuation
[10.960s][debug][gc,ref       ] GC(97) Skipped phase1 of Reference Processing due to unavailable references
[10.960s][debug][gc,ref       ] GC(97) Skipped phase3 of Reference Processing due to unavailable references
[10.960s][debug][gc,ref       ] GC(97) Skipped phase4 of Reference Processing due to unavailable references
[10.960s][debug][gc,age       ] GC(97) Desired survivor size 15400960 bytes, new threshold 6 (max threshold 6)
[10.960s][info ][gc,heap      ] GC(97) ParNew: 243818K->1968K(270976K)
[10.960s][info ][gc,heap      ] GC(97) CMS: 146640K->146745K(602112K)
[10.960s][info ][gc,metaspace ] GC(97) Metaspace: 39314K->39314K(1085440K)
[10.960s][info ][gc           ] GC(97) Pause Young (Allocation Failure) 381M->145M(852M) 2.938ms
[10.960s][info ][gc,cpu       ] GC(97) User=0.01s Sys=0.00s Real=0.01s
[10.960s][info ][safepoint    ] Leaving safepoint region
[10.960s][info ][safepoint    ] Total time for which application threads were stopped: 0.0037266 seconds, Stopping threads took: 0.0006427 seconds
[11.056s][info ][safepoint    ] Application time: 0.0956880 seconds
[11.056s][info ][safepoint    ] Entering safepoint region: Deoptimize
[11.057s][info ][safepoint    ] Leaving safepoint region
[11.057s][info ][safepoint    ] Total time for which application threads were stopped: 0.0007265 seconds, Stopping threads took: 0.0000136 seconds
[11.081s][info ][safepoint    ] Application time: 0.0242666 seconds
[11.081s][info ][safepoint    ] Entering safepoint region: RevokeBias
[11.081s][info ][safepoint    ] Leaving safepoint region
[11.081s][info ][safepoint    ] Total time for which application threads were stopped: 0.0000728 seconds, Stopping threads took: 0.0000133 seconds
[11.136s][info ][safepoint    ] Application time: 0.0542706 seconds
[11.136s][info ][safepoint    ] Entering safepoint region: Deoptimize
[11.136s][info ][safepoint    ] Leaving safepoint region
[11.136s][info ][safepoint    ] Total time for which application threads were stopped: 0.0008147 seconds, Stopping threads took: 0.0000469 seconds
[11.148s][info ][safepoint    ] Application time: 0.0120464 seconds
[11.149s][info ][safepoint    ] Entering safepoint region: RevokeBias
[11.149s][info ][safepoint    ] Leaving safepoint region
[11.149s][info ][safepoint    ] Total time for which application threads were stopped: 0.0002261 seconds, Stopping threads took: 0.0001281 seconds
[11.169s][info ][safepoint    ] Application time: 0.0206801 seconds
[11.169s][info ][safepoint    ] Entering safepoint region: RevokeBias
[11.169s][info ][safepoint    ] Leaving safepoint region
[11.170s][info ][safepoint    ] Total time for which application threads were stopped: 0.0001074 seconds, Stopping threads took: 0.0000136 seconds
[11.170s][info ][safepoint    ] Application time: 0.0000839 seconds
[11.170s][info ][safepoint    ] Entering safepoint region: RevokeBias
[11.170s][info ][safepoint    ] Leaving safepoint region
[11.170s][info ][safepoint    ] Total time for which application threads were stopped: 0.0000858 seconds, Stopping threads took: 0.0000541 seconds
[11.742s][info ][safepoint    ] Application time: 0.5722246 seconds
[11.742s][info ][safepoint    ] Entering safepoint region: RevokeBias
[11.742s][info ][safepoint    ] Leaving safepoint region
[11.742s][info ][safepoint    ] Total time for which application threads were stopped: 0.0001587 seconds, Stopping threads took: 0.0000136 seconds
[11.764s][info ][safepoint    ] Application time: 0.0221642 seconds
[11.764s][info ][safepoint    ] Entering safepoint region: Deoptimize
[11.765s][info ][safepoint    ] Leaving safepoint region
[11.765s][info ][safepoint    ] Total time for which application threads were stopped: 0.0008432 seconds, Stopping threads took: 0.0000132 seconds
[11.771s][info ][safepoint    ] Application time: 0.0053802 seconds
[11.771s][info ][safepoint    ] Entering safepoint region: RevokeBias
[11.771s][info ][safepoint    ] Leaving safepoint region
[11.771s][info ][safepoint    ] Total time for which application threads were stopped: 0.0001616 seconds, Stopping threads took: 0.0000693 seconds
[11.864s][info ][safepoint    ] Application time: 0.0930518 seconds
[11.864s][info ][safepoint    ] Entering safepoint region: GenCollectForAllocation
[11.864s][info ][gc,start     ] GC(98) Pause Young (Allocation Failure)
[11.864s][info ][gc,task      ] GC(98) Using 4 workers of 4 for evacuation
[11.881s][debug][gc,ref       ] GC(98) Skipped phase1 of Reference Processing due to unavailable references
[11.881s][debug][gc,ref       ] GC(98) Skipped phase3 of Reference Processing due to unavailable references
[11.881s][debug][gc,age       ] GC(98) Desired survivor size 15400960 bytes, new threshold 1 (max threshold 6)
[11.881s][info ][gc,heap      ] GC(98) ParNew: 242864K->30080K(270976K)
[11.881s][info ][gc,heap      ] GC(98) CMS: 146745K->147922K(602112K)
[11.881s][info ][gc,metaspace ] GC(98) Metaspace: 41953K->41953K(1087488K)
[11.881s][info ][gc           ] GC(98) Pause Young (Allocation Failure) 380M->173M(852M) 17.191ms
[11.881s][info ][gc,cpu       ] GC(98) User=0.08s Sys=0.00s Real=0.02s
[11.881s][info ][safepoint    ] Leaving safepoint region
[11.881s][info ][safepoint    ] Total time for which application threads were stopped: 0.0173979 seconds, Stopping threads took: 0.0000343 seconds
[11.958s][info ][safepoint    ] Application time: 0.0763152 seconds
[11.958s][info ][safepoint    ] Entering safepoint region: Deoptimize
[11.958s][info ][safepoint    ] Leaving safepoint region
[11.958s][info ][safepoint    ] Total time for which application threads were stopped: 0.0009199 seconds, Stopping threads took: 0.0000879 seconds
[11.971s][info ][safepoint    ] Application time: 0.0125737 seconds
[11.971s][info ][safepoint    ] Entering safepoint region: Deoptimize
[11.972s][info ][safepoint    ] Leaving safepoint region
[11.972s][info ][safepoint    ] Total time for which application threads were stopped: 0.0008746 seconds, Stopping threads took: 0.0000653 seconds
[12.037s][info ][safepoint    ] Application time: 0.0646344 seconds
[12.037s][info ][safepoint    ] Entering safepoint region: RevokeBias
[12.037s][info ][safepoint    ] Leaving safepoint region
[12.037s][info ][safepoint    ] Total time for which application threads were stopped: 0.0001914 seconds, Stopping threads took: 0.0000668 seconds
[12.039s][info ][safepoint    ] Application time: 0.0024926 seconds
[12.039s][info ][safepoint    ] Entering safepoint region: RevokeBias
[12.040s][info ][safepoint    ] Leaving safepoint region
[12.040s][info ][safepoint    ] Total time for which application threads were stopped: 0.0002038 seconds, Stopping threads took: 0.0001334 seconds
[12.996s][info ][safepoint    ] Application time: 0.9561163 seconds
[12.996s][info ][safepoint    ] Entering safepoint region: ICBufferFull
[12.996s][info ][safepoint    ] Leaving safepoint region
[12.996s][info ][safepoint    ] Total time for which application threads were stopped: 0.0002489 seconds, Stopping threads took: 0.0000186 seconds
[13.996s][info ][safepoint    ] Application time: 1.0000995 seconds
[13.996s][info ][safepoint    ] Entering safepoint region: Cleanup
[13.996s][info ][safepoint    ] Leaving safepoint region
[13.996s][info ][safepoint    ] Total time for which application threads were stopped: 0.0001342 seconds, Stopping threads took: 0.0000157 seconds
[14.739s][info ][safepoint    ] Application time: 0.7431460 seconds
[14.739s][info ][safepoint    ] Entering safepoint region: CollectForMetadataAllocation
[14.740s][info ][safepoint    ] Leaving safepoint region
[14.740s][info ][safepoint    ] Total time for which application threads were stopped: 0.0001482 seconds, Stopping threads took: 0.0000239 seconds
[14.740s][info ][safepoint    ] Application time: 0.0004791 seconds
[14.740s][info ][safepoint    ] Entering safepoint region: RevokeBias
[14.740s][info ][safepoint    ] Leaving safepoint region
[14.740s][info ][safepoint    ] Total time for which application threads were stopped: 0.0000503 seconds, Stopping threads took: 0.0000087 seconds
[14.742s][info ][safepoint    ] Application time: 0.0020274 seconds
[14.742s][info ][safepoint    ] Entering safepoint region: RevokeBias
[14.742s][info ][safepoint    ] Leaving safepoint region
[14.742s][info ][safepoint    ] Total time for which application threads were stopped: 0.0000941 seconds, Stopping threads took: 0.0000357 seconds
[14.749s][info ][safepoint    ] Application time: 0.0064682 seconds
[14.749s][info ][safepoint    ] Entering safepoint region: RevokeBias
[14.749s][info ][safepoint    ] Leaving safepoint region
[14.749s][info ][safepoint    ] Total time for which application threads were stopped: 0.0000761 seconds, Stopping threads took: 0.0000140 seconds
[14.749s][info ][safepoint    ] Application time: 0.0004590 seconds
[14.749s][info ][safepoint    ] Entering safepoint region: RevokeBias
[14.749s][info ][safepoint    ] Leaving safepoint region
[14.749s][info ][safepoint    ] Total time for which application threads were stopped: 0.0000416 seconds, Stopping threads took: 0.0000096 seconds
[14.766s][info ][safepoint    ] Application time: 0.0163804 seconds
[14.766s][info ][safepoint    ] Entering safepoint region: CollectForMetadataAllocation
[14.766s][info ][safepoint    ] Leaving safepoint region
[14.766s][info ][safepoint    ] Total time for which application threads were stopped: 0.0001904 seconds, Stopping threads took: 0.0000736 seconds
[14.783s][info ][safepoint    ] Application time: 0.0173227 seconds
[14.783s][info ][safepoint    ] Entering safepoint region: CollectForMetadataAllocation
[14.783s][info ][safepoint    ] Leaving safepoint region
[14.783s][info ][safepoint    ] Total time for which application threads were stopped: 0.0001285 seconds, Stopping threads took: 0.0000146 seconds
[14.795s][info ][safepoint    ] Application time: 0.0117218 seconds
[14.795s][info ][safepoint    ] Entering safepoint region: Deoptimize
[14.796s][info ][safepoint    ] Leaving safepoint region
[14.796s][info ][safepoint    ] Total time for which application threads were stopped: 0.0010498 seconds, Stopping threads took: 0.0000297 seconds
[14.798s][info ][safepoint    ] Application time: 0.0012556 seconds
[14.798s][info ][safepoint    ] Entering safepoint region: CollectForMetadataAllocation
[14.798s][info ][safepoint    ] Leaving safepoint region
[14.798s][info ][safepoint    ] Total time for which application threads were stopped: 0.0001441 seconds, Stopping threads took: 0.0000695 seconds
[14.801s][info ][safepoint    ] Application time: 0.0035922 seconds
[14.801s][info ][safepoint    ] Entering safepoint region: RevokeBias
[14.801s][info ][safepoint    ] Leaving safepoint region
[14.801s][info ][safepoint    ] Total time for which application threads were stopped: 0.0000738 seconds, Stopping threads took: 0.0000253 seconds
[14.816s][info ][safepoint    ] Application time: 0.0145924 seconds
[14.816s][info ][safepoint    ] Entering safepoint region: CollectForMetadataAllocation
[14.816s][info ][safepoint    ] Leaving safepoint region
[14.816s][info ][safepoint    ] Total time for which application threads were stopped: 0.0001086 seconds, Stopping threads took: 0.0000208 seconds
[14.819s][info ][safepoint    ] Application time: 0.0032200 seconds
[14.819s][info ][safepoint    ] Entering safepoint region: RevokeBias
[14.819s][info ][safepoint    ] Leaving safepoint region
[14.820s][info ][safepoint    ] Total time for which application threads were stopped: 0.0000623 seconds, Stopping threads took: 0.0000122 seconds
[14.821s][info ][safepoint    ] Application time: 0.0017588 seconds
[14.821s][info ][safepoint    ] Entering safepoint region: RevokeBias
[14.821s][info ][safepoint    ] Leaving safepoint region
[14.821s][info ][safepoint    ] Total time for which application threads were stopped: 0.0000629 seconds, Stopping threads took: 0.0000105 seconds
[15.051s][info ][safepoint    ] Application time: 0.2292472 seconds
[15.051s][info ][safepoint    ] Entering safepoint region: CollectForMetadataAllocation
[15.051s][info ][safepoint    ] Leaving safepoint region
[15.051s][info ][safepoint    ] Total time for which application threads were stopped: 0.0001352 seconds, Stopping threads took: 0.0000167 seconds
[15.068s][info ][safepoint    ] Application time: 0.0172378 seconds
[15.068s][info ][safepoint    ] Entering safepoint region: RevokeBias
[15.068s][info ][safepoint    ] Leaving safepoint region
[15.068s][info ][safepoint    ] Total time for which application threads were stopped: 0.0001341 seconds, Stopping threads took: 0.0000159 seconds
[15.069s][info ][safepoint    ] Application time: 0.0011185 seconds
[15.069s][info ][safepoint    ] Entering safepoint region: RevokeBias
[15.070s][info ][safepoint    ] Leaving safepoint region
[15.070s][info ][safepoint    ] Total time for which application threads were stopped: 0.0001807 seconds, Stopping threads took: 0.0000998 seconds
[15.077s][info ][safepoint    ] Application time: 0.0078422 seconds
[15.077s][info ][safepoint    ] Entering safepoint region: CollectForMetadataAllocation
[15.077s][info ][safepoint    ] Leaving safepoint region
[15.077s][info ][safepoint    ] Total time for which application threads were stopped: 0.0001033 seconds, Stopping threads took: 0.0000141 seconds
[15.088s][info ][safepoint    ] Application time: 0.0109837 seconds
[15.089s][info ][safepoint    ] Entering safepoint region: Deoptimize
[15.090s][info ][safepoint    ] Leaving safepoint region
[15.090s][info ][safepoint    ] Total time for which application threads were stopped: 0.0010203 seconds, Stopping threads took: 0.0000151 seconds
[15.090s][info ][safepoint    ] Application time: 0.0008255 seconds
[15.090s][info ][safepoint    ] Entering safepoint region: RevokeBias
[15.090s][info ][safepoint    ] Leaving safepoint region
[15.090s][info ][safepoint    ] Total time for which application threads were stopped: 0.0000903 seconds, Stopping threads took: 0.0000386 seconds
[15.091s][info ][safepoint    ] Application time: 0.0000826 seconds
[15.091s][info ][safepoint    ] Entering safepoint region: RevokeBias
[15.091s][info ][safepoint    ] Leaving safepoint region
[15.091s][info ][safepoint    ] Total time for which application threads were stopped: 0.0000511 seconds, Stopping threads took: 0.0000143 seconds
[15.091s][info ][safepoint    ] Application time: 0.0000643 seconds
[15.091s][info ][safepoint    ] Entering safepoint region: RevokeBias
[15.091s][info ][safepoint    ] Leaving safepoint region
[15.091s][info ][safepoint    ] Total time for which application threads were stopped: 0.0000294 seconds, Stopping threads took: 0.0000063 seconds
[15.091s][info ][safepoint    ] Application time: 0.0000522 seconds
[15.091s][info ][safepoint    ] Entering safepoint region: RevokeBias
[15.091s][info ][safepoint    ] Leaving safepoint region
[15.091s][info ][safepoint    ] Total time for which application threads were stopped: 0.0000282 seconds, Stopping threads took: 0.0000062 seconds
[15.095s][info ][safepoint    ] Application time: 0.0039465 seconds
[15.095s][info ][safepoint    ] Entering safepoint region: CollectForMetadataAllocation
[15.095s][info ][safepoint    ] Leaving safepoint region
[15.095s][info ][safepoint    ] Total time for which application threads were stopped: 0.0001324 seconds, Stopping threads took: 0.0000510 seconds
[15.098s][info ][safepoint    ] Application time: 0.0027503 seconds
[15.098s][info ][safepoint    ] Entering safepoint region: RevokeBias
[15.098s][info ][safepoint    ] Leaving safepoint region
[15.098s][info ][safepoint    ] Total time for which application threads were stopped: 0.0000806 seconds, Stopping threads took: 0.0000233 seconds
[15.105s][info ][safepoint    ] Application time: 0.0071401 seconds
[15.105s][info ][safepoint    ] Entering safepoint region: RevokeBias
[15.105s][info ][safepoint    ] Leaving safepoint region
[15.105s][info ][safepoint    ] Total time for which application threads were stopped: 0.0000829 seconds, Stopping threads took: 0.0000153 seconds
[15.109s][info ][safepoint    ] Application time: 0.0037784 seconds
[15.109s][info ][safepoint    ] Entering safepoint region: CollectForMetadataAllocation
[15.109s][info ][safepoint    ] Leaving safepoint region
[15.109s][info ][safepoint    ] Total time for which application threads were stopped: 0.0001407 seconds, Stopping threads took: 0.0000688 seconds
[15.128s][info ][safepoint    ] Application time: 0.0186823 seconds
[15.128s][info ][safepoint    ] Entering safepoint region: CollectForMetadataAllocation
[15.128s][info ][safepoint    ] Leaving safepoint region
[15.128s][info ][safepoint    ] Total time for which application threads were stopped: 0.0001157 seconds, Stopping threads took: 0.0000162 seconds
[15.128s][info ][safepoint    ] Application time: 0.0005540 seconds
[15.128s][info ][safepoint    ] Entering safepoint region: RevokeBias
[15.128s][info ][safepoint    ] Leaving safepoint region
[15.128s][info ][safepoint    ] Total time for which application threads were stopped: 0.0000379 seconds, Stopping threads took: 0.0000082 seconds
[15.129s][info ][safepoint    ] Application time: 0.0000825 seconds
[15.129s][info ][safepoint    ] Entering safepoint region: RevokeBias
[15.129s][info ][safepoint    ] Leaving safepoint region
[15.129s][info ][safepoint    ] Total time for which application threads were stopped: 0.0000510 seconds, Stopping threads took: 0.0000131 seconds
[15.173s][info ][safepoint    ] Application time: 0.0441470 seconds
[15.173s][info ][safepoint    ] Entering safepoint region: Deoptimize
[15.175s][info ][safepoint    ] Leaving safepoint region
[15.175s][info ][safepoint    ] Total time for which application threads were stopped: 0.0023963 seconds, Stopping threads took: 0.0000163 seconds
[15.178s][info ][safepoint    ] Application time: 0.0028044 seconds
[15.178s][info ][safepoint    ] Entering safepoint region: CollectForMetadataAllocation
[15.178s][info ][safepoint    ] Leaving safepoint region
[15.178s][info ][safepoint    ] Total time for which application threads were stopped: 0.0001077 seconds, Stopping threads took: 0.0000147 seconds
[15.184s][info ][safepoint    ] Application time: 0.0063645 seconds
[15.185s][info ][safepoint    ] Entering safepoint region: CollectForMetadataAllocation
[15.185s][info ][safepoint    ] Leaving safepoint region
[15.185s][info ][safepoint    ] Total time for which application threads were stopped: 0.0000919 seconds, Stopping threads took: 0.0000130 seconds
[15.191s][info ][safepoint    ] Application time: 0.0058946 seconds
[15.191s][info ][safepoint    ] Entering safepoint region: CollectForMetadataAllocation
[15.191s][info ][safepoint    ] Leaving safepoint region
[15.191s][info ][safepoint    ] Total time for which application threads were stopped: 0.0000921 seconds, Stopping threads took: 0.0000143 seconds
[15.202s][info ][safepoint    ] Application time: 0.0116132 seconds
[15.202s][info ][safepoint    ] Entering safepoint region: CollectForMetadataAllocation
[15.202s][info ][safepoint    ] Leaving safepoint region
[15.202s][info ][safepoint    ] Total time for which application threads were stopped: 0.0001138 seconds, Stopping threads took: 0.0000172 seconds
[15.262s][info ][safepoint    ] Application time: 0.0599371 seconds
[15.262s][info ][safepoint    ] Entering safepoint region: Deoptimize
[15.264s][info ][safepoint    ] Leaving safepoint region
[15.264s][info ][safepoint    ] Total time for which application threads were stopped: 0.0012449 seconds, Stopping threads took: 0.0000394 seconds
[15.271s][info ][safepoint    ] Application time: 0.0071336 seconds
[15.271s][info ][safepoint    ] Entering safepoint region: CollectForMetadataAllocation
[15.271s][info ][safepoint    ] Leaving safepoint region
[15.271s][info ][safepoint    ] Total time for which application threads were stopped: 0.0001141 seconds, Stopping threads took: 0.0000147 seconds
[15.277s][info ][safepoint    ] Application time: 0.0059776 seconds
[15.277s][info ][safepoint    ] Entering safepoint region: CollectForMetadataAllocation
[15.277s][info ][safepoint    ] Leaving safepoint region
[15.277s][info ][safepoint    ] Total time for which application threads were stopped: 0.0000808 seconds, Stopping threads took: 0.0000157 seconds
[15.282s][info ][safepoint    ] Application time: 0.0049827 seconds
[15.282s][info ][safepoint    ] Entering safepoint region: RevokeBias
[15.282s][info ][safepoint    ] Leaving safepoint region
[15.282s][info ][safepoint    ] Total time for which application threads were stopped: 0.0000627 seconds, Stopping threads took: 0.0000112 seconds
[15.284s][info ][safepoint    ] Application time: 0.0018481 seconds
[15.284s][info ][safepoint    ] Entering safepoint region: RevokeBias
[15.284s][info ][safepoint    ] Leaving safepoint region
[15.284s][info ][safepoint    ] Total time for which application threads were stopped: 0.0000459 seconds, Stopping threads took: 0.0000101 seconds
[15.284s][info ][safepoint    ] Application time: 0.0004875 seconds
[15.284s][info ][safepoint    ] Entering safepoint region: RevokeBias
[15.285s][info ][safepoint    ] Leaving safepoint region
[15.285s][info ][safepoint    ] Total time for which application threads were stopped: 0.0000413 seconds, Stopping threads took: 0.0000093 seconds
[15.285s][info ][safepoint    ] Application time: 0.0000598 seconds
[15.285s][info ][safepoint    ] Entering safepoint region: RevokeBias
[15.285s][info ][safepoint    ] Leaving safepoint region
[15.285s][info ][safepoint    ] Total time for which application threads were stopped: 0.0000297 seconds, Stopping threads took: 0.0000062 seconds
[15.289s][info ][safepoint    ] Application time: 0.0047293 seconds
[15.289s][info ][safepoint    ] Entering safepoint region: CollectForMetadataAllocation
[15.289s][info ][safepoint    ] Leaving safepoint region
[15.289s][info ][safepoint    ] Total time for which application threads were stopped: 0.0000837 seconds, Stopping threads took: 0.0000124 seconds
[15.353s][info ][safepoint    ] Application time: 0.0639606 seconds
[15.353s][info ][safepoint    ] Entering safepoint region: CollectForMetadataAllocation
[15.354s][info ][safepoint    ] Leaving safepoint region
[15.354s][info ][safepoint    ] Total time for which application threads were stopped: 0.0001265 seconds, Stopping threads took: 0.0000163 seconds
[15.372s][info ][safepoint    ] Application time: 0.0185244 seconds
[15.372s][info ][safepoint    ] Entering safepoint region: CollectForMetadataAllocation
[15.372s][info ][safepoint    ] Leaving safepoint region
[15.372s][info ][safepoint    ] Total time for which application threads were stopped: 0.0001109 seconds, Stopping threads took: 0.0000158 seconds
[15.389s][info ][safepoint    ] Application time: 0.0164214 seconds
[15.389s][info ][safepoint    ] Entering safepoint region: CollectForMetadataAllocation
[15.389s][info ][safepoint    ] Leaving safepoint region
[15.389s][info ][safepoint    ] Total time for which application threads were stopped: 0.0001135 seconds, Stopping threads took: 0.0000166 seconds
[15.468s][info ][safepoint    ] Application time: 0.0794209 seconds
[15.468s][info ][safepoint    ] Entering safepoint region: RevokeBias
[15.468s][info ][safepoint    ] Leaving safepoint region
[15.468s][info ][safepoint    ] Total time for which application threads were stopped: 0.0001695 seconds, Stopping threads took: 0.0000896 seconds
[15.469s][info ][safepoint    ] Application time: 0.0002518 seconds
[15.469s][info ][safepoint    ] Entering safepoint region: CollectForMetadataAllocation
[15.469s][info ][safepoint    ] Leaving safepoint region
[15.469s][info ][safepoint    ] Total time for which application threads were stopped: 0.0001070 seconds, Stopping threads took: 0.0000584 seconds
[15.613s][info ][safepoint    ] Application time: 0.1445162 seconds
[15.613s][info ][safepoint    ] Entering safepoint region: Deoptimize
[15.615s][info ][safepoint    ] Leaving safepoint region
[15.615s][info ][safepoint    ] Total time for which application threads were stopped: 0.0012293 seconds, Stopping threads took: 0.0000170 seconds
[15.615s][info ][safepoint    ] Application time: 0.0003518 seconds
[15.615s][info ][safepoint    ] Entering safepoint region: Deoptimize
[15.615s][info ][safepoint    ] Leaving safepoint region
[15.615s][info ][safepoint    ] Total time for which application threads were stopped: 0.0003369 seconds, Stopping threads took: 0.0000091 seconds
[15.616s][info ][safepoint    ] Application time: 0.0010569 seconds
[15.616s][info ][safepoint    ] Entering safepoint region: RevokeBias
[15.616s][info ][safepoint    ] Leaving safepoint region
[15.616s][info ][safepoint    ] Total time for which application threads were stopped: 0.0000483 seconds, Stopping threads took: 0.0000115 seconds
[15.617s][info ][safepoint    ] Application time: 0.0003571 seconds
[15.617s][info ][safepoint    ] Entering safepoint region: Deoptimize
[15.617s][info ][safepoint    ] Leaving safepoint region
[15.617s][info ][safepoint    ] Total time for which application threads were stopped: 0.0003291 seconds, Stopping threads took: 0.0000101 seconds
[15.622s][info ][safepoint    ] Application time: 0.0045638 seconds
[15.622s][info ][safepoint    ] Entering safepoint region: RevokeBias
[15.622s][info ][safepoint    ] Leaving safepoint region
[15.622s][info ][safepoint    ] Total time for which application threads were stopped: 0.0000800 seconds, Stopping threads took: 0.0000108 seconds
[15.645s][info ][safepoint    ] Application time: 0.0234194 seconds
[15.645s][info ][safepoint    ] Entering safepoint region: RevokeBias
[15.645s][info ][safepoint    ] Leaving safepoint region
[15.645s][info ][safepoint    ] Total time for which application threads were stopped: 0.0000820 seconds, Stopping threads took: 0.0000168 seconds
[15.650s][info ][safepoint    ] Application time: 0.0045431 seconds
[15.650s][info ][safepoint    ] Entering safepoint region: CollectForMetadataAllocation
[15.650s][info ][safepoint    ] Leaving safepoint region
[15.650s][info ][safepoint    ] Total time for which application threads were stopped: 0.0001116 seconds, Stopping threads took: 0.0000130 seconds
[15.663s][info ][safepoint    ] Application time: 0.0133200 seconds
[15.663s][info ][safepoint    ] Entering safepoint region: CollectForMetadataAllocation
[15.664s][info ][safepoint    ] Leaving safepoint region
[15.664s][info ][safepoint    ] Total time for which application threads were stopped: 0.0001208 seconds, Stopping threads took: 0.0000167 seconds
[15.754s][info ][safepoint    ] Application time: 0.0903095 seconds
[15.754s][info ][safepoint    ] Entering safepoint region: RevokeBias
[15.754s][info ][safepoint    ] Leaving safepoint region
[15.754s][info ][safepoint    ] Total time for which application threads were stopped: 0.0002154 seconds, Stopping threads took: 0.0000574 seconds
[15.755s][info ][safepoint    ] Application time: 0.0007110 seconds
[15.755s][info ][safepoint    ] Entering safepoint region: RevokeBias
[15.755s][info ][safepoint    ] Leaving safepoint region
[15.755s][info ][safepoint    ] Total time for which application threads were stopped: 0.0001150 seconds, Stopping threads took: 0.0000662 seconds
[15.760s][info ][safepoint    ] Application time: 0.0047711 seconds
[15.760s][info ][safepoint    ] Entering safepoint region: CollectForMetadataAllocation
[15.760s][info ][safepoint    ] Leaving safepoint region
[15.760s][info ][safepoint    ] Total time for which application threads were stopped: 0.0001627 seconds, Stopping threads took: 0.0000750 seconds
[15.851s][info ][safepoint    ] Application time: 0.0906795 seconds
[15.851s][info ][safepoint    ] Entering safepoint region: CollectForMetadataAllocation
[15.851s][info ][safepoint    ] Leaving safepoint region
[15.851s][info ][safepoint    ] Total time for which application threads were stopped: 0.0002429 seconds, Stopping threads took: 0.0001022 seconds
[15.881s][info ][safepoint    ] Application time: 0.0301763 seconds
[15.881s][info ][safepoint    ] Entering safepoint region: CMS_Initial_Mark
[15.881s][info ][gc,start     ] GC(99) Pause Initial Mark
[15.906s][info ][gc           ] GC(99) Pause Initial Mark 323M->323M(852M) 25.055ms
[15.906s][info ][gc,cpu       ] GC(99) User=0.12s Sys=0.00s Real=0.02s
[15.906s][info ][safepoint    ] Leaving safepoint region
[15.906s][info ][safepoint    ] Total time for which application threads were stopped: 0.0252651 seconds, Stopping threads took: 0.0000354 seconds
[15.906s][info ][gc           ] GC(99) Concurrent Mark
[16.004s][info ][safepoint    ] Application time: 0.0980961 seconds
[16.005s][info ][safepoint    ] Entering safepoint region: CollectForMetadataAllocation
[16.005s][info ][safepoint    ] Leaving safepoint region
[16.005s][info ][safepoint    ] Total time for which application threads were stopped: 0.0002304 seconds, Stopping threads took: 0.0000524 seconds
[16.006s][info ][safepoint    ] Application time: 0.0010010 seconds
[16.006s][info ][safepoint    ] Entering safepoint region: RevokeBias
[16.006s][info ][safepoint    ] Leaving safepoint region
[16.006s][info ][safepoint    ] Total time for which application threads were stopped: 0.0001558 seconds, Stopping threads took: 0.0000620 seconds
[16.006s][info ][safepoint    ] Application time: 0.0005534 seconds
[16.007s][info ][safepoint    ] Entering safepoint region: RevokeBias
[16.007s][info ][safepoint    ] Leaving safepoint region
[16.007s][info ][safepoint    ] Total time for which application threads were stopped: 0.0001468 seconds, Stopping threads took: 0.0000990 seconds
[16.075s][info ][safepoint    ] Application time: 0.0685998 seconds
[16.075s][info ][safepoint    ] Entering safepoint region: ICBufferFull
[16.076s][info ][safepoint    ] Leaving safepoint region
[16.076s][info ][safepoint    ] Total time for which application threads were stopped: 0.0002969 seconds, Stopping threads took: 0.0001224 seconds
[16.143s][info ][gc           ] GC(99) Concurrent Mark 236.733ms
[16.143s][info ][gc,cpu       ] GC(99) User=1.00s Sys=0.10s Real=0.24s
[16.143s][info ][gc           ] GC(99) Concurrent Preclean
[16.143s][debug][gc,ref       ] GC(99) Preclean SoftReferences 0.001ms
[16.143s][debug][gc,ref       ] GC(99) Preclean WeakReferences 0.014ms
[16.143s][debug][gc,ref       ] GC(99) Preclean FinalReferences 0.000ms
[16.143s][debug][gc,ref       ] GC(99) Preclean PhantomReferences 0.002ms
[16.147s][info ][gc           ] GC(99) Concurrent Preclean 3.633ms
[16.147s][info ][gc,cpu       ] GC(99) User=0.01s Sys=0.00s Real=0.00s
[16.147s][info ][gc           ] GC(99) Concurrent Abortable Preclean
[16.595s][info ][safepoint    ] Application time: 0.5191165 seconds
[16.595s][info ][safepoint    ] Entering safepoint region: ICBufferFull
[16.595s][info ][safepoint    ] Leaving safepoint region
[16.595s][info ][safepoint    ] Total time for which application threads were stopped: 0.0002501 seconds, Stopping threads took: 0.0000774 seconds
[17.596s][info ][safepoint    ] Application time: 1.0007047 seconds
[17.596s][info ][safepoint    ] Entering safepoint region: Cleanup
[17.596s][info ][safepoint    ] Leaving safepoint region
[17.596s][info ][safepoint    ] Total time for which application threads were stopped: 0.0002347 seconds, Stopping threads took: 0.0000766 seconds
[18.095s][info ][safepoint    ] Application time: 0.4986856 seconds
[18.095s][info ][safepoint    ] Entering safepoint region: CollectForMetadataAllocation
[18.095s][info ][safepoint    ] Leaving safepoint region
[18.095s][info ][safepoint    ] Total time for which application threads were stopped: 0.0001421 seconds, Stopping threads took: 0.0000170 seconds
[19.095s][info ][safepoint    ] Application time: 1.0001074 seconds
[19.095s][info ][safepoint    ] Entering safepoint region: Cleanup
[19.095s][info ][safepoint    ] Leaving safepoint region
[19.095s][info ][safepoint    ] Total time for which application threads were stopped: 0.0002149 seconds, Stopping threads took: 0.0001039 seconds
[20.096s][info ][safepoint    ] Application time: 1.0007326 seconds
[20.096s][info ][safepoint    ] Entering safepoint region: Cleanup
[20.096s][info ][safepoint    ] Leaving safepoint region
[20.096s][info ][safepoint    ] Total time for which application threads were stopped: 0.0001212 seconds, Stopping threads took: 0.0000168 seconds
[20.617s][info ][safepoint    ] Application time: 0.5208020 seconds
[20.617s][info ][safepoint    ] Entering safepoint region: RevokeBias
[20.617s][info ][safepoint    ] Leaving safepoint region
[20.617s][info ][safepoint    ] Total time for which application threads were stopped: 0.0000830 seconds, Stopping threads took: 0.0000185 seconds
[20.617s][info ][safepoint    ] Application time: 0.0001055 seconds
[20.617s][info ][safepoint    ] Entering safepoint region: RevokeBias
[20.617s][info ][safepoint    ] Leaving safepoint region
[20.617s][info ][safepoint    ] Total time for which application threads were stopped: 0.0000262 seconds, Stopping threads took: 0.0000070 seconds
[21.187s][info ][gc           ] GC(99) Concurrent Abortable Preclean 5040.480ms
[21.187s][info ][gc,cpu       ] GC(99) User=4.72s Sys=0.23s Real=5.04s
[21.187s][info ][safepoint    ] Application time: 0.5702814 seconds
[21.188s][info ][safepoint    ] Entering safepoint region: CMS_Final_Remark
[21.188s][info ][gc,start     ] GC(99) Pause Remark
[21.221s][debug][gc,phases    ] GC(99) Rescan (parallel) 33.766ms
[21.221s][debug][gc,ref       ] GC(99) Skipped phase1 of Reference Processing due to unavailable references
[21.221s][debug][gc,ref       ] GC(99) Skipped phase2 of Reference Processing due to unavailable references
[21.221s][debug][gc,ref       ] GC(99) Skipped phase3 of Reference Processing due to unavailable references
[21.221s][debug][gc,ref       ] GC(99) Skipped phase4 of Reference Processing due to unavailable references
[21.221s][debug][gc,phases    ] GC(99) Reference Processing 0.034ms
[21.222s][debug][gc,phases    ] GC(99) Weak Processing 0.111ms
[21.223s][debug][gc,phases    ] GC(99) ClassLoaderData 1.017ms
[21.223s][debug][gc,phases    ] GC(99) Dictionary 0.023ms
[21.223s][debug][gc,phases    ] GC(99) ProtectionDomainCacheTable 0.003ms
[21.223s][debug][gc,phases    ] GC(99) ResolvedMethodTable 0.138ms
[21.245s][debug][gc,phases    ] GC(99) Class Unloading 22.911ms
[21.250s][debug][gc,phases    ] GC(99) Scrub Symbol Table 5.585ms
[21.251s][debug][gc,phases    ] GC(99) Scrub String Table 0.383ms
[21.251s][info ][gc           ] GC(99) Pause Remark 404M->404M(852M) 63.533ms
[21.251s][info ][gc,cpu       ] GC(99) User=0.17s Sys=0.00s Real=0.07s
[21.251s][info ][safepoint    ] Leaving safepoint region
[21.251s][info ][safepoint    ] Total time for which application threads were stopped: 0.0637041 seconds, Stopping threads took: 0.0000184 seconds
[21.251s][info ][gc           ] GC(99) Concurrent Sweep
[21.328s][info ][gc           ] GC(99) Concurrent Sweep 76.858ms
[21.328s][info ][gc,cpu       ] GC(99) User=0.09s Sys=0.00s Real=0.07s
[21.328s][info ][gc           ] GC(99) Concurrent Reset
[21.340s][info ][gc           ] GC(99) Concurrent Reset 12.208ms
[21.340s][info ][gc,cpu       ] GC(99) User=0.01s Sys=0.00s Real=0.02s
[21.340s][info ][gc,heap      ] GC(99) Old: 147922K->136149K(602112K)
[21.996s][info ][safepoint    ] Application time: 0.7443058 seconds
[21.996s][info ][safepoint    ] Entering safepoint region: ICBufferFull
[21.996s][info ][safepoint    ] Leaving safepoint region
[21.996s][info ][safepoint    ] Total time for which application threads were stopped: 0.0005026 seconds, Stopping threads took: 0.0000232 seconds
[22.295s][info ][safepoint    ] Application time: 0.2990142 seconds
[22.295s][info ][safepoint    ] Entering safepoint region: GenCollectForAllocation
[22.295s][info ][gc,start     ] GC(100) Pause Young (Allocation Failure)
[22.295s][info ][gc,task      ] GC(100) Using 4 workers of 4 for evacuation
[22.317s][debug][gc,ref       ] GC(100) Skipped phase1 of Reference Processing due to unavailable references
[22.318s][debug][gc,age       ] GC(100) Desired survivor size 15400960 bytes, new threshold 6 (max threshold 6)
[22.318s][info ][gc,heap      ] GC(100) ParNew: 270976K->22602K(270976K)
[22.318s][info ][gc,heap      ] GC(100) CMS: 136149K->168049K(602112K)
[22.318s][info ][gc,metaspace ] GC(100) Metaspace: 51353K->51353K(1095680K)
[22.318s][info ][gc           ] GC(100) Pause Young (Allocation Failure) 397M->186M(852M) 22.503ms
[22.318s][info ][gc,cpu       ] GC(100) User=0.08s Sys=0.00s Real=0.02s
[22.318s][info ][safepoint    ] Leaving safepoint region
[22.318s][info ][safepoint    ] Total time for which application threads were stopped: 0.0226946 seconds, Stopping threads took: 0.0000533 seconds
[22.565s][info ][safepoint    ] Application time: 0.2471783 seconds
[22.565s][info ][safepoint    ] Entering safepoint region: RevokeBias
[22.565s][info ][safepoint    ] Leaving safepoint region
[22.565s][info ][safepoint    ] Total time for which application threads were stopped: 0.0001224 seconds, Stopping threads took: 0.0000151 seconds
[22.726s][info ][safepoint    ] Application time: 0.1612520 seconds
[22.728s][info ][safepoint    ] Entering safepoint region: ICBufferFull
[22.729s][info ][safepoint    ] Leaving safepoint region
[22.729s][info ][safepoint    ] Total time for which application threads were stopped: 0.0020890 seconds, Stopping threads took: 0.0018922 seconds
[23.729s][info ][safepoint    ] Application time: 1.0001231 seconds
[23.729s][info ][safepoint    ] Entering safepoint region: Cleanup
[23.729s][info ][safepoint    ] Leaving safepoint region
[23.729s][info ][safepoint    ] Total time for which application threads were stopped: 0.0001155 seconds, Stopping threads took: 0.0000169 seconds
[24.729s][info ][safepoint    ] Application time: 1.0001186 seconds
[24.729s][info ][safepoint    ] Entering safepoint region: Cleanup
[24.729s][info ][safepoint    ] Leaving safepoint region
[24.729s][info ][safepoint    ] Total time for which application threads were stopped: 0.0001593 seconds, Stopping threads took: 0.0000184 seconds
[25.617s][info ][safepoint    ] Application time: 0.8883065 seconds
[25.618s][info ][safepoint    ] Entering safepoint region: RevokeBias
[25.618s][info ][safepoint    ] Leaving safepoint region
[25.618s][info ][safepoint    ] Total time for which application threads were stopped: 0.0001494 seconds, Stopping threads took: 0.0000205 seconds
[25.619s][info ][safepoint    ] Application time: 0.0009083 seconds
[25.619s][info ][safepoint    ] Entering safepoint region: RevokeBias
[25.619s][info ][safepoint    ] Leaving safepoint region
[25.619s][info ][safepoint    ] Total time for which application threads were stopped: 0.0000370 seconds, Stopping threads took: 0.0000097 seconds
[25.619s][info ][safepoint    ] Application time: 0.0001770 seconds
[25.619s][info ][safepoint    ] Entering safepoint region: RevokeBias
[25.619s][info ][safepoint    ] Leaving safepoint region
[25.619s][info ][safepoint    ] Total time for which application threads were stopped: 0.0000257 seconds, Stopping threads took: 0.0000063 seconds
[25.619s][info ][safepoint    ] Application time: 0.0000521 seconds
[25.619s][info ][safepoint    ] Entering safepoint region: RevokeBias
[25.619s][info ][safepoint    ] Leaving safepoint region
[25.619s][info ][safepoint    ] Total time for which application threads were stopped: 0.0000244 seconds, Stopping threads took: 0.0000060 seconds
[25.619s][info ][safepoint    ] Application time: 0.0000937 seconds
[25.619s][info ][safepoint    ] Entering safepoint region: RevokeBias
[25.619s][info ][safepoint    ] Leaving safepoint region
[25.619s][info ][safepoint    ] Total time for which application threads were stopped: 0.0000244 seconds, Stopping threads took: 0.0000060 seconds
[25.619s][info ][safepoint    ] Application time: 0.0001840 seconds
[25.619s][info ][safepoint    ] Entering safepoint region: RevokeBias
[25.619s][info ][safepoint    ] Leaving safepoint region
[25.619s][info ][safepoint    ] Total time for which application threads were stopped: 0.0000840 seconds, Stopping threads took: 0.0000527 seconds
[26.619s][info ][safepoint    ] Application time: 1.0000943 seconds
[26.619s][info ][safepoint    ] Entering safepoint region: Cleanup
[26.620s][info ][safepoint    ] Leaving safepoint region
[26.620s][info ][safepoint    ] Total time for which application threads were stopped: 0.0001638 seconds, Stopping threads took: 0.0000186 seconds
[27.620s][info ][safepoint    ] Application time: 1.0001004 seconds
[27.620s][info ][safepoint    ] Entering safepoint region: Cleanup
[27.620s][info ][safepoint    ] Leaving safepoint region
[27.620s][info ][safepoint    ] Total time for which application threads were stopped: 0.0001668 seconds, Stopping threads took: 0.0000215 seconds
[28.620s][info ][safepoint    ] Application time: 1.0001125 seconds
[28.620s][info ][safepoint    ] Entering safepoint region: Cleanup
[28.620s][info ][safepoint    ] Leaving safepoint region
[28.620s][info ][safepoint    ] Total time for which application threads were stopped: 0.0001739 seconds, Stopping threads took: 0.0000724 seconds
[29.620s][info ][safepoint    ] Application time: 1.0001211 seconds
[29.620s][info ][safepoint    ] Entering safepoint region: Cleanup
[29.621s][info ][safepoint    ] Leaving safepoint region
[29.621s][info ][safepoint    ] Total time for which application threads were stopped: 0.0000852 seconds, Stopping threads took: 0.0000167 seconds
[30.621s][info ][safepoint    ] Application time: 1.0000478 seconds
[30.621s][info ][safepoint    ] Entering safepoint region: Cleanup
[30.621s][info ][safepoint    ] Leaving safepoint region
[30.621s][info ][safepoint    ] Total time for which application threads were stopped: 0.0001067 seconds, Stopping threads took: 0.0000150 seconds
[31.621s][info ][safepoint    ] Application time: 1.0000862 seconds
[31.621s][info ][safepoint    ] Entering safepoint region: Cleanup
[31.621s][info ][safepoint    ] Leaving safepoint region
[31.621s][info ][safepoint    ] Total time for which application threads were stopped: 0.0001072 seconds, Stopping threads took: 0.0000356 seconds
[32.621s][info ][safepoint    ] Application time: 1.0000798 seconds
[32.621s][info ][safepoint    ] Entering safepoint region: Cleanup
[32.621s][info ][safepoint    ] Leaving safepoint region
[32.621s][info ][safepoint    ] Total time for which application threads were stopped: 0.0000967 seconds, Stopping threads took: 0.0000296 seconds
[32.843s][info ][safepoint    ] Application time: 0.2220328 seconds
[32.843s][info ][safepoint    ] Entering safepoint region: RevokeBias
[32.843s][info ][safepoint    ] Leaving safepoint region
[32.843s][info ][safepoint    ] Total time for which application threads were stopped: 0.0001727 seconds, Stopping threads took: 0.0000354 seconds
[32.844s][info ][safepoint    ] Application time: 0.0004051 seconds
[32.844s][info ][safepoint    ] Entering safepoint region: RevokeBias
[32.844s][info ][safepoint    ] Leaving safepoint region
[32.844s][info ][safepoint    ] Total time for which application threads were stopped: 0.0001111 seconds, Stopping threads took: 0.0000445 seconds
[32.854s][info ][safepoint    ] Application time: 0.0098475 seconds
[32.854s][info ][safepoint    ] Entering safepoint region: RevokeBias
[32.854s][info ][safepoint    ] Leaving safepoint region
[32.854s][info ][safepoint    ] Total time for which application threads were stopped: 0.0001021 seconds, Stopping threads took: 0.0000174 seconds
[33.101s][info ][safepoint    ] Application time: 0.2469290 seconds
[33.101s][info ][safepoint    ] Entering safepoint region: RevokeBias
[33.101s][info ][safepoint    ] Leaving safepoint region
[33.101s][info ][safepoint    ] Total time for which application threads were stopped: 0.0001049 seconds, Stopping threads took: 0.0000181 seconds
[33.101s][info ][safepoint    ] Application time: 0.0000671 seconds
[33.101s][info ][safepoint    ] Entering safepoint region: RevokeBias
[33.101s][info ][safepoint    ] Leaving safepoint region
[33.101s][info ][safepoint    ] Total time for which application threads were stopped: 0.0000394 seconds, Stopping threads took: 0.0000063 seconds
[33.160s][info ][safepoint    ] Application time: 0.0585167 seconds
[33.160s][info ][safepoint    ] Entering safepoint region: RevokeBias
[33.160s][info ][safepoint    ] Leaving safepoint region
[33.160s][info ][safepoint    ] Total time for which application threads were stopped: 0.0001009 seconds, Stopping threads took: 0.0000168 seconds
[33.215s][info ][safepoint    ] Application time: 0.0546886 seconds
[33.215s][info ][safepoint    ] Entering safepoint region: RevokeBias
[33.215s][info ][safepoint    ] Leaving safepoint region
[33.215s][info ][safepoint    ] Total time for which application threads were stopped: 0.0000995 seconds, Stopping threads took: 0.0000176 seconds
[33.215s][info ][safepoint    ] Application time: 0.0001045 seconds
[33.215s][info ][safepoint    ] Entering safepoint region: RevokeBias
[33.215s][info ][safepoint    ] Leaving safepoint region
[33.215s][info ][safepoint    ] Total time for which application threads were stopped: 0.0000350 seconds, Stopping threads took: 0.0000074 seconds
[33.216s][info ][safepoint    ] Application time: 0.0013606 seconds
[33.216s][info ][safepoint    ] Entering safepoint region: RevokeBias
[33.216s][info ][safepoint    ] Leaving safepoint region
[33.216s][info ][safepoint    ] Total time for which application threads were stopped: 0.0000832 seconds, Stopping threads took: 0.0000456 seconds
[33.217s][info ][safepoint    ] Application time: 0.0003781 seconds
[33.217s][info ][safepoint    ] Entering safepoint region: RevokeBias
[33.217s][info ][safepoint    ] Leaving safepoint region
[33.217s][info ][safepoint    ] Total time for which application threads were stopped: 0.0000429 seconds, Stopping threads took: 0.0000082 seconds
[33.217s][info ][safepoint    ] Application time: 0.0001039 seconds
[33.217s][info ][safepoint    ] Entering safepoint region: RevokeBias
[33.217s][info ][safepoint    ] Leaving safepoint region
[33.217s][info ][safepoint    ] Total time for which application threads were stopped: 0.0000404 seconds, Stopping threads took: 0.0000157 seconds
[33.217s][info ][safepoint    ] Application time: 0.0000861 seconds
[33.217s][info ][safepoint    ] Entering safepoint region: RevokeBias
[33.217s][info ][safepoint    ] Leaving safepoint region
[33.217s][info ][safepoint    ] Total time for which application threads were stopped: 0.0000265 seconds, Stopping threads took: 0.0000064 seconds
[33.217s][info ][safepoint    ] Application time: 0.0000519 seconds
[33.217s][info ][safepoint    ] Entering safepoint region: RevokeBias
[33.217s][info ][safepoint    ] Leaving safepoint region
[33.217s][info ][safepoint    ] Total time for which application threads were stopped: 0.0000253 seconds, Stopping threads took: 0.0000060 seconds
[33.217s][info ][safepoint    ] Application time: 0.0000495 seconds
[33.217s][info ][safepoint    ] Entering safepoint region: RevokeBias
[33.217s][info ][safepoint    ] Leaving safepoint region
[33.217s][info ][safepoint    ] Total time for which application threads were stopped: 0.0000986 seconds, Stopping threads took: 0.0000776 seconds
[33.217s][info ][safepoint    ] Application time: 0.0000511 seconds
[33.217s][info ][safepoint    ] Entering safepoint region: RevokeBias
[33.217s][info ][safepoint    ] Leaving safepoint region
[33.217s][info ][safepoint    ] Total time for which application threads were stopped: 0.0001100 seconds, Stopping threads took: 0.0000891 seconds
[33.217s][info ][safepoint    ] Application time: 0.0000514 seconds
[33.218s][info ][safepoint    ] Entering safepoint region: RevokeBias
[33.218s][info ][safepoint    ] Leaving safepoint region
[33.218s][info ][safepoint    ] Total time for which application threads were stopped: 0.0000260 seconds, Stopping threads took: 0.0000064 seconds
[33.218s][info ][safepoint    ] Application time: 0.0000502 seconds
[33.218s][info ][safepoint    ] Entering safepoint region: RevokeBias
[33.218s][info ][safepoint    ] Leaving safepoint region
[33.218s][info ][safepoint    ] Total time for which application threads were stopped: 0.0000473 seconds, Stopping threads took: 0.0000265 seconds
[33.218s][info ][safepoint    ] Application time: 0.0000513 seconds
[33.218s][info ][safepoint    ] Entering safepoint region: RevokeBias
[33.218s][info ][safepoint    ] Leaving safepoint region
[33.218s][info ][safepoint    ] Total time for which application threads were stopped: 0.0000274 seconds, Stopping threads took: 0.0000069 seconds
[33.218s][info ][safepoint    ] Application time: 0.0000540 seconds
[33.218s][info ][safepoint    ] Entering safepoint region: RevokeBias
[33.218s][info ][safepoint    ] Leaving safepoint region
[33.218s][info ][safepoint    ] Total time for which application threads were stopped: 0.0000259 seconds, Stopping threads took: 0.0000063 seconds
[33.218s][info ][safepoint    ] Application time: 0.0000508 seconds
[33.218s][info ][safepoint    ] Entering safepoint region: RevokeBias
[33.218s][info ][safepoint    ] Leaving safepoint region
[33.218s][info ][safepoint    ] Total time for which application threads were stopped: 0.0000370 seconds, Stopping threads took: 0.0000168 seconds
[33.218s][info ][safepoint    ] Application time: 0.0000504 seconds
[33.218s][info ][safepoint    ] Entering safepoint region: RevokeBias
[33.218s][info ][safepoint    ] Leaving safepoint region
[33.218s][info ][safepoint    ] Total time for which application threads were stopped: 0.0000615 seconds, Stopping threads took: 0.0000397 seconds
[33.218s][info ][safepoint    ] Application time: 0.0000572 seconds
[33.218s][info ][safepoint    ] Entering safepoint region: RevokeBias
[33.218s][info ][safepoint    ] Leaving safepoint region
[33.218s][info ][safepoint    ] Total time for which application threads were stopped: 0.0000415 seconds, Stopping threads took: 0.0000108 seconds
[33.218s][info ][safepoint    ] Application time: 0.0001775 seconds
[33.218s][info ][safepoint    ] Entering safepoint region: RevokeBias
[33.218s][info ][safepoint    ] Leaving safepoint region
[33.218s][info ][safepoint    ] Total time for which application threads were stopped: 0.0001161 seconds, Stopping threads took: 0.0000762 seconds
[33.219s][info ][safepoint    ] Application time: 0.0000941 seconds
[33.219s][info ][safepoint    ] Entering safepoint region: RevokeBias
[33.219s][info ][safepoint    ] Leaving safepoint region
[33.219s][info ][safepoint    ] Total time for which application threads were stopped: 0.0000915 seconds, Stopping threads took: 0.0000524 seconds
[33.219s][info ][safepoint    ] Application time: 0.0001341 seconds
[33.219s][info ][safepoint    ] Entering safepoint region: RevokeBias
[33.219s][info ][safepoint    ] Leaving safepoint region
[33.219s][info ][safepoint    ] Total time for which application threads were stopped: 0.0001067 seconds, Stopping threads took: 0.0000690 seconds
[33.219s][info ][safepoint    ] Application time: 0.0001990 seconds
[33.219s][info ][safepoint    ] Entering safepoint region: RevokeBias
[33.219s][info ][safepoint    ] Leaving safepoint region
[33.219s][info ][safepoint    ] Total time for which application threads were stopped: 0.0000289 seconds, Stopping threads took: 0.0000073 seconds
[33.219s][info ][safepoint    ] Application time: 0.0000681 seconds
[33.219s][info ][safepoint    ] Entering safepoint region: RevokeBias
[33.219s][info ][safepoint    ] Leaving safepoint region
[33.219s][info ][safepoint    ] Total time for which application threads were stopped: 0.0000673 seconds, Stopping threads took: 0.0000377 seconds
[33.220s][info ][safepoint    ] Application time: 0.0004983 seconds
[33.220s][info ][safepoint    ] Entering safepoint region: RevokeBias
[33.220s][info ][safepoint    ] Leaving safepoint region
[33.220s][info ][safepoint    ] Total time for which application threads were stopped: 0.0000404 seconds, Stopping threads took: 0.0000079 seconds
[33.220s][info ][safepoint    ] Application time: 0.0001496 seconds
[33.220s][info ][safepoint    ] Entering safepoint region: RevokeBias
[33.220s][info ][safepoint    ] Leaving safepoint region
[33.220s][info ][safepoint    ] Total time for which application threads were stopped: 0.0001368 seconds, Stopping threads took: 0.0000847 seconds
[33.221s][info ][safepoint    ] Application time: 0.0003419 seconds
[33.221s][info ][safepoint    ] Entering safepoint region: RevokeBias
[33.221s][info ][safepoint    ] Leaving safepoint region
[33.221s][info ][safepoint    ] Total time for which application threads were stopped: 0.0000759 seconds, Stopping threads took: 0.0000450 seconds
[33.284s][info ][safepoint    ] Application time: 0.0634976 seconds
[33.284s][info ][safepoint    ] Entering safepoint region: RevokeBias
[33.284s][info ][safepoint    ] Leaving safepoint region
[33.284s][info ][safepoint    ] Total time for which application threads were stopped: 0.0002314 seconds, Stopping threads took: 0.0000165 seconds
[33.432s][info ][safepoint    ] Application time: 0.1474037 seconds
[33.432s][info ][safepoint    ] Entering safepoint region: RevokeBias
[33.432s][info ][safepoint    ] Leaving safepoint region
[33.432s][info ][safepoint    ] Total time for which application threads were stopped: 0.0001075 seconds, Stopping threads took: 0.0000166 seconds
[33.445s][info ][safepoint    ] Application time: 0.0129743 seconds
[33.445s][info ][safepoint    ] Entering safepoint region: RevokeBias
[33.445s][info ][safepoint    ] Leaving safepoint region
[33.445s][info ][safepoint    ] Total time for which application threads were stopped: 0.0002087 seconds, Stopping threads took: 0.0001075 seconds
[33.502s][info ][safepoint    ] Application time: 0.0569544 seconds
[33.502s][info ][safepoint    ] Entering safepoint region: Deoptimize
[33.504s][info ][safepoint    ] Leaving safepoint region
[33.504s][info ][safepoint    ] Total time for which application threads were stopped: 0.0022652 seconds, Stopping threads took: 0.0000369 seconds
[34.505s][info ][safepoint    ] Application time: 1.0000951 seconds
[34.505s][info ][safepoint    ] Entering safepoint region: Cleanup
[34.505s][info ][safepoint    ] Leaving safepoint region
[34.505s][info ][safepoint    ] Total time for which application threads were stopped: 0.0001516 seconds, Stopping threads took: 0.0000269 seconds
[35.505s][info ][safepoint    ] Application time: 1.0000905 seconds
[35.505s][info ][safepoint    ] Entering safepoint region: Cleanup
[35.505s][info ][safepoint    ] Leaving safepoint region
[35.505s][info ][safepoint    ] Total time for which application threads were stopped: 0.0001232 seconds, Stopping threads took: 0.0000191 seconds
[36.092s][info ][safepoint    ] Application time: 0.5869323 seconds
[36.092s][info ][safepoint    ] Entering safepoint region: ICBufferFull
[36.092s][info ][safepoint    ] Leaving safepoint region
[36.092s][info ][safepoint    ] Total time for which application threads were stopped: 0.0002534 seconds, Stopping threads took: 0.0000167 seconds
[37.092s][info ][safepoint    ] Application time: 1.0001529 seconds
[37.092s][info ][safepoint    ] Entering safepoint region: Cleanup
[37.093s][info ][safepoint    ] Leaving safepoint region
[37.093s][info ][safepoint    ] Total time for which application threads were stopped: 0.0000947 seconds, Stopping threads took: 0.0000195 seconds
[38.093s][info ][safepoint    ] Application time: 1.0000866 seconds
[38.093s][info ][safepoint    ] Entering safepoint region: Cleanup
[38.093s][info ][safepoint    ] Leaving safepoint region
[38.093s][info ][safepoint    ] Total time for which application threads were stopped: 0.0001728 seconds, Stopping threads took: 0.0000301 seconds
[38.431s][info ][safepoint    ] Application time: 0.3381569 seconds
[38.431s][info ][safepoint    ] Entering safepoint region: RevokeBias
[38.431s][info ][safepoint    ] Leaving safepoint region
[38.431s][info ][safepoint    ] Total time for which application threads were stopped: 0.0000902 seconds, Stopping threads took: 0.0000167 seconds
[39.431s][info ][safepoint    ] Application time: 1.0000890 seconds
[39.431s][info ][safepoint    ] Entering safepoint region: Cleanup
[39.431s][info ][safepoint    ] Leaving safepoint region
[39.431s][info ][safepoint    ] Total time for which application threads were stopped: 0.0001543 seconds, Stopping threads took: 0.0000201 seconds
[40.431s][info ][safepoint    ] Application time: 1.0000774 seconds
[40.432s][info ][safepoint    ] Entering safepoint region: Cleanup
[40.432s][info ][safepoint    ] Leaving safepoint region
[40.432s][info ][safepoint    ] Total time for which application threads were stopped: 0.0001056 seconds, Stopping threads took: 0.0000331 seconds
[41.432s][info ][safepoint    ] Application time: 1.0000948 seconds
[41.432s][info ][safepoint    ] Entering safepoint region: Cleanup
[41.432s][info ][safepoint    ] Leaving safepoint region
[41.432s][info ][safepoint    ] Total time for which application threads were stopped: 0.0001073 seconds, Stopping threads took: 0.0000168 seconds
[42.432s][info ][safepoint    ] Application time: 1.0000947 seconds
[42.432s][info ][safepoint    ] Entering safepoint region: Cleanup
[42.432s][info ][safepoint    ] Leaving safepoint region
[42.432s][info ][safepoint    ] Total time for which application threads were stopped: 0.0001086 seconds, Stopping threads took: 0.0000215 seconds
[43.431s][info ][safepoint    ] Application time: 0.9991524 seconds
[43.431s][info ][safepoint    ] Entering safepoint region: RevokeBias
[43.431s][info ][safepoint    ] Leaving safepoint region
[43.431s][info ][safepoint    ] Total time for which application threads were stopped: 0.0001460 seconds, Stopping threads took: 0.0000193 seconds
[43.432s][info ][safepoint    ] Application time: 0.0002801 seconds
[43.432s][info ][safepoint    ] Entering safepoint region: RevokeBias
[43.432s][info ][safepoint    ] Leaving safepoint region
[43.432s][info ][safepoint    ] Total time for which application threads were stopped: 0.0000790 seconds, Stopping threads took: 0.0000488 seconds
[43.432s][info ][safepoint    ] Application time: 0.0001456 seconds
[43.432s][info ][safepoint    ] Entering safepoint region: RevokeBias
[43.432s][info ][safepoint    ] Leaving safepoint region
[43.432s][info ][safepoint    ] Total time for which application threads were stopped: 0.0000336 seconds, Stopping threads took: 0.0000082 seconds
[43.432s][info ][safepoint    ] Application time: 0.0000997 seconds
[43.432s][info ][safepoint    ] Entering safepoint region: RevokeBias
[43.432s][info ][safepoint    ] Leaving safepoint region
[43.432s][info ][safepoint    ] Total time for which application threads were stopped: 0.0001201 seconds, Stopping threads took: 0.0000689 seconds
[43.432s][info ][safepoint    ] Application time: 0.0001136 seconds
[43.432s][info ][safepoint    ] Entering safepoint region: RevokeBias
[43.432s][info ][safepoint    ] Leaving safepoint region
[43.432s][info ][safepoint    ] Total time for which application threads were stopped: 0.0000453 seconds, Stopping threads took: 0.0000179 seconds
[43.433s][info ][safepoint    ] Application time: 0.0001459 seconds
[43.433s][info ][safepoint    ] Entering safepoint region: RevokeBias
[43.433s][info ][safepoint    ] Leaving safepoint region
[43.433s][info ][safepoint    ] Total time for which application threads were stopped: 0.0000259 seconds, Stopping threads took: 0.0000067 seconds
[44.433s][info ][safepoint    ] Application time: 1.0000700 seconds
[44.433s][info ][safepoint    ] Entering safepoint region: Cleanup
[44.433s][info ][safepoint    ] Leaving safepoint region
[44.433s][info ][safepoint    ] Total time for which application threads were stopped: 0.0001874 seconds, Stopping threads took: 0.0000635 seconds
[45.433s][info ][safepoint    ] Application time: 1.0000943 seconds
[45.433s][info ][safepoint    ] Entering safepoint region: Cleanup
[45.433s][info ][safepoint    ] Leaving safepoint region
[45.433s][info ][safepoint    ] Total time for which application threads were stopped: 0.0000975 seconds, Stopping threads took: 0.0000211 seconds
[46.433s][info ][safepoint    ] Application time: 1.0000962 seconds
[46.433s][info ][safepoint    ] Entering safepoint region: Cleanup
[46.433s][info ][safepoint    ] Leaving safepoint region
[46.433s][info ][safepoint    ] Total time for which application threads were stopped: 0.0001094 seconds, Stopping threads took: 0.0000190 seconds
[47.434s][info ][safepoint    ] Application time: 1.0000945 seconds
[47.434s][info ][safepoint    ] Entering safepoint region: Cleanup
[47.434s][info ][safepoint    ] Leaving safepoint region
[47.434s][info ][safepoint    ] Total time for which application threads were stopped: 0.0001050 seconds, Stopping threads took: 0.0000197 seconds
[48.434s][info ][safepoint    ] Application time: 1.0000896 seconds
[48.434s][info ][safepoint    ] Entering safepoint region: Cleanup
[48.434s][info ][safepoint    ] Leaving safepoint region
[48.434s][info ][safepoint    ] Total time for which application threads were stopped: 0.0001041 seconds, Stopping threads took: 0.0000185 seconds
[49.434s][info ][safepoint    ] Application time: 1.0000944 seconds
[49.434s][info ][safepoint    ] Entering safepoint region: Cleanup
[49.434s][info ][safepoint    ] Leaving safepoint region
[49.434s][info ][safepoint    ] Total time for which application threads were stopped: 0.0000943 seconds, Stopping threads took: 0.0000178 seconds
[50.434s][info ][safepoint    ] Application time: 1.0000872 seconds
[50.434s][info ][safepoint    ] Entering safepoint region: Cleanup
[50.434s][info ][safepoint    ] Leaving safepoint region
[50.434s][info ][safepoint    ] Total time for which application threads were stopped: 0.0001196 seconds, Stopping threads took: 0.0000188 seconds
[51.435s][info ][safepoint    ] Application time: 1.0001212 seconds
[51.435s][info ][safepoint    ] Entering safepoint region: Cleanup
[51.435s][info ][safepoint    ] Leaving safepoint region
[51.435s][info ][safepoint    ] Total time for which application threads were stopped: 0.0001057 seconds, Stopping threads took: 0.0000188 seconds
[52.435s][info ][safepoint    ] Application time: 1.0000872 seconds
[52.435s][info ][safepoint    ] Entering safepoint region: Cleanup
[52.435s][info ][safepoint    ] Leaving safepoint region
[52.435s][info ][safepoint    ] Total time for which application threads were stopped: 0.0000980 seconds, Stopping threads took: 0.0000187 seconds
[53.044s][info ][safepoint    ] Application time: 0.6095420 seconds
[53.044s][info ][safepoint    ] Entering safepoint region: GenCollectForAllocation
[53.045s][info ][gc,start     ] GC(101) Pause Young (Allocation Failure)
[53.045s][info ][gc,task      ] GC(101) Using 4 workers of 4 for evacuation
[53.054s][debug][gc,ref       ] GC(101) Skipped phase1 of Reference Processing due to unavailable references
[53.055s][debug][gc,age       ] GC(101) Desired survivor size 15400960 bytes, new threshold 1 (max threshold 6)
[53.055s][info ][gc,heap      ] GC(101) ParNew: 263498K->30080K(270976K)
[53.055s][info ][gc,heap      ] GC(101) CMS: 168049K->168504K(602112K)
[53.055s][info ][gc,metaspace ] GC(101) Metaspace: 51964K->51964K(1095680K)
[53.055s][info ][gc           ] GC(101) Pause Young (Allocation Failure) 421M->193M(852M) 10.208ms
[53.055s][info ][gc,cpu       ] GC(101) User=0.04s Sys=0.01s Real=0.01s
[53.055s][info ][safepoint    ] Leaving safepoint region
[53.055s][info ][safepoint    ] Total time for which application threads were stopped: 0.0103904 seconds, Stopping threads took: 0.0000167 seconds
[54.055s][info ][safepoint    ] Application time: 1.0000957 seconds
[54.055s][info ][safepoint    ] Entering safepoint region: Cleanup
[54.055s][info ][safepoint    ] Leaving safepoint region
[54.055s][info ][safepoint    ] Total time for which application threads were stopped: 0.0001090 seconds, Stopping threads took: 0.0000193 seconds
[55.055s][info ][safepoint    ] Application time: 1.0000861 seconds
[55.055s][info ][safepoint    ] Entering safepoint region: Cleanup
[55.055s][info ][safepoint    ] Leaving safepoint region
[55.055s][info ][safepoint    ] Total time for which application threads were stopped: 0.0001022 seconds, Stopping threads took: 0.0000326 seconds
[56.055s][info ][safepoint    ] Application time: 1.0000955 seconds
[56.056s][info ][safepoint    ] Entering safepoint region: Cleanup
[56.056s][info ][safepoint    ] Leaving safepoint region
[56.056s][info ][safepoint    ] Total time for which application threads were stopped: 0.0001179 seconds, Stopping threads took: 0.0000178 seconds
[57.056s][info ][safepoint    ] Application time: 1.0000828 seconds
[57.056s][info ][safepoint    ] Entering safepoint region: Cleanup
[57.056s][info ][safepoint    ] Leaving safepoint region
[57.056s][info ][safepoint    ] Total time for which application threads were stopped: 0.0001620 seconds, Stopping threads took: 0.0000179 seconds
[58.056s][info ][safepoint    ] Application time: 1.0000899 seconds
[58.056s][info ][safepoint    ] Entering safepoint region: Cleanup
[58.056s][info ][safepoint    ] Leaving safepoint region
[58.056s][info ][safepoint    ] Total time for which application threads were stopped: 0.0000953 seconds, Stopping threads took: 0.0000185 seconds
[59.056s][info ][safepoint    ] Application time: 1.0000918 seconds
[59.056s][info ][safepoint    ] Entering safepoint region: Cleanup
[59.056s][info ][safepoint    ] Leaving safepoint region
[59.056s][info ][safepoint    ] Total time for which application threads were stopped: 0.0000967 seconds, Stopping threads took: 0.0000205 seconds
[60.056s][info ][safepoint    ] Application time: 1.0000872 seconds
[60.057s][info ][safepoint    ] Entering safepoint region: Cleanup
[60.057s][info ][safepoint    ] Leaving safepoint region
[60.057s][info ][safepoint    ] Total time for which application threads were stopped: 0.0000897 seconds, Stopping threads took: 0.0000185 seconds
[61.057s][info ][safepoint    ] Application time: 1.0000501 seconds
[61.057s][info ][safepoint    ] Entering safepoint region: Cleanup
[61.057s][info ][safepoint    ] Leaving safepoint region
[61.057s][info ][safepoint    ] Total time for which application threads were stopped: 0.0000873 seconds, Stopping threads took: 0.0000180 seconds
[63.057s][info ][safepoint    ] Application time: 2.0002020 seconds
[63.057s][info ][safepoint    ] Entering safepoint region: Cleanup
[63.057s][info ][safepoint    ] Leaving safepoint region
[63.057s][info ][safepoint    ] Total time for which application threads were stopped: 0.0001154 seconds, Stopping threads took: 0.0000408 seconds
[64.057s][info ][safepoint    ] Application time: 1.0001026 seconds
[64.057s][info ][safepoint    ] Entering safepoint region: Cleanup
[64.057s][info ][safepoint    ] Leaving safepoint region
[64.057s][info ][safepoint    ] Total time for which application threads were stopped: 0.0000980 seconds, Stopping threads took: 0.0000202 seconds
[65.058s][info ][safepoint    ] Application time: 1.0000939 seconds
[65.058s][info ][safepoint    ] Entering safepoint region: Cleanup
[65.058s][info ][safepoint    ] Leaving safepoint region
[65.058s][info ][safepoint    ] Total time for which application threads were stopped: 0.0001091 seconds, Stopping threads took: 0.0000187 seconds
[66.058s][info ][safepoint    ] Application time: 1.0000853 seconds
[66.058s][info ][safepoint    ] Entering safepoint region: Cleanup
[66.058s][info ][safepoint    ] Leaving safepoint region
[66.058s][info ][safepoint    ] Total time for which application threads were stopped: 0.0000954 seconds, Stopping threads took: 0.0000193 seconds
[67.058s][info ][safepoint    ] Application time: 1.0000851 seconds
[67.058s][info ][safepoint    ] Entering safepoint region: Cleanup
[67.058s][info ][safepoint    ] Leaving safepoint region
[67.058s][info ][safepoint    ] Total time for which application threads were stopped: 0.0000996 seconds, Stopping threads took: 0.0000188 seconds
[68.058s][info ][safepoint    ] Application time: 1.0000993 seconds
[68.058s][info ][safepoint    ] Entering safepoint region: Cleanup
[68.058s][info ][safepoint    ] Leaving safepoint region
[68.058s][info ][safepoint    ] Total time for which application threads were stopped: 0.0001248 seconds, Stopping threads took: 0.0000190 seconds
[69.058s][info ][safepoint    ] Application time: 1.0000849 seconds
[69.059s][info ][safepoint    ] Entering safepoint region: Cleanup
[69.059s][info ][safepoint    ] Leaving safepoint region
[69.059s][info ][safepoint    ] Total time for which application threads were stopped: 0.0001018 seconds, Stopping threads took: 0.0000317 seconds
[70.059s][info ][safepoint    ] Application time: 1.0001038 seconds
[70.059s][info ][safepoint    ] Entering safepoint region: Cleanup
[70.059s][info ][safepoint    ] Leaving safepoint region
[70.059s][info ][safepoint    ] Total time for which application threads were stopped: 0.0001045 seconds, Stopping threads took: 0.0000172 seconds
[71.059s][info ][safepoint    ] Application time: 1.0000738 seconds
[71.059s][info ][safepoint    ] Entering safepoint region: Cleanup
[71.059s][info ][safepoint    ] Leaving safepoint region
[71.059s][info ][safepoint    ] Total time for which application threads were stopped: 0.0000889 seconds, Stopping threads took: 0.0000207 seconds
[72.059s][info ][safepoint    ] Application time: 1.0001163 seconds
[72.059s][info ][safepoint    ] Entering safepoint region: Cleanup
[72.059s][info ][safepoint    ] Leaving safepoint region
[72.059s][info ][safepoint    ] Total time for which application threads were stopped: 0.0000850 seconds, Stopping threads took: 0.0000185 seconds
[72.496s][info ][safepoint    ] Application time: 0.4370921 seconds
[72.496s][info ][safepoint    ] Entering safepoint region: BulkRevokeBias
[72.497s][info ][safepoint    ] Leaving safepoint region
[72.497s][info ][safepoint    ] Total time for which application threads were stopped: 0.0002541 seconds, Stopping threads took: 0.0000161 seconds
[72.678s][info ][safepoint    ] Application time: 0.1813127 seconds
[72.678s][info ][safepoint    ] Entering safepoint region: ICBufferFull
[72.678s][info ][safepoint    ] Leaving safepoint region
[72.678s][info ][safepoint    ] Total time for which application threads were stopped: 0.0002891 seconds, Stopping threads took: 0.0000831 seconds
[72.681s][info ][safepoint    ] Application time: 0.0024714 seconds
[72.681s][info ][safepoint    ] Entering safepoint region: Deoptimize
[72.682s][info ][safepoint    ] Leaving safepoint region
[72.682s][info ][safepoint    ] Total time for which application threads were stopped: 0.0012766 seconds, Stopping threads took: 0.0000232 seconds
[72.714s][info ][safepoint    ] Application time: 0.0317971 seconds
[72.714s][info ][safepoint    ] Entering safepoint region: RevokeBias
[72.714s][info ][safepoint    ] Leaving safepoint region
[72.714s][info ][safepoint    ] Total time for which application threads were stopped: 0.0001606 seconds, Stopping threads took: 0.0000171 seconds
[73.714s][info ][safepoint    ] Application time: 1.0001061 seconds
[73.714s][info ][safepoint    ] Entering safepoint region: Cleanup
[73.714s][info ][safepoint    ] Leaving safepoint region
[73.714s][info ][safepoint    ] Total time for which application threads were stopped: 0.0001790 seconds, Stopping threads took: 0.0000176 seconds
[74.715s][info ][safepoint    ] Application time: 1.0000930 seconds
[74.715s][info ][safepoint    ] Entering safepoint region: Cleanup
[74.715s][info ][safepoint    ] Leaving safepoint region
[74.715s][info ][safepoint    ] Total time for which application threads were stopped: 0.0001684 seconds, Stopping threads took: 0.0000660 seconds
[75.715s][info ][safepoint    ] Application time: 1.0000893 seconds
[75.715s][info ][safepoint    ] Entering safepoint region: Cleanup
[75.715s][info ][safepoint    ] Leaving safepoint region
[75.715s][info ][safepoint    ] Total time for which application threads were stopped: 0.0000971 seconds, Stopping threads took: 0.0000194 seconds
[75.872s][info ][safepoint    ] Application time: 0.1565290 seconds
[75.872s][info ][safepoint    ] Entering safepoint region: RevokeBias
[75.872s][info ][safepoint    ] Leaving safepoint region
[75.872s][info ][safepoint    ] Total time for which application threads were stopped: 0.0001237 seconds, Stopping threads took: 0.0000159 seconds
[76.872s][info ][safepoint    ] Application time: 1.0000906 seconds
[76.872s][info ][safepoint    ] Entering safepoint region: Cleanup
[76.872s][info ][safepoint    ] Leaving safepoint region
[76.872s][info ][safepoint    ] Total time for which application threads were stopped: 0.0001321 seconds, Stopping threads took: 0.0000202 seconds
[77.872s][info ][safepoint    ] Application time: 1.0000960 seconds
[77.872s][info ][safepoint    ] Entering safepoint region: Cleanup
[77.872s][info ][safepoint    ] Leaving safepoint region
[77.872s][info ][safepoint    ] Total time for which application threads were stopped: 0.0001167 seconds, Stopping threads took: 0.0000339 seconds
[78.872s][info ][safepoint    ] Application time: 1.0000979 seconds
[78.872s][info ][safepoint    ] Entering safepoint region: Cleanup
[78.872s][info ][safepoint    ] Leaving safepoint region
[78.872s][info ][safepoint    ] Total time for which application threads were stopped: 0.0001065 seconds, Stopping threads took: 0.0000201 seconds
[79.873s][info ][safepoint    ] Application time: 1.0000456 seconds
[79.873s][info ][safepoint    ] Entering safepoint region: Cleanup
[79.873s][info ][safepoint    ] Leaving safepoint region
[79.873s][info ][safepoint    ] Total time for which application threads were stopped: 0.0001008 seconds, Stopping threads took: 0.0000170 seconds
[80.873s][info ][safepoint    ] Application time: 1.0000847 seconds
[80.873s][info ][safepoint    ] Entering safepoint region: Cleanup
[80.873s][info ][safepoint    ] Leaving safepoint region
[80.873s][info ][safepoint    ] Total time for which application threads were stopped: 0.0000835 seconds, Stopping threads took: 0.0000172 seconds
[81.873s][info ][safepoint    ] Application time: 1.0000671 seconds
[81.873s][info ][safepoint    ] Entering safepoint region: Cleanup
[81.873s][info ][safepoint    ] Leaving safepoint region
[81.873s][info ][safepoint    ] Total time for which application threads were stopped: 0.0001099 seconds, Stopping threads took: 0.0000337 seconds
[82.873s][info ][safepoint    ] Application time: 1.0000803 seconds
[82.873s][info ][safepoint    ] Entering safepoint region: Cleanup
[82.873s][info ][safepoint    ] Leaving safepoint region
[82.873s][info ][safepoint    ] Total time for which application threads were stopped: 0.0000909 seconds, Stopping threads took: 0.0000183 seconds
[83.873s][info ][safepoint    ] Application time: 1.0000815 seconds
[83.873s][info ][safepoint    ] Entering safepoint region: Cleanup
[83.873s][info ][safepoint    ] Leaving safepoint region
[83.873s][info ][safepoint    ] Total time for which application threads were stopped: 0.0000947 seconds, Stopping threads took: 0.0000332 seconds
[84.874s][info ][safepoint    ] Application time: 1.0000892 seconds
[84.874s][info ][safepoint    ] Entering safepoint region: Cleanup
[84.874s][info ][safepoint    ] Leaving safepoint region
[84.874s][info ][safepoint    ] Total time for which application threads were stopped: 0.0000951 seconds, Stopping threads took: 0.0000191 seconds
[85.874s][info ][safepoint    ] Application time: 1.0000848 seconds
[85.874s][info ][safepoint    ] Entering safepoint region: Cleanup
[85.874s][info ][safepoint    ] Leaving safepoint region
[85.874s][info ][safepoint    ] Total time for which application threads were stopped: 0.0000935 seconds, Stopping threads took: 0.0000189 seconds
[86.874s][info ][safepoint    ] Application time: 1.0000789 seconds
[86.874s][info ][safepoint    ] Entering safepoint region: Cleanup
[86.874s][info ][safepoint    ] Leaving safepoint region
[86.874s][info ][safepoint    ] Total time for which application threads were stopped: 0.0001163 seconds, Stopping threads took: 0.0000222 seconds
[87.874s][info ][safepoint    ] Application time: 1.0001222 seconds
[87.874s][info ][safepoint    ] Entering safepoint region: Cleanup
[87.874s][info ][safepoint    ] Leaving safepoint region
[87.874s][info ][safepoint    ] Total time for which application threads were stopped: 0.0000852 seconds, Stopping threads took: 0.0000172 seconds
[88.875s][info ][safepoint    ] Application time: 1.0001001 seconds
[88.875s][info ][safepoint    ] Entering safepoint region: Cleanup
[88.875s][info ][safepoint    ] Leaving safepoint region
[88.875s][info ][safepoint    ] Total time for which application threads were stopped: 0.0000929 seconds, Stopping threads took: 0.0000227 seconds
[89.875s][info ][safepoint    ] Application time: 1.0000853 seconds
[89.875s][info ][safepoint    ] Entering safepoint region: Cleanup
[89.875s][info ][safepoint    ] Leaving safepoint region
[89.875s][info ][safepoint    ] Total time for which application threads were stopped: 0.0001065 seconds, Stopping threads took: 0.0000242 seconds
[90.544s][info ][safepoint    ] Application time: 0.6689044 seconds
[90.544s][info ][safepoint    ] Entering safepoint region: GenCollectForAllocation
[90.544s][info ][gc,start     ] GC(102) Pause Young (Allocation Failure)
[90.544s][info ][gc,task      ] GC(102) Using 4 workers of 4 for evacuation
[90.559s][debug][gc,ref       ] GC(102) Skipped phase1 of Reference Processing due to unavailable references
[90.559s][debug][gc,ref       ] GC(102) Skipped phase3 of Reference Processing due to unavailable references
[90.560s][debug][gc,age       ] GC(102) Desired survivor size 15400960 bytes, new threshold 6 (max threshold 6)
[90.560s][info ][gc,heap      ] GC(102) ParNew: 270976K->10598K(270976K)
[90.560s][info ][gc,heap      ] GC(102) CMS: 168504K->196047K(602112K)
[90.560s][info ][gc,metaspace ] GC(102) Metaspace: 52984K->52984K(1097728K)
[90.560s][info ][gc           ] GC(102) Pause Young (Allocation Failure) 429M->201M(852M) 15.667ms
[90.560s][info ][gc,cpu       ] GC(102) User=0.04s Sys=0.02s Real=0.01s
[90.560s][info ][safepoint    ] Leaving safepoint region
[90.560s][info ][safepoint    ] Total time for which application threads were stopped: 0.0158698 seconds, Stopping threads took: 0.0000332 seconds
[91.560s][info ][safepoint    ] Application time: 1.0000549 seconds
[91.560s][info ][safepoint    ] Entering safepoint region: Cleanup
[91.560s][info ][safepoint    ] Leaving safepoint region
[91.560s][info ][safepoint    ] Total time for which application threads were stopped: 0.0001064 seconds, Stopping threads took: 0.0000336 seconds
[92.467s][info ][safepoint    ] Application time: 0.9073433 seconds
[92.467s][info ][safepoint    ] Entering safepoint region: ICBufferFull
[92.468s][info ][safepoint    ] Leaving safepoint region
[92.468s][info ][safepoint    ] Total time for which application threads were stopped: 0.0002529 seconds, Stopping threads took: 0.0000171 seconds
[93.468s][info ][safepoint    ] Application time: 1.0001292 seconds
[93.468s][info ][safepoint    ] Entering safepoint region: Cleanup
[93.468s][info ][safepoint    ] Leaving safepoint region
[93.468s][info ][safepoint    ] Total time for which application threads were stopped: 0.0002279 seconds, Stopping threads took: 0.0000608 seconds
[94.468s][info ][safepoint    ] Application time: 1.0000993 seconds
[94.468s][info ][safepoint    ] Entering safepoint region: Cleanup
[94.468s][info ][safepoint    ] Leaving safepoint region
[94.468s][info ][safepoint    ] Total time for which application threads were stopped: 0.0000848 seconds, Stopping threads took: 0.0000159 seconds
[95.468s][info ][safepoint    ] Application time: 1.0000912 seconds
[95.468s][info ][safepoint    ] Entering safepoint region: Cleanup
[95.468s][info ][safepoint    ] Leaving safepoint region
[95.468s][info ][safepoint    ] Total time for which application threads were stopped: 0.0000953 seconds, Stopping threads took: 0.0000182 seconds
[96.469s][info ][safepoint    ] Application time: 1.0000927 seconds
[96.469s][info ][safepoint    ] Entering safepoint region: Cleanup
[96.469s][info ][safepoint    ] Leaving safepoint region
[96.469s][info ][safepoint    ] Total time for which application threads were stopped: 0.0001051 seconds, Stopping threads took: 0.0000195 seconds
[97.469s][info ][safepoint    ] Application time: 1.0000861 seconds
[97.469s][info ][safepoint    ] Entering safepoint region: Cleanup
[97.469s][info ][safepoint    ] Leaving safepoint region
[97.469s][info ][safepoint    ] Total time for which application threads were stopped: 0.0001014 seconds, Stopping threads took: 0.0000173 seconds
[98.469s][info ][safepoint    ] Application time: 1.0001254 seconds
[98.469s][info ][safepoint    ] Entering safepoint region: Cleanup
[98.469s][info ][safepoint    ] Leaving safepoint region
[98.469s][info ][safepoint    ] Total time for which application threads were stopped: 0.0001071 seconds, Stopping threads took: 0.0000179 seconds
[99.469s][info ][safepoint    ] Application time: 1.0001064 seconds
[99.469s][info ][safepoint    ] Entering safepoint region: Cleanup
[99.470s][info ][safepoint    ] Leaving safepoint region
[99.470s][info ][safepoint    ] Total time for which application threads were stopped: 0.0001104 seconds, Stopping threads took: 0.0000190 seconds
[100.470s][info ][safepoint    ] Application time: 1.0000809 seconds
[100.470s][info ][safepoint    ] Entering safepoint region: Cleanup
[100.470s][info ][safepoint    ] Leaving safepoint region
[100.470s][info ][safepoint    ] Total time for which application threads were stopped: 0.0000949 seconds, Stopping threads took: 0.0000316 seconds
[101.470s][info ][safepoint    ] Application time: 1.0001499 seconds
[101.470s][info ][safepoint    ] Entering safepoint region: Cleanup
[101.470s][info ][safepoint    ] Leaving safepoint region
[101.470s][info ][safepoint    ] Total time for which application threads were stopped: 0.0000906 seconds, Stopping threads took: 0.0000162 seconds
[102.470s][info ][safepoint    ] Application time: 1.0000929 seconds
[102.470s][info ][safepoint    ] Entering safepoint region: Cleanup
[102.470s][info ][safepoint    ] Leaving safepoint region
[102.470s][info ][safepoint    ] Total time for which application threads were stopped: 0.0000995 seconds, Stopping threads took: 0.0000187 seconds
[103.470s][info ][safepoint    ] Application time: 1.0000836 seconds
[103.470s][info ][safepoint    ] Entering safepoint region: Cleanup
[103.470s][info ][safepoint    ] Leaving safepoint region
[103.470s][info ][safepoint    ] Total time for which application threads were stopped: 0.0000962 seconds, Stopping threads took: 0.0000186 seconds
[104.471s][info ][safepoint    ] Application time: 1.0000855 seconds
[104.471s][info ][safepoint    ] Entering safepoint region: Cleanup
[104.471s][info ][safepoint    ] Leaving safepoint region
[104.471s][info ][safepoint    ] Total time for which application threads were stopped: 0.0001058 seconds, Stopping threads took: 0.0000164 seconds
[105.471s][info ][safepoint    ] Application time: 1.0000898 seconds
[105.471s][info ][safepoint    ] Entering safepoint region: Cleanup
[105.471s][info ][safepoint    ] Leaving safepoint region
[105.471s][info ][safepoint    ] Total time for which application threads were stopped: 0.0001197 seconds, Stopping threads took: 0.0000180 seconds
[106.471s][info ][safepoint    ] Application time: 1.0000854 seconds
[106.471s][info ][safepoint    ] Entering safepoint region: Cleanup
[106.471s][info ][safepoint    ] Leaving safepoint region
[106.471s][info ][safepoint    ] Total time for which application threads were stopped: 0.0000956 seconds, Stopping threads took: 0.0000197 seconds
[107.471s][info ][safepoint    ] Application time: 1.0000920 seconds
[107.471s][info ][safepoint    ] Entering safepoint region: Cleanup
[107.471s][info ][safepoint    ] Leaving safepoint region
[107.471s][info ][safepoint    ] Total time for which application threads were stopped: 0.0000833 seconds, Stopping threads took: 0.0000170 seconds
[108.472s][info ][safepoint    ] Application time: 1.0000808 seconds
[108.472s][info ][safepoint    ] Entering safepoint region: Cleanup
[108.472s][info ][safepoint    ] Leaving safepoint region
[108.472s][info ][safepoint    ] Total time for which application threads were stopped: 0.0001032 seconds, Stopping threads took: 0.0000177 seconds
[109.472s][info ][safepoint    ] Application time: 1.0000904 seconds
[109.472s][info ][safepoint    ] Entering safepoint region: Cleanup
[109.472s][info ][safepoint    ] Leaving safepoint region
[109.472s][info ][safepoint    ] Total time for which application threads were stopped: 0.0000952 seconds, Stopping threads took: 0.0000200 seconds
[110.472s][info ][safepoint    ] Application time: 1.0001239 seconds
[110.472s][info ][safepoint    ] Entering safepoint region: Cleanup
[110.472s][info ][safepoint    ] Leaving safepoint region
[110.472s][info ][safepoint    ] Total time for which application threads were stopped: 0.0000983 seconds, Stopping threads took: 0.0000181 seconds
[111.472s][info ][safepoint    ] Application time: 1.0001098 seconds
[111.472s][info ][safepoint    ] Entering safepoint region: Cleanup
[111.472s][info ][safepoint    ] Leaving safepoint region
[111.472s][info ][safepoint    ] Total time for which application threads were stopped: 0.0000899 seconds, Stopping threads took: 0.0000180 seconds
[112.472s][info ][safepoint    ] Application time: 1.0000822 seconds
[112.473s][info ][safepoint    ] Entering safepoint region: Cleanup
[112.473s][info ][safepoint    ] Leaving safepoint region
[112.473s][info ][safepoint    ] Total time for which application threads were stopped: 0.0000760 seconds, Stopping threads took: 0.0000181 seconds
[113.473s][info ][safepoint    ] Application time: 1.0000877 seconds
[113.473s][info ][safepoint    ] Entering safepoint region: Cleanup
[113.473s][info ][safepoint    ] Leaving safepoint region
[113.473s][info ][safepoint    ] Total time for which application threads were stopped: 0.0000878 seconds, Stopping threads took: 0.0000202 seconds
[114.473s][info ][safepoint    ] Application time: 1.0001191 seconds
[114.473s][info ][safepoint    ] Entering safepoint region: Cleanup
[114.473s][info ][safepoint    ] Leaving safepoint region
[114.473s][info ][safepoint    ] Total time for which application threads were stopped: 0.0000818 seconds, Stopping threads took: 0.0000189 seconds
[115.473s][info ][safepoint    ] Application time: 1.0000816 seconds
[115.473s][info ][safepoint    ] Entering safepoint region: Cleanup
[115.473s][info ][safepoint    ] Leaving safepoint region
[115.473s][info ][safepoint    ] Total time for which application threads were stopped: 0.0001042 seconds, Stopping threads took: 0.0000192 seconds
[116.473s][info ][safepoint    ] Application time: 1.0001197 seconds
[116.473s][info ][safepoint    ] Entering safepoint region: Cleanup
[116.474s][info ][safepoint    ] Leaving safepoint region
[116.474s][info ][safepoint    ] Total time for which application threads were stopped: 0.0000946 seconds, Stopping threads took: 0.0000202 seconds
[117.474s][info ][safepoint    ] Application time: 1.0000888 seconds
[117.474s][info ][safepoint    ] Entering safepoint region: Cleanup
[117.474s][info ][safepoint    ] Leaving safepoint region
[117.474s][info ][safepoint    ] Total time for which application threads were stopped: 0.0000909 seconds, Stopping threads took: 0.0000232 seconds
[118.474s][info ][safepoint    ] Application time: 1.0000942 seconds
[118.474s][info ][safepoint    ] Entering safepoint region: Cleanup
[118.474s][info ][safepoint    ] Leaving safepoint region
[118.474s][info ][safepoint    ] Total time for which application threads were stopped: 0.0001077 seconds, Stopping threads took: 0.0000188 seconds
[119.474s][info ][safepoint    ] Application time: 1.0001227 seconds
[119.474s][info ][safepoint    ] Entering safepoint region: Cleanup
[119.474s][info ][safepoint    ] Leaving safepoint region
[119.474s][info ][safepoint    ] Total time for which application threads were stopped: 0.0000981 seconds, Stopping threads took: 0.0000201 seconds
[120.474s][info ][safepoint    ] Application time: 1.0000879 seconds
[120.474s][info ][safepoint    ] Entering safepoint region: Cleanup
[120.474s][info ][safepoint    ] Leaving safepoint region
[120.474s][info ][safepoint    ] Total time for which application threads were stopped: 0.0000897 seconds, Stopping threads took: 0.0000196 seconds
[121.475s][info ][safepoint    ] Application time: 1.0001192 seconds
[121.475s][info ][safepoint    ] Entering safepoint region: Cleanup
[121.475s][info ][safepoint    ] Leaving safepoint region
[121.475s][info ][safepoint    ] Total time for which application threads were stopped: 0.0000868 seconds, Stopping threads took: 0.0000195 seconds
[122.475s][info ][safepoint    ] Application time: 1.0000824 seconds
[122.475s][info ][safepoint    ] Entering safepoint region: Cleanup
[122.475s][info ][safepoint    ] Leaving safepoint region
[122.475s][info ][safepoint    ] Total time for which application threads were stopped: 0.0001147 seconds, Stopping threads took: 0.0000315 seconds
[123.475s][info ][safepoint    ] Application time: 1.0000991 seconds
[123.475s][info ][safepoint    ] Entering safepoint region: Cleanup
[123.475s][info ][safepoint    ] Leaving safepoint region
[123.475s][info ][safepoint    ] Total time for which application threads were stopped: 0.0000745 seconds, Stopping threads took: 0.0000174 seconds
[124.476s][info ][safepoint    ] Application time: 1.0002390 seconds
[124.476s][info ][safepoint    ] Entering safepoint region: Cleanup
[124.476s][info ][safepoint    ] Leaving safepoint region
[124.476s][info ][safepoint    ] Total time for which application threads were stopped: 0.0001055 seconds, Stopping threads took: 0.0000384 seconds
[125.476s][info ][safepoint    ] Application time: 1.0001022 seconds
[125.476s][info ][safepoint    ] Entering safepoint region: Cleanup
[125.476s][info ][safepoint    ] Leaving safepoint region
[125.476s][info ][safepoint    ] Total time for which application threads were stopped: 0.0001124 seconds, Stopping threads took: 0.0000332 seconds
[126.476s][info ][safepoint    ] Application time: 1.0000469 seconds
[126.476s][info ][safepoint    ] Entering safepoint region: Cleanup
[126.476s][info ][safepoint    ] Leaving safepoint region
[126.476s][info ][safepoint    ] Total time for which application threads were stopped: 0.0000996 seconds, Stopping threads took: 0.0000183 seconds
[127.476s][info ][safepoint    ] Application time: 1.0000906 seconds
[127.476s][info ][safepoint    ] Entering safepoint region: Cleanup
[127.476s][info ][safepoint    ] Leaving safepoint region
[127.476s][info ][safepoint    ] Total time for which application threads were stopped: 0.0001350 seconds, Stopping threads took: 0.0000175 seconds
[128.476s][info ][safepoint    ] Application time: 1.0000892 seconds
[128.476s][info ][safepoint    ] Entering safepoint region: Cleanup
[128.477s][info ][safepoint    ] Leaving safepoint region
[128.477s][info ][safepoint    ] Total time for which application threads were stopped: 0.0000827 seconds, Stopping threads took: 0.0000163 seconds
[129.477s][info ][safepoint    ] Application time: 1.0000663 seconds
[129.477s][info ][safepoint    ] Entering safepoint region: Cleanup
[129.477s][info ][safepoint    ] Leaving safepoint region
[129.477s][info ][safepoint    ] Total time for which application threads were stopped: 0.0001083 seconds, Stopping threads took: 0.0000190 seconds
[130.477s][info ][safepoint    ] Application time: 1.0000985 seconds
[130.477s][info ][safepoint    ] Entering safepoint region: Cleanup
[130.477s][info ][safepoint    ] Leaving safepoint region
[130.477s][info ][safepoint    ] Total time for which application threads were stopped: 0.0001025 seconds, Stopping threads took: 0.0000182 seconds
[131.477s][info ][safepoint    ] Application time: 1.0000870 seconds
[131.477s][info ][safepoint    ] Entering safepoint region: Cleanup
[131.477s][info ][safepoint    ] Leaving safepoint region
[131.477s][info ][safepoint    ] Total time for which application threads were stopped: 0.0000917 seconds, Stopping threads took: 0.0000182 seconds
[132.477s][info ][safepoint    ] Application time: 1.0001040 seconds
[132.477s][info ][safepoint    ] Entering safepoint region: Cleanup
[132.477s][info ][safepoint    ] Leaving safepoint region
[132.477s][info ][safepoint    ] Total time for which application threads were stopped: 0.0000786 seconds, Stopping threads took: 0.0000182 seconds
[132.845s][info ][safepoint    ] Application time: 0.3678467 seconds
[132.845s][info ][safepoint    ] Entering safepoint region: GenCollectForAllocation
[132.845s][info ][gc,start     ] GC(103) Pause Young (Allocation Failure)
[132.846s][info ][gc,task      ] GC(103) Using 4 workers of 4 for evacuation
[132.848s][debug][gc,ref       ] GC(103) Skipped phase1 of Reference Processing due to unavailable references
[132.848s][debug][gc,ref       ] GC(103) Skipped phase3 of Reference Processing due to unavailable references
[132.848s][debug][gc,age       ] GC(103) Desired survivor size 15400960 bytes, new threshold 6 (max threshold 6)
[132.848s][info ][gc,heap      ] GC(103) ParNew: 251494K->2736K(270976K)
[132.848s][info ][gc,heap      ] GC(103) CMS: 196047K->196047K(602112K)
[132.848s][info ][gc,metaspace ] GC(103) Metaspace: 53141K->53141K(1097728K)
[132.848s][info ][gc           ] GC(103) Pause Young (Allocation Failure) 437M->194M(852M) 2.524ms
[132.848s][info ][gc,cpu       ] GC(103) User=0.01s Sys=0.00s Real=0.00s
[132.848s][info ][safepoint    ] Leaving safepoint region
[132.848s][info ][safepoint    ] Total time for which application threads were stopped: 0.0026978 seconds, Stopping threads took: 0.0000173 seconds
[133.848s][info ][safepoint    ] Application time: 1.0001321 seconds
[133.848s][info ][safepoint    ] Entering safepoint region: Cleanup
[133.848s][info ][safepoint    ] Leaving safepoint region
[133.848s][info ][safepoint    ] Total time for which application threads were stopped: 0.0001078 seconds, Stopping threads took: 0.0000232 seconds
[134.848s][info ][safepoint    ] Application time: 1.0001162 seconds
[134.849s][info ][safepoint    ] Entering safepoint region: Cleanup
[134.849s][info ][safepoint    ] Leaving safepoint region
[134.849s][info ][safepoint    ] Total time for which application threads were stopped: 0.0000842 seconds, Stopping threads took: 0.0000176 seconds
[135.849s][info ][safepoint    ] Application time: 1.0000890 seconds
[135.849s][info ][safepoint    ] Entering safepoint region: Cleanup
[135.849s][info ][safepoint    ] Leaving safepoint region
[135.849s][info ][safepoint    ] Total time for which application threads were stopped: 0.0000873 seconds, Stopping threads took: 0.0000182 seconds
[136.849s][info ][safepoint    ] Application time: 1.0001207 seconds
[136.849s][info ][safepoint    ] Entering safepoint region: Cleanup
[136.849s][info ][safepoint    ] Leaving safepoint region
[136.849s][info ][safepoint    ] Total time for which application threads were stopped: 0.0000876 seconds, Stopping threads took: 0.0000192 seconds
[137.849s][info ][safepoint    ] Application time: 1.0001189 seconds
[137.849s][info ][safepoint    ] Entering safepoint region: Cleanup
[137.849s][info ][safepoint    ] Leaving safepoint region
[137.849s][info ][safepoint    ] Total time for which application threads were stopped: 0.0000805 seconds, Stopping threads took: 0.0000186 seconds
[138.849s][info ][safepoint    ] Application time: 1.0001011 seconds
[138.849s][info ][safepoint    ] Entering safepoint region: Cleanup
[138.850s][info ][safepoint    ] Leaving safepoint region
[138.850s][info ][safepoint    ] Total time for which application threads were stopped: 0.0000978 seconds, Stopping threads took: 0.0000257 seconds
[139.850s][info ][safepoint    ] Application time: 1.0000884 seconds
[139.850s][info ][safepoint    ] Entering safepoint region: Cleanup
[139.850s][info ][safepoint    ] Leaving safepoint region
[139.850s][info ][safepoint    ] Total time for which application threads were stopped: 0.0000779 seconds, Stopping threads took: 0.0000186 seconds
[140.850s][info ][safepoint    ] Application time: 1.0001002 seconds
[140.850s][info ][safepoint    ] Entering safepoint region: Cleanup
[140.850s][info ][safepoint    ] Leaving safepoint region
[140.850s][info ][safepoint    ] Total time for which application threads were stopped: 0.0000834 seconds, Stopping threads took: 0.0000191 seconds
[141.850s][info ][safepoint    ] Application time: 1.0000851 seconds
[141.850s][info ][safepoint    ] Entering safepoint region: Cleanup
[141.850s][info ][safepoint    ] Leaving safepoint region
[141.850s][info ][safepoint    ] Total time for which application threads were stopped: 0.0001015 seconds, Stopping threads took: 0.0000194 seconds
[142.850s][info ][safepoint    ] Application time: 1.0000918 seconds
[142.850s][info ][safepoint    ] Entering safepoint region: Cleanup
[142.850s][info ][safepoint    ] Leaving safepoint region
[142.850s][info ][safepoint    ] Total time for which application threads were stopped: 0.0000821 seconds, Stopping threads took: 0.0000187 seconds
[143.851s][info ][safepoint    ] Application time: 1.0000852 seconds
[143.851s][info ][safepoint    ] Entering safepoint region: Cleanup
[143.851s][info ][safepoint    ] Leaving safepoint region
[143.851s][info ][safepoint    ] Total time for which application threads were stopped: 0.0000945 seconds, Stopping threads took: 0.0000191 seconds
[144.851s][info ][safepoint    ] Application time: 1.0000935 seconds
[144.851s][info ][safepoint    ] Entering safepoint region: Cleanup
[144.851s][info ][safepoint    ] Leaving safepoint region
[144.851s][info ][safepoint    ] Total time for which application threads were stopped: 0.0000797 seconds, Stopping threads took: 0.0000180 seconds
[145.851s][info ][safepoint    ] Application time: 1.0000802 seconds
[145.851s][info ][safepoint    ] Entering safepoint region: Cleanup
[145.851s][info ][safepoint    ] Leaving safepoint region
[145.851s][info ][safepoint    ] Total time for which application threads were stopped: 0.0000729 seconds, Stopping threads took: 0.0000175 seconds
[146.851s][info ][safepoint    ] Application time: 1.0001001 seconds
[146.851s][info ][safepoint    ] Entering safepoint region: Cleanup
[146.851s][info ][safepoint    ] Leaving safepoint region
[146.851s][info ][safepoint    ] Total time for which application threads were stopped: 0.0000793 seconds, Stopping threads took: 0.0000191 seconds
[147.851s][info ][safepoint    ] Application time: 1.0000902 seconds
[147.852s][info ][safepoint    ] Entering safepoint region: Cleanup
[147.852s][info ][safepoint    ] Leaving safepoint region
[147.852s][info ][safepoint    ] Total time for which application threads were stopped: 0.0000820 seconds, Stopping threads took: 0.0000232 seconds
[148.852s][info ][safepoint    ] Application time: 1.0000887 seconds
[148.852s][info ][safepoint    ] Entering safepoint region: Cleanup
[148.852s][info ][safepoint    ] Leaving safepoint region
[148.852s][info ][safepoint    ] Total time for which application threads were stopped: 0.0004485 seconds, Stopping threads took: 0.0000191 seconds
[149.853s][info ][safepoint    ] Application time: 1.0000981 seconds
[149.853s][info ][safepoint    ] Entering safepoint region: Cleanup
[149.853s][info ][safepoint    ] Leaving safepoint region
[149.853s][info ][safepoint    ] Total time for which application threads were stopped: 0.0000889 seconds, Stopping threads took: 0.0000198 seconds
[150.853s][info ][safepoint    ] Application time: 1.0000970 seconds
[150.853s][info ][safepoint    ] Entering safepoint region: Cleanup
[150.853s][info ][safepoint    ] Leaving safepoint region
[150.853s][info ][safepoint    ] Total time for which application threads were stopped: 0.0001065 seconds, Stopping threads took: 0.0000180 seconds
[151.853s][info ][safepoint    ] Application time: 1.0000982 seconds
[151.853s][info ][safepoint    ] Entering safepoint region: Cleanup
[151.853s][info ][safepoint    ] Leaving safepoint region
[151.853s][info ][safepoint    ] Total time for which application threads were stopped: 0.0001200 seconds, Stopping threads took: 0.0000182 seconds
[152.853s][info ][safepoint    ] Application time: 1.0000813 seconds
[152.853s][info ][safepoint    ] Entering safepoint region: Cleanup
[152.853s][info ][safepoint    ] Leaving safepoint region
[152.853s][info ][safepoint    ] Total time for which application threads were stopped: 0.0000892 seconds, Stopping threads took: 0.0000182 seconds
[153.854s][info ][safepoint    ] Application time: 1.0000692 seconds
[153.854s][info ][safepoint    ] Entering safepoint region: Cleanup
[153.854s][info ][safepoint    ] Leaving safepoint region
[153.854s][info ][safepoint    ] Total time for which application threads were stopped: 0.0001192 seconds, Stopping threads took: 0.0000203 seconds
[154.854s][info ][safepoint    ] Application time: 1.0000808 seconds
[154.854s][info ][safepoint    ] Entering safepoint region: Cleanup
[154.854s][info ][safepoint    ] Leaving safepoint region
[154.854s][info ][safepoint    ] Total time for which application threads were stopped: 0.0000983 seconds, Stopping threads took: 0.0000372 seconds
[155.854s][info ][safepoint    ] Application time: 1.0000819 seconds
[155.854s][info ][safepoint    ] Entering safepoint region: Cleanup
[155.854s][info ][safepoint    ] Leaving safepoint region
[155.854s][info ][safepoint    ] Total time for which application threads were stopped: 0.0000940 seconds, Stopping threads took: 0.0000329 seconds
[156.854s][info ][safepoint    ] Application time: 1.0000968 seconds
[156.854s][info ][safepoint    ] Entering safepoint region: Cleanup
[156.854s][info ][safepoint    ] Leaving safepoint region
[156.854s][info ][safepoint    ] Total time for which application threads were stopped: 0.0001000 seconds, Stopping threads took: 0.0000329 seconds
[157.855s][info ][safepoint    ] Application time: 1.0000917 seconds
[157.855s][info ][safepoint    ] Entering safepoint region: Cleanup
[157.855s][info ][safepoint    ] Leaving safepoint region
[157.855s][info ][safepoint    ] Total time for which application threads were stopped: 0.0000743 seconds, Stopping threads took: 0.0000174 seconds
[158.855s][info ][safepoint    ] Application time: 1.0001811 seconds
[158.855s][info ][safepoint    ] Entering safepoint region: Cleanup
[158.855s][info ][safepoint    ] Leaving safepoint region
[158.855s][info ][safepoint    ] Total time for which application threads were stopped: 0.0000860 seconds, Stopping threads took: 0.0000185 seconds
[159.855s][info ][safepoint    ] Application time: 1.0000935 seconds
[159.855s][info ][safepoint    ] Entering safepoint region: Cleanup
[159.855s][info ][safepoint    ] Leaving safepoint region
[159.855s][info ][safepoint    ] Total time for which application threads were stopped: 0.0000822 seconds, Stopping threads took: 0.0000182 seconds
[160.855s][info ][safepoint    ] Application time: 1.0000832 seconds
[160.855s][info ][safepoint    ] Entering safepoint region: Cleanup
[160.855s][info ][safepoint    ] Leaving safepoint region
[160.855s][info ][safepoint    ] Total time for which application threads were stopped: 0.0000837 seconds, Stopping threads took: 0.0000177 seconds
[161.855s][info ][safepoint    ] Application time: 1.0000470 seconds
[161.855s][info ][safepoint    ] Entering safepoint region: Cleanup
[161.856s][info ][safepoint    ] Leaving safepoint region
[161.856s][info ][safepoint    ] Total time for which application threads were stopped: 0.0000838 seconds, Stopping threads took: 0.0000213 seconds
[162.856s][info ][safepoint    ] Application time: 1.0001224 seconds
[162.856s][info ][safepoint    ] Entering safepoint region: Cleanup
[162.856s][info ][safepoint    ] Leaving safepoint region
[162.856s][info ][safepoint    ] Total time for which application threads were stopped: 0.0000901 seconds, Stopping threads took: 0.0000195 seconds
[163.856s][info ][safepoint    ] Application time: 1.0000900 seconds
[163.856s][info ][safepoint    ] Entering safepoint region: Cleanup
[163.856s][info ][safepoint    ] Leaving safepoint region
[163.856s][info ][safepoint    ] Total time for which application threads were stopped: 0.0000897 seconds, Stopping threads took: 0.0000199 seconds
[164.856s][info ][safepoint    ] Application time: 1.0000712 seconds
[164.856s][info ][safepoint    ] Entering safepoint region: Cleanup
[164.856s][info ][safepoint    ] Leaving safepoint region
[164.856s][info ][safepoint    ] Total time for which application threads were stopped: 0.0000796 seconds, Stopping threads took: 0.0000194 seconds
[165.856s][info ][safepoint    ] Application time: 1.0000881 seconds
[165.856s][info ][safepoint    ] Entering safepoint region: Cleanup
[165.856s][info ][safepoint    ] Leaving safepoint region
[165.856s][info ][safepoint    ] Total time for which application threads were stopped: 0.0000836 seconds, Stopping threads took: 0.0000174 seconds
[166.857s][info ][safepoint    ] Application time: 1.0000870 seconds
[166.857s][info ][safepoint    ] Entering safepoint region: Cleanup
[166.857s][info ][safepoint    ] Leaving safepoint region
[166.857s][info ][safepoint    ] Total time for which application threads were stopped: 0.0000793 seconds, Stopping threads took: 0.0000194 seconds
[167.857s][info ][safepoint    ] Application time: 1.0000892 seconds
[167.857s][info ][safepoint    ] Entering safepoint region: Cleanup
[167.857s][info ][safepoint    ] Leaving safepoint region
[167.857s][info ][safepoint    ] Total time for which application threads were stopped: 0.0000832 seconds, Stopping threads took: 0.0000197 seconds
[168.857s][info ][safepoint    ] Application time: 1.0000890 seconds
[168.857s][info ][safepoint    ] Entering safepoint region: Cleanup
[168.857s][info ][safepoint    ] Leaving safepoint region
[168.857s][info ][safepoint    ] Total time for which application threads were stopped: 0.0000929 seconds, Stopping threads took: 0.0000213 seconds
[169.857s][info ][safepoint    ] Application time: 1.0000902 seconds
[169.857s][info ][safepoint    ] Entering safepoint region: Cleanup
[169.857s][info ][safepoint    ] Leaving safepoint region
[169.857s][info ][safepoint    ] Total time for which application threads were stopped: 0.0000861 seconds, Stopping threads took: 0.0000190 seconds
[170.857s][info ][safepoint    ] Application time: 1.0000991 seconds
[170.858s][info ][safepoint    ] Entering safepoint region: Cleanup
[170.858s][info ][safepoint    ] Leaving safepoint region
[170.858s][info ][safepoint    ] Total time for which application threads were stopped: 0.0000775 seconds, Stopping threads took: 0.0000178 seconds
[171.858s][info ][safepoint    ] Application time: 1.0000894 seconds
[171.858s][info ][safepoint    ] Entering safepoint region: Cleanup
[171.858s][info ][safepoint    ] Leaving safepoint region
[171.858s][info ][safepoint    ] Total time for which application threads were stopped: 0.0000864 seconds, Stopping threads took: 0.0000202 seconds
[172.858s][info ][safepoint    ] Application time: 1.0000518 seconds
[172.858s][info ][safepoint    ] Entering safepoint region: Cleanup
[172.858s][info ][safepoint    ] Leaving safepoint region
[172.858s][info ][safepoint    ] Total time for which application threads were stopped: 0.0000909 seconds, Stopping threads took: 0.0000249 seconds
[173.858s][info ][safepoint    ] Application time: 1.0000887 seconds
[173.858s][info ][safepoint    ] Entering safepoint region: Cleanup
[173.858s][info ][safepoint    ] Leaving safepoint region
[173.858s][info ][safepoint    ] Total time for which application threads were stopped: 0.0000822 seconds, Stopping threads took: 0.0000196 seconds
[174.858s][info ][safepoint    ] Application time: 1.0000904 seconds
[174.858s][info ][safepoint    ] Entering safepoint region: Cleanup
[174.858s][info ][safepoint    ] Leaving safepoint region
[174.858s][info ][safepoint    ] Total time for which application threads were stopped: 0.0000797 seconds, Stopping threads took: 0.0000193 seconds
[175.093s][info ][safepoint    ] Application time: 0.2349583 seconds
[175.093s][info ][safepoint    ] Entering safepoint region: GenCollectForAllocation
[175.094s][info ][gc,start     ] GC(104) Pause Young (Allocation Failure)
[175.094s][info ][gc,task      ] GC(104) Using 4 workers of 4 for evacuation
[175.096s][debug][gc,ref       ] GC(104) Skipped phase1 of Reference Processing due to unavailable references
[175.096s][debug][gc,ref       ] GC(104) Skipped phase3 of Reference Processing due to unavailable references
[175.096s][debug][gc,age       ] GC(104) Desired survivor size 15400960 bytes, new threshold 6 (max threshold 6)
[175.096s][info ][gc,heap      ] GC(104) ParNew: 243632K->1062K(270976K)
[175.096s][info ][gc,heap      ] GC(104) CMS: 196047K->196047K(602112K)
[175.096s][info ][gc,metaspace ] GC(104) Metaspace: 53201K->53201K(1097728K)
[175.096s][info ][gc           ] GC(104) Pause Young (Allocation Failure) 429M->192M(852M) 2.848ms
[175.096s][info ][gc,cpu       ] GC(104) User=0.01s Sys=0.00s Real=0.00s
[175.096s][info ][safepoint    ] Leaving safepoint region
[175.096s][info ][safepoint    ] Total time for which application threads were stopped: 0.0029957 seconds, Stopping threads took: 0.0000176 seconds
[176.097s][info ][safepoint    ] Application time: 1.0001060 seconds
[176.097s][info ][safepoint    ] Entering safepoint region: Cleanup
[176.097s][info ][safepoint    ] Leaving safepoint region
[176.097s][info ][safepoint    ] Total time for which application threads were stopped: 0.0001286 seconds, Stopping threads took: 0.0000184 seconds
[177.097s][info ][safepoint    ] Application time: 1.0000518 seconds
[177.097s][info ][safepoint    ] Entering safepoint region: Cleanup
[177.097s][info ][safepoint    ] Leaving safepoint region
[177.097s][info ][safepoint    ] Total time for which application threads were stopped: 0.0000718 seconds, Stopping threads took: 0.0000170 seconds
[178.097s][info ][safepoint    ] Application time: 1.0000902 seconds
[178.097s][info ][safepoint    ] Entering safepoint region: Cleanup
[178.097s][info ][safepoint    ] Leaving safepoint region
[178.097s][info ][safepoint    ] Total time for which application threads were stopped: 0.0000793 seconds, Stopping threads took: 0.0000170 seconds
[179.097s][info ][safepoint    ] Application time: 1.0001158 seconds
[179.097s][info ][safepoint    ] Entering safepoint region: Cleanup
[179.097s][info ][safepoint    ] Leaving safepoint region
[179.097s][info ][safepoint    ] Total time for which application threads were stopped: 0.0000838 seconds, Stopping threads took: 0.0000191 seconds
[180.097s][info ][safepoint    ] Application time: 1.0000911 seconds
[180.097s][info ][safepoint    ] Entering safepoint region: Cleanup
[180.098s][info ][safepoint    ] Leaving safepoint region
[180.098s][info ][safepoint    ] Total time for which application threads were stopped: 0.0000785 seconds, Stopping threads took: 0.0000190 seconds
[181.098s][info ][safepoint    ] Application time: 1.0001161 seconds
[181.098s][info ][safepoint    ] Entering safepoint region: Cleanup
[181.098s][info ][safepoint    ] Leaving safepoint region
[181.098s][info ][safepoint    ] Total time for which application threads were stopped: 0.0000933 seconds, Stopping threads took: 0.0000181 seconds
[182.098s][info ][safepoint    ] Application time: 1.0001610 seconds
[182.098s][info ][safepoint    ] Entering safepoint region: Cleanup
[182.098s][info ][safepoint    ] Leaving safepoint region
[182.098s][info ][safepoint    ] Total time for which application threads were stopped: 0.0000830 seconds, Stopping threads took: 0.0000185 seconds
[183.098s][info ][safepoint    ] Application time: 1.0000885 seconds
[183.098s][info ][safepoint    ] Entering safepoint region: Cleanup
[183.098s][info ][safepoint    ] Leaving safepoint region
[183.098s][info ][safepoint    ] Total time for which application threads were stopped: 0.0000894 seconds, Stopping threads took: 0.0000178 seconds
[184.098s][info ][safepoint    ] Application time: 1.0000935 seconds
[184.098s][info ][safepoint    ] Entering safepoint region: Cleanup
[184.099s][info ][safepoint    ] Leaving safepoint region
[184.099s][info ][safepoint    ] Total time for which application threads were stopped: 0.0000819 seconds, Stopping threads took: 0.0000185 seconds
[185.099s][info ][safepoint    ] Application time: 1.0000846 seconds
[185.099s][info ][safepoint    ] Entering safepoint region: Cleanup
[185.099s][info ][safepoint    ] Leaving safepoint region
[185.099s][info ][safepoint    ] Total time for which application threads were stopped: 0.0000970 seconds, Stopping threads took: 0.0000276 seconds
[186.099s][info ][safepoint    ] Application time: 1.0000881 seconds
[186.099s][info ][safepoint    ] Entering safepoint region: Cleanup
[186.099s][info ][safepoint    ] Leaving safepoint region
[186.099s][info ][safepoint    ] Total time for which application threads were stopped: 0.0001001 seconds, Stopping threads took: 0.0000355 seconds
[187.099s][info ][safepoint    ] Application time: 1.0000910 seconds
[187.099s][info ][safepoint    ] Entering safepoint region: Cleanup
[187.099s][info ][safepoint    ] Leaving safepoint region
[187.099s][info ][safepoint    ] Total time for which application threads were stopped: 0.0000969 seconds, Stopping threads took: 0.0000183 seconds
[188.099s][info ][safepoint    ] Application time: 1.0000866 seconds
[188.099s][info ][safepoint    ] Entering safepoint region: Cleanup
[188.100s][info ][safepoint    ] Leaving safepoint region
[188.100s][info ][safepoint    ] Total time for which application threads were stopped: 0.0000926 seconds, Stopping threads took: 0.0000179 seconds
[189.100s][info ][safepoint    ] Application time: 1.0000873 seconds
[189.100s][info ][safepoint    ] Entering safepoint region: Cleanup
[189.100s][info ][safepoint    ] Leaving safepoint region
[189.100s][info ][safepoint    ] Total time for which application threads were stopped: 0.0000793 seconds, Stopping threads took: 0.0000209 seconds
[190.100s][info ][safepoint    ] Application time: 1.0000769 seconds
[190.100s][info ][safepoint    ] Entering safepoint region: Cleanup
[190.100s][info ][safepoint    ] Leaving safepoint region
[190.100s][info ][safepoint    ] Total time for which application threads were stopped: 0.0000893 seconds, Stopping threads took: 0.0000169 seconds
[191.100s][info ][safepoint    ] Application time: 1.0000891 seconds
[191.100s][info ][safepoint    ] Entering safepoint region: Cleanup
[191.100s][info ][safepoint    ] Leaving safepoint region
[191.100s][info ][safepoint    ] Total time for which application threads were stopped: 0.0000755 seconds, Stopping threads took: 0.0000174 seconds
[192.100s][info ][safepoint    ] Application time: 1.0001155 seconds
[192.100s][info ][safepoint    ] Entering safepoint region: Cleanup
[192.100s][info ][safepoint    ] Leaving safepoint region
[192.100s][info ][safepoint    ] Total time for which application threads were stopped: 0.0000927 seconds, Stopping threads took: 0.0000197 seconds
[193.101s][info ][safepoint    ] Application time: 1.0000918 seconds
[193.101s][info ][safepoint    ] Entering safepoint region: Cleanup
[193.101s][info ][safepoint    ] Leaving safepoint region
[193.101s][info ][safepoint    ] Total time for which application threads were stopped: 0.0000850 seconds, Stopping threads took: 0.0000184 seconds
[194.101s][info ][safepoint    ] Application time: 1.0000956 seconds
[194.101s][info ][safepoint    ] Entering safepoint region: Cleanup
[194.101s][info ][safepoint    ] Leaving safepoint region
[194.101s][info ][safepoint    ] Total time for which application threads were stopped: 0.0000793 seconds, Stopping threads took: 0.0000181 seconds
[195.101s][info ][safepoint    ] Application time: 1.0000904 seconds
[195.101s][info ][safepoint    ] Entering safepoint region: Cleanup
[195.101s][info ][safepoint    ] Leaving safepoint region
[195.101s][info ][safepoint    ] Total time for which application threads were stopped: 0.0000813 seconds, Stopping threads took: 0.0000208 seconds
[196.101s][info ][safepoint    ] Application time: 1.0001165 seconds
[196.101s][info ][safepoint    ] Entering safepoint region: Cleanup
[196.101s][info ][safepoint    ] Leaving safepoint region
[196.101s][info ][safepoint    ] Total time for which application threads were stopped: 0.0000816 seconds, Stopping threads took: 0.0000200 seconds
[197.101s][info ][safepoint    ] Application time: 1.0000942 seconds
[197.102s][info ][safepoint    ] Entering safepoint region: Cleanup
[197.102s][info ][safepoint    ] Leaving safepoint region
[197.102s][info ][safepoint    ] Total time for which application threads were stopped: 0.0001167 seconds, Stopping threads took: 0.0000329 seconds
[198.102s][info ][safepoint    ] Application time: 1.0000631 seconds
[198.102s][info ][safepoint    ] Entering safepoint region: Cleanup
[198.102s][info ][safepoint    ] Leaving safepoint region
[198.102s][info ][safepoint    ] Total time for which application threads were stopped: 0.0000793 seconds, Stopping threads took: 0.0000195 seconds
[199.102s][info ][safepoint    ] Application time: 1.0000852 seconds
[199.102s][info ][safepoint    ] Entering safepoint region: Cleanup
[199.102s][info ][safepoint    ] Leaving safepoint region
[199.102s][info ][safepoint    ] Total time for which application threads were stopped: 0.0000996 seconds, Stopping threads took: 0.0000350 seconds
[200.102s][info ][safepoint    ] Application time: 1.0001455 seconds
[200.102s][info ][safepoint    ] Entering safepoint region: Cleanup
[200.102s][info ][safepoint    ] Leaving safepoint region
[200.102s][info ][safepoint    ] Total time for which application threads were stopped: 0.0000956 seconds, Stopping threads took: 0.0000190 seconds
[201.102s][info ][safepoint    ] Application time: 1.0001034 seconds
[201.102s][info ][safepoint    ] Entering safepoint region: Cleanup
[201.103s][info ][safepoint    ] Leaving safepoint region
[201.103s][info ][safepoint    ] Total time for which application threads were stopped: 0.0001047 seconds, Stopping threads took: 0.0000197 seconds
[202.103s][info ][safepoint    ] Application time: 1.0000993 seconds
[202.103s][info ][safepoint    ] Entering safepoint region: Cleanup
[202.103s][info ][safepoint    ] Leaving safepoint region
[202.103s][info ][safepoint    ] Total time for which application threads were stopped: 0.0000784 seconds, Stopping threads took: 0.0000188 seconds
[203.103s][info ][safepoint    ] Application time: 1.0000837 seconds
[203.103s][info ][safepoint    ] Entering safepoint region: Cleanup
[203.103s][info ][safepoint    ] Leaving safepoint region
[203.103s][info ][safepoint    ] Total time for which application threads were stopped: 0.0000941 seconds, Stopping threads took: 0.0000189 seconds
[204.103s][info ][safepoint    ] Application time: 1.0000936 seconds
[204.103s][info ][safepoint    ] Entering safepoint region: Cleanup
[204.103s][info ][safepoint    ] Leaving safepoint region
[204.103s][info ][safepoint    ] Total time for which application threads were stopped: 0.0000935 seconds, Stopping threads took: 0.0000188 seconds
[205.103s][info ][safepoint    ] Application time: 1.0000919 seconds
[205.103s][info ][safepoint    ] Entering safepoint region: Cleanup
[205.103s][info ][safepoint    ] Leaving safepoint region
[205.103s][info ][safepoint    ] Total time for which application threads were stopped: 0.0000970 seconds, Stopping threads took: 0.0000186 seconds
[206.104s][info ][safepoint    ] Application time: 1.0000857 seconds
[206.104s][info ][safepoint    ] Entering safepoint region: Cleanup
[206.104s][info ][safepoint    ] Leaving safepoint region
[206.104s][info ][safepoint    ] Total time for which application threads were stopped: 0.0000763 seconds, Stopping threads took: 0.0000161 seconds
[207.104s][info ][safepoint    ] Application time: 1.0000849 seconds
[207.104s][info ][safepoint    ] Entering safepoint region: Cleanup
[207.104s][info ][safepoint    ] Leaving safepoint region
[207.104s][info ][safepoint    ] Total time for which application threads were stopped: 0.0000960 seconds, Stopping threads took: 0.0000167 seconds
[208.104s][info ][safepoint    ] Application time: 1.0001037 seconds
[208.104s][info ][safepoint    ] Entering safepoint region: Cleanup
[208.104s][info ][safepoint    ] Leaving safepoint region
[208.104s][info ][safepoint    ] Total time for which application threads were stopped: 0.0001015 seconds, Stopping threads took: 0.0000178 seconds
[209.104s][info ][safepoint    ] Application time: 1.0000801 seconds
[209.104s][info ][safepoint    ] Entering safepoint region: Cleanup
[209.104s][info ][safepoint    ] Leaving safepoint region
[209.104s][info ][safepoint    ] Total time for which application threads were stopped: 0.0001181 seconds, Stopping threads took: 0.0000184 seconds
[210.105s][info ][safepoint    ] Application time: 1.0001031 seconds
[210.105s][info ][safepoint    ] Entering safepoint region: Cleanup
[210.105s][info ][safepoint    ] Leaving safepoint region
[210.105s][info ][safepoint    ] Total time for which application threads were stopped: 0.0001192 seconds, Stopping threads took: 0.0000180 seconds
[211.105s][info ][safepoint    ] Application time: 1.0001017 seconds
[211.105s][info ][safepoint    ] Entering safepoint region: Cleanup
[211.106s][info ][safepoint    ] Leaving safepoint region
[211.106s][info ][safepoint    ] Total time for which application threads were stopped: 0.0000775 seconds, Stopping threads took: 0.0000172 seconds
[212.106s][info ][safepoint    ] Application time: 1.0000976 seconds
[212.106s][info ][safepoint    ] Entering safepoint region: Cleanup
[212.106s][info ][safepoint    ] Leaving safepoint region
[212.106s][info ][safepoint    ] Total time for which application threads were stopped: 0.0001013 seconds, Stopping threads took: 0.0000243 seconds
[213.106s][info ][safepoint    ] Application time: 1.0000870 seconds
[213.106s][info ][safepoint    ] Entering safepoint region: Cleanup
[213.106s][info ][safepoint    ] Leaving safepoint region
[213.106s][info ][safepoint    ] Total time for which application threads were stopped: 0.0000805 seconds, Stopping threads took: 0.0000159 seconds
[215.106s][info ][safepoint    ] Application time: 2.0001923 seconds
[215.106s][info ][safepoint    ] Entering safepoint region: Cleanup
[215.106s][info ][safepoint    ] Leaving safepoint region
[215.106s][info ][safepoint    ] Total time for which application threads were stopped: 0.0000941 seconds, Stopping threads took: 0.0000200 seconds
[217.106s][info ][safepoint    ] Application time: 2.0001414 seconds
[217.107s][info ][safepoint    ] Entering safepoint region: Cleanup
[217.107s][info ][safepoint    ] Leaving safepoint region
[217.107s][info ][safepoint    ] Total time for which application threads were stopped: 0.0001174 seconds, Stopping threads took: 0.0000355 seconds
[218.107s][info ][safepoint    ] Application time: 1.0000908 seconds
[218.107s][info ][safepoint    ] Entering safepoint region: Cleanup
[218.107s][info ][safepoint    ] Leaving safepoint region
[218.107s][info ][safepoint    ] Total time for which application threads were stopped: 0.0000861 seconds, Stopping threads took: 0.0000180 seconds
[219.944s][info ][safepoint    ] Application time: 1.8374472 seconds
[219.944s][info ][safepoint    ] Entering safepoint region: GenCollectForAllocation
[219.944s][info ][gc,start     ] GC(105) Pause Young (Allocation Failure)
[219.944s][info ][gc,task      ] GC(105) Using 4 workers of 4 for evacuation
[219.947s][debug][gc,ref       ] GC(105) Skipped phase1 of Reference Processing due to unavailable references
[219.947s][debug][gc,ref       ] GC(105) Skipped phase3 of Reference Processing due to unavailable references
[219.947s][debug][gc,ref       ] GC(105) Skipped phase4 of Reference Processing due to unavailable references
[219.947s][debug][gc,age       ] GC(105) Desired survivor size 15400960 bytes, new threshold 6 (max threshold 6)
[219.947s][info ][gc,heap      ] GC(105) ParNew: 241958K->993K(270976K)
[219.947s][info ][gc,heap      ] GC(105) CMS: 196047K->196047K(602112K)
[219.947s][info ][gc,metaspace ] GC(105) Metaspace: 53215K->53215K(1097728K)
[219.947s][info ][gc           ] GC(105) Pause Young (Allocation Failure) 427M->192M(852M) 2.782ms
[219.947s][info ][gc,cpu       ] GC(105) User=0.01s Sys=0.00s Real=0.00s
[219.947s][info ][safepoint    ] Leaving safepoint region
[219.947s][info ][safepoint    ] Total time for which application threads were stopped: 0.0029416 seconds, Stopping threads took: 0.0000189 seconds
[220.947s][info ][safepoint    ] Application time: 1.0000936 seconds
[220.947s][info ][safepoint    ] Entering safepoint region: Cleanup
[220.947s][info ][safepoint    ] Leaving safepoint region
[220.947s][info ][safepoint    ] Total time for which application threads were stopped: 0.0000949 seconds, Stopping threads took: 0.0000174 seconds
[221.948s][info ][safepoint    ] Application time: 1.0000628 seconds
[221.948s][info ][safepoint    ] Entering safepoint region: Cleanup
[221.948s][info ][safepoint    ] Leaving safepoint region
[221.948s][info ][safepoint    ] Total time for which application threads were stopped: 0.0000912 seconds, Stopping threads took: 0.0000168 seconds
[222.948s][info ][safepoint    ] Application time: 1.0001172 seconds
[222.948s][info ][safepoint    ] Entering safepoint region: Cleanup
[222.948s][info ][safepoint    ] Leaving safepoint region
[222.948s][info ][safepoint    ] Total time for which application threads were stopped: 0.0000959 seconds, Stopping threads took: 0.0000185 seconds
[223.948s][info ][safepoint    ] Application time: 1.0001246 seconds
[223.948s][info ][safepoint    ] Entering safepoint region: Cleanup
[223.948s][info ][safepoint    ] Leaving safepoint region
[223.948s][info ][safepoint    ] Total time for which application threads were stopped: 0.0001018 seconds, Stopping threads took: 0.0000203 seconds
[224.948s][info ][safepoint    ] Application time: 1.0001064 seconds
[224.948s][info ][safepoint    ] Entering safepoint region: Cleanup
[224.948s][info ][safepoint    ] Leaving safepoint region
[224.949s][info ][safepoint    ] Total time for which application threads were stopped: 0.0001074 seconds, Stopping threads took: 0.0000333 seconds
[226.949s][info ][safepoint    ] Application time: 2.0001440 seconds
[226.949s][info ][safepoint    ] Entering safepoint region: Cleanup
[226.949s][info ][safepoint    ] Leaving safepoint region
[226.949s][info ][safepoint    ] Total time for which application threads were stopped: 0.0000721 seconds, Stopping threads took: 0.0000167 seconds
[229.949s][info ][safepoint    ] Application time: 3.0002359 seconds
[229.949s][info ][safepoint    ] Entering safepoint region: Cleanup
[229.949s][info ][safepoint    ] Leaving safepoint region
[229.949s][info ][safepoint    ] Total time for which application threads were stopped: 0.0001734 seconds, Stopping threads took: 0.0000946 seconds
[231.949s][info ][safepoint    ] Application time: 2.0001752 seconds
[231.950s][info ][safepoint    ] Entering safepoint region: Cleanup
[231.950s][info ][safepoint    ] Leaving safepoint region
[231.950s][info ][safepoint    ] Total time for which application threads were stopped: 0.0000988 seconds, Stopping threads took: 0.0000341 seconds
[232.950s][info ][safepoint    ] Application time: 1.0000936 seconds
[232.950s][info ][safepoint    ] Entering safepoint region: Cleanup
[232.950s][info ][safepoint    ] Leaving safepoint region
[232.950s][info ][safepoint    ] Total time for which application threads were stopped: 0.0000984 seconds, Stopping threads took: 0.0000164 seconds
[234.950s][info ][safepoint    ] Application time: 2.0001647 seconds
[234.950s][info ][safepoint    ] Entering safepoint region: Cleanup
[234.950s][info ][safepoint    ] Leaving safepoint region
[234.950s][info ][safepoint    ] Total time for which application threads were stopped: 0.0000885 seconds, Stopping threads took: 0.0000182 seconds
[235.950s][info ][safepoint    ] Application time: 1.0001139 seconds
[235.950s][info ][safepoint    ] Entering safepoint region: Cleanup
[235.950s][info ][safepoint    ] Leaving safepoint region
[235.950s][info ][safepoint    ] Total time for which application threads were stopped: 0.0000863 seconds, Stopping threads took: 0.0000183 seconds
[236.950s][info ][safepoint    ] Application time: 1.0000641 seconds
[236.951s][info ][safepoint    ] Entering safepoint region: Cleanup
[236.951s][info ][safepoint    ] Leaving safepoint region
[236.951s][info ][safepoint    ] Total time for which application threads were stopped: 0.0001026 seconds, Stopping threads took: 0.0000178 seconds
[238.951s][info ][safepoint    ] Application time: 2.0001687 seconds
[238.951s][info ][safepoint    ] Entering safepoint region: Cleanup
[238.951s][info ][safepoint    ] Leaving safepoint region
[238.951s][info ][safepoint    ] Total time for which application threads were stopped: 0.0000867 seconds, Stopping threads took: 0.0000182 seconds
[239.951s][info ][safepoint    ] Application time: 1.0000822 seconds
[239.951s][info ][safepoint    ] Entering safepoint region: Cleanup
[239.951s][info ][safepoint    ] Leaving safepoint region
[239.951s][info ][safepoint    ] Total time for which application threads were stopped: 0.0001030 seconds, Stopping threads took: 0.0000204 seconds
[240.951s][info ][safepoint    ] Application time: 1.0000922 seconds
[240.951s][info ][safepoint    ] Entering safepoint region: Cleanup
[240.951s][info ][safepoint    ] Leaving safepoint region
[240.951s][info ][safepoint    ] Total time for which application threads were stopped: 0.0001030 seconds, Stopping threads took: 0.0000190 seconds
[241.952s][info ][safepoint    ] Application time: 1.0000812 seconds
[241.952s][info ][safepoint    ] Entering safepoint region: Cleanup
[241.952s][info ][safepoint    ] Leaving safepoint region
[241.952s][info ][safepoint    ] Total time for which application threads were stopped: 0.0000860 seconds, Stopping threads took: 0.0000206 seconds
[242.952s][info ][safepoint    ] Application time: 1.0001279 seconds
[242.952s][info ][safepoint    ] Entering safepoint region: Cleanup
[242.952s][info ][safepoint    ] Leaving safepoint region
[242.952s][info ][safepoint    ] Total time for which application threads were stopped: 0.0000847 seconds, Stopping threads took: 0.0000190 seconds
[244.952s][info ][safepoint    ] Application time: 2.0001994 seconds
[244.952s][info ][safepoint    ] Entering safepoint region: Cleanup
[244.952s][info ][safepoint    ] Leaving safepoint region
[244.952s][info ][safepoint    ] Total time for which application threads were stopped: 0.0000852 seconds, Stopping threads took: 0.0000191 seconds
[245.952s][info ][safepoint    ] Application time: 1.0001044 seconds
[245.952s][info ][safepoint    ] Entering safepoint region: Cleanup
[245.952s][info ][safepoint    ] Leaving safepoint region
[245.952s][info ][safepoint    ] Total time for which application threads were stopped: 0.0000823 seconds, Stopping threads took: 0.0000176 seconds
[249.953s][info ][safepoint    ] Application time: 4.0003051 seconds
[249.953s][info ][safepoint    ] Entering safepoint region: Cleanup
[249.953s][info ][safepoint    ] Leaving safepoint region
[249.953s][info ][safepoint    ] Total time for which application threads were stopped: 0.0000833 seconds, Stopping threads took: 0.0000189 seconds
[257.954s][info ][safepoint    ] Application time: 8.0006180 seconds
[257.954s][info ][safepoint    ] Entering safepoint region: Cleanup
[257.954s][info ][safepoint    ] Leaving safepoint region
[257.954s][info ][safepoint    ] Total time for which application threads were stopped: 0.0000841 seconds, Stopping threads took: 0.0000191 seconds
[260.819s][info ][safepoint    ] Application time: 2.8653000 seconds
[260.819s][info ][safepoint    ] Entering safepoint region: GenCollectForAllocation
[260.819s][info ][gc,start     ] GC(106) Pause Young (Allocation Failure)
[260.819s][info ][gc,task      ] GC(106) Using 4 workers of 4 for evacuation
[260.822s][debug][gc,ref       ] GC(106) Skipped phase1 of Reference Processing due to unavailable references
[260.822s][debug][gc,ref       ] GC(106) Skipped phase3 of Reference Processing due to unavailable references
[260.822s][debug][gc,ref       ] GC(106) Skipped phase4 of Reference Processing due to unavailable references
[260.822s][debug][gc,age       ] GC(106) Desired survivor size 15400960 bytes, new threshold 6 (max threshold 6)
[260.822s][info ][gc,heap      ] GC(106) ParNew: 241889K->748K(270976K)
[260.822s][info ][gc,heap      ] GC(106) CMS: 196047K->196047K(602112K)
[260.822s][info ][gc,metaspace ] GC(106) Metaspace: 53265K->53265K(1097728K)
[260.822s][info ][gc           ] GC(106) Pause Young (Allocation Failure) 427M->192M(852M) 2.744ms
[260.822s][info ][gc,cpu       ] GC(106) User=0.01s Sys=0.00s Real=0.01s
[260.822s][info ][safepoint    ] Leaving safepoint region
[260.822s][info ][safepoint    ] Total time for which application threads were stopped: 0.0029250 seconds, Stopping threads took: 0.0000324 seconds
[263.822s][info ][safepoint    ] Application time: 3.0002643 seconds
[263.822s][info ][safepoint    ] Entering safepoint region: Cleanup
[263.822s][info ][safepoint    ] Leaving safepoint region
[263.822s][info ][safepoint    ] Total time for which application threads were stopped: 0.0000852 seconds, Stopping threads took: 0.0000191 seconds
[265.823s][info ][safepoint    ] Application time: 2.0002373 seconds
[265.823s][info ][safepoint    ] Entering safepoint region: Cleanup
[265.823s][info ][safepoint    ] Leaving safepoint region
[265.823s][info ][safepoint    ] Total time for which application threads were stopped: 0.0000864 seconds, Stopping threads took: 0.0000200 seconds
[267.823s][info ][safepoint    ] Application time: 2.0001560 seconds
[267.823s][info ][safepoint    ] Entering safepoint region: Cleanup
[267.823s][info ][safepoint    ] Leaving safepoint region
[267.823s][info ][safepoint    ] Total time for which application threads were stopped: 0.0001036 seconds, Stopping threads took: 0.0000165 seconds
[268.823s][info ][safepoint    ] Application time: 1.0000917 seconds
[268.823s][info ][safepoint    ] Entering safepoint region: Cleanup
[268.823s][info ][safepoint    ] Leaving safepoint region
[268.823s][info ][safepoint    ] Total time for which application threads were stopped: 0.0001242 seconds, Stopping threads took: 0.0000172 seconds
[269.823s][info ][safepoint    ] Application time: 1.0000935 seconds
[269.823s][info ][safepoint    ] Entering safepoint region: Cleanup
[269.823s][info ][safepoint    ] Leaving safepoint region
[269.823s][info ][safepoint    ] Total time for which application threads were stopped: 0.0000979 seconds, Stopping threads took: 0.0000201 seconds
[272.824s][info ][safepoint    ] Application time: 3.0002578 seconds
[272.824s][info ][safepoint    ] Entering safepoint region: Cleanup
[272.824s][info ][safepoint    ] Leaving safepoint region
[272.824s][info ][safepoint    ] Total time for which application threads were stopped: 0.0001045 seconds, Stopping threads took: 0.0000182 seconds
[273.824s][info ][safepoint    ] Application time: 1.0000856 seconds
[273.824s][info ][safepoint    ] Entering safepoint region: Cleanup
[273.824s][info ][safepoint    ] Leaving safepoint region
[273.824s][info ][safepoint    ] Total time for which application threads were stopped: 0.0000822 seconds, Stopping threads took: 0.0000183 seconds
[278.824s][info ][safepoint    ] Application time: 5.0003864 seconds
[278.825s][info ][safepoint    ] Entering safepoint region: Cleanup
[278.825s][info ][safepoint    ] Leaving safepoint region
[278.825s][info ][safepoint    ] Total time for which application threads were stopped: 0.0000837 seconds, Stopping threads took: 0.0000176 seconds
[279.825s][info ][safepoint    ] Application time: 1.0000947 seconds
[279.825s][info ][safepoint    ] Entering safepoint region: Cleanup
[279.825s][info ][safepoint    ] Leaving safepoint region
[279.825s][info ][safepoint    ] Total time for which application threads were stopped: 0.0000805 seconds, Stopping threads took: 0.0000161 seconds
[280.825s][info ][safepoint    ] Application time: 1.0000874 seconds
[280.825s][info ][safepoint    ] Entering safepoint region: Cleanup
[280.825s][info ][safepoint    ] Leaving safepoint region
[280.825s][info ][safepoint    ] Total time for which application threads were stopped: 0.0000850 seconds, Stopping threads took: 0.0000173 seconds
[281.825s][info ][safepoint    ] Application time: 1.0000923 seconds
[281.825s][info ][safepoint    ] Entering safepoint region: Cleanup
[281.825s][info ][safepoint    ] Leaving safepoint region
[281.825s][info ][safepoint    ] Total time for which application threads were stopped: 0.0000772 seconds, Stopping threads took: 0.0000174 seconds
[284.825s][info ][safepoint    ] Application time: 3.0002280 seconds
[284.826s][info ][safepoint    ] Entering safepoint region: Cleanup
[284.826s][info ][safepoint    ] Leaving safepoint region
[284.826s][info ][safepoint    ] Total time for which application threads were stopped: 0.0000900 seconds, Stopping threads took: 0.0000195 seconds
[287.826s][info ][safepoint    ] Application time: 3.0002729 seconds
[287.826s][info ][safepoint    ] Entering safepoint region: Cleanup
[287.826s][info ][safepoint    ] Leaving safepoint region
[287.826s][info ][safepoint    ] Total time for which application threads were stopped: 0.0000823 seconds, Stopping threads took: 0.0000189 seconds
[293.826s][info ][safepoint    ] Application time: 6.0004595 seconds
[293.827s][info ][safepoint    ] Entering safepoint region: Cleanup
[293.827s][info ][safepoint    ] Leaving safepoint region
[293.827s][info ][safepoint    ] Total time for which application threads were stopped: 0.0000812 seconds, Stopping threads took: 0.0000204 seconds
[297.697s][info ][safepoint    ] Application time: 3.8703252 seconds
[297.697s][info ][safepoint    ] Entering safepoint region: Deoptimize
[297.698s][info ][safepoint    ] Leaving safepoint region
[297.698s][info ][safepoint    ] Total time for which application threads were stopped: 0.0013921 seconds, Stopping threads took: 0.0000136 seconds
[298.699s][info ][safepoint    ] Application time: 1.0001082 seconds
[298.699s][info ][safepoint    ] Entering safepoint region: Cleanup
[298.699s][info ][safepoint    ] Leaving safepoint region
[298.699s][info ][safepoint    ] Total time for which application threads were stopped: 0.0002367 seconds, Stopping threads took: 0.0000990 seconds
[298.800s][info ][safepoint    ] Application time: 0.1013753 seconds
[298.800s][info ][safepoint    ] Entering safepoint region: GenCollectForAllocation
[298.800s][info ][gc,start     ] GC(107) Pause Young (Allocation Failure)
[298.800s][info ][gc,task      ] GC(107) Using 4 workers of 4 for evacuation
[298.803s][debug][gc,ref       ] GC(107) Skipped phase1 of Reference Processing due to unavailable references
[298.803s][debug][gc,ref       ] GC(107) Skipped phase3 of Reference Processing due to unavailable references
[298.803s][debug][gc,age       ] GC(107) Desired survivor size 15400960 bytes, new threshold 6 (max threshold 6)
[298.803s][info ][gc,heap      ] GC(107) ParNew: 241644K->1077K(270976K)
[298.803s][info ][gc,heap      ] GC(107) CMS: 196047K->196047K(602112K)
[298.803s][info ][gc,metaspace ] GC(107) Metaspace: 53335K->53335K(1097728K)
[298.803s][info ][gc           ] GC(107) Pause Young (Allocation Failure) 427M->192M(852M) 2.522ms
[298.803s][info ][gc,cpu       ] GC(107) User=0.01s Sys=0.00s Real=0.00s
[298.803s][info ][safepoint    ] Leaving safepoint region
[298.803s][info ][safepoint    ] Total time for which application threads were stopped: 0.0027249 seconds, Stopping threads took: 0.0000633 seconds
[299.523s][info ][safepoint    ] Application time: 0.7197030 seconds
[299.523s][info ][safepoint    ] Entering safepoint region: ICBufferFull
[299.523s][info ][safepoint    ] Leaving safepoint region
[299.523s][info ][safepoint    ] Total time for which application threads were stopped: 0.0002170 seconds, Stopping threads took: 0.0000170 seconds
[300.044s][info ][safepoint    ] Application time: 0.5213983 seconds
[300.044s][info ][safepoint    ] Entering safepoint region: ICBufferFull
[300.045s][info ][safepoint    ] Leaving safepoint region
[300.045s][info ][safepoint    ] Total time for which application threads were stopped: 0.0003434 seconds, Stopping threads took: 0.0001136 seconds
[301.045s][info ][safepoint    ] Application time: 1.0001010 seconds
[301.045s][info ][safepoint    ] Entering safepoint region: Cleanup
[301.045s][info ][safepoint    ] Leaving safepoint region
[301.045s][info ][safepoint    ] Total time for which application threads were stopped: 0.0001085 seconds, Stopping threads took: 0.0000162 seconds
[302.045s][info ][safepoint    ] Application time: 1.0001254 seconds
[302.045s][info ][safepoint    ] Entering safepoint region: Cleanup
[302.045s][info ][safepoint    ] Leaving safepoint region
[302.045s][info ][safepoint    ] Total time for which application threads were stopped: 0.0000990 seconds, Stopping threads took: 0.0000184 seconds
[303.045s][info ][safepoint    ] Application time: 1.0000850 seconds
[303.045s][info ][safepoint    ] Entering safepoint region: Cleanup
[303.045s][info ][safepoint    ] Leaving safepoint region
[303.045s][info ][safepoint    ] Total time for which application threads were stopped: 0.0001302 seconds, Stopping threads took: 0.0000195 seconds
[304.046s][info ][safepoint    ] Application time: 1.0000866 seconds
[304.046s][info ][safepoint    ] Entering safepoint region: Cleanup
[304.046s][info ][safepoint    ] Leaving safepoint region
[304.046s][info ][safepoint    ] Total time for which application threads were stopped: 0.0001059 seconds, Stopping threads took: 0.0000159 seconds
[305.046s][info ][safepoint    ] Application time: 1.0000806 seconds
[305.046s][info ][safepoint    ] Entering safepoint region: Cleanup
[305.046s][info ][safepoint    ] Leaving safepoint region
[305.046s][info ][safepoint    ] Total time for which application threads were stopped: 0.0001069 seconds, Stopping threads took: 0.0000160 seconds
[306.046s][info ][safepoint    ] Application time: 1.0000956 seconds
[306.046s][info ][safepoint    ] Entering safepoint region: Cleanup
[306.046s][info ][safepoint    ] Leaving safepoint region
[306.046s][info ][safepoint    ] Total time for which application threads were stopped: 0.0001162 seconds, Stopping threads took: 0.0000175 seconds
[306.794s][info ][safepoint    ] Application time: 0.7481838 seconds
[306.794s][info ][safepoint    ] Entering safepoint region: GenCollectForAllocation
[306.795s][info ][gc,start     ] GC(108) Pause Young (Allocation Failure)
[306.795s][info ][gc,task      ] GC(108) Using 4 workers of 4 for evacuation
[306.797s][debug][gc,ref       ] GC(108) Skipped phase1 of Reference Processing due to unavailable references
[306.797s][debug][gc,ref       ] GC(108) Skipped phase3 of Reference Processing due to unavailable references
[306.797s][debug][gc,ref       ] GC(108) Skipped phase4 of Reference Processing due to unavailable references
[306.798s][debug][gc,age       ] GC(108) Desired survivor size 15400960 bytes, new threshold 6 (max threshold 6)
[306.798s][info ][gc,heap      ] GC(108) ParNew: 241973K->1128K(270976K)
[306.798s][info ][gc,heap      ] GC(108) CMS: 196047K->196363K(602112K)
[306.798s][info ][gc,metaspace ] GC(108) Metaspace: 53395K->53395K(1097728K)
[306.798s][info ][gc           ] GC(108) Pause Young (Allocation Failure) 427M->192M(852M) 3.076ms
[306.798s][info ][gc,cpu       ] GC(108) User=0.01s Sys=0.00s Real=0.00s
[306.798s][info ][safepoint    ] Leaving safepoint region
[306.798s][info ][safepoint    ] Total time for which application threads were stopped: 0.0033093 seconds, Stopping threads took: 0.0000384 seconds
[307.800s][info ][safepoint    ] Application time: 1.0023624 seconds
[307.800s][info ][safepoint    ] Entering safepoint region: Cleanup
[307.800s][info ][safepoint    ] Leaving safepoint region
[307.800s][info ][safepoint    ] Total time for which application threads were stopped: 0.0001979 seconds, Stopping threads took: 0.0000423 seconds
[308.800s][info ][safepoint    ] Application time: 1.0000982 seconds
[308.800s][info ][safepoint    ] Entering safepoint region: Cleanup
[308.801s][info ][safepoint    ] Leaving safepoint region
[308.801s][info ][safepoint    ] Total time for which application threads were stopped: 0.0001802 seconds, Stopping threads took: 0.0000585 seconds
[309.801s][info ][safepoint    ] Application time: 1.0000989 seconds
[309.801s][info ][safepoint    ] Entering safepoint region: Cleanup
[309.801s][info ][safepoint    ] Leaving safepoint region
[309.801s][info ][safepoint    ] Total time for which application threads were stopped: 0.0001197 seconds, Stopping threads took: 0.0000400 seconds
[311.801s][info ][safepoint    ] Application time: 2.0001636 seconds
[311.801s][info ][safepoint    ] Entering safepoint region: Cleanup
[311.801s][info ][safepoint    ] Leaving safepoint region
[311.801s][info ][safepoint    ] Total time for which application threads were stopped: 0.0000833 seconds, Stopping threads took: 0.0000175 seconds
[312.801s][info ][safepoint    ] Application time: 1.0000886 seconds
[312.801s][info ][safepoint    ] Entering safepoint region: Cleanup
[312.801s][info ][safepoint    ] Leaving safepoint region
[312.801s][info ][safepoint    ] Total time for which application threads were stopped: 0.0001201 seconds, Stopping threads took: 0.0000210 seconds
[314.802s][info ][safepoint    ] Application time: 2.0001632 seconds
[314.802s][info ][safepoint    ] Entering safepoint region: Cleanup
[314.802s][info ][safepoint    ] Leaving safepoint region
[314.802s][info ][safepoint    ] Total time for which application threads were stopped: 0.0000773 seconds, Stopping threads took: 0.0000188 seconds
[315.802s][info ][safepoint    ] Application time: 1.0001174 seconds
[315.802s][info ][safepoint    ] Entering safepoint region: Cleanup
[315.802s][info ][safepoint    ] Leaving safepoint region
[315.802s][info ][safepoint    ] Total time for which application threads were stopped: 0.0000972 seconds, Stopping threads took: 0.0000229 seconds
[316.802s][info ][safepoint    ] Application time: 1.0000919 seconds
[316.802s][info ][safepoint    ] Entering safepoint region: Cleanup
[316.802s][info ][safepoint    ] Leaving safepoint region
[316.802s][info ][safepoint    ] Total time for which application threads were stopped: 0.0000920 seconds, Stopping threads took: 0.0000191 seconds
[318.802s][info ][safepoint    ] Application time: 2.0001637 seconds
[318.802s][info ][safepoint    ] Entering safepoint region: Cleanup
[318.802s][info ][safepoint    ] Leaving safepoint region
[318.802s][info ][safepoint    ] Total time for which application threads were stopped: 0.0001197 seconds, Stopping threads took: 0.0000389 seconds
[319.803s][info ][safepoint    ] Application time: 1.0000965 seconds
[319.803s][info ][safepoint    ] Entering safepoint region: Cleanup
[319.803s][info ][safepoint    ] Leaving safepoint region
[319.803s][info ][safepoint    ] Total time for which application threads were stopped: 0.0001767 seconds, Stopping threads took: 0.0000857 seconds
[320.803s][info ][safepoint    ] Application time: 1.0000956 seconds
[320.803s][info ][safepoint    ] Entering safepoint region: Cleanup
[320.803s][info ][safepoint    ] Leaving safepoint region
[320.803s][info ][safepoint    ] Total time for which application threads were stopped: 0.0000839 seconds, Stopping threads took: 0.0000164 seconds
[320.904s][info ][safepoint    ] Application time: 0.1013262 seconds
[320.904s][info ][safepoint    ] Entering safepoint region: GenCollectForAllocation
[320.905s][info ][gc,start     ] GC(109) Pause Young (Allocation Failure)
[320.905s][info ][gc,task      ] GC(109) Using 4 workers of 4 for evacuation
[320.906s][debug][gc,ref       ] GC(109) Skipped phase1 of Reference Processing due to unavailable references
[320.906s][debug][gc,ref       ] GC(109) Skipped phase3 of Reference Processing due to unavailable references
[320.907s][debug][gc,age       ] GC(109) Desired survivor size 15400960 bytes, new threshold 6 (max threshold 6)
[320.907s][info ][gc,heap      ] GC(109) ParNew: 242024K->1026K(270976K)
[320.907s][info ][gc,heap      ] GC(109) CMS: 196363K->196393K(602112K)
[320.907s][info ][gc,metaspace ] GC(109) Metaspace: 53438K->53438K(1097728K)
[320.907s][info ][gc           ] GC(109) Pause Young (Allocation Failure) 428M->192M(852M) 2.508ms
[320.907s][info ][gc,cpu       ] GC(109) User=0.01s Sys=0.00s Real=0.00s
[320.907s][info ][safepoint    ] Leaving safepoint region
[320.907s][info ][safepoint    ] Total time for which application threads were stopped: 0.0026985 seconds, Stopping threads took: 0.0000374 seconds
[321.907s][info ][safepoint    ] Application time: 1.0003139 seconds
[321.908s][info ][safepoint    ] Entering safepoint region: Cleanup
[321.908s][info ][safepoint    ] Leaving safepoint region
[321.908s][info ][safepoint    ] Total time for which application threads were stopped: 0.0001547 seconds, Stopping threads took: 0.0000795 seconds
[322.000s][info ][safepoint    ] Application time: 0.0923175 seconds
[322.000s][info ][safepoint    ] Entering safepoint region: Deoptimize
[322.002s][info ][safepoint    ] Leaving safepoint region
[322.002s][info ][safepoint    ] Total time for which application threads were stopped: 0.0019962 seconds, Stopping threads took: 0.0000195 seconds
[323.005s][info ][safepoint    ] Application time: 1.0029896 seconds
[323.005s][info ][safepoint    ] Entering safepoint region: Cleanup
[323.005s][info ][safepoint    ] Leaving safepoint region
[323.005s][info ][safepoint    ] Total time for which application threads were stopped: 0.0001394 seconds, Stopping threads took: 0.0000300 seconds
[324.005s][info ][safepoint    ] Application time: 1.0000911 seconds
[324.005s][info ][safepoint    ] Entering safepoint region: Cleanup
[324.005s][info ][safepoint    ] Leaving safepoint region
[324.005s][info ][safepoint    ] Total time for which application threads were stopped: 0.0001538 seconds, Stopping threads took: 0.0000709 seconds
[325.005s][info ][safepoint    ] Application time: 1.0000961 seconds
[325.006s][info ][safepoint    ] Entering safepoint region: Cleanup
[325.006s][info ][safepoint    ] Leaving safepoint region
[325.006s][info ][safepoint    ] Total time for which application threads were stopped: 0.0000832 seconds, Stopping threads took: 0.0000169 seconds
[326.006s][info ][safepoint    ] Application time: 1.0001032 seconds
[326.006s][info ][safepoint    ] Entering safepoint region: Cleanup
[326.006s][info ][safepoint    ] Leaving safepoint region
[326.006s][info ][safepoint    ] Total time for which application threads were stopped: 0.0001483 seconds, Stopping threads took: 0.0000441 seconds
[327.006s][info ][safepoint    ] Application time: 1.0000886 seconds
[327.006s][info ][safepoint    ] Entering safepoint region: Cleanup
[327.006s][info ][safepoint    ] Leaving safepoint region
[327.006s][info ][safepoint    ] Total time for which application threads were stopped: 0.0001501 seconds, Stopping threads took: 0.0000613 seconds
[329.501s][info ][safepoint    ] Application time: 2.4942966 seconds
[329.501s][info ][safepoint    ] Entering safepoint region: GenCollectForAllocation
[329.501s][info ][gc,start     ] GC(110) Pause Young (Allocation Failure)
[329.501s][info ][gc,task      ] GC(110) Using 4 workers of 4 for evacuation
[329.503s][debug][gc,ref       ] GC(110) Skipped phase1 of Reference Processing due to unavailable references
[329.503s][debug][gc,ref       ] GC(110) Skipped phase3 of Reference Processing due to unavailable references
[329.503s][debug][gc,ref       ] GC(110) Skipped phase4 of Reference Processing due to unavailable references
[329.503s][debug][gc,age       ] GC(110) Desired survivor size 15400960 bytes, new threshold 6 (max threshold 6)
[329.503s][info ][gc,heap      ] GC(110) ParNew: 241922K->1108K(270976K)
[329.503s][info ][gc,heap      ] GC(110) CMS: 196393K->196408K(602112K)
[329.503s][info ][gc,metaspace ] GC(110) Metaspace: 53460K->53460K(1097728K)
[329.503s][info ][gc           ] GC(110) Pause Young (Allocation Failure) 428M->192M(852M) 2.424ms
[329.503s][info ][gc,cpu       ] GC(110) User=0.01s Sys=0.00s Real=0.00s
[329.503s][info ][safepoint    ] Leaving safepoint region
[329.503s][info ][safepoint    ] Total time for which application threads were stopped: 0.0025731 seconds, Stopping threads took: 0.0000175 seconds
[330.503s][info ][safepoint    ] Application time: 1.0001578 seconds
[330.503s][info ][safepoint    ] Entering safepoint region: Cleanup
[330.503s][info ][safepoint    ] Leaving safepoint region
[330.503s][info ][safepoint    ] Total time for which application threads were stopped: 0.0000931 seconds, Stopping threads took: 0.0000191 seconds
[334.504s][info ][safepoint    ] Application time: 4.0008029 seconds
[334.504s][info ][safepoint    ] Entering safepoint region: Cleanup
[334.504s][info ][safepoint    ] Leaving safepoint region
[334.504s][info ][safepoint    ] Total time for which application threads were stopped: 0.0000797 seconds, Stopping threads took: 0.0000194 seconds
[335.507s][info ][safepoint    ] Application time: 1.0021617 seconds
[335.507s][info ][safepoint    ] Entering safepoint region: Cleanup
[335.507s][info ][safepoint    ] Leaving safepoint region
[335.507s][info ][safepoint    ] Total time for which application threads were stopped: 0.0000803 seconds, Stopping threads took: 0.0000181 seconds
[338.507s][info ][safepoint    ] Application time: 3.0002613 seconds
[338.507s][info ][safepoint    ] Entering safepoint region: Cleanup
[338.507s][info ][safepoint    ] Leaving safepoint region
[338.507s][info ][safepoint    ] Total time for which application threads were stopped: 0.0000825 seconds, Stopping threads took: 0.0000237 seconds
[339.507s][info ][safepoint    ] Application time: 1.0001027 seconds
[339.507s][info ][safepoint    ] Entering safepoint region: Cleanup
[339.507s][info ][safepoint    ] Leaving safepoint region
[339.507s][info ][safepoint    ] Total time for which application threads were stopped: 0.0001003 seconds, Stopping threads took: 0.0000380 seconds
[340.507s][info ][safepoint    ] Application time: 1.0000891 seconds
[340.507s][info ][safepoint    ] Entering safepoint region: Cleanup
[340.507s][info ][safepoint    ] Leaving safepoint region
[340.507s][info ][safepoint    ] Total time for which application threads were stopped: 0.0000735 seconds, Stopping threads took: 0.0000161 seconds
[342.508s][info ][safepoint    ] Application time: 2.0001767 seconds
[342.508s][info ][safepoint    ] Entering safepoint region: Cleanup
[342.508s][info ][safepoint    ] Leaving safepoint region
[342.508s][info ][safepoint    ] Total time for which application threads were stopped: 0.0000908 seconds, Stopping threads took: 0.0000180 seconds
[343.508s][info ][safepoint    ] Application time: 1.0000886 seconds
[343.508s][info ][safepoint    ] Entering safepoint region: Cleanup
[343.508s][info ][safepoint    ] Leaving safepoint region
[343.508s][info ][safepoint    ] Total time for which application threads were stopped: 0.0000805 seconds, Stopping threads took: 0.0000191 seconds
[344.508s][info ][safepoint    ] Application time: 1.0000887 seconds
[344.508s][info ][safepoint    ] Entering safepoint region: Cleanup
[344.508s][info ][safepoint    ] Leaving safepoint region
[344.508s][info ][safepoint    ] Total time for which application threads were stopped: 0.0000939 seconds, Stopping threads took: 0.0000182 seconds
[345.508s][info ][safepoint    ] Application time: 1.0000895 seconds
[345.508s][info ][safepoint    ] Entering safepoint region: Cleanup
[345.508s][info ][safepoint    ] Leaving safepoint region
[345.508s][info ][safepoint    ] Total time for which application threads were stopped: 0.0000976 seconds, Stopping threads took: 0.0000179 seconds
[346.509s][info ][safepoint    ] Application time: 1.0000963 seconds
[346.509s][info ][safepoint    ] Entering safepoint region: Cleanup
[346.509s][info ][safepoint    ] Leaving safepoint region
[346.509s][info ][safepoint    ] Total time for which application threads were stopped: 0.0001022 seconds, Stopping threads took: 0.0000198 seconds
[347.509s][info ][safepoint    ] Application time: 1.0001144 seconds
[347.509s][info ][safepoint    ] Entering safepoint region: Cleanup
[347.509s][info ][safepoint    ] Leaving safepoint region
[347.509s][info ][safepoint    ] Total time for which application threads were stopped: 0.0000838 seconds, Stopping threads took: 0.0000180 seconds
[350.509s][info ][safepoint    ] Application time: 3.0002317 seconds
[350.509s][info ][safepoint    ] Entering safepoint region: Cleanup
[350.509s][info ][safepoint    ] Leaving safepoint region
[350.509s][info ][safepoint    ] Total time for which application threads were stopped: 0.0000831 seconds, Stopping threads took: 0.0000194 seconds
[354.510s][info ][safepoint    ] Application time: 4.0003116 seconds
[354.510s][info ][safepoint    ] Entering safepoint region: Cleanup
[354.510s][info ][safepoint    ] Leaving safepoint region
[354.510s][info ][safepoint    ] Total time for which application threads were stopped: 0.0000924 seconds, Stopping threads took: 0.0000339 seconds
[362.510s][info ][safepoint    ] Application time: 8.0006020 seconds
[362.510s][info ][safepoint    ] Entering safepoint region: Cleanup
[362.510s][info ][safepoint    ] Leaving safepoint region
[362.510s][info ][safepoint    ] Total time for which application threads were stopped: 0.0001039 seconds, Stopping threads took: 0.0000198 seconds
[363.511s][info ][safepoint    ] Application time: 1.0000820 seconds
[363.511s][info ][safepoint    ] Entering safepoint region: Cleanup
[363.511s][info ][safepoint    ] Leaving safepoint region
[363.511s][info ][safepoint    ] Total time for which application threads were stopped: 0.0000894 seconds, Stopping threads took: 0.0000211 seconds
[370.511s][info ][safepoint    ] Application time: 7.0006137 seconds
[370.511s][info ][safepoint    ] Entering safepoint region: Cleanup
[370.512s][info ][safepoint    ] Leaving safepoint region
[370.512s][info ][safepoint    ] Total time for which application threads were stopped: 0.0001149 seconds, Stopping threads took: 0.0000423 seconds
[371.512s][info ][safepoint    ] Application time: 1.0000851 seconds
[371.512s][info ][safepoint    ] Entering safepoint region: Cleanup
[371.512s][info ][safepoint    ] Leaving safepoint region
[371.512s][info ][safepoint    ] Total time for which application threads were stopped: 0.0001083 seconds, Stopping threads took: 0.0000191 seconds
[374.696s][info ][safepoint    ] Application time: 3.1844921 seconds
[374.696s][info ][safepoint    ] Entering safepoint region: GenCollectForAllocation
[374.696s][info ][gc,start     ] GC(111) Pause Young (Allocation Failure)
[374.696s][info ][gc,task      ] GC(111) Using 4 workers of 4 for evacuation
[374.698s][debug][gc,ref       ] GC(111) Skipped phase1 of Reference Processing due to unavailable references
[374.698s][debug][gc,ref       ] GC(111) Skipped phase3 of Reference Processing due to unavailable references
[374.698s][debug][gc,ref       ] GC(111) Skipped phase4 of Reference Processing due to unavailable references
[374.698s][debug][gc,age       ] GC(111) Desired survivor size 15400960 bytes, new threshold 6 (max threshold 6)
[374.698s][info ][gc,heap      ] GC(111) ParNew: 242004K->1215K(270976K)
[374.698s][info ][gc,heap      ] GC(111) CMS: 196408K->196414K(602112K)
[374.698s][info ][gc,metaspace ] GC(111) Metaspace: 53464K->53464K(1097728K)
[374.698s][info ][gc           ] GC(111) Pause Young (Allocation Failure) 428M->192M(852M) 1.907ms
[374.698s][info ][gc,cpu       ] GC(111) User=0.01s Sys=0.00s Real=0.00s
[374.698s][info ][safepoint    ] Leaving safepoint region
[374.698s][info ][safepoint    ] Total time for which application threads were stopped: 0.0020604 seconds, Stopping threads took: 0.0000295 seconds
[384.699s][info ][safepoint    ] Application time: 10.0006759 seconds
[384.699s][info ][safepoint    ] Entering safepoint region: Cleanup
[384.699s][info ][safepoint    ] Leaving safepoint region
[384.699s][info ][safepoint    ] Total time for which application threads were stopped: 0.0000911 seconds, Stopping threads took: 0.0000320 seconds
[387.699s][info ][safepoint    ] Application time: 3.0002239 seconds
[387.699s][info ][safepoint    ] Entering safepoint region: Cleanup
[387.700s][info ][safepoint    ] Leaving safepoint region
[387.700s][info ][safepoint    ] Total time for which application threads were stopped: 0.0000914 seconds, Stopping threads took: 0.0000170 seconds
[388.700s][info ][safepoint    ] Application time: 1.0000700 seconds
[388.700s][info ][safepoint    ] Entering safepoint region: Cleanup
[388.700s][info ][safepoint    ] Leaving safepoint region
[388.700s][info ][safepoint    ] Total time for which application threads were stopped: 0.0000734 seconds, Stopping threads took: 0.0000164 seconds
[395.700s][info ][safepoint    ] Application time: 7.0005118 seconds
[395.700s][info ][safepoint    ] Entering safepoint region: Cleanup
[395.700s][info ][safepoint    ] Leaving safepoint region
[395.700s][info ][safepoint    ] Total time for which application threads were stopped: 0.0000766 seconds, Stopping threads took: 0.0000174 seconds
[396.700s][info ][safepoint    ] Application time: 1.0001030 seconds
[396.701s][info ][safepoint    ] Entering safepoint region: Cleanup
[396.701s][info ][safepoint    ] Leaving safepoint region
[396.701s][info ][safepoint    ] Total time for which application threads were stopped: 0.0000800 seconds, Stopping threads took: 0.0000176 seconds
[398.701s][info ][safepoint    ] Application time: 2.0001530 seconds
[398.701s][info ][safepoint    ] Entering safepoint region: Cleanup
[398.701s][info ][safepoint    ] Leaving safepoint region
[398.701s][info ][safepoint    ] Total time for which application threads were stopped: 0.0000855 seconds, Stopping threads took: 0.0000190 seconds
[424.347s][info ][safepoint    ] Application time: 25.6456815 seconds
[424.347s][info ][safepoint    ] Entering safepoint region: GenCollectForAllocation
[424.347s][info ][gc,start     ] GC(112) Pause Young (Allocation Failure)
[424.347s][info ][gc,task      ] GC(112) Using 4 workers of 4 for evacuation
[424.349s][debug][gc,ref       ] GC(112) Skipped phase1 of Reference Processing due to unavailable references
[424.349s][debug][gc,ref       ] GC(112) Skipped phase3 of Reference Processing due to unavailable references
[424.349s][debug][gc,age       ] GC(112) Desired survivor size 15400960 bytes, new threshold 6 (max threshold 6)
[424.349s][info ][gc,heap      ] GC(112) ParNew: 242111K->1222K(270976K)
[424.349s][info ][gc,heap      ] GC(112) CMS: 196414K->196428K(602112K)
[424.349s][info ][gc,metaspace ] GC(112) Metaspace: 53476K->53476K(1097728K)
[424.349s][info ][gc           ] GC(112) Pause Young (Allocation Failure) 428M->193M(852M) 1.972ms
[424.349s][info ][gc,cpu       ] GC(112) User=0.00s Sys=0.00s Real=0.01s
[424.349s][info ][safepoint    ] Leaving safepoint region
[424.349s][info ][safepoint    ] Total time for which application threads were stopped: 0.0021690 seconds, Stopping threads took: 0.0000489 seconds
[426.349s][info ][safepoint    ] Application time: 2.0001379 seconds
[426.349s][info ][safepoint    ] Entering safepoint region: Cleanup
[426.349s][info ][safepoint    ] Leaving safepoint region
[426.349s][info ][safepoint    ] Total time for which application threads were stopped: 0.0000982 seconds, Stopping threads took: 0.0000181 seconds
[427.349s][info ][safepoint    ] Application time: 1.0000917 seconds
[427.349s][info ][safepoint    ] Entering safepoint region: Cleanup
[427.349s][info ][safepoint    ] Leaving safepoint region
[427.349s][info ][safepoint    ] Total time for which application threads were stopped: 0.0000830 seconds, Stopping threads took: 0.0000188 seconds
[434.350s][info ][safepoint    ] Application time: 7.0006523 seconds
[434.350s][info ][safepoint    ] Entering safepoint region: Cleanup
[434.350s][info ][safepoint    ] Leaving safepoint region
[434.350s][info ][safepoint    ] Total time for which application threads were stopped: 0.0000738 seconds, Stopping threads took: 0.0000195 seconds
[444.351s][info ][safepoint    ] Application time: 10.0007871 seconds
[444.351s][info ][safepoint    ] Entering safepoint region: Cleanup
[444.351s][info ][safepoint    ] Leaving safepoint region
[444.351s][info ][safepoint    ] Total time for which application threads were stopped: 0.0001191 seconds, Stopping threads took: 0.0000420 seconds
[457.352s][info ][safepoint    ] Application time: 13.0010480 seconds
[457.352s][info ][safepoint    ] Entering safepoint region: Cleanup
[457.352s][info ][safepoint    ] Leaving safepoint region
[457.352s][info ][safepoint    ] Total time for which application threads were stopped: 0.0000788 seconds, Stopping threads took: 0.0000187 seconds
[458.352s][info ][safepoint    ] Application time: 1.0001034 seconds
[458.352s][info ][safepoint    ] Entering safepoint region: Cleanup
[458.353s][info ][safepoint    ] Leaving safepoint region
[458.353s][info ][safepoint    ] Total time for which application threads were stopped: 0.0001796 seconds, Stopping threads took: 0.0000170 seconds
[459.353s][info ][safepoint    ] Application time: 1.0000807 seconds
[459.353s][info ][safepoint    ] Entering safepoint region: Cleanup
[459.353s][info ][safepoint    ] Leaving safepoint region
[459.353s][info ][safepoint    ] Total time for which application threads were stopped: 0.0000771 seconds, Stopping threads took: 0.0000193 seconds
[460.353s][info ][safepoint    ] Application time: 1.0001103 seconds
[460.353s][info ][safepoint    ] Entering safepoint region: Cleanup
[460.353s][info ][safepoint    ] Leaving safepoint region
[460.353s][info ][safepoint    ] Total time for which application threads were stopped: 0.0000894 seconds, Stopping threads took: 0.0000181 seconds
[460.700s][info ][safepoint    ] Application time: 0.3474452 seconds
[460.701s][info ][safepoint    ] Entering safepoint region: GenCollectForAllocation
[460.701s][info ][gc,start     ] GC(113) Pause Young (Allocation Failure)
[460.701s][info ][gc,task      ] GC(113) Using 4 workers of 4 for evacuation
[460.702s][debug][gc,ref       ] GC(113) Skipped phase1 of Reference Processing due to unavailable references
[460.702s][debug][gc,ref       ] GC(113) Skipped phase2 of Reference Processing due to unavailable references
[460.702s][debug][gc,ref       ] GC(113) Skipped phase3 of Reference Processing due to unavailable references
[460.702s][debug][gc,ref       ] GC(113) Skipped phase4 of Reference Processing due to unavailable references
[460.703s][debug][gc,age       ] GC(113) Desired survivor size 15400960 bytes, new threshold 6 (max threshold 6)
[460.703s][info ][gc,heap      ] GC(113) ParNew: 242118K->1003K(270976K)
[460.703s][info ][gc,heap      ] GC(113) CMS: 196428K->196453K(602112K)
[460.703s][info ][gc,metaspace ] GC(113) Metaspace: 53486K->53486K(1097728K)
[460.703s][info ][gc           ] GC(113) Pause Young (Allocation Failure) 428M->192M(852M) 1.924ms
[460.703s][info ][gc,cpu       ] GC(113) User=0.00s Sys=0.00s Real=0.00s
[460.703s][info ][safepoint    ] Leaving safepoint region
[460.703s][info ][safepoint    ] Total time for which application threads were stopped: 0.0021243 seconds, Stopping threads took: 0.0000638 seconds
[461.703s][info ][safepoint    ] Application time: 1.0000946 seconds
[461.703s][info ][safepoint    ] Entering safepoint region: Cleanup
[461.703s][info ][safepoint    ] Leaving safepoint region
[461.703s][info ][safepoint    ] Total time for which application threads were stopped: 0.0000879 seconds, Stopping threads took: 0.0000181 seconds
[462.703s][info ][safepoint    ] Application time: 1.0000943 seconds
[462.703s][info ][safepoint    ] Entering safepoint region: Cleanup
[462.703s][info ][safepoint    ] Leaving safepoint region
[462.703s][info ][safepoint    ] Total time for which application threads were stopped: 0.0001295 seconds, Stopping threads took: 0.0000431 seconds
[464.703s][info ][safepoint    ] Application time: 2.0001694 seconds
[464.703s][info ][safepoint    ] Entering safepoint region: Cleanup
[464.703s][info ][safepoint    ] Leaving safepoint region
[464.703s][info ][safepoint    ] Total time for which application threads were stopped: 0.0001571 seconds, Stopping threads took: 0.0000606 seconds
[465.704s][info ][safepoint    ] Application time: 1.0000855 seconds
[465.704s][info ][safepoint    ] Entering safepoint region: Cleanup
[465.704s][info ][safepoint    ] Leaving safepoint region
[465.704s][info ][safepoint    ] Total time for which application threads were stopped: 0.0000763 seconds, Stopping threads took: 0.0000157 seconds
[466.704s][info ][safepoint    ] Application time: 1.0000893 seconds
[466.704s][info ][safepoint    ] Entering safepoint region: Cleanup
[466.704s][info ][safepoint    ] Leaving safepoint region
[466.704s][info ][safepoint    ] Total time for which application threads were stopped: 0.0001179 seconds, Stopping threads took: 0.0000406 seconds
[467.415s][info ][safepoint    ] Application time: 0.7113125 seconds
[467.415s][info ][safepoint    ] Entering safepoint region: GenCollectForAllocation
[467.415s][info ][gc,start     ] GC(114) Pause Young (Allocation Failure)
[467.415s][info ][gc,task      ] GC(114) Using 4 workers of 4 for evacuation
[467.417s][debug][gc,ref       ] GC(114) Skipped phase1 of Reference Processing due to unavailable references
[467.417s][debug][gc,ref       ] GC(114) Skipped phase2 of Reference Processing due to unavailable references
[467.417s][debug][gc,ref       ] GC(114) Skipped phase3 of Reference Processing due to unavailable references
[467.417s][debug][gc,ref       ] GC(114) Skipped phase4 of Reference Processing due to unavailable references
[467.417s][debug][gc,age       ] GC(114) Desired survivor size 15400960 bytes, new threshold 6 (max threshold 6)
[467.417s][info ][gc,heap      ] GC(114) ParNew: 241899K->984K(270976K)
[467.417s][info ][gc,heap      ] GC(114) CMS: 196453K->196593K(602112K)
[467.417s][info ][gc,metaspace ] GC(114) Metaspace: 53492K->53492K(1097728K)
[467.417s][info ][gc           ] GC(114) Pause Young (Allocation Failure) 428M->192M(852M) 1.881ms
[467.417s][info ][gc,cpu       ] GC(114) User=0.01s Sys=0.00s Real=0.00s
[467.417s][info ][safepoint    ] Leaving safepoint region
[467.417s][info ][safepoint    ] Total time for which application threads were stopped: 0.0020481 seconds, Stopping threads took: 0.0000166 seconds
[476.418s][info ][safepoint    ] Application time: 9.0007881 seconds
[476.418s][info ][safepoint    ] Entering safepoint region: Cleanup
[476.418s][info ][safepoint    ] Leaving safepoint region
[476.418s][info ][safepoint    ] Total time for which application threads were stopped: 0.0000912 seconds, Stopping threads took: 0.0000183 seconds
[479.419s][info ][safepoint    ] Application time: 3.0002529 seconds
[479.419s][info ][safepoint    ] Entering safepoint region: Cleanup
[479.419s][info ][safepoint    ] Leaving safepoint region
[479.419s][info ][safepoint    ] Total time for which application threads were stopped: 0.0000885 seconds, Stopping threads took: 0.0000195 seconds
[480.419s][info ][safepoint    ] Application time: 1.0000878 seconds
[480.419s][info ][safepoint    ] Entering safepoint region: Cleanup
[480.419s][info ][safepoint    ] Leaving safepoint region
[480.419s][info ][safepoint    ] Total time for which application threads were stopped: 0.0000929 seconds, Stopping threads took: 0.0000195 seconds
[481.419s][info ][safepoint    ] Application time: 1.0001247 seconds
[481.419s][info ][safepoint    ] Entering safepoint region: Cleanup
[481.419s][info ][safepoint    ] Leaving safepoint region
[481.419s][info ][safepoint    ] Total time for which application threads were stopped: 0.0001042 seconds, Stopping threads took: 0.0000198 seconds
[482.419s][info ][safepoint    ] Application time: 1.0000487 seconds
[482.419s][info ][safepoint    ] Entering safepoint region: Cleanup
[482.419s][info ][safepoint    ] Leaving safepoint region
[482.419s][info ][safepoint    ] Total time for which application threads were stopped: 0.0000905 seconds, Stopping threads took: 0.0000192 seconds
[483.419s][info ][safepoint    ] Application time: 1.0001056 seconds
[483.420s][info ][safepoint    ] Entering safepoint region: Cleanup
[483.420s][info ][safepoint    ] Leaving safepoint region
[483.420s][info ][safepoint    ] Total time for which application threads were stopped: 0.0000921 seconds, Stopping threads took: 0.0000194 seconds
[484.420s][info ][safepoint    ] Application time: 1.0000926 seconds
[484.420s][info ][safepoint    ] Entering safepoint region: Cleanup
[484.420s][info ][safepoint    ] Leaving safepoint region
[484.420s][info ][safepoint    ] Total time for which application threads were stopped: 0.0000897 seconds, Stopping threads took: 0.0000237 seconds
[485.420s][info ][safepoint    ] Application time: 1.0000793 seconds
[485.420s][info ][safepoint    ] Entering safepoint region: Cleanup
[485.420s][info ][safepoint    ] Leaving safepoint region
[485.420s][info ][safepoint    ] Total time for which application threads were stopped: 0.0000920 seconds, Stopping threads took: 0.0000198 seconds
[486.421s][info ][safepoint    ] Application time: 1.0004344 seconds
[486.421s][info ][safepoint    ] Entering safepoint region: Cleanup
[486.421s][info ][safepoint    ] Leaving safepoint region
[486.421s][info ][safepoint    ] Total time for which application threads were stopped: 0.0002238 seconds, Stopping threads took: 0.0000935 seconds
[487.344s][info ][safepoint    ] Application time: 0.9228330 seconds
[487.344s][info ][safepoint    ] Entering safepoint region: GenCollectForAllocation
[487.344s][info ][gc,start     ] GC(115) Pause Young (Allocation Failure)
[487.344s][info ][gc,task      ] GC(115) Using 4 workers of 4 for evacuation
[487.346s][debug][gc,ref       ] GC(115) Skipped phase1 of Reference Processing due to unavailable references
[487.346s][debug][gc,ref       ] GC(115) Skipped phase2 of Reference Processing due to unavailable references
[487.346s][debug][gc,ref       ] GC(115) Skipped phase3 of Reference Processing due to unavailable references
[487.346s][debug][gc,ref       ] GC(115) Skipped phase4 of Reference Processing due to unavailable references
[487.346s][debug][gc,age       ] GC(115) Desired survivor size 15400960 bytes, new threshold 6 (max threshold 6)
[487.346s][info ][gc,heap      ] GC(115) ParNew: 241880K->866K(270976K)
[487.346s][info ][gc,heap      ] GC(115) CMS: 196593K->196633K(602112K)
[487.346s][info ][gc,metaspace ] GC(115) Metaspace: 53507K->53507K(1097728K)
[487.346s][info ][gc           ] GC(115) Pause Young (Allocation Failure) 428M->192M(852M) 1.978ms
[487.346s][info ][gc,cpu       ] GC(115) User=0.01s Sys=0.00s Real=0.00s
[487.346s][info ][safepoint    ] Leaving safepoint region
[487.346s][info ][safepoint    ] Total time for which application threads were stopped: 0.0021257 seconds, Stopping threads took: 0.0000181 seconds
[488.346s][info ][safepoint    ] Application time: 1.0001075 seconds
[488.346s][info ][safepoint    ] Entering safepoint region: Cleanup
[488.346s][info ][safepoint    ] Leaving safepoint region
[488.346s][info ][safepoint    ] Total time for which application threads were stopped: 0.0000722 seconds, Stopping threads took: 0.0000192 seconds
[489.346s][info ][safepoint    ] Application time: 1.0000936 seconds
[489.346s][info ][safepoint    ] Entering safepoint region: Cleanup
[489.346s][info ][safepoint    ] Leaving safepoint region
[489.346s][info ][safepoint    ] Total time for which application threads were stopped: 0.0000785 seconds, Stopping threads took: 0.0000181 seconds
[490.346s][info ][safepoint    ] Application time: 1.0000845 seconds
[490.346s][info ][safepoint    ] Entering safepoint region: Cleanup
[490.346s][info ][safepoint    ] Leaving safepoint region
[490.346s][info ][safepoint    ] Total time for which application threads were stopped: 0.0000947 seconds, Stopping threads took: 0.0000345 seconds
[491.347s][info ][safepoint    ] Application time: 1.0000988 seconds
[491.347s][info ][safepoint    ] Entering safepoint region: Cleanup
[491.347s][info ][safepoint    ] Leaving safepoint region
[491.347s][info ][safepoint    ] Total time for which application threads were stopped: 0.0000765 seconds, Stopping threads took: 0.0000193 seconds
[492.347s][info ][safepoint    ] Application time: 1.0000785 seconds
[492.347s][info ][safepoint    ] Entering safepoint region: Cleanup
[492.347s][info ][safepoint    ] Leaving safepoint region
[492.347s][info ][safepoint    ] Total time for which application threads were stopped: 0.0000915 seconds, Stopping threads took: 0.0000195 seconds
[493.347s][info ][safepoint    ] Application time: 1.0000849 seconds
[493.347s][info ][safepoint    ] Entering safepoint region: Cleanup
[493.347s][info ][safepoint    ] Leaving safepoint region
[493.347s][info ][safepoint    ] Total time for which application threads were stopped: 0.0001306 seconds, Stopping threads took: 0.0000693 seconds
[494.347s][info ][safepoint    ] Application time: 1.0000915 seconds
[494.347s][info ][safepoint    ] Entering safepoint region: Cleanup
[494.347s][info ][safepoint    ] Leaving safepoint region
[494.347s][info ][safepoint    ] Total time for which application threads were stopped: 0.0000931 seconds, Stopping threads took: 0.0000345 seconds
[495.347s][info ][safepoint    ] Application time: 1.0000765 seconds
[495.348s][info ][safepoint    ] Entering safepoint region: Cleanup
[495.348s][info ][safepoint    ] Leaving safepoint region
[495.348s][info ][safepoint    ] Total time for which application threads were stopped: 0.0000780 seconds, Stopping threads took: 0.0000196 seconds
[496.348s][info ][safepoint    ] Application time: 1.0001295 seconds
[496.348s][info ][safepoint    ] Entering safepoint region: Cleanup
[496.348s][info ][safepoint    ] Leaving safepoint region
[496.348s][info ][safepoint    ] Total time for which application threads were stopped: 0.0000731 seconds, Stopping threads took: 0.0000185 seconds
[497.348s][info ][safepoint    ] Application time: 1.0000878 seconds
[497.348s][info ][safepoint    ] Entering safepoint region: Cleanup
[497.348s][info ][safepoint    ] Leaving safepoint region
[497.348s][info ][safepoint    ] Total time for which application threads were stopped: 0.0000725 seconds, Stopping threads took: 0.0000168 seconds
[498.348s][info ][safepoint    ] Application time: 1.0000937 seconds
[498.348s][info ][safepoint    ] Entering safepoint region: Cleanup
[498.348s][info ][safepoint    ] Leaving safepoint region
[498.348s][info ][safepoint    ] Total time for which application threads were stopped: 0.0000998 seconds, Stopping threads took: 0.0000198 seconds
[499.348s][info ][safepoint    ] Application time: 1.0000936 seconds
[499.348s][info ][safepoint    ] Entering safepoint region: Cleanup
[499.348s][info ][safepoint    ] Leaving safepoint region
[499.348s][info ][safepoint    ] Total time for which application threads were stopped: 0.0000750 seconds, Stopping threads took: 0.0000181 seconds
[500.349s][info ][safepoint    ] Application time: 1.0000930 seconds
[500.349s][info ][safepoint    ] Entering safepoint region: Cleanup
[500.349s][info ][safepoint    ] Leaving safepoint region
[500.349s][info ][safepoint    ] Total time for which application threads were stopped: 0.0000964 seconds, Stopping threads took: 0.0000373 seconds
[501.349s][info ][safepoint    ] Application time: 1.0000980 seconds
[501.349s][info ][safepoint    ] Entering safepoint region: Cleanup
[501.349s][info ][safepoint    ] Leaving safepoint region
[501.349s][info ][safepoint    ] Total time for which application threads were stopped: 0.0000782 seconds, Stopping threads took: 0.0000195 seconds
[502.349s][info ][safepoint    ] Application time: 1.0001093 seconds
[502.349s][info ][safepoint    ] Entering safepoint region: Cleanup
[502.349s][info ][safepoint    ] Leaving safepoint region
[502.349s][info ][safepoint    ] Total time for which application threads were stopped: 0.0001392 seconds, Stopping threads took: 0.0000780 seconds
[503.349s][info ][safepoint    ] Application time: 1.0000870 seconds
[503.349s][info ][safepoint    ] Entering safepoint region: Cleanup
[503.349s][info ][safepoint    ] Leaving safepoint region
[503.349s][info ][safepoint    ] Total time for which application threads were stopped: 0.0000763 seconds, Stopping threads took: 0.0000218 seconds
[504.349s][info ][safepoint    ] Application time: 1.0000418 seconds
[504.350s][info ][safepoint    ] Entering safepoint region: Cleanup
[504.350s][info ][safepoint    ] Leaving safepoint region
[504.350s][info ][safepoint    ] Total time for which application threads were stopped: 0.0000756 seconds, Stopping threads took: 0.0000170 seconds
[505.350s][info ][safepoint    ] Application time: 1.0001149 seconds
[505.350s][info ][safepoint    ] Entering safepoint region: Cleanup
[505.350s][info ][safepoint    ] Leaving safepoint region
[505.350s][info ][safepoint    ] Total time for which application threads were stopped: 0.0000749 seconds, Stopping threads took: 0.0000180 seconds
[506.350s][info ][safepoint    ] Application time: 1.0000940 seconds
[506.350s][info ][safepoint    ] Entering safepoint region: Cleanup
[506.350s][info ][safepoint    ] Leaving safepoint region
[506.350s][info ][safepoint    ] Total time for which application threads were stopped: 0.0000739 seconds, Stopping threads took: 0.0000178 seconds
[507.350s][info ][safepoint    ] Application time: 1.0000882 seconds
[507.350s][info ][safepoint    ] Entering safepoint region: Cleanup
[507.350s][info ][safepoint    ] Leaving safepoint region
[507.350s][info ][safepoint    ] Total time for which application threads were stopped: 0.0000723 seconds, Stopping threads took: 0.0000177 seconds
[508.350s][info ][safepoint    ] Application time: 1.0000909 seconds
[508.350s][info ][safepoint    ] Entering safepoint region: Cleanup
[508.351s][info ][safepoint    ] Leaving safepoint region
[508.351s][info ][safepoint    ] Total time for which application threads were stopped: 0.0001627 seconds, Stopping threads took: 0.0000199 seconds
[509.351s][info ][safepoint    ] Application time: 1.0000972 seconds
[509.351s][info ][safepoint    ] Entering safepoint region: Cleanup
[509.351s][info ][safepoint    ] Leaving safepoint region
[509.351s][info ][safepoint    ] Total time for which application threads were stopped: 0.0000942 seconds, Stopping threads took: 0.0000191 seconds
[510.351s][info ][safepoint    ] Application time: 1.0001059 seconds
[510.351s][info ][safepoint    ] Entering safepoint region: Cleanup
[510.351s][info ][safepoint    ] Leaving safepoint region
[510.351s][info ][safepoint    ] Total time for which application threads were stopped: 0.0000814 seconds, Stopping threads took: 0.0000192 seconds
[511.351s][info ][safepoint    ] Application time: 1.0000909 seconds
[511.351s][info ][safepoint    ] Entering safepoint region: Cleanup
[511.351s][info ][safepoint    ] Leaving safepoint region
[511.351s][info ][safepoint    ] Total time for which application threads were stopped: 0.0000722 seconds, Stopping threads took: 0.0000177 seconds
[512.351s][info ][safepoint    ] Application time: 1.0000958 seconds
[512.351s][info ][safepoint    ] Entering safepoint region: Cleanup
[512.352s][info ][safepoint    ] Leaving safepoint region
[512.352s][info ][safepoint    ] Total time for which application threads were stopped: 0.0001555 seconds, Stopping threads took: 0.0000209 seconds
[513.352s][info ][safepoint    ] Application time: 1.0000922 seconds
[513.352s][info ][safepoint    ] Entering safepoint region: Cleanup
[513.352s][info ][safepoint    ] Leaving safepoint region
[513.352s][info ][safepoint    ] Total time for which application threads were stopped: 0.0000792 seconds, Stopping threads took: 0.0000187 seconds
[514.352s][info ][safepoint    ] Application time: 1.0000872 seconds
[514.352s][info ][safepoint    ] Entering safepoint region: Cleanup
[514.352s][info ][safepoint    ] Leaving safepoint region
[514.352s][info ][safepoint    ] Total time for which application threads were stopped: 0.0000849 seconds, Stopping threads took: 0.0000298 seconds
[515.352s][info ][safepoint    ] Application time: 1.0000865 seconds
[515.352s][info ][safepoint    ] Entering safepoint region: Cleanup
[515.352s][info ][safepoint    ] Leaving safepoint region
[515.352s][info ][safepoint    ] Total time for which application threads were stopped: 0.0000791 seconds, Stopping threads took: 0.0000180 seconds
[516.352s][info ][safepoint    ] Application time: 1.0000845 seconds
[516.352s][info ][safepoint    ] Entering safepoint region: Cleanup
[516.352s][info ][safepoint    ] Leaving safepoint region
[516.352s][info ][safepoint    ] Total time for which application threads were stopped: 0.0000849 seconds, Stopping threads took: 0.0000173 seconds
[517.352s][info ][safepoint    ] Application time: 1.0000912 seconds
[517.353s][info ][safepoint    ] Entering safepoint region: Cleanup
[517.353s][info ][safepoint    ] Leaving safepoint region
[517.353s][info ][safepoint    ] Total time for which application threads were stopped: 0.0000815 seconds, Stopping threads took: 0.0000184 seconds
[518.353s][info ][safepoint    ] Application time: 1.0000849 seconds
[518.353s][info ][safepoint    ] Entering safepoint region: Cleanup
[518.353s][info ][safepoint    ] Leaving safepoint region
[518.353s][info ][safepoint    ] Total time for which application threads were stopped: 0.0001049 seconds, Stopping threads took: 0.0000327 seconds
[519.353s][info ][safepoint    ] Application time: 1.0000918 seconds
[519.353s][info ][safepoint    ] Entering safepoint region: Cleanup
[519.353s][info ][safepoint    ] Leaving safepoint region
[519.353s][info ][safepoint    ] Total time for which application threads were stopped: 0.0000802 seconds, Stopping threads took: 0.0000201 seconds
[520.353s][info ][safepoint    ] Application time: 1.0000822 seconds
[520.353s][info ][safepoint    ] Entering safepoint region: Cleanup
[520.353s][info ][safepoint    ] Leaving safepoint region
[520.353s][info ][safepoint    ] Total time for which application threads were stopped: 0.0000862 seconds, Stopping threads took: 0.0000187 seconds
[521.353s][info ][safepoint    ] Application time: 1.0000812 seconds
[521.353s][info ][safepoint    ] Entering safepoint region: Cleanup
[521.354s][info ][safepoint    ] Leaving safepoint region
[521.354s][info ][safepoint    ] Total time for which application threads were stopped: 0.0001033 seconds, Stopping threads took: 0.0000191 seconds
[522.354s][info ][safepoint    ] Application time: 1.0000866 seconds
[522.354s][info ][safepoint    ] Entering safepoint region: Cleanup
[522.354s][info ][safepoint    ] Leaving safepoint region
[522.354s][info ][safepoint    ] Total time for which application threads were stopped: 0.0000801 seconds, Stopping threads took: 0.0000205 seconds
[523.354s][info ][safepoint    ] Application time: 1.0000917 seconds
[523.354s][info ][safepoint    ] Entering safepoint region: Cleanup
[523.354s][info ][safepoint    ] Leaving safepoint region
[523.354s][info ][safepoint    ] Total time for which application threads were stopped: 0.0000791 seconds, Stopping threads took: 0.0000192 seconds
[524.354s][info ][safepoint    ] Application time: 1.0000811 seconds
[524.354s][info ][safepoint    ] Entering safepoint region: Cleanup
[524.355s][info ][safepoint    ] Leaving safepoint region
[524.355s][info ][safepoint    ] Total time for which application threads were stopped: 0.0000779 seconds, Stopping threads took: 0.0000189 seconds
[525.355s][info ][safepoint    ] Application time: 1.0000901 seconds
[525.355s][info ][safepoint    ] Entering safepoint region: Cleanup
[525.355s][info ][safepoint    ] Leaving safepoint region
[525.355s][info ][safepoint    ] Total time for which application threads were stopped: 0.0000921 seconds, Stopping threads took: 0.0000182 seconds
[526.355s][info ][safepoint    ] Application time: 1.0001262 seconds
[526.355s][info ][safepoint    ] Entering safepoint region: Cleanup
[526.355s][info ][safepoint    ] Leaving safepoint region
[526.355s][info ][safepoint    ] Total time for which application threads were stopped: 0.0000781 seconds, Stopping threads took: 0.0000186 seconds
[527.355s][info ][safepoint    ] Application time: 1.0000790 seconds
[527.355s][info ][safepoint    ] Entering safepoint region: Cleanup
[527.355s][info ][safepoint    ] Leaving safepoint region
[527.355s][info ][safepoint    ] Total time for which application threads were stopped: 0.0000915 seconds, Stopping threads took: 0.0000185 seconds
[528.007s][info ][safepoint    ] Application time: 0.6517342 seconds
[528.007s][info ][safepoint    ] Entering safepoint region: GenCollectForAllocation
[528.007s][info ][gc,start     ] GC(116) Pause Young (Allocation Failure)
[528.007s][info ][gc,task      ] GC(116) Using 4 workers of 4 for evacuation
[528.009s][debug][gc,ref       ] GC(116) Skipped phase1 of Reference Processing due to unavailable references
[528.009s][debug][gc,ref       ] GC(116) Skipped phase2 of Reference Processing due to unavailable references
[528.009s][debug][gc,ref       ] GC(116) Skipped phase3 of Reference Processing due to unavailable references
[528.009s][debug][gc,ref       ] GC(116) Skipped phase4 of Reference Processing due to unavailable references
[528.009s][debug][gc,age       ] GC(116) Desired survivor size 15400960 bytes, new threshold 6 (max threshold 6)
[528.009s][info ][gc,heap      ] GC(116) ParNew: 241762K->976K(270976K)
[528.009s][info ][gc,heap      ] GC(116) CMS: 196633K->196678K(602112K)
[528.009s][info ][gc,metaspace ] GC(116) Metaspace: 53510K->53510K(1097728K)
[528.009s][info ][gc           ] GC(116) Pause Young (Allocation Failure) 428M->193M(852M) 2.152ms
[528.009s][info ][gc,cpu       ] GC(116) User=0.01s Sys=0.00s Real=0.01s
[528.009s][info ][safepoint    ] Leaving safepoint region
[528.009s][info ][safepoint    ] Total time for which application threads were stopped: 0.0023555 seconds, Stopping threads took: 0.0000174 seconds
[529.009s][info ][safepoint    ] Application time: 1.0001046 seconds
[529.010s][info ][safepoint    ] Entering safepoint region: Cleanup
[529.010s][info ][safepoint    ] Leaving safepoint region
[529.010s][info ][safepoint    ] Total time for which application threads were stopped: 0.0001034 seconds, Stopping threads took: 0.0000325 seconds
[530.010s][info ][safepoint    ] Application time: 1.0000882 seconds
[530.010s][info ][safepoint    ] Entering safepoint region: Cleanup
[530.010s][info ][safepoint    ] Leaving safepoint region
[530.010s][info ][safepoint    ] Total time for which application threads were stopped: 0.0001016 seconds, Stopping threads took: 0.0000408 seconds
[531.010s][info ][safepoint    ] Application time: 1.0000529 seconds
[531.010s][info ][safepoint    ] Entering safepoint region: Cleanup
[531.010s][info ][safepoint    ] Leaving safepoint region
[531.010s][info ][safepoint    ] Total time for which application threads were stopped: 0.0000932 seconds, Stopping threads took: 0.0000356 seconds
[532.010s][info ][safepoint    ] Application time: 1.0001001 seconds
[532.010s][info ][safepoint    ] Entering safepoint region: Cleanup
[532.010s][info ][safepoint    ] Leaving safepoint region
[532.010s][info ][safepoint    ] Total time for which application threads were stopped: 0.0000804 seconds, Stopping threads took: 0.0000201 seconds
[533.010s][info ][safepoint    ] Application time: 1.0000917 seconds
[533.011s][info ][safepoint    ] Entering safepoint region: Cleanup
[533.011s][info ][safepoint    ] Leaving safepoint region
[533.011s][info ][safepoint    ] Total time for which application threads were stopped: 0.0002335 seconds, Stopping threads took: 0.0001684 seconds
[534.011s][info ][safepoint    ] Application time: 1.0000985 seconds
[534.011s][info ][safepoint    ] Entering safepoint region: Cleanup
[534.011s][info ][safepoint    ] Leaving safepoint region
[534.011s][info ][safepoint    ] Total time for which application threads were stopped: 0.0000832 seconds, Stopping threads took: 0.0000182 seconds
[535.011s][info ][safepoint    ] Application time: 1.0000929 seconds
[535.011s][info ][safepoint    ] Entering safepoint region: Cleanup
[535.011s][info ][safepoint    ] Leaving safepoint region
[535.011s][info ][safepoint    ] Total time for which application threads were stopped: 0.0000828 seconds, Stopping threads took: 0.0000218 seconds
[536.011s][info ][safepoint    ] Application time: 1.0001077 seconds
[536.011s][info ][safepoint    ] Entering safepoint region: Cleanup
[536.012s][info ][safepoint    ] Leaving safepoint region
[536.012s][info ][safepoint    ] Total time for which application threads were stopped: 0.0001664 seconds, Stopping threads took: 0.0000301 seconds
[537.012s][info ][safepoint    ] Application time: 1.0001075 seconds
[537.012s][info ][safepoint    ] Entering safepoint region: Cleanup
[537.012s][info ][safepoint    ] Leaving safepoint region
[537.012s][info ][safepoint    ] Total time for which application threads were stopped: 0.0000909 seconds, Stopping threads took: 0.0000193 seconds
[538.012s][info ][safepoint    ] Application time: 1.0000922 seconds
[538.012s][info ][safepoint    ] Entering safepoint region: Cleanup
[538.012s][info ][safepoint    ] Leaving safepoint region
[538.012s][info ][safepoint    ] Total time for which application threads were stopped: 0.0000823 seconds, Stopping threads took: 0.0000230 seconds
[539.012s][info ][safepoint    ] Application time: 1.0000938 seconds
[539.012s][info ][safepoint    ] Entering safepoint region: Cleanup
[539.012s][info ][safepoint    ] Leaving safepoint region
[539.012s][info ][safepoint    ] Total time for which application threads were stopped: 0.0001156 seconds, Stopping threads took: 0.0000199 seconds
[540.012s][info ][safepoint    ] Application time: 1.0000940 seconds
[540.012s][info ][safepoint    ] Entering safepoint region: Cleanup
[540.013s][info ][safepoint    ] Leaving safepoint region
[540.013s][info ][safepoint    ] Total time for which application threads were stopped: 0.0001274 seconds, Stopping threads took: 0.0000319 seconds
[541.013s][info ][safepoint    ] Application time: 1.0000919 seconds
[541.013s][info ][safepoint    ] Entering safepoint region: Cleanup
[541.013s][info ][safepoint    ] Leaving safepoint region
[541.013s][info ][safepoint    ] Total time for which application threads were stopped: 0.0000807 seconds, Stopping threads took: 0.0000201 seconds
[542.013s][info ][safepoint    ] Application time: 1.0000941 seconds
[542.013s][info ][safepoint    ] Entering safepoint region: Cleanup
[542.013s][info ][safepoint    ] Leaving safepoint region
[542.013s][info ][safepoint    ] Total time for which application threads were stopped: 0.0001037 seconds, Stopping threads took: 0.0000370 seconds
[543.013s][info ][safepoint    ] Application time: 1.0000924 seconds
[543.013s][info ][safepoint    ] Entering safepoint region: Cleanup
[543.013s][info ][safepoint    ] Leaving safepoint region
[543.013s][info ][safepoint    ] Total time for which application threads were stopped: 0.0000749 seconds, Stopping threads took: 0.0000187 seconds
[544.013s][info ][safepoint    ] Application time: 1.0000818 seconds
[544.013s][info ][safepoint    ] Entering safepoint region: Cleanup
[544.013s][info ][safepoint    ] Leaving safepoint region
[544.013s][info ][safepoint    ] Total time for which application threads were stopped: 0.0000982 seconds, Stopping threads took: 0.0000323 seconds
[545.014s][info ][safepoint    ] Application time: 1.0000810 seconds
[545.014s][info ][safepoint    ] Entering safepoint region: Cleanup
[545.014s][info ][safepoint    ] Leaving safepoint region
[545.014s][info ][safepoint    ] Total time for which application threads were stopped: 0.0001050 seconds, Stopping threads took: 0.0000228 seconds
[546.014s][info ][safepoint    ] Application time: 1.0000856 seconds
[546.014s][info ][safepoint    ] Entering safepoint region: Cleanup
[546.014s][info ][safepoint    ] Leaving safepoint region
[546.014s][info ][safepoint    ] Total time for which application threads were stopped: 0.0000807 seconds, Stopping threads took: 0.0000196 seconds
[547.014s][info ][safepoint    ] Application time: 1.0000906 seconds
[547.014s][info ][safepoint    ] Entering safepoint region: Cleanup
[547.014s][info ][safepoint    ] Leaving safepoint region
[547.014s][info ][safepoint    ] Total time for which application threads were stopped: 0.0000789 seconds, Stopping threads took: 0.0000216 seconds
[548.014s][info ][safepoint    ] Application time: 1.0000873 seconds
[548.014s][info ][safepoint    ] Entering safepoint region: Cleanup
[548.014s][info ][safepoint    ] Leaving safepoint region
[548.014s][info ][safepoint    ] Total time for which application threads were stopped: 0.0000863 seconds, Stopping threads took: 0.0000190 seconds
[549.014s][info ][safepoint    ] Application time: 1.0000840 seconds
[549.014s][info ][safepoint    ] Entering safepoint region: Cleanup
[549.015s][info ][safepoint    ] Leaving safepoint region
[549.015s][info ][safepoint    ] Total time for which application threads were stopped: 0.0000904 seconds, Stopping threads took: 0.0000229 seconds
[550.015s][info ][safepoint    ] Application time: 1.0001168 seconds
[550.015s][info ][safepoint    ] Entering safepoint region: Cleanup
[550.015s][info ][safepoint    ] Leaving safepoint region
[550.015s][info ][safepoint    ] Total time for which application threads were stopped: 0.0000789 seconds, Stopping threads took: 0.0000195 seconds
[551.015s][info ][safepoint    ] Application time: 1.0000902 seconds
[551.015s][info ][safepoint    ] Entering safepoint region: Cleanup
[551.015s][info ][safepoint    ] Leaving safepoint region
[551.015s][info ][safepoint    ] Total time for which application threads were stopped: 0.0000845 seconds, Stopping threads took: 0.0000212 seconds
[552.015s][info ][safepoint    ] Application time: 1.0001159 seconds
[552.015s][info ][safepoint    ] Entering safepoint region: Cleanup
[552.015s][info ][safepoint    ] Leaving safepoint region
[552.015s][info ][safepoint    ] Total time for which application threads were stopped: 0.0000793 seconds, Stopping threads took: 0.0000195 seconds
[553.015s][info ][safepoint    ] Application time: 1.0000970 seconds
[553.015s][info ][safepoint    ] Entering safepoint region: Cleanup
[553.015s][info ][safepoint    ] Leaving safepoint region
[553.015s][info ][safepoint    ] Total time for which application threads were stopped: 0.0000786 seconds, Stopping threads took: 0.0000192 seconds
[554.016s][info ][safepoint    ] Application time: 1.0000603 seconds
[554.016s][info ][safepoint    ] Entering safepoint region: Cleanup
[554.016s][info ][safepoint    ] Leaving safepoint region
[554.016s][info ][safepoint    ] Total time for which application threads were stopped: 0.0000840 seconds, Stopping threads took: 0.0000205 seconds
[555.016s][info ][safepoint    ] Application time: 1.0000859 seconds
[555.016s][info ][safepoint    ] Entering safepoint region: Cleanup
[555.016s][info ][safepoint    ] Leaving safepoint region
[555.016s][info ][safepoint    ] Total time for which application threads were stopped: 0.0000898 seconds, Stopping threads took: 0.0000311 seconds
[556.016s][info ][safepoint    ] Application time: 1.0000857 seconds
[556.016s][info ][safepoint    ] Entering safepoint region: Cleanup
[556.016s][info ][safepoint    ] Leaving safepoint region
[556.016s][info ][safepoint    ] Total time for which application threads were stopped: 0.0000781 seconds, Stopping threads took: 0.0000200 seconds
[557.016s][info ][safepoint    ] Application time: 1.0000623 seconds
[557.016s][info ][safepoint    ] Entering safepoint region: Cleanup
[557.016s][info ][safepoint    ] Leaving safepoint region
[557.016s][info ][safepoint    ] Total time for which application threads were stopped: 0.0001171 seconds, Stopping threads took: 0.0000562 seconds
[558.016s][info ][safepoint    ] Application time: 1.0000944 seconds
[558.017s][info ][safepoint    ] Entering safepoint region: Cleanup
[558.017s][info ][safepoint    ] Leaving safepoint region
[558.017s][info ][safepoint    ] Total time for which application threads were stopped: 0.0001102 seconds, Stopping threads took: 0.0000296 seconds
[559.017s][info ][safepoint    ] Application time: 1.0000563 seconds
[559.017s][info ][safepoint    ] Entering safepoint region: Cleanup
[559.017s][info ][safepoint    ] Leaving safepoint region
[559.017s][info ][safepoint    ] Total time for which application threads were stopped: 0.0001075 seconds, Stopping threads took: 0.0000195 seconds
[560.017s][info ][safepoint    ] Application time: 1.0001310 seconds
[560.017s][info ][safepoint    ] Entering safepoint region: Cleanup
[560.017s][info ][safepoint    ] Leaving safepoint region
[560.017s][info ][safepoint    ] Total time for which application threads were stopped: 0.0000804 seconds, Stopping threads took: 0.0000198 seconds
[561.017s][info ][safepoint    ] Application time: 1.0000816 seconds
[561.017s][info ][safepoint    ] Entering safepoint region: Cleanup
[561.017s][info ][safepoint    ] Leaving safepoint region
[561.017s][info ][safepoint    ] Total time for which application threads were stopped: 0.0001152 seconds, Stopping threads took: 0.0000374 seconds
[562.017s][info ][safepoint    ] Application time: 1.0000877 seconds
[562.018s][info ][safepoint    ] Entering safepoint region: Cleanup
[562.018s][info ][safepoint    ] Leaving safepoint region
[562.018s][info ][safepoint    ] Total time for which application threads were stopped: 0.0000967 seconds, Stopping threads took: 0.0000349 seconds
[562.986s][info ][safepoint    ] Application time: 0.9679554 seconds
[562.986s][info ][safepoint    ] Entering safepoint region: GenCollectForAllocation
[562.986s][info ][gc,start     ] GC(117) Pause Young (Allocation Failure)
[562.986s][info ][gc,task      ] GC(117) Using 4 workers of 4 for evacuation
[562.987s][debug][gc,ref       ] GC(117) Skipped phase1 of Reference Processing due to unavailable references
[562.987s][debug][gc,ref       ] GC(117) Skipped phase2 of Reference Processing due to unavailable references
[562.987s][debug][gc,ref       ] GC(117) Skipped phase3 of Reference Processing due to unavailable references
[562.987s][debug][gc,ref       ] GC(117) Skipped phase4 of Reference Processing due to unavailable references
[562.988s][debug][gc,age       ] GC(117) Desired survivor size 15400960 bytes, new threshold 6 (max threshold 6)
[562.988s][info ][gc,heap      ] GC(117) ParNew: 241872K->772K(270976K)
[562.988s][info ][gc,heap      ] GC(117) CMS: 196678K->196678K(602112K)
[562.988s][info ][gc,metaspace ] GC(117) Metaspace: 53515K->53515K(1097728K)
[562.988s][info ][gc           ] GC(117) Pause Young (Allocation Failure) 428M->192M(852M) 1.961ms
[562.988s][info ][gc,cpu       ] GC(117) User=0.01s Sys=0.00s Real=0.00s
[562.988s][info ][safepoint    ] Leaving safepoint region
[562.988s][info ][safepoint    ] Total time for which application threads were stopped: 0.0021285 seconds, Stopping threads took: 0.0000179 seconds
[563.988s][info ][safepoint    ] Application time: 1.0000955 seconds
[563.988s][info ][safepoint    ] Entering safepoint region: Cleanup
[563.988s][info ][safepoint    ] Leaving safepoint region
[563.988s][info ][safepoint    ] Total time for which application threads were stopped: 0.0000902 seconds, Stopping threads took: 0.0000173 seconds
[564.988s][info ][safepoint    ] Application time: 1.0000879 seconds
[564.988s][info ][safepoint    ] Entering safepoint region: Cleanup
[564.988s][info ][safepoint    ] Leaving safepoint region
[564.988s][info ][safepoint    ] Total time for which application threads were stopped: 0.0000720 seconds, Stopping threads took: 0.0000178 seconds
[565.988s][info ][safepoint    ] Application time: 1.0000880 seconds
[565.988s][info ][safepoint    ] Entering safepoint region: Cleanup
[565.988s][info ][safepoint    ] Leaving safepoint region
[565.988s][info ][safepoint    ] Total time for which application threads were stopped: 0.0000775 seconds, Stopping threads took: 0.0000192 seconds
[566.988s][info ][safepoint    ] Application time: 1.0000974 seconds
[566.989s][info ][safepoint    ] Entering safepoint region: Cleanup
[566.989s][info ][safepoint    ] Leaving safepoint region
[566.989s][info ][safepoint    ] Total time for which application threads were stopped: 0.0000914 seconds, Stopping threads took: 0.0000194 seconds
[567.989s][info ][safepoint    ] Application time: 1.0000393 seconds
[567.989s][info ][safepoint    ] Entering safepoint region: Cleanup
[567.989s][info ][safepoint    ] Leaving safepoint region
[567.989s][info ][safepoint    ] Total time for which application threads were stopped: 0.0000814 seconds, Stopping threads took: 0.0000180 seconds
[568.989s][info ][safepoint    ] Application time: 1.0000807 seconds
[568.989s][info ][safepoint    ] Entering safepoint region: Cleanup
[568.989s][info ][safepoint    ] Leaving safepoint region
[568.989s][info ][safepoint    ] Total time for which application threads were stopped: 0.0001681 seconds, Stopping threads took: 0.0000174 seconds
[569.989s][info ][safepoint    ] Application time: 1.0000917 seconds
[569.989s][info ][safepoint    ] Entering safepoint region: Cleanup
[569.989s][info ][safepoint    ] Leaving safepoint region
[569.989s][info ][safepoint    ] Total time for which application threads were stopped: 0.0000820 seconds, Stopping threads took: 0.0000180 seconds
[570.989s][info ][safepoint    ] Application time: 1.0000810 seconds
[570.989s][info ][safepoint    ] Entering safepoint region: Cleanup
[570.989s][info ][safepoint    ] Leaving safepoint region
[570.989s][info ][safepoint    ] Total time for which application threads were stopped: 0.0000764 seconds, Stopping threads took: 0.0000191 seconds
[571.990s][info ][safepoint    ] Application time: 1.0000779 seconds
[571.990s][info ][safepoint    ] Entering safepoint region: Cleanup
[571.990s][info ][safepoint    ] Leaving safepoint region
[571.990s][info ][safepoint    ] Total time for which application threads were stopped: 0.0000867 seconds, Stopping threads took: 0.0000160 seconds
[572.990s][info ][safepoint    ] Application time: 1.0000863 seconds
[572.990s][info ][safepoint    ] Entering safepoint region: Cleanup
[572.990s][info ][safepoint    ] Leaving safepoint region
[572.990s][info ][safepoint    ] Total time for which application threads were stopped: 0.0000826 seconds, Stopping threads took: 0.0000175 seconds
[573.990s][info ][safepoint    ] Application time: 1.0000900 seconds
[573.990s][info ][safepoint    ] Entering safepoint region: Cleanup
[573.990s][info ][safepoint    ] Leaving safepoint region
[573.990s][info ][safepoint    ] Total time for which application threads were stopped: 0.0000996 seconds, Stopping threads took: 0.0000177 seconds
[574.990s][info ][safepoint    ] Application time: 1.0000895 seconds
[574.990s][info ][safepoint    ] Entering safepoint region: Cleanup
[574.990s][info ][safepoint    ] Leaving safepoint region
[574.990s][info ][safepoint    ] Total time for which application threads were stopped: 0.0000931 seconds, Stopping threads took: 0.0000176 seconds
[575.990s][info ][safepoint    ] Application time: 1.0000862 seconds
[575.990s][info ][safepoint    ] Entering safepoint region: Cleanup
[575.991s][info ][safepoint    ] Leaving safepoint region
[575.991s][info ][safepoint    ] Total time for which application threads were stopped: 0.0000785 seconds, Stopping threads took: 0.0000199 seconds
[576.991s][info ][safepoint    ] Application time: 1.0000828 seconds
[576.991s][info ][safepoint    ] Entering safepoint region: Cleanup
[576.991s][info ][safepoint    ] Leaving safepoint region
[576.991s][info ][safepoint    ] Total time for which application threads were stopped: 0.0000781 seconds, Stopping threads took: 0.0000189 seconds
[577.991s][info ][safepoint    ] Application time: 1.0000720 seconds
[577.991s][info ][safepoint    ] Entering safepoint region: Cleanup
[577.991s][info ][safepoint    ] Leaving safepoint region
[577.991s][info ][safepoint    ] Total time for which application threads were stopped: 0.0000951 seconds, Stopping threads took: 0.0000186 seconds
[578.991s][info ][safepoint    ] Application time: 1.0000731 seconds
[578.991s][info ][safepoint    ] Entering safepoint region: Cleanup
[578.991s][info ][safepoint    ] Leaving safepoint region
[578.991s][info ][safepoint    ] Total time for which application threads were stopped: 0.0000835 seconds, Stopping threads took: 0.0000195 seconds
[579.991s][info ][safepoint    ] Application time: 1.0000847 seconds
[579.991s][info ][safepoint    ] Entering safepoint region: Cleanup
[579.991s][info ][safepoint    ] Leaving safepoint region
[579.991s][info ][safepoint    ] Total time for which application threads were stopped: 0.0000912 seconds, Stopping threads took: 0.0000197 seconds
[580.991s][info ][safepoint    ] Application time: 1.0000415 seconds
[580.992s][info ][safepoint    ] Entering safepoint region: Cleanup
[580.992s][info ][safepoint    ] Leaving safepoint region
[580.992s][info ][safepoint    ] Total time for which application threads were stopped: 0.0000976 seconds, Stopping threads took: 0.0000202 seconds
[581.992s][info ][safepoint    ] Application time: 1.0000906 seconds
[581.992s][info ][safepoint    ] Entering safepoint region: Cleanup
[581.992s][info ][safepoint    ] Leaving safepoint region
[581.992s][info ][safepoint    ] Total time for which application threads were stopped: 0.0000739 seconds, Stopping threads took: 0.0000182 seconds
[582.992s][info ][safepoint    ] Application time: 1.0000809 seconds
[582.992s][info ][safepoint    ] Entering safepoint region: Cleanup
[582.992s][info ][safepoint    ] Leaving safepoint region
[582.992s][info ][safepoint    ] Total time for which application threads were stopped: 0.0000983 seconds, Stopping threads took: 0.0000383 seconds
[583.992s][info ][safepoint    ] Application time: 1.0000884 seconds
[583.992s][info ][safepoint    ] Entering safepoint region: Cleanup
[583.992s][info ][safepoint    ] Leaving safepoint region
[583.992s][info ][safepoint    ] Total time for which application threads were stopped: 0.0000921 seconds, Stopping threads took: 0.0000195 seconds
[584.992s][info ][safepoint    ] Application time: 1.0000806 seconds
[584.992s][info ][safepoint    ] Entering safepoint region: Cleanup
[584.992s][info ][safepoint    ] Leaving safepoint region
[584.993s][info ][safepoint    ] Total time for which application threads were stopped: 0.0001047 seconds, Stopping threads took: 0.0000349 seconds
[585.993s][info ][safepoint    ] Application time: 1.0000833 seconds
[585.993s][info ][safepoint    ] Entering safepoint region: Cleanup
[585.993s][info ][safepoint    ] Leaving safepoint region
[585.993s][info ][safepoint    ] Total time for which application threads were stopped: 0.0000890 seconds, Stopping threads took: 0.0000189 seconds
[586.993s][info ][safepoint    ] Application time: 1.0000872 seconds
[586.993s][info ][safepoint    ] Entering safepoint region: Cleanup
[586.993s][info ][safepoint    ] Leaving safepoint region
[586.993s][info ][safepoint    ] Total time for which application threads were stopped: 0.0000940 seconds, Stopping threads took: 0.0000327 seconds
[587.993s][info ][safepoint    ] Application time: 1.0000907 seconds
[587.993s][info ][safepoint    ] Entering safepoint region: Cleanup
[587.993s][info ][safepoint    ] Leaving safepoint region
[587.993s][info ][safepoint    ] Total time for which application threads were stopped: 0.0000934 seconds, Stopping threads took: 0.0000180 seconds
[588.993s][info ][safepoint    ] Application time: 1.0000850 seconds
[588.993s][info ][safepoint    ] Entering safepoint region: Cleanup
[588.993s][info ][safepoint    ] Leaving safepoint region
[588.993s][info ][safepoint    ] Total time for which application threads were stopped: 0.0001365 seconds, Stopping threads took: 0.0000637 seconds
[590.994s][info ][safepoint    ] Application time: 2.0001686 seconds
[590.994s][info ][safepoint    ] Entering safepoint region: Cleanup
[590.994s][info ][safepoint    ] Leaving safepoint region
[590.994s][info ][safepoint    ] Total time for which application threads were stopped: 0.0001099 seconds, Stopping threads took: 0.0000422 seconds
[595.994s][info ][safepoint    ] Application time: 5.0004326 seconds
[595.994s][info ][safepoint    ] Entering safepoint region: Cleanup
[595.994s][info ][safepoint    ] Leaving safepoint region
[595.994s][info ][safepoint    ] Total time for which application threads were stopped: 0.0002002 seconds, Stopping threads took: 0.0000913 seconds
[597.995s][info ][safepoint    ] Application time: 2.0001691 seconds
[597.995s][info ][safepoint    ] Entering safepoint region: Cleanup
[597.995s][info ][safepoint    ] Leaving safepoint region
[597.995s][info ][safepoint    ] Total time for which application threads were stopped: 0.0000970 seconds, Stopping threads took: 0.0000185 seconds
[598.194s][info ][safepoint    ] Application time: 0.1988597 seconds
[598.194s][info ][safepoint    ] Entering safepoint region: GenCollectForAllocation
[598.194s][info ][gc,start     ] GC(118) Pause Young (Allocation Failure)
[598.194s][info ][gc,task      ] GC(118) Using 4 workers of 4 for evacuation
[598.196s][debug][gc,ref       ] GC(118) Skipped phase1 of Reference Processing due to unavailable references
[598.196s][debug][gc,ref       ] GC(118) Skipped phase2 of Reference Processing due to unavailable references
[598.196s][debug][gc,ref       ] GC(118) Skipped phase3 of Reference Processing due to unavailable references
[598.196s][debug][gc,ref       ] GC(118) Skipped phase4 of Reference Processing due to unavailable references
[598.196s][debug][gc,age       ] GC(118) Desired survivor size 15400960 bytes, new threshold 6 (max threshold 6)
[598.196s][info ][gc,heap      ] GC(118) ParNew: 241668K->749K(270976K)
[598.196s][info ][gc,heap      ] GC(118) CMS: 196678K->196680K(602112K)
[598.196s][info ][gc,metaspace ] GC(118) Metaspace: 53547K->53547K(1097728K)
[598.196s][info ][gc           ] GC(118) Pause Young (Allocation Failure) 428M->192M(852M) 1.901ms
[598.196s][info ][gc,cpu       ] GC(118) User=0.01s Sys=0.00s Real=0.00s
[598.196s][info ][safepoint    ] Leaving safepoint region
[598.196s][info ][safepoint    ] Total time for which application threads were stopped: 0.0020591 seconds, Stopping threads took: 0.0000183 seconds
[600.196s][info ][safepoint    ] Application time: 2.0001762 seconds
[600.196s][info ][safepoint    ] Entering safepoint region: Cleanup
[600.196s][info ][safepoint    ] Leaving safepoint region
[600.196s][info ][safepoint    ] Total time for which application threads were stopped: 0.0001049 seconds, Stopping threads took: 0.0000184 seconds
[605.196s][info ][safepoint    ] Application time: 5.0003890 seconds
[605.197s][info ][safepoint    ] Entering safepoint region: Cleanup
[605.197s][info ][safepoint    ] Leaving safepoint region
[605.197s][info ][safepoint    ] Total time for which application threads were stopped: 0.0001702 seconds, Stopping threads took: 0.0000555 seconds
[606.197s][info ][safepoint    ] Application time: 1.0000906 seconds
[606.197s][info ][safepoint    ] Entering safepoint region: Cleanup
[606.197s][info ][safepoint    ] Leaving safepoint region
[606.197s][info ][safepoint    ] Total time for which application threads were stopped: 0.0001025 seconds, Stopping threads took: 0.0000181 seconds
[610.197s][info ][safepoint    ] Application time: 4.0003021 seconds
[610.197s][info ][safepoint    ] Entering safepoint region: Cleanup
[610.197s][info ][safepoint    ] Leaving safepoint region
[610.197s][info ][safepoint    ] Total time for which application threads were stopped: 0.0000874 seconds, Stopping threads took: 0.0000179 seconds
[613.198s][info ][safepoint    ] Application time: 3.0002342 seconds
[613.198s][info ][safepoint    ] Entering safepoint region: Cleanup
[613.198s][info ][safepoint    ] Leaving safepoint region
[613.198s][info ][safepoint    ] Total time for which application threads were stopped: 0.0001311 seconds, Stopping threads took: 0.0000188 seconds
[614.198s][info ][safepoint    ] Application time: 1.0001093 seconds
[614.198s][info ][safepoint    ] Entering safepoint region: Cleanup
[614.198s][info ][safepoint    ] Leaving safepoint region
[614.198s][info ][safepoint    ] Total time for which application threads were stopped: 0.0000913 seconds, Stopping threads took: 0.0000248 seconds
[615.198s][info ][safepoint    ] Application time: 1.0000861 seconds
[615.198s][info ][safepoint    ] Entering safepoint region: Cleanup
[615.198s][info ][safepoint    ] Leaving safepoint region
[615.198s][info ][safepoint    ] Total time for which application threads were stopped: 0.0000937 seconds, Stopping threads took: 0.0000165 seconds
[618.199s][info ][safepoint    ] Application time: 3.0002660 seconds
[618.199s][info ][safepoint    ] Entering safepoint region: Cleanup
[618.199s][info ][safepoint    ] Leaving safepoint region
[618.199s][info ][safepoint    ] Total time for which application threads were stopped: 0.0000824 seconds, Stopping threads took: 0.0000175 seconds
[629.546s][info ][safepoint    ] Application time: 11.3474913 seconds
[629.546s][info ][safepoint    ] Entering safepoint region: GenCollectForAllocation
[629.546s][info ][gc,start     ] GC(119) Pause Young (Allocation Failure)
[629.547s][info ][gc,task      ] GC(119) Using 4 workers of 4 for evacuation
[629.548s][debug][gc,ref       ] GC(119) Skipped phase1 of Reference Processing due to unavailable references
[629.548s][debug][gc,ref       ] GC(119) Skipped phase2 of Reference Processing due to unavailable references
[629.548s][debug][gc,ref       ] GC(119) Skipped phase3 of Reference Processing due to unavailable references
[629.548s][debug][gc,ref       ] GC(119) Skipped phase4 of Reference Processing due to unavailable references
[629.549s][debug][gc,age       ] GC(119) Desired survivor size 15400960 bytes, new threshold 6 (max threshold 6)
[629.549s][info ][gc,heap      ] GC(119) ParNew: 241645K->1085K(270976K)
[629.549s][info ][gc,heap      ] GC(119) CMS: 196680K->196696K(602112K)
[629.549s][info ][gc,metaspace ] GC(119) Metaspace: 53584K->53584K(1097728K)
[629.549s][info ][gc           ] GC(119) Pause Young (Allocation Failure) 428M->193M(852M) 2.105ms
[629.549s][info ][gc,cpu       ] GC(119) User=0.01s Sys=0.00s Real=0.01s
[629.549s][info ][safepoint    ] Leaving safepoint region
[629.549s][info ][safepoint    ] Total time for which application threads were stopped: 0.0024259 seconds, Stopping threads took: 0.0001815 seconds
[634.549s][info ][safepoint    ] Application time: 5.0003683 seconds
[634.549s][info ][safepoint    ] Entering safepoint region: Cleanup
[634.549s][info ][safepoint    ] Leaving safepoint region
[634.549s][info ][safepoint    ] Total time for which application threads were stopped: 0.0000930 seconds, Stopping threads took: 0.0000183 seconds
[636.549s][info ][safepoint    ] Application time: 2.0002210 seconds
[636.549s][info ][safepoint    ] Entering safepoint region: Cleanup
[636.550s][info ][safepoint    ] Leaving safepoint region
[636.550s][info ][safepoint    ] Total time for which application threads were stopped: 0.0001417 seconds, Stopping threads took: 0.0000302 seconds
[640.550s][info ][safepoint    ] Application time: 4.0003109 seconds
[640.550s][info ][safepoint    ] Entering safepoint region: Cleanup
[640.550s][info ][safepoint    ] Leaving safepoint region
[640.550s][info ][safepoint    ] Total time for which application threads were stopped: 0.0000770 seconds, Stopping threads took: 0.0000160 seconds
[648.551s][info ][safepoint    ] Application time: 8.0006850 seconds
[648.551s][info ][safepoint    ] Entering safepoint region: Cleanup
[648.551s][info ][safepoint    ] Leaving safepoint region
[648.551s][info ][safepoint    ] Total time for which application threads were stopped: 0.0000771 seconds, Stopping threads took: 0.0000174 seconds
[649.551s][info ][safepoint    ] Application time: 1.0001252 seconds
[649.551s][info ][safepoint    ] Entering safepoint region: Cleanup
[649.551s][info ][safepoint    ] Leaving safepoint region
[649.551s][info ][safepoint    ] Total time for which application threads were stopped: 0.0000754 seconds, Stopping threads took: 0.0000172 seconds
[650.551s][info ][safepoint    ] Application time: 1.0000892 seconds
[650.551s][info ][safepoint    ] Entering safepoint region: Cleanup
[650.551s][info ][safepoint    ] Leaving safepoint region
[650.551s][info ][safepoint    ] Total time for which application threads were stopped: 0.0000945 seconds, Stopping threads took: 0.0000325 seconds
[663.552s][info ][safepoint    ] Application time: 13.0010770 seconds
[663.552s][info ][safepoint    ] Entering safepoint region: Cleanup
[663.553s][info ][safepoint    ] Leaving safepoint region
[663.553s][info ][safepoint    ] Total time for which application threads were stopped: 0.0000905 seconds, Stopping threads took: 0.0000193 seconds
[664.448s][info ][safepoint    ] Application time: 0.8952256 seconds
[664.448s][info ][safepoint    ] Entering safepoint region: GenCollectForAllocation
[664.448s][info ][gc,start     ] GC(120) Pause Young (Allocation Failure)
[664.448s][info ][gc,task      ] GC(120) Using 4 workers of 4 for evacuation
[664.450s][debug][gc,ref       ] GC(120) Skipped phase1 of Reference Processing due to unavailable references
[664.450s][debug][gc,ref       ] GC(120) Skipped phase2 of Reference Processing due to unavailable references
[664.450s][debug][gc,ref       ] GC(120) Skipped phase3 of Reference Processing due to unavailable references
[664.450s][debug][gc,ref       ] GC(120) Skipped phase4 of Reference Processing due to unavailable references
[664.450s][debug][gc,age       ] GC(120) Desired survivor size 15400960 bytes, new threshold 6 (max threshold 6)
[664.450s][info ][gc,heap      ] GC(120) ParNew: 241981K->893K(270976K)
[664.450s][info ][gc,heap      ] GC(120) CMS: 196696K->196840K(602112K)
[664.450s][info ][gc,metaspace ] GC(120) Metaspace: 53592K->53592K(1097728K)
[664.450s][info ][gc           ] GC(120) Pause Young (Allocation Failure) 428M->193M(852M) 2.039ms
[664.450s][info ][gc,cpu       ] GC(120) User=0.01s Sys=0.00s Real=0.01s
[664.450s][info ][safepoint    ] Leaving safepoint region
[664.450s][info ][safepoint    ] Total time for which application threads were stopped: 0.0022231 seconds, Stopping threads took: 0.0000189 seconds
[665.450s][info ][safepoint    ] Application time: 1.0001254 seconds
[665.450s][info ][safepoint    ] Entering safepoint region: Cleanup
[665.450s][info ][safepoint    ] Leaving safepoint region
[665.450s][info ][safepoint    ] Total time for which application threads were stopped: 0.0000856 seconds, Stopping threads took: 0.0000191 seconds
[669.451s][info ][safepoint    ] Application time: 4.0002786 seconds
[669.451s][info ][safepoint    ] Entering safepoint region: Cleanup
[669.451s][info ][safepoint    ] Leaving safepoint region
[669.451s][info ][safepoint    ] Total time for which application threads were stopped: 0.0000897 seconds, Stopping threads took: 0.0000199 seconds
[686.746s][info ][safepoint    ] Application time: 17.2949883 seconds
[686.746s][info ][safepoint    ] Entering safepoint region: GenCollectForAllocation
[686.746s][info ][gc,start     ] GC(121) Pause Young (Allocation Failure)
[686.746s][info ][gc,task      ] GC(121) Using 4 workers of 4 for evacuation
[686.748s][debug][gc,ref       ] GC(121) Skipped phase1 of Reference Processing due to unavailable references
[686.748s][debug][gc,ref       ] GC(121) Skipped phase2 of Reference Processing due to unavailable references
[686.748s][debug][gc,ref       ] GC(121) Skipped phase3 of Reference Processing due to unavailable references
[686.748s][debug][gc,ref       ] GC(121) Skipped phase4 of Reference Processing due to unavailable references
[686.748s][debug][gc,age       ] GC(121) Desired survivor size 15400960 bytes, new threshold 6 (max threshold 6)
[686.748s][info ][gc,heap      ] GC(121) ParNew: 241789K->520K(270976K)
[686.748s][info ][gc,heap      ] GC(121) CMS: 196840K->196971K(602112K)
[686.748s][info ][gc,metaspace ] GC(121) Metaspace: 53593K->53593K(1097728K)
[686.748s][info ][gc           ] GC(121) Pause Young (Allocation Failure) 428M->192M(852M) 1.848ms
[686.748s][info ][gc,cpu       ] GC(121) User=0.00s Sys=0.00s Real=0.00s
[686.748s][info ][safepoint    ] Leaving safepoint region
[686.748s][info ][safepoint    ] Total time for which application threads were stopped: 0.0020071 seconds, Stopping threads took: 0.0000297 seconds
[706.749s][info ][safepoint    ] Application time: 20.0016966 seconds
[706.750s][info ][safepoint    ] Entering safepoint region: Cleanup
[706.750s][info ][safepoint    ] Leaving safepoint region
[706.750s][info ][safepoint    ] Total time for which application threads were stopped: 0.0001360 seconds, Stopping threads took: 0.0000566 seconds
[713.397s][info ][safepoint    ] Application time: 6.6470981 seconds
[713.397s][info ][safepoint    ] Entering safepoint region: GenCollectForAllocation
[713.397s][info ][gc,start     ] GC(122) Pause Young (Allocation Failure)
[713.397s][info ][gc,task      ] GC(122) Using 4 workers of 4 for evacuation
[713.399s][debug][gc,ref       ] GC(122) Skipped phase1 of Reference Processing due to unavailable references
[713.399s][debug][gc,ref       ] GC(122) Skipped phase2 of Reference Processing due to unavailable references
[713.399s][debug][gc,ref       ] GC(122) Skipped phase3 of Reference Processing due to unavailable references
[713.399s][debug][gc,ref       ] GC(122) Skipped phase4 of Reference Processing due to unavailable references
[713.399s][debug][gc,age       ] GC(122) Desired survivor size 15400960 bytes, new threshold 6 (max threshold 6)
[713.399s][info ][gc,heap      ] GC(122) ParNew: 241416K->484K(270976K)
[713.399s][info ][gc,heap      ] GC(122) CMS: 196971K->196972K(602112K)
[713.399s][info ][gc,metaspace ] GC(122) Metaspace: 53593K->53593K(1097728K)
[713.399s][info ][gc           ] GC(122) Pause Young (Allocation Failure) 428M->192M(852M) 1.829ms
[713.399s][info ][gc,cpu       ] GC(122) User=0.01s Sys=0.01s Real=0.00s
[713.399s][info ][safepoint    ] Leaving safepoint region
[713.399s][info ][safepoint    ] Total time for which application threads were stopped: 0.0019782 seconds, Stopping threads took: 0.0000154 seconds
[714.399s][info ][safepoint    ] Application time: 1.0001039 seconds
[714.399s][info ][safepoint    ] Entering safepoint region: Cleanup
[714.399s][info ][safepoint    ] Leaving safepoint region
[714.399s][info ][safepoint    ] Total time for which application threads were stopped: 0.0001649 seconds, Stopping threads took: 0.0000754 seconds
[718.399s][info ][safepoint    ] Application time: 4.0003403 seconds
[718.399s][info ][safepoint    ] Entering safepoint region: Cleanup
[718.400s][info ][safepoint    ] Leaving safepoint region
[718.400s][info ][safepoint    ] Total time for which application threads were stopped: 0.0000860 seconds, Stopping threads took: 0.0000188 seconds
[719.400s][info ][safepoint    ] Application time: 1.0000935 seconds
[719.400s][info ][safepoint    ] Entering safepoint region: Cleanup
[719.400s][info ][safepoint    ] Leaving safepoint region
[719.400s][info ][safepoint    ] Total time for which application threads were stopped: 0.0000963 seconds, Stopping threads took: 0.0000340 seconds
[723.400s][info ][safepoint    ] Application time: 4.0003656 seconds
[723.400s][info ][safepoint    ] Entering safepoint region: Cleanup
[723.400s][info ][safepoint    ] Leaving safepoint region
[723.400s][info ][safepoint    ] Total time for which application threads were stopped: 0.0001163 seconds, Stopping threads took: 0.0000505 seconds
[724.400s][info ][safepoint    ] Application time: 1.0000880 seconds
[724.400s][info ][safepoint    ] Entering safepoint region: Cleanup
[724.401s][info ][safepoint    ] Leaving safepoint region
[724.401s][info ][safepoint    ] Total time for which application threads were stopped: 0.0000818 seconds, Stopping threads took: 0.0000184 seconds
[725.401s][info ][safepoint    ] Application time: 1.0000481 seconds
[725.401s][info ][safepoint    ] Entering safepoint region: Cleanup
[725.401s][info ][safepoint    ] Leaving safepoint region
[725.401s][info ][safepoint    ] Total time for which application threads were stopped: 0.0000915 seconds, Stopping threads took: 0.0000239 seconds
[725.455s][info ][safepoint    ] Application time: 0.0545704 seconds
[725.455s][info ][safepoint    ] Entering safepoint region: GenCollectForAllocation
[725.455s][info ][gc,start     ] GC(123) Pause Young (Allocation Failure)
[725.455s][info ][gc,task      ] GC(123) Using 4 workers of 4 for evacuation
[725.458s][debug][gc,ref       ] GC(123) Skipped phase1 of Reference Processing due to unavailable references
[725.458s][debug][gc,ref       ] GC(123) Skipped phase2 of Reference Processing due to unavailable references
[725.458s][debug][gc,ref       ] GC(123) Skipped phase3 of Reference Processing due to unavailable references
[725.458s][debug][gc,ref       ] GC(123) Skipped phase4 of Reference Processing due to unavailable references
[725.458s][debug][gc,age       ] GC(123) Desired survivor size 15400960 bytes, new threshold 6 (max threshold 6)
[725.458s][info ][gc,heap      ] GC(123) ParNew: 241380K->585K(270976K)
[725.458s][info ][gc,heap      ] GC(123) CMS: 196972K->196973K(602112K)
[725.458s][info ][gc,metaspace ] GC(123) Metaspace: 53598K->53598K(1097728K)
[725.458s][info ][gc           ] GC(123) Pause Young (Allocation Failure) 428M->192M(852M) 2.316ms
[725.458s][info ][gc,cpu       ] GC(123) User=0.01s Sys=0.00s Real=0.00s
[725.458s][info ][safepoint    ] Leaving safepoint region
[725.458s][info ][safepoint    ] Total time for which application threads were stopped: 0.0024744 seconds, Stopping threads took: 0.0000175 seconds
[726.458s][info ][safepoint    ] Application time: 1.0001397 seconds
[726.458s][info ][safepoint    ] Entering safepoint region: Cleanup
[726.458s][info ][safepoint    ] Leaving safepoint region
[726.458s][info ][safepoint    ] Total time for which application threads were stopped: 0.0000938 seconds, Stopping threads took: 0.0000181 seconds
[727.458s][info ][safepoint    ] Application time: 1.0001282 seconds
[727.458s][info ][safepoint    ] Entering safepoint region: Cleanup
[727.458s][info ][safepoint    ] Leaving safepoint region
[727.458s][info ][safepoint    ] Total time for which application threads were stopped: 0.0001480 seconds, Stopping threads took: 0.0000649 seconds
[728.458s][info ][safepoint    ] Application time: 1.0000623 seconds
[728.459s][info ][safepoint    ] Entering safepoint region: Cleanup
[728.459s][info ][safepoint    ] Leaving safepoint region
[728.459s][info ][safepoint    ] Total time for which application threads were stopped: 0.0000925 seconds, Stopping threads took: 0.0000189 seconds
[747.594s][info ][safepoint    ] Application time: 19.1352013 seconds
[747.594s][info ][safepoint    ] Entering safepoint region: GenCollectForAllocation
[747.594s][info ][gc,start     ] GC(124) Pause Young (Allocation Failure)
[747.594s][info ][gc,task      ] GC(124) Using 4 workers of 4 for evacuation
[747.596s][debug][gc,ref       ] GC(124) Skipped phase1 of Reference Processing due to unavailable references
[747.596s][debug][gc,ref       ] GC(124) Skipped phase2 of Reference Processing due to unavailable references
[747.596s][debug][gc,ref       ] GC(124) Skipped phase3 of Reference Processing due to unavailable references
[747.596s][debug][gc,ref       ] GC(124) Skipped phase4 of Reference Processing due to unavailable references
[747.596s][debug][gc,age       ] GC(124) Desired survivor size 15400960 bytes, new threshold 6 (max threshold 6)
[747.596s][info ][gc,heap      ] GC(124) ParNew: 241481K->624K(270976K)
[747.596s][info ][gc,heap      ] GC(124) CMS: 196973K->196979K(602112K)
[747.596s][info ][gc,metaspace ] GC(124) Metaspace: 53599K->53599K(1097728K)
[747.596s][info ][gc           ] GC(124) Pause Young (Allocation Failure) 428M->192M(852M) 2.447ms
[747.596s][info ][gc,cpu       ] GC(124) User=0.00s Sys=0.00s Real=0.00s
[747.596s][info ][safepoint    ] Leaving safepoint region
[747.596s][info ][safepoint    ] Total time for which application threads were stopped: 0.0026126 seconds, Stopping threads took: 0.0000183 seconds
[751.597s][info ][safepoint    ] Application time: 4.0003355 seconds
[751.597s][info ][safepoint    ] Entering safepoint region: Cleanup
[751.597s][info ][safepoint    ] Leaving safepoint region
[751.597s][info ][safepoint    ] Total time for which application threads were stopped: 0.0000873 seconds, Stopping threads took: 0.0000257 seconds
[777.602s][info ][safepoint    ] Application time: 26.0047437 seconds
[777.602s][info ][safepoint    ] Entering safepoint region: Cleanup
[777.602s][info ][safepoint    ] Leaving safepoint region
[777.602s][info ][safepoint    ] Total time for which application threads were stopped: 0.0000828 seconds, Stopping threads took: 0.0000200 seconds
[777.851s][info ][safepoint    ] Application time: 0.2492834 seconds
[777.851s][info ][safepoint    ] Entering safepoint region: GenCollectForAllocation
[777.851s][info ][gc,start     ] GC(125) Pause Young (Allocation Failure)
[777.851s][info ][gc,task      ] GC(125) Using 4 workers of 4 for evacuation
[777.853s][debug][gc,ref       ] GC(125) Skipped phase1 of Reference Processing due to unavailable references
[777.853s][debug][gc,ref       ] GC(125) Skipped phase2 of Reference Processing due to unavailable references
[777.853s][debug][gc,ref       ] GC(125) Skipped phase3 of Reference Processing due to unavailable references
[777.853s][debug][gc,ref       ] GC(125) Skipped phase4 of Reference Processing due to unavailable references
[777.853s][debug][gc,age       ] GC(125) Desired survivor size 15400960 bytes, new threshold 6 (max threshold 6)
[777.853s][info ][gc,heap      ] GC(125) ParNew: 241520K->727K(270976K)
[777.853s][info ][gc,heap      ] GC(125) CMS: 196979K->196989K(602112K)
[777.853s][info ][gc,metaspace ] GC(125) Metaspace: 53600K->53600K(1097728K)
[777.853s][info ][gc           ] GC(125) Pause Young (Allocation Failure) 428M->193M(852M) 2.027ms
[777.853s][info ][gc,cpu       ] GC(125) User=0.00s Sys=0.00s Real=0.00s
[777.853s][info ][safepoint    ] Leaving safepoint region
[777.853s][info ][safepoint    ] Total time for which application threads were stopped: 0.0022571 seconds, Stopping threads took: 0.0000251 seconds
[779.854s][info ][safepoint    ] Application time: 2.0001304 seconds
[779.854s][info ][safepoint    ] Entering safepoint region: Cleanup
[779.854s][info ][safepoint    ] Leaving safepoint region
[779.854s][info ][safepoint    ] Total time for which application threads were stopped: 0.0001551 seconds, Stopping threads took: 0.0000701 seconds
[783.551s][info ][safepoint    ] Application time: 3.6971224 seconds
[783.551s][info ][safepoint    ] Entering safepoint region: GenCollectForAllocation
[783.551s][info ][gc,start     ] GC(126) Pause Young (Allocation Failure)
[783.551s][info ][gc,task      ] GC(126) Using 4 workers of 4 for evacuation
[783.553s][debug][gc,ref       ] GC(126) Skipped phase1 of Reference Processing due to unavailable references
[783.553s][debug][gc,ref       ] GC(126) Skipped phase2 of Reference Processing due to unavailable references
[783.553s][debug][gc,ref       ] GC(126) Skipped phase3 of Reference Processing due to unavailable references
[783.553s][debug][gc,ref       ] GC(126) Skipped phase4 of Reference Processing due to unavailable references
[783.553s][debug][gc,age       ] GC(126) Desired survivor size 15400960 bytes, new threshold 6 (max threshold 6)
[783.553s][info ][gc,heap      ] GC(126) ParNew: 241623K->755K(270976K)
[783.553s][info ][gc,heap      ] GC(126) CMS: 196989K->196991K(602112K)
[783.553s][info ][gc,metaspace ] GC(126) Metaspace: 53601K->53601K(1097728K)
[783.553s][info ][gc           ] GC(126) Pause Young (Allocation Failure) 428M->193M(852M) 1.994ms
[783.553s][info ][gc,cpu       ] GC(126) User=0.00s Sys=0.00s Real=0.00s
[783.553s][info ][safepoint    ] Leaving safepoint region
[783.553s][info ][safepoint    ] Total time for which application threads were stopped: 0.0021865 seconds, Stopping threads took: 0.0000479 seconds
[784.553s][info ][safepoint    ] Application time: 1.0000785 seconds
[784.553s][info ][safepoint    ] Entering safepoint region: Cleanup
[784.553s][info ][safepoint    ] Leaving safepoint region
[784.553s][info ][safepoint    ] Total time for which application threads were stopped: 0.0001008 seconds, Stopping threads took: 0.0000189 seconds
[785.553s][info ][safepoint    ] Application time: 1.0000903 seconds
[785.553s][info ][safepoint    ] Entering safepoint region: Cleanup
[785.553s][info ][safepoint    ] Leaving safepoint region
[785.553s][info ][safepoint    ] Total time for which application threads were stopped: 0.0000848 seconds, Stopping threads took: 0.0000173 seconds
[786.554s][info ][safepoint    ] Application time: 1.0000709 seconds
[786.554s][info ][safepoint    ] Entering safepoint region: Cleanup
[786.554s][info ][safepoint    ] Leaving safepoint region
[786.554s][info ][safepoint    ] Total time for which application threads were stopped: 0.0001176 seconds, Stopping threads took: 0.0000467 seconds
[787.554s][info ][safepoint    ] Application time: 1.0001778 seconds
[787.554s][info ][safepoint    ] Entering safepoint region: Cleanup
[787.554s][info ][safepoint    ] Leaving safepoint region
[787.554s][info ][safepoint    ] Total time for which application threads were stopped: 0.0000777 seconds, Stopping threads took: 0.0000155 seconds
[789.554s][info ][safepoint    ] Application time: 2.0001621 seconds
[789.554s][info ][safepoint    ] Entering safepoint region: Cleanup
[789.554s][info ][safepoint    ] Leaving safepoint region
[789.554s][info ][safepoint    ] Total time for which application threads were stopped: 0.0001393 seconds, Stopping threads took: 0.0000651 seconds
[790.554s][info ][safepoint    ] Application time: 1.0000954 seconds
[790.555s][info ][safepoint    ] Entering safepoint region: Cleanup
[790.555s][info ][safepoint    ] Leaving safepoint region
[790.555s][info ][safepoint    ] Total time for which application threads were stopped: 0.0001364 seconds, Stopping threads took: 0.0000577 seconds
[791.959s][info ][safepoint    ] Application time: 1.4046743 seconds
[791.959s][info ][safepoint    ] Entering safepoint region: GenCollectForAllocation
[791.959s][info ][gc,start     ] GC(127) Pause Young (Allocation Failure)
[791.960s][info ][gc,task      ] GC(127) Using 4 workers of 4 for evacuation
[791.962s][debug][gc,ref       ] GC(127) Skipped phase1 of Reference Processing due to unavailable references
[791.962s][debug][gc,ref       ] GC(127) Skipped phase2 of Reference Processing due to unavailable references
[791.962s][debug][gc,ref       ] GC(127) Skipped phase3 of Reference Processing due to unavailable references
[791.962s][debug][gc,ref       ] GC(127) Skipped phase4 of Reference Processing due to unavailable references
[791.962s][debug][gc,age       ] GC(127) Desired survivor size 15400960 bytes, new threshold 6 (max threshold 6)
[791.962s][info ][gc,heap      ] GC(127) ParNew: 241651K->840K(270976K)
[791.962s][info ][gc,heap      ] GC(127) CMS: 196991K->196996K(602112K)
[791.962s][info ][gc,metaspace ] GC(127) Metaspace: 53602K->53602K(1097728K)
[791.962s][info ][gc           ] GC(127) Pause Young (Allocation Failure) 428M->193M(852M) 2.863ms
[791.962s][info ][gc,cpu       ] GC(127) User=0.01s Sys=0.00s Real=0.01s
[791.962s][info ][safepoint    ] Leaving safepoint region
[791.962s][info ][safepoint    ] Total time for which application threads were stopped: 0.0030346 seconds, Stopping threads took: 0.0000201 seconds
[792.963s][info ][safepoint    ] Application time: 1.0002418 seconds
[792.963s][info ][safepoint    ] Entering safepoint region: Cleanup
[792.963s][info ][safepoint    ] Leaving safepoint region
[792.963s][info ][safepoint    ] Total time for which application threads were stopped: 0.0001511 seconds, Stopping threads took: 0.0000279 seconds
[793.963s][info ][safepoint    ] Application time: 1.0001070 seconds
[793.963s][info ][safepoint    ] Entering safepoint region: Cleanup
[793.963s][info ][safepoint    ] Leaving safepoint region
[793.963s][info ][safepoint    ] Total time for which application threads were stopped: 0.0000825 seconds, Stopping threads took: 0.0000161 seconds
[795.963s][info ][safepoint    ] Application time: 2.0002023 seconds
[795.963s][info ][safepoint    ] Entering safepoint region: Cleanup
[795.963s][info ][safepoint    ] Leaving safepoint region
[795.963s][info ][safepoint    ] Total time for which application threads were stopped: 0.0000876 seconds, Stopping threads took: 0.0000196 seconds
[796.964s][info ][safepoint    ] Application time: 1.0000851 seconds
[796.964s][info ][safepoint    ] Entering safepoint region: Cleanup
[796.964s][info ][safepoint    ] Leaving safepoint region
[796.964s][info ][safepoint    ] Total time for which application threads were stopped: 0.0001019 seconds, Stopping threads took: 0.0000195 seconds
[798.353s][info ][safepoint    ] Application time: 1.3897915 seconds
[798.354s][info ][safepoint    ] Entering safepoint region: GenCollectForAllocation
[798.354s][info ][gc,start     ] GC(128) Pause Young (Allocation Failure)
[798.354s][info ][gc,task      ] GC(128) Using 4 workers of 4 for evacuation
[798.355s][debug][gc,ref       ] GC(128) Skipped phase1 of Reference Processing due to unavailable references
[798.356s][debug][gc,ref       ] GC(128) Skipped phase2 of Reference Processing due to unavailable references
[798.356s][debug][gc,ref       ] GC(128) Skipped phase3 of Reference Processing due to unavailable references
[798.356s][debug][gc,ref       ] GC(128) Skipped phase4 of Reference Processing due to unavailable references
[798.356s][debug][gc,age       ] GC(128) Desired survivor size 15400960 bytes, new threshold 6 (max threshold 6)
[798.356s][info ][gc,heap      ] GC(128) ParNew: 241736K->752K(270976K)
[798.356s][info ][gc,heap      ] GC(128) CMS: 196996K->196997K(602112K)
[798.356s][info ][gc,metaspace ] GC(128) Metaspace: 53611K->53611K(1097728K)
[798.356s][info ][gc           ] GC(128) Pause Young (Allocation Failure) 428M->193M(852M) 2.052ms
[798.356s][info ][gc,cpu       ] GC(128) User=0.01s Sys=0.00s Real=0.00s
[798.356s][info ][safepoint    ] Leaving safepoint region
[798.356s][info ][safepoint    ] Total time for which application threads were stopped: 0.0022039 seconds, Stopping threads took: 0.0000176 seconds
[799.358s][info ][safepoint    ] Application time: 1.0026015 seconds
[799.358s][info ][safepoint    ] Entering safepoint region: Cleanup
[799.358s][info ][safepoint    ] Leaving safepoint region
[799.358s][info ][safepoint    ] Total time for which application threads were stopped: 0.0000898 seconds, Stopping threads took: 0.0000194 seconds
[803.359s][info ][safepoint    ] Application time: 4.0002821 seconds
[803.359s][info ][safepoint    ] Entering safepoint region: Cleanup
[803.359s][info ][safepoint    ] Leaving safepoint region
[803.359s][info ][safepoint    ] Total time for which application threads were stopped: 0.0001328 seconds, Stopping threads took: 0.0000472 seconds
[804.359s][info ][safepoint    ] Application time: 1.0000875 seconds
[804.359s][info ][safepoint    ] Entering safepoint region: Cleanup
[804.359s][info ][safepoint    ] Leaving safepoint region
[804.359s][info ][safepoint    ] Total time for which application threads were stopped: 0.0000998 seconds, Stopping threads took: 0.0000189 seconds
[806.359s][info ][safepoint    ] Application time: 2.0001617 seconds
[806.359s][info ][safepoint    ] Entering safepoint region: Cleanup
[806.359s][info ][safepoint    ] Leaving safepoint region
[806.359s][info ][safepoint    ] Total time for which application threads were stopped: 0.0001134 seconds, Stopping threads took: 0.0000191 seconds
[806.745s][info ][safepoint    ] Application time: 0.3852414 seconds
[806.745s][info ][safepoint    ] Entering safepoint region: GenCollectForAllocation
[806.745s][info ][gc,start     ] GC(129) Pause Young (Allocation Failure)
[806.745s][info ][gc,task      ] GC(129) Using 4 workers of 4 for evacuation
[806.748s][debug][gc,ref       ] GC(129) Skipped phase1 of Reference Processing due to unavailable references
[806.748s][debug][gc,ref       ] GC(129) Skipped phase2 of Reference Processing due to unavailable references
[806.748s][debug][gc,ref       ] GC(129) Skipped phase3 of Reference Processing due to unavailable references
[806.748s][debug][gc,age       ] GC(129) Desired survivor size 15400960 bytes, new threshold 6 (max threshold 6)
[806.748s][info ][gc,heap      ] GC(129) ParNew: 241648K->2810K(270976K)
[806.748s][info ][gc,heap      ] GC(129) CMS: 196997K->196997K(602112K)
[806.748s][info ][gc,metaspace ] GC(129) Metaspace: 53618K->53618K(1097728K)
[806.748s][info ][gc           ] GC(129) Pause Young (Allocation Failure) 428M->195M(852M) 2.780ms
[806.748s][info ][gc,cpu       ] GC(129) User=0.01s Sys=0.00s Real=0.00s
[806.748s][info ][safepoint    ] Leaving safepoint region
[806.748s][info ][safepoint    ] Total time for which application threads were stopped: 0.0031526 seconds, Stopping threads took: 0.0001107 seconds
[810.748s][info ][safepoint    ] Application time: 4.0003441 seconds
[810.748s][info ][safepoint    ] Entering safepoint region: Cleanup
[810.748s][info ][safepoint    ] Leaving safepoint region
[810.749s][info ][safepoint    ] Total time for which application threads were stopped: 0.0001758 seconds, Stopping threads took: 0.0000530 seconds
[812.749s][info ][safepoint    ] Application time: 2.0001883 seconds
[812.749s][info ][safepoint    ] Entering safepoint region: Cleanup
[812.749s][info ][safepoint    ] Leaving safepoint region
[812.749s][info ][safepoint    ] Total time for which application threads were stopped: 0.0001458 seconds, Stopping threads took: 0.0000696 seconds
[814.656s][info ][safepoint    ] Application time: 1.9074344 seconds
[814.656s][info ][safepoint    ] Entering safepoint region: GenCollectForAllocation
[814.657s][info ][gc,start     ] GC(130) Pause Young (Allocation Failure)
[814.657s][info ][gc,task      ] GC(130) Using 4 workers of 4 for evacuation
[814.659s][debug][gc,ref       ] GC(130) Skipped phase1 of Reference Processing due to unavailable references
[814.659s][debug][gc,ref       ] GC(130) Skipped phase3 of Reference Processing due to unavailable references
[814.659s][debug][gc,age       ] GC(130) Desired survivor size 15400960 bytes, new threshold 6 (max threshold 6)
[814.659s][info ][gc,heap      ] GC(130) ParNew: 243706K->3457K(270976K)
[814.659s][info ][gc,heap      ] GC(130) CMS: 196997K->197000K(602112K)
[814.659s][info ][gc,metaspace ] GC(130) Metaspace: 53637K->53637K(1097728K)
[814.659s][info ][gc           ] GC(130) Pause Young (Allocation Failure) 430M->195M(852M) 2.693ms
[814.659s][info ][gc,cpu       ] GC(130) User=0.01s Sys=0.00s Real=0.00s
[814.659s][info ][safepoint    ] Leaving safepoint region
[814.659s][info ][safepoint    ] Total time for which application threads were stopped: 0.0028874 seconds, Stopping threads took: 0.0000194 seconds
[815.659s][info ][safepoint    ] Application time: 1.0000919 seconds
[815.659s][info ][safepoint    ] Entering safepoint region: Cleanup
[815.659s][info ][safepoint    ] Leaving safepoint region
[815.659s][info ][safepoint    ] Total time for which application threads were stopped: 0.0000787 seconds, Stopping threads took: 0.0000163 seconds
[817.662s][info ][safepoint    ] Application time: 2.0024971 seconds
[817.662s][info ][safepoint    ] Entering safepoint region: Cleanup
[817.662s][info ][safepoint    ] Leaving safepoint region
[817.662s][info ][safepoint    ] Total time for which application threads were stopped: 0.0000972 seconds, Stopping threads took: 0.0000164 seconds
[820.663s][info ][safepoint    ] Application time: 3.0003754 seconds
[820.663s][info ][safepoint    ] Entering safepoint region: Cleanup
[820.663s][info ][safepoint    ] Leaving safepoint region
[820.663s][info ][safepoint    ] Total time for which application threads were stopped: 0.0001062 seconds, Stopping threads took: 0.0000191 seconds
[821.346s][info ][safepoint    ] Application time: 0.6828653 seconds
[821.346s][info ][safepoint    ] Entering safepoint region: GenCollectForAllocation
[821.346s][info ][gc,start     ] GC(131) Pause Young (Allocation Failure)
[821.346s][info ][gc,task      ] GC(131) Using 4 workers of 4 for evacuation
[821.348s][debug][gc,ref       ] GC(131) Skipped phase1 of Reference Processing due to unavailable references
[821.348s][debug][gc,ref       ] GC(131) Skipped phase3 of Reference Processing due to unavailable references
[821.348s][debug][gc,ref       ] GC(131) Skipped phase4 of Reference Processing due to unavailable references
[821.348s][debug][gc,age       ] GC(131) Desired survivor size 15400960 bytes, new threshold 6 (max threshold 6)
[821.349s][info ][gc,heap      ] GC(131) ParNew: 244353K->4070K(270976K)
[821.349s][info ][gc,heap      ] GC(131) CMS: 197000K->197002K(602112K)
[821.349s][info ][gc,metaspace ] GC(131) Metaspace: 53639K->53639K(1097728K)
[821.349s][info ][gc           ] GC(131) Pause Young (Allocation Failure) 431M->196M(852M) 2.930ms
[821.349s][info ][gc,cpu       ] GC(131) User=0.01s Sys=0.00s Real=0.01s
[821.349s][info ][safepoint    ] Leaving safepoint region
[821.349s][info ][safepoint    ] Total time for which application threads were stopped: 0.0032442 seconds, Stopping threads took: 0.0000459 seconds
[825.349s][info ][safepoint    ] Application time: 4.0003929 seconds
[825.349s][info ][safepoint    ] Entering safepoint region: Cleanup
[825.349s][info ][safepoint    ] Leaving safepoint region
[825.349s][info ][safepoint    ] Total time for which application threads were stopped: 0.0001870 seconds, Stopping threads took: 0.0001019 seconds
[828.560s][info ][safepoint    ] Application time: 3.2103111 seconds
[828.560s][info ][safepoint    ] Entering safepoint region: GenCollectForAllocation
[828.560s][info ][gc,start     ] GC(132) Pause Young (Allocation Failure)
[828.560s][info ][gc,task      ] GC(132) Using 4 workers of 4 for evacuation
[828.575s][debug][gc,ref       ] GC(132) Skipped phase1 of Reference Processing due to unavailable references
[828.575s][debug][gc,ref       ] GC(132) Skipped phase2 of Reference Processing due to unavailable references
[828.575s][debug][gc,ref       ] GC(132) Skipped phase3 of Reference Processing due to unavailable references
[828.575s][debug][gc,age       ] GC(132) Desired survivor size 15400960 bytes, new threshold 6 (max threshold 6)
[828.576s][info ][gc,heap      ] GC(132) ParNew: 244966K->3461K(270976K)
[828.576s][info ][gc,heap      ] GC(132) CMS: 197002K->197005K(602112K)
[828.576s][info ][gc,metaspace ] GC(132) Metaspace: 53641K->53641K(1097728K)
[828.576s][info ][gc           ] GC(132) Pause Young (Allocation Failure) 431M->195M(852M) 15.476ms
[828.576s][info ][gc,cpu       ] GC(132) User=0.06s Sys=0.00s Real=0.02s
[828.576s][info ][safepoint    ] Leaving safepoint region
[828.576s][info ][safepoint    ] Total time for which application threads were stopped: 0.0157754 seconds, Stopping threads took: 0.0001445 seconds
[829.576s][info ][safepoint    ] Application time: 1.0001073 seconds
[829.580s][info ][safepoint    ] Entering safepoint region: Cleanup
[829.580s][info ][safepoint    ] Leaving safepoint region
[829.580s][info ][safepoint    ] Total time for which application threads were stopped: 0.0046692 seconds, Stopping threads took: 0.0045895 seconds
[831.581s][info ][safepoint    ] Application time: 2.0001241 seconds
[831.581s][info ][safepoint    ] Entering safepoint region: Cleanup
[831.581s][info ][safepoint    ] Leaving safepoint region
[831.581s][info ][safepoint    ] Total time for which application threads were stopped: 0.0000864 seconds, Stopping threads took: 0.0000196 seconds
[835.050s][info ][safepoint    ] Application time: 3.4694532 seconds
[835.050s][info ][safepoint    ] Entering safepoint region: GenCollectForAllocation
[835.050s][info ][gc,start     ] GC(133) Pause Young (Allocation Failure)
[835.050s][info ][gc,task      ] GC(133) Using 4 workers of 4 for evacuation
[835.053s][debug][gc,ref       ] GC(133) Skipped phase1 of Reference Processing due to unavailable references
[835.053s][debug][gc,ref       ] GC(133) Skipped phase3 of Reference Processing due to unavailable references
[835.053s][debug][gc,ref       ] GC(133) Skipped phase4 of Reference Processing due to unavailable references
[835.053s][debug][gc,age       ] GC(133) Desired survivor size 15400960 bytes, new threshold 6 (max threshold 6)
[835.053s][info ][gc,heap      ] GC(133) ParNew: 244357K->3639K(270976K)
[835.053s][info ][gc,heap      ] GC(133) CMS: 197005K->197005K(602112K)
[835.053s][info ][gc,metaspace ] GC(133) Metaspace: 53641K->53641K(1097728K)
[835.053s][info ][gc           ] GC(133) Pause Young (Allocation Failure) 431M->195M(852M) 2.550ms
[835.053s][info ][gc,cpu       ] GC(133) User=0.01s Sys=0.00s Real=0.00s
[835.053s][info ][safepoint    ] Leaving safepoint region
[835.053s][info ][safepoint    ] Total time for which application threads were stopped: 0.0027105 seconds, Stopping threads took: 0.0000206 seconds
[836.053s][info ][safepoint    ] Application time: 1.0000992 seconds
[836.053s][info ][safepoint    ] Entering safepoint region: Cleanup
[836.053s][info ][safepoint    ] Leaving safepoint region
[836.053s][info ][safepoint    ] Total time for which application threads were stopped: 0.0001323 seconds, Stopping threads took: 0.0000408 seconds
[840.053s][info ][safepoint    ] Application time: 4.0002833 seconds
[840.054s][info ][safepoint    ] Entering safepoint region: Cleanup
[840.054s][info ][safepoint    ] Leaving safepoint region
[840.054s][info ][safepoint    ] Total time for which application threads were stopped: 0.0001378 seconds, Stopping threads took: 0.0000531 seconds
[840.267s][info ][safepoint    ] Application time: 0.2137007 seconds
[840.267s][info ][safepoint    ] Entering safepoint region: GenCollectForAllocation
[840.267s][info ][gc,start     ] GC(134) Pause Young (Allocation Failure)
[840.268s][info ][gc,task      ] GC(134) Using 4 workers of 4 for evacuation
[840.270s][debug][gc,ref       ] GC(134) Skipped phase1 of Reference Processing due to unavailable references
[840.270s][debug][gc,ref       ] GC(134) Skipped phase3 of Reference Processing due to unavailable references
[840.270s][debug][gc,ref       ] GC(134) Skipped phase4 of Reference Processing due to unavailable references
[840.270s][debug][gc,age       ] GC(134) Desired survivor size 15400960 bytes, new threshold 6 (max threshold 6)
[840.270s][info ][gc,heap      ] GC(134) ParNew: 244535K->4178K(270976K)
[840.270s][info ][gc,heap      ] GC(134) CMS: 197005K->197048K(602112K)
[840.270s][info ][gc,metaspace ] GC(134) Metaspace: 53651K->53651K(1097728K)
[840.270s][info ][gc           ] GC(134) Pause Young (Allocation Failure) 431M->196M(852M) 2.993ms
[840.271s][info ][gc,cpu       ] GC(134) User=0.01s Sys=0.00s Real=0.01s
[840.271s][info ][safepoint    ] Leaving safepoint region
[840.271s][info ][safepoint    ] Total time for which application threads were stopped: 0.0031642 seconds, Stopping threads took: 0.0000180 seconds
[845.271s][info ][safepoint    ] Application time: 5.0004340 seconds
[845.271s][info ][safepoint    ] Entering safepoint region: Cleanup
[845.271s][info ][safepoint    ] Leaving safepoint region
[845.271s][info ][safepoint    ] Total time for which application threads were stopped: 0.0000819 seconds, Stopping threads took: 0.0000169 seconds
[846.271s][info ][safepoint    ] Application time: 1.0000761 seconds
[846.271s][info ][safepoint    ] Entering safepoint region: Cleanup
[846.271s][info ][safepoint    ] Leaving safepoint region
[846.271s][info ][safepoint    ] Total time for which application threads were stopped: 0.0001078 seconds, Stopping threads took: 0.0000176 seconds
[847.553s][info ][safepoint    ] Application time: 1.2815717 seconds
[847.553s][info ][safepoint    ] Entering safepoint region: GenCollectForAllocation
[847.553s][info ][gc,start     ] GC(135) Pause Young (Allocation Failure)
[847.553s][info ][gc,task      ] GC(135) Using 4 workers of 4 for evacuation
[847.557s][debug][gc,ref       ] GC(135) Skipped phase1 of Reference Processing due to unavailable references
[847.557s][debug][gc,ref       ] GC(135) Skipped phase2 of Reference Processing due to unavailable references
[847.557s][debug][gc,ref       ] GC(135) Skipped phase3 of Reference Processing due to unavailable references
[847.557s][debug][gc,age       ] GC(135) Desired survivor size 15400960 bytes, new threshold 6 (max threshold 6)
[847.557s][info ][gc,heap      ] GC(135) ParNew: 245074K->5507K(270976K)
[847.557s][info ][gc,heap      ] GC(135) CMS: 197048K->198579K(602112K)
[847.557s][info ][gc,metaspace ] GC(135) Metaspace: 53652K->53652K(1097728K)
[847.557s][info ][gc           ] GC(135) Pause Young (Allocation Failure) 431M->199M(852M) 4.083ms
[847.557s][info ][gc,cpu       ] GC(135) User=0.02s Sys=0.00s Real=0.00s
[847.557s][info ][safepoint    ] Leaving safepoint region
[847.557s][info ][safepoint    ] Total time for which application threads were stopped: 0.0042558 seconds, Stopping threads took: 0.0000195 seconds
[848.557s][info ][safepoint    ] Application time: 1.0001012 seconds
[848.557s][info ][safepoint    ] Entering safepoint region: Cleanup
[848.557s][info ][safepoint    ] Leaving safepoint region
[848.557s][info ][safepoint    ] Total time for which application threads were stopped: 0.0001422 seconds, Stopping threads took: 0.0000644 seconds
[852.558s][info ][safepoint    ] Application time: 4.0002614 seconds
[852.558s][info ][safepoint    ] Entering safepoint region: Cleanup
[852.558s][info ][safepoint    ] Leaving safepoint region
[852.558s][info ][safepoint    ] Total time for which application threads were stopped: 0.0001002 seconds, Stopping threads took: 0.0000321 seconds
[854.558s][info ][safepoint    ] Application time: 2.0001697 seconds
[854.558s][info ][safepoint    ] Entering safepoint region: Cleanup
[854.558s][info ][safepoint    ] Leaving safepoint region
[854.558s][info ][safepoint    ] Total time for which application threads were stopped: 0.0000861 seconds, Stopping threads took: 0.0000176 seconds
[855.245s][info ][safepoint    ] Application time: 0.6868100 seconds
[855.245s][info ][safepoint    ] Entering safepoint region: GenCollectForAllocation
[855.245s][info ][gc,start     ] GC(136) Pause Young (Allocation Failure)
[855.246s][info ][gc,task      ] GC(136) Using 4 workers of 4 for evacuation
[855.249s][debug][gc,ref       ] GC(136) Skipped phase1 of Reference Processing due to unavailable references
[855.249s][debug][gc,ref       ] GC(136) Skipped phase2 of Reference Processing due to unavailable references
[855.249s][debug][gc,ref       ] GC(136) Skipped phase3 of Reference Processing due to unavailable references
[855.249s][debug][gc,age       ] GC(136) Desired survivor size 15400960 bytes, new threshold 6 (max threshold 6)
[855.249s][info ][gc,heap      ] GC(136) ParNew: 246403K->5131K(270976K)
[855.249s][info ][gc,heap      ] GC(136) CMS: 198579K->198581K(602112K)
[855.249s][info ][gc,metaspace ] GC(136) Metaspace: 53652K->53652K(1097728K)
[855.249s][info ][gc           ] GC(136) Pause Young (Allocation Failure) 434M->198M(852M) 3.386ms
[855.249s][info ][gc,cpu       ] GC(136) User=0.01s Sys=0.00s Real=0.01s
[855.249s][info ][safepoint    ] Leaving safepoint region
[855.249s][info ][safepoint    ] Total time for which application threads were stopped: 0.0038830 seconds, Stopping threads took: 0.0000189 seconds
[856.249s][info ][safepoint    ] Application time: 1.0000963 seconds
[856.249s][info ][safepoint    ] Entering safepoint region: Cleanup
[856.249s][info ][safepoint    ] Leaving safepoint region
[856.249s][info ][safepoint    ] Total time for which application threads were stopped: 0.0000903 seconds, Stopping threads took: 0.0000292 seconds
[857.249s][info ][safepoint    ] Application time: 1.0001254 seconds
[857.249s][info ][safepoint    ] Entering safepoint region: Cleanup
[857.249s][info ][safepoint    ] Leaving safepoint region
[857.249s][info ][safepoint    ] Total time for which application threads were stopped: 0.0001221 seconds, Stopping threads took: 0.0000409 seconds
[858.250s][info ][safepoint    ] Application time: 1.0000787 seconds
[858.250s][info ][safepoint    ] Entering safepoint region: Cleanup
[858.250s][info ][safepoint    ] Leaving safepoint region
[858.250s][info ][safepoint    ] Total time for which application threads were stopped: 0.0001404 seconds, Stopping threads took: 0.0000694 seconds
[860.250s][info ][safepoint    ] Application time: 2.0001192 seconds
[860.250s][info ][safepoint    ] Entering safepoint region: Cleanup
[860.250s][info ][safepoint    ] Leaving safepoint region
[860.250s][info ][safepoint    ] Total time for which application threads were stopped: 0.0001168 seconds, Stopping threads took: 0.0000440 seconds
[861.681s][info ][safepoint    ] Application time: 1.4311589 seconds
[861.681s][info ][safepoint    ] Entering safepoint region: RevokeBias
[861.681s][info ][safepoint    ] Leaving safepoint region
[861.681s][info ][safepoint    ] Total time for which application threads were stopped: 0.0001308 seconds, Stopping threads took: 0.0000265 seconds
[862.446s][info ][safepoint    ] Application time: 0.7647504 seconds
[862.446s][info ][safepoint    ] Entering safepoint region: GenCollectForAllocation
[862.446s][info ][gc,start     ] GC(137) Pause Young (Allocation Failure)
[862.446s][info ][gc,task      ] GC(137) Using 4 workers of 4 for evacuation
[862.449s][debug][gc,ref       ] GC(137) Skipped phase1 of Reference Processing due to unavailable references
[862.449s][debug][gc,ref       ] GC(137) Skipped phase2 of Reference Processing due to unavailable references
[862.449s][debug][gc,ref       ] GC(137) Skipped phase3 of Reference Processing due to unavailable references
[862.449s][debug][gc,age       ] GC(137) Desired survivor size 15400960 bytes, new threshold 6 (max threshold 6)
[862.449s][info ][gc,heap      ] GC(137) ParNew: 246027K->3384K(270976K)
[862.449s][info ][gc,heap      ] GC(137) CMS: 198581K->198581K(602112K)
[862.449s][info ][gc,metaspace ] GC(137) Metaspace: 53658K->53658K(1097728K)
[862.449s][info ][gc           ] GC(137) Pause Young (Allocation Failure) 434M->197M(852M) 2.799ms
[862.449s][info ][gc,cpu       ] GC(137) User=0.01s Sys=0.00s Real=0.01s
[862.449s][info ][safepoint    ] Leaving safepoint region
[862.449s][info ][safepoint    ] Total time for which application threads were stopped: 0.0029662 seconds, Stopping threads took: 0.0000163 seconds
[863.449s][info ][safepoint    ] Application time: 1.0001209 seconds
[863.449s][info ][safepoint    ] Entering safepoint region: Cleanup
[863.449s][info ][safepoint    ] Leaving safepoint region
[863.449s][info ][safepoint    ] Total time for which application threads were stopped: 0.0001877 seconds, Stopping threads took: 0.0001100 seconds
[865.450s][info ][safepoint    ] Application time: 2.0002232 seconds
[865.450s][info ][safepoint    ] Entering safepoint region: Cleanup
[865.450s][info ][safepoint    ] Leaving safepoint region
[865.450s][info ][safepoint    ] Total time for which application threads were stopped: 0.0001214 seconds, Stopping threads took: 0.0000443 seconds
[867.450s][info ][safepoint    ] Application time: 2.0001764 seconds
[867.450s][info ][safepoint    ] Entering safepoint region: Cleanup
[867.450s][info ][safepoint    ] Leaving safepoint region
[867.450s][info ][safepoint    ] Total time for which application threads were stopped: 0.0001214 seconds, Stopping threads took: 0.0000383 seconds
[868.451s][info ][safepoint    ] Application time: 1.0003620 seconds
[868.451s][info ][safepoint    ] Entering safepoint region: Cleanup
[868.451s][info ][safepoint    ] Leaving safepoint region
[868.451s][info ][safepoint    ] Total time for which application threads were stopped: 0.0000946 seconds, Stopping threads took: 0.0000299 seconds
[870.451s][info ][safepoint    ] Application time: 2.0006447 seconds
[870.451s][info ][safepoint    ] Entering safepoint region: GenCollectForAllocation
[870.451s][info ][gc,start     ] GC(138) Pause Young (Allocation Failure)
[870.452s][info ][gc,task      ] GC(138) Using 4 workers of 4 for evacuation
[870.454s][debug][gc,ref       ] GC(138) Skipped phase1 of Reference Processing due to unavailable references
[870.454s][debug][gc,ref       ] GC(138) Skipped phase2 of Reference Processing due to unavailable references
[870.454s][debug][gc,ref       ] GC(138) Skipped phase3 of Reference Processing due to unavailable references
[870.454s][debug][gc,age       ] GC(138) Desired survivor size 15400960 bytes, new threshold 6 (max threshold 6)
[870.454s][info ][gc,heap      ] GC(138) ParNew: 244280K->4286K(270976K)
[870.454s][info ][gc,heap      ] GC(138) CMS: 198581K->198581K(602112K)
[870.454s][info ][gc,metaspace ] GC(138) Metaspace: 53666K->53666K(1097728K)
[870.454s][info ][gc           ] GC(138) Pause Young (Allocation Failure) 432M->198M(852M) 2.633ms
[870.454s][info ][gc,cpu       ] GC(138) User=0.01s Sys=0.00s Real=0.00s
[870.454s][info ][safepoint    ] Leaving safepoint region
[870.454s][info ][safepoint    ] Total time for which application threads were stopped: 0.0028003 seconds, Stopping threads took: 0.0000167 seconds
[871.454s][info ][safepoint    ] Application time: 1.0001023 seconds
[871.454s][info ][safepoint    ] Entering safepoint region: Cleanup
[871.454s][info ][safepoint    ] Leaving safepoint region
[871.454s][info ][safepoint    ] Total time for which application threads were stopped: 0.0001274 seconds, Stopping threads took: 0.0000445 seconds
[872.455s][info ][safepoint    ] Application time: 1.0000991 seconds
[872.455s][info ][safepoint    ] Entering safepoint region: Cleanup
[872.455s][info ][safepoint    ] Leaving safepoint region
[872.455s][info ][safepoint    ] Total time for which application threads were stopped: 0.0001462 seconds, Stopping threads took: 0.0000752 seconds
[874.455s][info ][safepoint    ] Application time: 2.0002162 seconds
[874.455s][info ][safepoint    ] Entering safepoint region: Cleanup
[874.455s][info ][safepoint    ] Leaving safepoint region
[874.455s][info ][safepoint    ] Total time for which application threads were stopped: 0.0002098 seconds, Stopping threads took: 0.0000994 seconds
[875.455s][info ][safepoint    ] Application time: 1.0001002 seconds
[875.455s][info ][safepoint    ] Entering safepoint region: Cleanup
[875.455s][info ][safepoint    ] Leaving safepoint region
[875.455s][info ][safepoint    ] Total time for which application threads were stopped: 0.0001176 seconds, Stopping threads took: 0.0000510 seconds
[876.154s][info ][safepoint    ] Application time: 0.6983497 seconds
[876.154s][info ][safepoint    ] Entering safepoint region: GenCollectForAllocation
[876.154s][info ][gc,start     ] GC(139) Pause Young (Allocation Failure)
[876.154s][info ][gc,task      ] GC(139) Using 4 workers of 4 for evacuation
[876.156s][debug][gc,ref       ] GC(139) Skipped phase1 of Reference Processing due to unavailable references
[876.156s][debug][gc,ref       ] GC(139) Skipped phase2 of Reference Processing due to unavailable references
[876.156s][debug][gc,ref       ] GC(139) Skipped phase3 of Reference Processing due to unavailable references
[876.157s][debug][gc,age       ] GC(139) Desired survivor size 15400960 bytes, new threshold 6 (max threshold 6)
[876.157s][info ][gc,heap      ] GC(139) ParNew: 245182K->4162K(270976K)
[876.157s][info ][gc,heap      ] GC(139) CMS: 198581K->198599K(602112K)
[876.157s][info ][gc,metaspace ] GC(139) Metaspace: 53669K->53669K(1097728K)
[876.157s][info ][gc           ] GC(139) Pause Young (Allocation Failure) 433M->198M(852M) 2.574ms
[876.157s][info ][gc,cpu       ] GC(139) User=0.01s Sys=0.00s Real=0.00s
[876.157s][info ][safepoint    ] Leaving safepoint region
[876.157s][info ][safepoint    ] Total time for which application threads were stopped: 0.0027586 seconds, Stopping threads took: 0.0000180 seconds
[879.157s][info ][safepoint    ] Application time: 3.0002644 seconds
[879.157s][info ][safepoint    ] Entering safepoint region: Cleanup
[879.157s][info ][safepoint    ] Leaving safepoint region
[879.157s][info ][safepoint    ] Total time for which application threads were stopped: 0.0000832 seconds, Stopping threads took: 0.0000171 seconds
[883.157s][info ][safepoint    ] Application time: 4.0002865 seconds
[883.157s][info ][safepoint    ] Entering safepoint region: Cleanup
[883.157s][info ][safepoint    ] Leaving safepoint region
[883.157s][info ][safepoint    ] Total time for which application threads were stopped: 0.0001043 seconds, Stopping threads took: 0.0000198 seconds
[885.158s][info ][safepoint    ] Application time: 2.0001651 seconds
[885.158s][info ][safepoint    ] Entering safepoint region: Cleanup
[885.158s][info ][safepoint    ] Leaving safepoint region
[885.158s][info ][safepoint    ] Total time for which application threads were stopped: 0.0000926 seconds, Stopping threads took: 0.0000226 seconds
[892.152s][info ][safepoint    ] Application time: 6.9943473 seconds
[892.152s][info ][safepoint    ] Entering safepoint region: GenCollectForAllocation
[892.152s][info ][gc,start     ] GC(140) Pause Young (Allocation Failure)
[892.152s][info ][gc,task      ] GC(140) Using 4 workers of 4 for evacuation
[892.156s][debug][gc,ref       ] GC(140) Skipped phase1 of Reference Processing due to unavailable references
[892.156s][debug][gc,ref       ] GC(140) Skipped phase2 of Reference Processing due to unavailable references
[892.156s][debug][gc,ref       ] GC(140) Skipped phase3 of Reference Processing due to unavailable references
[892.156s][debug][gc,age       ] GC(140) Desired survivor size 15400960 bytes, new threshold 6 (max threshold 6)
[892.156s][info ][gc,heap      ] GC(140) ParNew: 245058K->2759K(270976K)
[892.156s][info ][gc,heap      ] GC(140) CMS: 198599K->199475K(602112K)
[892.156s][info ][gc,metaspace ] GC(140) Metaspace: 53674K->53674K(1097728K)
[892.156s][info ][gc           ] GC(140) Pause Young (Allocation Failure) 433M->197M(852M) 3.630ms
[892.156s][info ][gc,cpu       ] GC(140) User=0.01s Sys=0.00s Real=0.00s
[892.156s][info ][safepoint    ] Leaving safepoint region
[892.156s][info ][safepoint    ] Total time for which application threads were stopped: 0.0038240 seconds, Stopping threads took: 0.0000177 seconds
[893.156s][info ][safepoint    ] Application time: 1.0000966 seconds
[893.156s][info ][safepoint    ] Entering safepoint region: Cleanup
[893.156s][info ][safepoint    ] Leaving safepoint region
[893.156s][info ][safepoint    ] Total time for which application threads were stopped: 0.0000822 seconds, Stopping threads took: 0.0000205 seconds
[899.157s][info ][safepoint    ] Application time: 6.0004842 seconds
[899.157s][info ][safepoint    ] Entering safepoint region: Cleanup
[899.157s][info ][safepoint    ] Leaving safepoint region
[899.157s][info ][safepoint    ] Total time for which application threads were stopped: 0.0000930 seconds, Stopping threads took: 0.0000182 seconds
[902.848s][info ][safepoint    ] Application time: 3.6911924 seconds
[902.848s][info ][safepoint    ] Entering safepoint region: GenCollectForAllocation
[902.848s][info ][gc,start     ] GC(141) Pause Young (Allocation Failure)
[902.848s][info ][gc,task      ] GC(141) Using 4 workers of 4 for evacuation
[902.891s][debug][gc,ref       ] GC(141) Skipped phase1 of Reference Processing due to unavailable references
[902.891s][debug][gc,ref       ] GC(141) Skipped phase2 of Reference Processing due to unavailable references
[902.891s][debug][gc,ref       ] GC(141) Skipped phase3 of Reference Processing due to unavailable references
[902.891s][debug][gc,ref       ] GC(141) Skipped phase4 of Reference Processing due to unavailable references
[902.891s][debug][gc,age       ] GC(141) Desired survivor size 15400960 bytes, new threshold 6 (max threshold 6)
[902.891s][info ][gc,heap      ] GC(141) ParNew: 243655K->2079K(270976K)
[902.891s][info ][gc,heap      ] GC(141) CMS: 199475K->200680K(602112K)
[902.891s][info ][gc,metaspace ] GC(141) Metaspace: 53674K->53674K(1097728K)
[902.891s][info ][gc           ] GC(141) Pause Young (Allocation Failure) 432M->198M(852M) 42.655ms
[902.891s][info ][gc,cpu       ] GC(141) User=0.08s Sys=0.01s Real=0.04s
[902.891s][info ][safepoint    ] Leaving safepoint region
[902.891s][info ][safepoint    ] Total time for which application threads were stopped: 0.0430409 seconds, Stopping threads took: 0.0001641 seconds
[903.891s][info ][safepoint    ] Application time: 1.0000617 seconds
[903.891s][info ][safepoint    ] Entering safepoint region: Cleanup
[903.891s][info ][safepoint    ] Leaving safepoint region
[903.891s][info ][safepoint    ] Total time for which application threads were stopped: 0.0000837 seconds, Stopping threads took: 0.0000183 seconds
[904.891s][info ][safepoint    ] Application time: 1.0000899 seconds
[904.891s][info ][safepoint    ] Entering safepoint region: Cleanup
[904.892s][info ][safepoint    ] Leaving safepoint region
[904.892s][info ][safepoint    ] Total time for which application threads were stopped: 0.0000833 seconds, Stopping threads took: 0.0000185 seconds
[910.892s][info ][safepoint    ] Application time: 6.0004495 seconds
[910.892s][info ][safepoint    ] Entering safepoint region: Cleanup
[910.892s][info ][safepoint    ] Leaving safepoint region
[910.892s][info ][safepoint    ] Total time for which application threads were stopped: 0.0001171 seconds, Stopping threads took: 0.0000185 seconds
[912.512s][info ][safepoint    ] Application time: 1.6197617 seconds
[912.512s][info ][safepoint    ] Entering safepoint region: GenCollectForAllocation
[912.512s][info ][gc,start     ] GC(142) Pause Young (Allocation Failure)
[912.512s][info ][gc,task      ] GC(142) Using 4 workers of 4 for evacuation
[912.515s][debug][gc,ref       ] GC(142) Skipped phase1 of Reference Processing due to unavailable references
[912.515s][debug][gc,ref       ] GC(142) Skipped phase2 of Reference Processing due to unavailable references
[912.515s][debug][gc,ref       ] GC(142) Skipped phase3 of Reference Processing due to unavailable references
[912.515s][debug][gc,ref       ] GC(142) Skipped phase4 of Reference Processing due to unavailable references
[912.515s][debug][gc,age       ] GC(142) Desired survivor size 15400960 bytes, new threshold 6 (max threshold 6)
[912.515s][info ][gc,heap      ] GC(142) ParNew: 242975K->1770K(270976K)
[912.515s][info ][gc,heap      ] GC(142) CMS: 200680K->200728K(602112K)
[912.515s][info ][gc,metaspace ] GC(142) Metaspace: 53691K->53691K(1097728K)
[912.515s][info ][gc           ] GC(142) Pause Young (Allocation Failure) 433M->197M(852M) 2.716ms
[912.515s][info ][gc,cpu       ] GC(142) User=0.01s Sys=0.00s Real=0.00s
[912.515s][info ][safepoint    ] Leaving safepoint region
[912.515s][info ][safepoint    ] Total time for which application threads were stopped: 0.0029284 seconds, Stopping threads took: 0.0000380 seconds
[913.515s][info ][safepoint    ] Application time: 1.0001062 seconds
[913.515s][info ][safepoint    ] Entering safepoint region: Cleanup
[913.515s][info ][safepoint    ] Leaving safepoint region
[913.515s][info ][safepoint    ] Total time for which application threads were stopped: 0.0000890 seconds, Stopping threads took: 0.0000190 seconds
[916.515s][info ][safepoint    ] Application time: 3.0002408 seconds
[916.515s][info ][safepoint    ] Entering safepoint region: Cleanup
[916.516s][info ][safepoint    ] Leaving safepoint region
[916.516s][info ][safepoint    ] Total time for which application threads were stopped: 0.0001117 seconds, Stopping threads took: 0.0000195 seconds
[917.516s][info ][safepoint    ] Application time: 1.0000863 seconds
[917.516s][info ][safepoint    ] Entering safepoint region: Cleanup
[917.516s][info ][safepoint    ] Leaving safepoint region
[917.516s][info ][safepoint    ] Total time for which application threads were stopped: 0.0001058 seconds, Stopping threads took: 0.0000356 seconds
[918.516s][info ][safepoint    ] Application time: 1.0001202 seconds
[918.516s][info ][safepoint    ] Entering safepoint region: Cleanup
[918.516s][info ][safepoint    ] Leaving safepoint region
[918.516s][info ][safepoint    ] Total time for which application threads were stopped: 0.0000814 seconds, Stopping threads took: 0.0000203 seconds
[919.516s][info ][safepoint    ] Application time: 1.0000896 seconds
[919.516s][info ][safepoint    ] Entering safepoint region: Cleanup
[919.516s][info ][safepoint    ] Leaving safepoint region
[919.516s][info ][safepoint    ] Total time for which application threads were stopped: 0.0000982 seconds, Stopping threads took: 0.0000187 seconds
[920.152s][info ][safepoint    ] Application time: 0.6353508 seconds
[920.152s][info ][safepoint    ] Entering safepoint region: GenCollectForAllocation
[920.152s][info ][gc,start     ] GC(143) Pause Young (Allocation Failure)
[920.152s][info ][gc,task      ] GC(143) Using 4 workers of 4 for evacuation
[920.154s][debug][gc,ref       ] GC(143) Skipped phase1 of Reference Processing due to unavailable references
[920.154s][debug][gc,ref       ] GC(143) Skipped phase2 of Reference Processing due to unavailable references
[920.154s][debug][gc,ref       ] GC(143) Skipped phase3 of Reference Processing due to unavailable references
[920.154s][debug][gc,ref       ] GC(143) Skipped phase4 of Reference Processing due to unavailable references
[920.154s][debug][gc,age       ] GC(143) Desired survivor size 15400960 bytes, new threshold 6 (max threshold 6)
[920.154s][info ][gc,heap      ] GC(143) ParNew: 242666K->1502K(270976K)
[920.154s][info ][gc,heap      ] GC(143) CMS: 200728K->200749K(602112K)
[920.154s][info ][gc,metaspace ] GC(143) Metaspace: 53692K->53692K(1097728K)
[920.154s][info ][gc           ] GC(143) Pause Young (Allocation Failure) 433M->197M(852M) 2.051ms
[920.154s][info ][gc,cpu       ] GC(143) User=0.01s Sys=0.00s Real=0.00s
[920.154s][info ][safepoint    ] Leaving safepoint region
[920.154s][info ][safepoint    ] Total time for which application threads were stopped: 0.0023603 seconds, Stopping threads took: 0.0000178 seconds
[921.154s][info ][safepoint    ] Application time: 1.0000889 seconds
[921.154s][info ][safepoint    ] Entering safepoint region: Cleanup
[921.154s][info ][safepoint    ] Leaving safepoint region
[921.154s][info ][safepoint    ] Total time for which application threads were stopped: 0.0000940 seconds, Stopping threads took: 0.0000192 seconds
[922.154s][info ][safepoint    ] Application time: 1.0000915 seconds
[922.155s][info ][safepoint    ] Entering safepoint region: Cleanup
[922.155s][info ][safepoint    ] Leaving safepoint region
[922.155s][info ][safepoint    ] Total time for which application threads were stopped: 0.0008660 seconds, Stopping threads took: 0.0007933 seconds
[923.155s][info ][safepoint    ] Application time: 1.0001409 seconds
[923.155s][info ][safepoint    ] Entering safepoint region: Cleanup
[923.155s][info ][safepoint    ] Leaving safepoint region
[923.155s][info ][safepoint    ] Total time for which application threads were stopped: 0.0000775 seconds, Stopping threads took: 0.0000178 seconds
[924.156s][info ][safepoint    ] Application time: 1.0000692 seconds
[924.156s][info ][safepoint    ] Entering safepoint region: Cleanup
[924.156s][info ][safepoint    ] Leaving safepoint region
[924.156s][info ][safepoint    ] Total time for which application threads were stopped: 0.0001240 seconds, Stopping threads took: 0.0000451 seconds
[925.156s][info ][safepoint    ] Application time: 1.0000910 seconds
[925.156s][info ][safepoint    ] Entering safepoint region: Cleanup
[925.156s][info ][safepoint    ] Leaving safepoint region
[925.156s][info ][safepoint    ] Total time for which application threads were stopped: 0.0001295 seconds, Stopping threads took: 0.0000583 seconds
[926.156s][info ][safepoint    ] Application time: 1.0000887 seconds
[926.156s][info ][safepoint    ] Entering safepoint region: Cleanup
[926.156s][info ][safepoint    ] Leaving safepoint region
[926.156s][info ][safepoint    ] Total time for which application threads were stopped: 0.0001721 seconds, Stopping threads took: 0.0000582 seconds
[927.156s][info ][safepoint    ] Application time: 1.0000846 seconds
[927.157s][info ][safepoint    ] Entering safepoint region: Cleanup
[927.157s][info ][safepoint    ] Leaving safepoint region
[927.157s][info ][safepoint    ] Total time for which application threads were stopped: 0.0001469 seconds, Stopping threads took: 0.0000876 seconds
[928.157s][info ][safepoint    ] Application time: 1.0000940 seconds
[928.157s][info ][safepoint    ] Entering safepoint region: Cleanup
[928.157s][info ][safepoint    ] Leaving safepoint region
[928.157s][info ][safepoint    ] Total time for which application threads were stopped: 0.0000835 seconds, Stopping threads took: 0.0000224 seconds
[929.157s][info ][safepoint    ] Application time: 1.0000917 seconds
[929.157s][info ][safepoint    ] Entering safepoint region: Cleanup
[929.157s][info ][safepoint    ] Leaving safepoint region
[929.157s][info ][safepoint    ] Total time for which application threads were stopped: 0.0000902 seconds, Stopping threads took: 0.0000190 seconds
[929.352s][info ][safepoint    ] Application time: 0.1947280 seconds
[929.352s][info ][safepoint    ] Entering safepoint region: GenCollectForAllocation
[929.352s][info ][gc,start     ] GC(144) Pause Young (Allocation Failure)
[929.352s][info ][gc,task      ] GC(144) Using 4 workers of 4 for evacuation
[929.354s][debug][gc,ref       ] GC(144) Skipped phase1 of Reference Processing due to unavailable references
[929.354s][debug][gc,ref       ] GC(144) Skipped phase2 of Reference Processing due to unavailable references
[929.354s][debug][gc,ref       ] GC(144) Skipped phase3 of Reference Processing due to unavailable references
[929.354s][debug][gc,ref       ] GC(144) Skipped phase4 of Reference Processing due to unavailable references
[929.354s][debug][gc,age       ] GC(144) Desired survivor size 15400960 bytes, new threshold 6 (max threshold 6)
[929.354s][info ][gc,heap      ] GC(144) ParNew: 242398K->865K(270976K)
[929.354s][info ][gc,heap      ] GC(144) CMS: 200749K->200765K(602112K)
[929.354s][info ][gc,metaspace ] GC(144) Metaspace: 53703K->53703K(1097728K)
[929.354s][info ][gc           ] GC(144) Pause Young (Allocation Failure) 432M->196M(852M) 1.928ms
[929.354s][info ][gc,cpu       ] GC(144) User=0.00s Sys=0.00s Real=0.00s
[929.354s][info ][safepoint    ] Leaving safepoint region
[929.354s][info ][safepoint    ] Total time for which application threads were stopped: 0.0020723 seconds, Stopping threads took: 0.0000155 seconds
[930.354s][info ][safepoint    ] Application time: 1.0000970 seconds
[930.354s][info ][safepoint    ] Entering safepoint region: Cleanup
[930.354s][info ][safepoint    ] Leaving safepoint region
[930.354s][info ][safepoint    ] Total time for which application threads were stopped: 0.0000775 seconds, Stopping threads took: 0.0000178 seconds
[931.354s][info ][safepoint    ] Application time: 1.0000861 seconds
[931.354s][info ][safepoint    ] Entering safepoint region: Cleanup
[931.354s][info ][safepoint    ] Leaving safepoint region
[931.354s][info ][safepoint    ] Total time for which application threads were stopped: 0.0000794 seconds, Stopping threads took: 0.0000207 seconds
[932.354s][info ][safepoint    ] Application time: 1.0001280 seconds
[932.354s][info ][safepoint    ] Entering safepoint region: Cleanup
[932.355s][info ][safepoint    ] Leaving safepoint region
[932.355s][info ][safepoint    ] Total time for which application threads were stopped: 0.0001365 seconds, Stopping threads took: 0.0000549 seconds
[933.355s][info ][safepoint    ] Application time: 1.0000499 seconds
[933.355s][info ][safepoint    ] Entering safepoint region: Cleanup
[933.355s][info ][safepoint    ] Leaving safepoint region
[933.355s][info ][safepoint    ] Total time for which application threads were stopped: 0.0000895 seconds, Stopping threads took: 0.0000181 seconds
[934.355s][info ][safepoint    ] Application time: 1.0000832 seconds
[934.355s][info ][safepoint    ] Entering safepoint region: Cleanup
[934.355s][info ][safepoint    ] Leaving safepoint region
[934.355s][info ][safepoint    ] Total time for which application threads were stopped: 0.0000929 seconds, Stopping threads took: 0.0000341 seconds
[935.355s][info ][safepoint    ] Application time: 1.0000840 seconds
[935.355s][info ][safepoint    ] Entering safepoint region: Cleanup
[935.355s][info ][safepoint    ] Leaving safepoint region
[935.355s][info ][safepoint    ] Total time for which application threads were stopped: 0.0001377 seconds, Stopping threads took: 0.0000690 seconds
[936.355s][info ][safepoint    ] Application time: 1.0000914 seconds
[936.355s][info ][safepoint    ] Entering safepoint region: Cleanup
[936.355s][info ][safepoint    ] Leaving safepoint region
[936.355s][info ][safepoint    ] Total time for which application threads were stopped: 0.0001235 seconds, Stopping threads took: 0.0000536 seconds
[937.268s][info ][safepoint    ] Application time: 0.9121801 seconds
[937.268s][info ][safepoint    ] Entering safepoint region: GenCollectForAllocation
[937.268s][info ][gc,start     ] GC(145) Pause Young (Allocation Failure)
[937.268s][info ][gc,task      ] GC(145) Using 4 workers of 4 for evacuation
[937.270s][debug][gc,ref       ] GC(145) Skipped phase1 of Reference Processing due to unavailable references
[937.270s][debug][gc,ref       ] GC(145) Skipped phase2 of Reference Processing due to unavailable references
[937.270s][debug][gc,ref       ] GC(145) Skipped phase3 of Reference Processing due to unavailable references
[937.270s][debug][gc,ref       ] GC(145) Skipped phase4 of Reference Processing due to unavailable references
[937.270s][debug][gc,age       ] GC(145) Desired survivor size 15400960 bytes, new threshold 6 (max threshold 6)
[937.270s][info ][gc,heap      ] GC(145) ParNew: 241761K->912K(270976K)
[937.270s][info ][gc,heap      ] GC(145) CMS: 200765K->200797K(602112K)
[937.270s][info ][gc,metaspace ] GC(145) Metaspace: 53707K->53707K(1097728K)
[937.270s][info ][gc           ] GC(145) Pause Young (Allocation Failure) 432M->196M(852M) 1.925ms
[937.270s][info ][gc,cpu       ] GC(145) User=0.01s Sys=0.00s Real=0.01s
[937.270s][info ][safepoint    ] Leaving safepoint region
[937.270s][info ][safepoint    ] Total time for which application threads were stopped: 0.0020799 seconds, Stopping threads took: 0.0000171 seconds
[938.270s][info ][safepoint    ] Application time: 1.0001030 seconds
[938.270s][info ][safepoint    ] Entering safepoint region: Cleanup
[938.270s][info ][safepoint    ] Leaving safepoint region
[938.270s][info ][safepoint    ] Total time for which application threads were stopped: 0.0000824 seconds, Stopping threads took: 0.0000196 seconds
[939.270s][info ][safepoint    ] Application time: 1.0000940 seconds
[939.270s][info ][safepoint    ] Entering safepoint region: Cleanup
[939.270s][info ][safepoint    ] Leaving safepoint region
[939.270s][info ][safepoint    ] Total time for which application threads were stopped: 0.0001448 seconds, Stopping threads took: 0.0000730 seconds
[940.270s][info ][safepoint    ] Application time: 1.0000900 seconds
[940.270s][info ][safepoint    ] Entering safepoint region: Cleanup
[940.270s][info ][safepoint    ] Leaving safepoint region
[940.271s][info ][safepoint    ] Total time for which application threads were stopped: 0.0000795 seconds, Stopping threads took: 0.0000178 seconds
[941.271s][info ][safepoint    ] Application time: 1.0000839 seconds
[941.271s][info ][safepoint    ] Entering safepoint region: Cleanup
[941.271s][info ][safepoint    ] Leaving safepoint region
[941.271s][info ][safepoint    ] Total time for which application threads were stopped: 0.0000730 seconds, Stopping threads took: 0.0000177 seconds
[942.271s][info ][safepoint    ] Application time: 1.0000652 seconds
[942.271s][info ][safepoint    ] Entering safepoint region: Cleanup
[942.271s][info ][safepoint    ] Leaving safepoint region
[942.271s][info ][safepoint    ] Total time for which application threads were stopped: 0.0000875 seconds, Stopping threads took: 0.0000190 seconds
[943.271s][info ][safepoint    ] Application time: 1.0000979 seconds
[943.271s][info ][safepoint    ] Entering safepoint region: Cleanup
[943.271s][info ][safepoint    ] Leaving safepoint region
[943.271s][info ][safepoint    ] Total time for which application threads were stopped: 0.0000823 seconds, Stopping threads took: 0.0000194 seconds
[944.271s][info ][safepoint    ] Application time: 1.0000889 seconds
[944.271s][info ][safepoint    ] Entering safepoint region: Cleanup
[944.271s][info ][safepoint    ] Leaving safepoint region
[944.271s][info ][safepoint    ] Total time for which application threads were stopped: 0.0001072 seconds, Stopping threads took: 0.0000359 seconds
[944.450s][info ][safepoint    ] Application time: 0.1787057 seconds
[944.450s][info ][safepoint    ] Entering safepoint region: GenCollectForAllocation
[944.450s][info ][gc,start     ] GC(146) Pause Young (Allocation Failure)
[944.450s][info ][gc,task      ] GC(146) Using 4 workers of 4 for evacuation
[944.452s][debug][gc,ref       ] GC(146) Skipped phase1 of Reference Processing due to unavailable references
[944.452s][debug][gc,ref       ] GC(146) Skipped phase2 of Reference Processing due to unavailable references
[944.452s][debug][gc,ref       ] GC(146) Skipped phase3 of Reference Processing due to unavailable references
[944.452s][debug][gc,ref       ] GC(146) Skipped phase4 of Reference Processing due to unavailable references
[944.452s][debug][gc,age       ] GC(146) Desired survivor size 15400960 bytes, new threshold 6 (max threshold 6)
[944.452s][info ][gc,heap      ] GC(146) ParNew: 241808K->777K(270976K)
[944.452s][info ][gc,heap      ] GC(146) CMS: 200797K->200804K(602112K)
[944.452s][info ][gc,metaspace ] GC(146) Metaspace: 53720K->53720K(1097728K)
[944.452s][info ][gc           ] GC(146) Pause Young (Allocation Failure) 432M->196M(852M) 2.080ms
[944.452s][info ][gc,cpu       ] GC(146) User=0.00s Sys=0.00s Real=0.00s
[944.452s][info ][safepoint    ] Leaving safepoint region
[944.452s][info ][safepoint    ] Total time for which application threads were stopped: 0.0022742 seconds, Stopping threads took: 0.0000407 seconds
[945.453s][info ][safepoint    ] Application time: 1.0001056 seconds
[945.453s][info ][safepoint    ] Entering safepoint region: Cleanup
[945.453s][info ][safepoint    ] Leaving safepoint region
[945.453s][info ][safepoint    ] Total time for which application threads were stopped: 0.0001354 seconds, Stopping threads took: 0.0000417 seconds
[946.453s][info ][safepoint    ] Application time: 1.0000840 seconds
[946.453s][info ][safepoint    ] Entering safepoint region: Cleanup
[946.453s][info ][safepoint    ] Leaving safepoint region
[946.453s][info ][safepoint    ] Total time for which application threads were stopped: 0.0000872 seconds, Stopping threads took: 0.0000168 seconds
[947.453s][info ][safepoint    ] Application time: 1.0000733 seconds
[947.453s][info ][safepoint    ] Entering safepoint region: Cleanup
[947.453s][info ][safepoint    ] Leaving safepoint region
[947.453s][info ][safepoint    ] Total time for which application threads were stopped: 0.0001083 seconds, Stopping threads took: 0.0000410 seconds
[948.453s][info ][safepoint    ] Application time: 1.0001007 seconds
[948.453s][info ][safepoint    ] Entering safepoint region: Cleanup
[948.453s][info ][safepoint    ] Leaving safepoint region
[948.453s][info ][safepoint    ] Total time for which application threads were stopped: 0.0001560 seconds, Stopping threads took: 0.0000763 seconds
[949.454s][info ][safepoint    ] Application time: 1.0000917 seconds
[949.454s][info ][safepoint    ] Entering safepoint region: Cleanup
[949.454s][info ][safepoint    ] Leaving safepoint region
[949.454s][info ][safepoint    ] Total time for which application threads were stopped: 0.0002134 seconds, Stopping threads took: 0.0001205 seconds
[950.454s][info ][safepoint    ] Application time: 1.0000714 seconds
[950.454s][info ][safepoint    ] Entering safepoint region: Cleanup
[950.454s][info ][safepoint    ] Leaving safepoint region
[950.454s][info ][safepoint    ] Total time for which application threads were stopped: 0.0001126 seconds, Stopping threads took: 0.0000432 seconds
[951.454s][info ][safepoint    ] Application time: 1.0000987 seconds
[951.455s][info ][safepoint    ] Entering safepoint region: Cleanup
[951.455s][info ][safepoint    ] Leaving safepoint region
[951.455s][info ][safepoint    ] Total time for which application threads were stopped: 0.0007540 seconds, Stopping threads took: 0.0006803 seconds
[952.455s][info ][safepoint    ] Application time: 1.0000972 seconds
[952.455s][info ][safepoint    ] Entering safepoint region: Cleanup
[952.455s][info ][safepoint    ] Leaving safepoint region
[952.455s][info ][safepoint    ] Total time for which application threads were stopped: 0.0000902 seconds, Stopping threads took: 0.0000177 seconds
[952.548s][info ][safepoint    ] Application time: 0.0928812 seconds
[952.548s][info ][safepoint    ] Entering safepoint region: GenCollectForAllocation
[952.548s][info ][gc,start     ] GC(147) Pause Young (Allocation Failure)
[952.548s][info ][gc,task      ] GC(147) Using 4 workers of 4 for evacuation
[952.551s][debug][gc,ref       ] GC(147) Skipped phase1 of Reference Processing due to unavailable references
[952.551s][debug][gc,ref       ] GC(147) Skipped phase2 of Reference Processing due to unavailable references
[952.551s][debug][gc,ref       ] GC(147) Skipped phase3 of Reference Processing due to unavailable references
[952.551s][debug][gc,ref       ] GC(147) Skipped phase4 of Reference Processing due to unavailable references
[952.551s][debug][gc,age       ] GC(147) Desired survivor size 15400960 bytes, new threshold 6 (max threshold 6)
[952.551s][info ][gc,heap      ] GC(147) ParNew: 241673K->800K(270976K)
[952.551s][info ][gc,heap      ] GC(147) CMS: 200804K->200818K(602112K)
[952.551s][info ][gc,metaspace ] GC(147) Metaspace: 53721K->53721K(1097728K)
[952.551s][info ][gc           ] GC(147) Pause Young (Allocation Failure) 432M->196M(852M) 2.957ms
[952.551s][info ][gc,cpu       ] GC(147) User=0.00s Sys=0.01s Real=0.01s
[952.551s][info ][safepoint    ] Leaving safepoint region
[952.551s][info ][safepoint    ] Total time for which application threads were stopped: 0.0031193 seconds, Stopping threads took: 0.0000172 seconds
[953.551s][info ][safepoint    ] Application time: 1.0000688 seconds
[953.551s][info ][safepoint    ] Entering safepoint region: Cleanup
[953.551s][info ][safepoint    ] Leaving safepoint region
[953.551s][info ][safepoint    ] Total time for which application threads were stopped: 0.0001342 seconds, Stopping threads took: 0.0000673 seconds
[954.552s][info ][safepoint    ] Application time: 1.0001348 seconds
[954.556s][info ][safepoint    ] Entering safepoint region: Cleanup
[954.556s][info ][safepoint    ] Leaving safepoint region
[954.556s][info ][safepoint    ] Total time for which application threads were stopped: 0.0048601 seconds, Stopping threads took: 0.0047887 seconds
[955.557s][info ][safepoint    ] Application time: 1.0000935 seconds
[955.557s][info ][safepoint    ] Entering safepoint region: Cleanup
[955.557s][info ][safepoint    ] Leaving safepoint region
[955.557s][info ][safepoint    ] Total time for which application threads were stopped: 0.0000676 seconds, Stopping threads took: 0.0000158 seconds
[956.557s][info ][safepoint    ] Application time: 1.0000899 seconds
[956.557s][info ][safepoint    ] Entering safepoint region: Cleanup
[956.557s][info ][safepoint    ] Leaving safepoint region
[956.557s][info ][safepoint    ] Total time for which application threads were stopped: 0.0000796 seconds, Stopping threads took: 0.0000189 seconds
[957.557s][info ][safepoint    ] Application time: 1.0000858 seconds
[957.557s][info ][safepoint    ] Entering safepoint region: Cleanup
[957.557s][info ][safepoint    ] Leaving safepoint region
[957.557s][info ][safepoint    ] Total time for which application threads were stopped: 0.0000781 seconds, Stopping threads took: 0.0000180 seconds
[958.557s][info ][safepoint    ] Application time: 1.0001139 seconds
[958.557s][info ][safepoint    ] Entering safepoint region: Cleanup
[958.557s][info ][safepoint    ] Leaving safepoint region
[958.557s][info ][safepoint    ] Total time for which application threads were stopped: 0.0000996 seconds, Stopping threads took: 0.0000388 seconds
[959.557s][info ][safepoint    ] Application time: 1.0000590 seconds
[959.557s][info ][safepoint    ] Entering safepoint region: Cleanup
[959.558s][info ][safepoint    ] Leaving safepoint region
[959.558s][info ][safepoint    ] Total time for which application threads were stopped: 0.0000897 seconds, Stopping threads took: 0.0000179 seconds
[960.558s][info ][safepoint    ] Application time: 1.0000907 seconds
[960.558s][info ][safepoint    ] Entering safepoint region: Cleanup
[960.558s][info ][safepoint    ] Leaving safepoint region
[960.558s][info ][safepoint    ] Total time for which application threads were stopped: 0.0000785 seconds, Stopping threads took: 0.0000179 seconds
[961.558s][info ][safepoint    ] Application time: 1.0000903 seconds
[961.558s][info ][safepoint    ] Entering safepoint region: Cleanup
[961.558s][info ][safepoint    ] Leaving safepoint region
[961.558s][info ][safepoint    ] Total time for which application threads were stopped: 0.0000763 seconds, Stopping threads took: 0.0000187 seconds
[962.558s][info ][safepoint    ] Application time: 1.0001201 seconds
[962.558s][info ][safepoint    ] Entering safepoint region: Cleanup
[962.558s][info ][safepoint    ] Leaving safepoint region
[962.558s][info ][safepoint    ] Total time for which application threads were stopped: 0.0000805 seconds, Stopping threads took: 0.0000197 seconds
[963.558s][info ][safepoint    ] Application time: 1.0000952 seconds
[963.558s][info ][safepoint    ] Entering safepoint region: Cleanup
[963.558s][info ][safepoint    ] Leaving safepoint region
[963.558s][info ][safepoint    ] Total time for which application threads were stopped: 0.0000838 seconds, Stopping threads took: 0.0000188 seconds
[964.559s][info ][safepoint    ] Application time: 1.0000835 seconds
[964.559s][info ][safepoint    ] Entering safepoint region: Cleanup
[964.559s][info ][safepoint    ] Leaving safepoint region
[964.559s][info ][safepoint    ] Total time for which application threads were stopped: 0.0000835 seconds, Stopping threads took: 0.0000198 seconds
[965.559s][info ][safepoint    ] Application time: 1.0000875 seconds
[965.559s][info ][safepoint    ] Entering safepoint region: Cleanup
[965.559s][info ][safepoint    ] Leaving safepoint region
[965.559s][info ][safepoint    ] Total time for which application threads were stopped: 0.0000906 seconds, Stopping threads took: 0.0000362 seconds
[966.559s][info ][safepoint    ] Application time: 1.0000857 seconds
[966.559s][info ][safepoint    ] Entering safepoint region: Cleanup
[966.559s][info ][safepoint    ] Leaving safepoint region
[966.559s][info ][safepoint    ] Total time for which application threads were stopped: 0.0000805 seconds, Stopping threads took: 0.0000200 seconds
[967.559s][info ][safepoint    ] Application time: 1.0000803 seconds
[967.559s][info ][safepoint    ] Entering safepoint region: Cleanup
[967.559s][info ][safepoint    ] Leaving safepoint region
[967.559s][info ][safepoint    ] Total time for which application threads were stopped: 0.0000957 seconds, Stopping threads took: 0.0000333 seconds
[968.559s][info ][safepoint    ] Application time: 1.0000712 seconds
[968.559s][info ][safepoint    ] Entering safepoint region: Cleanup
[968.560s][info ][safepoint    ] Leaving safepoint region
[968.560s][info ][safepoint    ] Total time for which application threads were stopped: 0.0000796 seconds, Stopping threads took: 0.0000189 seconds
[969.560s][info ][safepoint    ] Application time: 1.0001000 seconds
[969.560s][info ][safepoint    ] Entering safepoint region: Cleanup
[969.560s][info ][safepoint    ] Leaving safepoint region
[969.560s][info ][safepoint    ] Total time for which application threads were stopped: 0.0000934 seconds, Stopping threads took: 0.0000195 seconds
[970.560s][info ][safepoint    ] Application time: 1.0001161 seconds
[970.560s][info ][safepoint    ] Entering safepoint region: Cleanup
[970.560s][info ][safepoint    ] Leaving safepoint region
[970.560s][info ][safepoint    ] Total time for which application threads were stopped: 0.0000992 seconds, Stopping threads took: 0.0000357 seconds
[971.560s][info ][safepoint    ] Application time: 1.0000772 seconds
[971.560s][info ][safepoint    ] Entering safepoint region: Cleanup
[971.560s][info ][safepoint    ] Leaving safepoint region
[971.560s][info ][safepoint    ] Total time for which application threads were stopped: 0.0000941 seconds, Stopping threads took: 0.0000179 seconds
[972.560s][info ][safepoint    ] Application time: 1.0001707 seconds
[972.561s][info ][safepoint    ] Entering safepoint region: Cleanup
[972.561s][info ][safepoint    ] Leaving safepoint region
[972.561s][info ][safepoint    ] Total time for which application threads were stopped: 0.0000865 seconds, Stopping threads took: 0.0000247 seconds
[973.561s][info ][safepoint    ] Application time: 1.0001041 seconds
[973.561s][info ][safepoint    ] Entering safepoint region: Cleanup
[973.561s][info ][safepoint    ] Leaving safepoint region
[973.561s][info ][safepoint    ] Total time for which application threads were stopped: 0.0000834 seconds, Stopping threads took: 0.0000204 seconds
[974.561s][info ][safepoint    ] Application time: 1.0000898 seconds
[974.561s][info ][safepoint    ] Entering safepoint region: Cleanup
[974.561s][info ][safepoint    ] Leaving safepoint region
[974.561s][info ][safepoint    ] Total time for which application threads were stopped: 0.0000899 seconds, Stopping threads took: 0.0000186 seconds
[975.561s][info ][safepoint    ] Application time: 1.0001294 seconds
[975.561s][info ][safepoint    ] Entering safepoint region: Cleanup
[975.561s][info ][safepoint    ] Leaving safepoint region
[975.561s][info ][safepoint    ] Total time for which application threads were stopped: 0.0001019 seconds, Stopping threads took: 0.0000190 seconds
[976.561s][info ][safepoint    ] Application time: 1.0000868 seconds
[976.561s][info ][safepoint    ] Entering safepoint region: Cleanup
[976.562s][info ][safepoint    ] Leaving safepoint region
[976.562s][info ][safepoint    ] Total time for which application threads were stopped: 0.0001362 seconds, Stopping threads took: 0.0000197 seconds
[977.562s][info ][safepoint    ] Application time: 1.0000904 seconds
[977.562s][info ][safepoint    ] Entering safepoint region: Cleanup
[977.562s][info ][safepoint    ] Leaving safepoint region
[977.562s][info ][safepoint    ] Total time for which application threads were stopped: 0.0001003 seconds, Stopping threads took: 0.0000342 seconds
[978.562s][info ][safepoint    ] Application time: 1.0000966 seconds
[978.562s][info ][safepoint    ] Entering safepoint region: Cleanup
[978.562s][info ][safepoint    ] Leaving safepoint region
[978.562s][info ][safepoint    ] Total time for which application threads were stopped: 0.0001544 seconds, Stopping threads took: 0.0000204 seconds
[979.562s][info ][safepoint    ] Application time: 1.0000918 seconds
[979.562s][info ][safepoint    ] Entering safepoint region: Cleanup
[979.562s][info ][safepoint    ] Leaving safepoint region
[979.562s][info ][safepoint    ] Total time for which application threads were stopped: 0.0000811 seconds, Stopping threads took: 0.0000191 seconds
[980.562s][info ][safepoint    ] Application time: 1.0000969 seconds
[980.562s][info ][safepoint    ] Entering safepoint region: Cleanup
[980.563s][info ][safepoint    ] Leaving safepoint region
[980.563s][info ][safepoint    ] Total time for which application threads were stopped: 0.0000854 seconds, Stopping threads took: 0.0000186 seconds
[981.563s][info ][safepoint    ] Application time: 1.0000913 seconds
[981.563s][info ][safepoint    ] Entering safepoint region: Cleanup
[981.563s][info ][safepoint    ] Leaving safepoint region
[981.563s][info ][safepoint    ] Total time for which application threads were stopped: 0.0000870 seconds, Stopping threads took: 0.0000255 seconds
[982.563s][info ][safepoint    ] Application time: 1.0000419 seconds
[982.563s][info ][safepoint    ] Entering safepoint region: Cleanup
[982.563s][info ][safepoint    ] Leaving safepoint region
[982.563s][info ][safepoint    ] Total time for which application threads were stopped: 0.0000921 seconds, Stopping threads took: 0.0000328 seconds
[983.563s][info ][safepoint    ] Application time: 1.0000871 seconds
[983.563s][info ][safepoint    ] Entering safepoint region: Cleanup
[983.563s][info ][safepoint    ] Leaving safepoint region
[983.563s][info ][safepoint    ] Total time for which application threads were stopped: 0.0002116 seconds, Stopping threads took: 0.0001469 seconds
[984.563s][info ][safepoint    ] Application time: 1.0000992 seconds
[984.563s][info ][safepoint    ] Entering safepoint region: Cleanup
[984.564s][info ][safepoint    ] Leaving safepoint region
[984.564s][info ][safepoint    ] Total time for which application threads were stopped: 0.0000810 seconds, Stopping threads took: 0.0000196 seconds
[985.564s][info ][safepoint    ] Application time: 1.0000922 seconds
[985.564s][info ][safepoint    ] Entering safepoint region: Cleanup
[985.564s][info ][safepoint    ] Leaving safepoint region
[985.564s][info ][safepoint    ] Total time for which application threads were stopped: 0.0000913 seconds, Stopping threads took: 0.0000204 seconds
[986.403s][info ][safepoint    ] Application time: 0.8392645 seconds
[986.403s][info ][safepoint    ] Entering safepoint region: GenCollectForAllocation
[986.403s][info ][gc,start     ] GC(148) Pause Young (Allocation Failure)
[986.403s][info ][gc,task      ] GC(148) Using 4 workers of 4 for evacuation
[986.405s][debug][gc,ref       ] GC(148) Skipped phase1 of Reference Processing due to unavailable references
[986.405s][debug][gc,ref       ] GC(148) Skipped phase2 of Reference Processing due to unavailable references
[986.405s][debug][gc,ref       ] GC(148) Skipped phase3 of Reference Processing due to unavailable references
[986.405s][debug][gc,ref       ] GC(148) Skipped phase4 of Reference Processing due to unavailable references
[986.405s][debug][gc,age       ] GC(148) Desired survivor size 15400960 bytes, new threshold 6 (max threshold 6)
[986.405s][info ][gc,heap      ] GC(148) ParNew: 241696K->921K(270976K)
[986.405s][info ][gc,heap      ] GC(148) CMS: 200818K->200843K(602112K)
[986.405s][info ][gc,metaspace ] GC(148) Metaspace: 53726K->53726K(1097728K)
[986.405s][info ][gc           ] GC(148) Pause Young (Allocation Failure) 432M->197M(852M) 2.125ms
[986.405s][info ][gc,cpu       ] GC(148) User=0.01s Sys=0.00s Real=0.00s
[986.405s][info ][safepoint    ] Leaving safepoint region
[986.405s][info ][safepoint    ] Total time for which application threads were stopped: 0.0023913 seconds, Stopping threads took: 0.0001196 seconds
[987.406s][info ][safepoint    ] Application time: 1.0001298 seconds
[987.406s][info ][safepoint    ] Entering safepoint region: Cleanup
[987.406s][info ][safepoint    ] Leaving safepoint region
[987.406s][info ][safepoint    ] Total time for which application threads were stopped: 0.0000812 seconds, Stopping threads took: 0.0000195 seconds
[988.406s][info ][safepoint    ] Application time: 1.0000833 seconds
[988.406s][info ][safepoint    ] Entering safepoint region: Cleanup
[988.406s][info ][safepoint    ] Leaving safepoint region
[988.406s][info ][safepoint    ] Total time for which application threads were stopped: 0.0000811 seconds, Stopping threads took: 0.0000199 seconds
[989.406s][info ][safepoint    ] Application time: 1.0000841 seconds
[989.406s][info ][safepoint    ] Entering safepoint region: Cleanup
[989.406s][info ][safepoint    ] Leaving safepoint region
[989.406s][info ][safepoint    ] Total time for which application threads were stopped: 0.0000790 seconds, Stopping threads took: 0.0000179 seconds
[990.406s][info ][safepoint    ] Application time: 1.0001134 seconds
[990.406s][info ][safepoint    ] Entering safepoint region: Cleanup
[990.406s][info ][safepoint    ] Leaving safepoint region
[990.406s][info ][safepoint    ] Total time for which application threads were stopped: 0.0000815 seconds, Stopping threads took: 0.0000190 seconds
[991.407s][info ][safepoint    ] Application time: 1.0000793 seconds
[991.407s][info ][safepoint    ] Entering safepoint region: Cleanup
[991.407s][info ][safepoint    ] Leaving safepoint region
[991.407s][info ][safepoint    ] Total time for which application threads were stopped: 0.0000919 seconds, Stopping threads took: 0.0000190 seconds
[992.407s][info ][safepoint    ] Application time: 1.0000873 seconds
[992.407s][info ][safepoint    ] Entering safepoint region: Cleanup
[992.407s][info ][safepoint    ] Leaving safepoint region
[992.407s][info ][safepoint    ] Total time for which application threads were stopped: 0.0000812 seconds, Stopping threads took: 0.0000188 seconds
[993.407s][info ][safepoint    ] Application time: 1.0000853 seconds
[993.407s][info ][safepoint    ] Entering safepoint region: Cleanup
[993.407s][info ][safepoint    ] Leaving safepoint region
[993.407s][info ][safepoint    ] Total time for which application threads were stopped: 0.0000929 seconds, Stopping threads took: 0.0000178 seconds
[994.407s][info ][safepoint    ] Application time: 1.0000989 seconds
[994.407s][info ][safepoint    ] Entering safepoint region: Cleanup
[994.407s][info ][safepoint    ] Leaving safepoint region
[994.407s][info ][safepoint    ] Total time for which application threads were stopped: 0.0000905 seconds, Stopping threads took: 0.0000191 seconds
[995.407s][info ][safepoint    ] Application time: 1.0000876 seconds
[995.407s][info ][safepoint    ] Entering safepoint region: Cleanup
[995.408s][info ][safepoint    ] Leaving safepoint region
[995.408s][info ][safepoint    ] Total time for which application threads were stopped: 0.0001840 seconds, Stopping threads took: 0.0000181 seconds
[996.408s][info ][safepoint    ] Application time: 1.0000898 seconds
[996.408s][info ][safepoint    ] Entering safepoint region: Cleanup
[996.408s][info ][safepoint    ] Leaving safepoint region
[996.408s][info ][safepoint    ] Total time for which application threads were stopped: 0.0001124 seconds, Stopping threads took: 0.0000347 seconds
[997.408s][info ][safepoint    ] Application time: 1.0000873 seconds
[997.408s][info ][safepoint    ] Entering safepoint region: Cleanup
[997.408s][info ][safepoint    ] Leaving safepoint region
[997.408s][info ][safepoint    ] Total time for which application threads were stopped: 0.0000812 seconds, Stopping threads took: 0.0000198 seconds
[998.408s][info ][safepoint    ] Application time: 1.0002734 seconds
[998.408s][info ][safepoint    ] Entering safepoint region: Cleanup
[998.409s][info ][safepoint    ] Leaving safepoint region
[998.409s][info ][safepoint    ] Total time for which application threads were stopped: 0.0000827 seconds, Stopping threads took: 0.0000208 seconds
[999.409s][info ][safepoint    ] Application time: 1.0000988 seconds
[999.409s][info ][safepoint    ] Entering safepoint region: Cleanup
[999.409s][info ][safepoint    ] Leaving safepoint region
[999.409s][info ][safepoint    ] Total time for which application threads were stopped: 0.0000960 seconds, Stopping threads took: 0.0000207 seconds
[1000.409s][info ][safepoint    ] Application time: 1.0000793 seconds
[1000.409s][info ][safepoint    ] Entering safepoint region: Cleanup
[1000.409s][info ][safepoint    ] Leaving safepoint region
[1000.409s][info ][safepoint    ] Total time for which application threads were stopped: 0.0000958 seconds, Stopping threads took: 0.0000186 seconds
[1001.409s][info ][safepoint    ] Application time: 1.0000562 seconds
[1001.409s][info ][safepoint    ] Entering safepoint region: Cleanup
[1001.409s][info ][safepoint    ] Leaving safepoint region
[1001.409s][info ][safepoint    ] Total time for which application threads were stopped: 0.0000931 seconds, Stopping threads took: 0.0000320 seconds
[1002.409s][info ][safepoint    ] Application time: 1.0000925 seconds
[1002.409s][info ][safepoint    ] Entering safepoint region: Cleanup
[1002.409s][info ][safepoint    ] Leaving safepoint region
[1002.409s][info ][safepoint    ] Total time for which application threads were stopped: 0.0000828 seconds, Stopping threads took: 0.0000226 seconds
[1003.409s][info ][safepoint    ] Application time: 1.0000623 seconds
[1003.410s][info ][safepoint    ] Entering safepoint region: Cleanup
[1003.410s][info ][safepoint    ] Leaving safepoint region
[1003.410s][info ][safepoint    ] Total time for which application threads were stopped: 0.0000805 seconds, Stopping threads took: 0.0000199 seconds
[1004.410s][info ][safepoint    ] Application time: 1.0000744 seconds
[1004.410s][info ][safepoint    ] Entering safepoint region: Cleanup
[1004.410s][info ][safepoint    ] Leaving safepoint region
[1004.410s][info ][safepoint    ] Total time for which application threads were stopped: 0.0000916 seconds, Stopping threads took: 0.0000189 seconds
[1005.410s][info ][safepoint    ] Application time: 1.0000901 seconds
[1005.410s][info ][safepoint    ] Entering safepoint region: Cleanup
[1005.410s][info ][safepoint    ] Leaving safepoint region
[1005.410s][info ][safepoint    ] Total time for which application threads were stopped: 0.0000895 seconds, Stopping threads took: 0.0000199 seconds
[1006.410s][info ][safepoint    ] Application time: 1.0001079 seconds
[1006.410s][info ][safepoint    ] Entering safepoint region: Cleanup
[1006.410s][info ][safepoint    ] Leaving safepoint region
[1006.410s][info ][safepoint    ] Total time for which application threads were stopped: 0.0001169 seconds, Stopping threads took: 0.0000194 seconds
[1007.410s][info ][safepoint    ] Application time: 1.0000614 seconds
[1007.410s][info ][safepoint    ] Entering safepoint region: Cleanup
[1007.410s][info ][safepoint    ] Leaving safepoint region
[1007.410s][info ][safepoint    ] Total time for which application threads were stopped: 0.0001028 seconds, Stopping threads took: 0.0000305 seconds
[1008.411s][info ][safepoint    ] Application time: 1.0000939 seconds
[1008.411s][info ][safepoint    ] Entering safepoint region: Cleanup
[1008.411s][info ][safepoint    ] Leaving safepoint region
[1008.411s][info ][safepoint    ] Total time for which application threads were stopped: 0.0001231 seconds, Stopping threads took: 0.0000286 seconds
[1009.411s][info ][safepoint    ] Application time: 1.0000545 seconds
[1009.411s][info ][safepoint    ] Entering safepoint region: Cleanup
[1009.411s][info ][safepoint    ] Leaving safepoint region
[1009.411s][info ][safepoint    ] Total time for which application threads were stopped: 0.0000858 seconds, Stopping threads took: 0.0000208 seconds
[1010.411s][info ][safepoint    ] Application time: 1.0001090 seconds
[1010.411s][info ][safepoint    ] Entering safepoint region: Cleanup
[1010.411s][info ][safepoint    ] Leaving safepoint region
[1010.411s][info ][safepoint    ] Total time for which application threads were stopped: 0.0000820 seconds, Stopping threads took: 0.0000195 seconds
[1011.411s][info ][safepoint    ] Application time: 1.0000955 seconds
[1011.411s][info ][safepoint    ] Entering safepoint region: Cleanup
[1011.411s][info ][safepoint    ] Leaving safepoint region
[1011.411s][info ][safepoint    ] Total time for which application threads were stopped: 0.0001034 seconds, Stopping threads took: 0.0000268 seconds
[1012.412s][info ][safepoint    ] Application time: 1.0001209 seconds
[1012.412s][info ][safepoint    ] Entering safepoint region: Cleanup
[1012.412s][info ][safepoint    ] Leaving safepoint region
[1012.412s][info ][safepoint    ] Total time for which application threads were stopped: 0.0000878 seconds, Stopping threads took: 0.0000195 seconds
[1013.412s][info ][safepoint    ] Application time: 1.0000978 seconds
[1013.412s][info ][safepoint    ] Entering safepoint region: Cleanup
[1013.412s][info ][safepoint    ] Leaving safepoint region
[1013.412s][info ][safepoint    ] Total time for which application threads were stopped: 0.0000929 seconds, Stopping threads took: 0.0000190 seconds
[1014.412s][info ][safepoint    ] Application time: 1.0000906 seconds
[1014.412s][info ][safepoint    ] Entering safepoint region: Cleanup
[1014.412s][info ][safepoint    ] Leaving safepoint region
[1014.412s][info ][safepoint    ] Total time for which application threads were stopped: 0.0000976 seconds, Stopping threads took: 0.0000188 seconds
[1015.412s][info ][safepoint    ] Application time: 1.0001028 seconds
[1015.412s][info ][safepoint    ] Entering safepoint region: Cleanup
[1015.412s][info ][safepoint    ] Leaving safepoint region
[1015.412s][info ][safepoint    ] Total time for which application threads were stopped: 0.0000872 seconds, Stopping threads took: 0.0000195 seconds
[1016.413s][info ][safepoint    ] Application time: 1.0000856 seconds
[1016.413s][info ][safepoint    ] Entering safepoint region: Cleanup
[1016.413s][info ][safepoint    ] Leaving safepoint region
[1016.413s][info ][safepoint    ] Total time for which application threads were stopped: 0.0000830 seconds, Stopping threads took: 0.0000199 seconds
[1017.413s][info ][safepoint    ] Application time: 1.0000946 seconds
[1017.413s][info ][safepoint    ] Entering safepoint region: Cleanup
[1017.413s][info ][safepoint    ] Leaving safepoint region
[1017.413s][info ][safepoint    ] Total time for which application threads were stopped: 0.0000877 seconds, Stopping threads took: 0.0000201 seconds
[1017.453s][info ][safepoint    ] Application time: 0.0405137 seconds
[1017.453s][info ][safepoint    ] Entering safepoint region: GenCollectForAllocation
[1017.454s][info ][gc,start     ] GC(149) Pause Young (Allocation Failure)
[1017.454s][info ][gc,task      ] GC(149) Using 4 workers of 4 for evacuation
[1017.455s][debug][gc,ref       ] GC(149) Skipped phase1 of Reference Processing due to unavailable references
[1017.455s][debug][gc,ref       ] GC(149) Skipped phase2 of Reference Processing due to unavailable references
[1017.455s][debug][gc,ref       ] GC(149) Skipped phase3 of Reference Processing due to unavailable references
[1017.455s][debug][gc,ref       ] GC(149) Skipped phase4 of Reference Processing due to unavailable references
[1017.456s][debug][gc,age       ] GC(149) Desired survivor size 15400960 bytes, new threshold 6 (max threshold 6)
[1017.456s][info ][gc,heap      ] GC(149) ParNew: 241817K->771K(270976K)
[1017.456s][info ][gc,heap      ] GC(149) CMS: 200843K->200870K(602112K)
[1017.456s][info ][gc,metaspace ] GC(149) Metaspace: 53742K->53742K(1097728K)
[1017.456s][info ][gc           ] GC(149) Pause Young (Allocation Failure) 432M->196M(852M) 2.043ms
[1017.456s][info ][gc,cpu       ] GC(149) User=0.01s Sys=0.00s Real=0.00s
[1017.456s][info ][safepoint    ] Leaving safepoint region
[1017.456s][info ][safepoint    ] Total time for which application threads were stopped: 0.0022033 seconds, Stopping threads took: 0.0000162 seconds
[1018.456s][info ][safepoint    ] Application time: 1.0000919 seconds
[1018.456s][info ][safepoint    ] Entering safepoint region: Cleanup
[1018.456s][info ][safepoint    ] Leaving safepoint region
[1018.456s][info ][safepoint    ] Total time for which application threads were stopped: 0.0001292 seconds, Stopping threads took: 0.0000584 seconds
[1019.456s][info ][safepoint    ] Application time: 1.0000890 seconds
[1019.456s][info ][safepoint    ] Entering safepoint region: Cleanup
[1019.456s][info ][safepoint    ] Leaving safepoint region
[1019.456s][info ][safepoint    ] Total time for which application threads were stopped: 0.0001067 seconds, Stopping threads took: 0.0000393 seconds
[1020.456s][info ][safepoint    ] Application time: 1.0000872 seconds
[1020.456s][info ][safepoint    ] Entering safepoint region: Cleanup
[1020.456s][info ][safepoint    ] Leaving safepoint region
[1020.456s][info ][safepoint    ] Total time for which application threads were stopped: 0.0000841 seconds, Stopping threads took: 0.0000284 seconds
[1021.456s][info ][safepoint    ] Application time: 1.0000949 seconds
[1021.456s][info ][safepoint    ] Entering safepoint region: Cleanup
[1021.457s][info ][safepoint    ] Leaving safepoint region
[1021.457s][info ][safepoint    ] Total time for which application threads were stopped: 0.0000801 seconds, Stopping threads took: 0.0000191 seconds
[1022.457s][info ][safepoint    ] Application time: 1.0000890 seconds
[1022.457s][info ][safepoint    ] Entering safepoint region: Cleanup
[1022.457s][info ][safepoint    ] Leaving safepoint region
[1022.457s][info ][safepoint    ] Total time for which application threads were stopped: 0.0000858 seconds, Stopping threads took: 0.0000229 seconds
[1023.457s][info ][safepoint    ] Application time: 1.0000911 seconds
[1023.457s][info ][safepoint    ] Entering safepoint region: Cleanup
[1023.457s][info ][safepoint    ] Leaving safepoint region
[1023.457s][info ][safepoint    ] Total time for which application threads were stopped: 0.0001433 seconds, Stopping threads took: 0.0000694 seconds
[1024.457s][info ][safepoint    ] Application time: 1.0001021 seconds
[1024.457s][info ][safepoint    ] Entering safepoint region: Cleanup
[1024.457s][info ][safepoint    ] Leaving safepoint region
[1024.457s][info ][safepoint    ] Total time for which application threads were stopped: 0.0000873 seconds, Stopping threads took: 0.0000279 seconds
[1025.457s][info ][safepoint    ] Application time: 1.0001080 seconds
[1025.457s][info ][safepoint    ] Entering safepoint region: Cleanup
[1025.458s][info ][safepoint    ] Leaving safepoint region
[1025.458s][info ][safepoint    ] Total time for which application threads were stopped: 0.0001092 seconds, Stopping threads took: 0.0000406 seconds
[1026.458s][info ][safepoint    ] Application time: 1.0001055 seconds
[1026.458s][info ][safepoint    ] Entering safepoint region: Cleanup
[1026.458s][info ][safepoint    ] Leaving safepoint region
[1026.458s][info ][safepoint    ] Total time for which application threads were stopped: 0.0000795 seconds, Stopping threads took: 0.0000182 seconds
[1027.458s][info ][safepoint    ] Application time: 1.0001231 seconds
[1027.458s][info ][safepoint    ] Entering safepoint region: Cleanup
[1027.458s][info ][safepoint    ] Leaving safepoint region
[1027.458s][info ][safepoint    ] Total time for which application threads were stopped: 0.0000827 seconds, Stopping threads took: 0.0000193 seconds
[1028.049s][info ][safepoint    ] Application time: 0.5909687 seconds
[1028.049s][info ][safepoint    ] Entering safepoint region: GenCollectForAllocation
[1028.049s][info ][gc,start     ] GC(150) Pause Young (Allocation Failure)
[1028.050s][info ][gc,task      ] GC(150) Using 4 workers of 4 for evacuation
[1028.052s][debug][gc,ref       ] GC(150) Skipped phase1 of Reference Processing due to unavailable references
[1028.052s][debug][gc,ref       ] GC(150) Skipped phase2 of Reference Processing due to unavailable references
[1028.052s][debug][gc,ref       ] GC(150) Skipped phase3 of Reference Processing due to unavailable references
[1028.052s][debug][gc,ref       ] GC(150) Skipped phase4 of Reference Processing due to unavailable references
[1028.052s][debug][gc,age       ] GC(150) Desired survivor size 15400960 bytes, new threshold 6 (max threshold 6)
[1028.052s][info ][gc,heap      ] GC(150) ParNew: 241667K->892K(270976K)
[1028.052s][info ][gc,heap      ] GC(150) CMS: 200870K->200870K(602112K)
[1028.052s][info ][gc,metaspace ] GC(150) Metaspace: 53742K->53742K(1097728K)
[1028.052s][info ][gc           ] GC(150) Pause Young (Allocation Failure) 432M->197M(852M) 2.479ms
[1028.052s][info ][gc,cpu       ] GC(150) User=0.01s Sys=0.00s Real=0.00s
[1028.052s][info ][safepoint    ] Leaving safepoint region
[1028.052s][info ][safepoint    ] Total time for which application threads were stopped: 0.0028571 seconds, Stopping threads took: 0.0001189 seconds
[1029.052s][info ][safepoint    ] Application time: 1.0001025 seconds
[1029.052s][info ][safepoint    ] Entering safepoint region: Cleanup
[1029.052s][info ][safepoint    ] Leaving safepoint region
[1029.052s][info ][safepoint    ] Total time for which application threads were stopped: 0.0000881 seconds, Stopping threads took: 0.0000224 seconds
[1030.052s][info ][safepoint    ] Application time: 1.0000733 seconds
[1030.052s][info ][safepoint    ] Entering safepoint region: Cleanup
[1030.052s][info ][safepoint    ] Leaving safepoint region
[1030.052s][info ][safepoint    ] Total time for which application threads were stopped: 0.0000964 seconds, Stopping threads took: 0.0000205 seconds
[1031.053s][info ][safepoint    ] Application time: 1.0000894 seconds
[1031.053s][info ][safepoint    ] Entering safepoint region: Cleanup
[1031.053s][info ][safepoint    ] Leaving safepoint region
[1031.053s][info ][safepoint    ] Total time for which application threads were stopped: 0.0001628 seconds, Stopping threads took: 0.0000964 seconds
[1032.053s][info ][safepoint    ] Application time: 1.0000698 seconds
[1032.053s][info ][safepoint    ] Entering safepoint region: Cleanup
[1032.053s][info ][safepoint    ] Leaving safepoint region
[1032.053s][info ][safepoint    ] Total time for which application threads were stopped: 0.0001141 seconds, Stopping threads took: 0.0000450 seconds
[1033.053s][info ][safepoint    ] Application time: 1.0001165 seconds
[1033.053s][info ][safepoint    ] Entering safepoint region: Cleanup
[1033.053s][info ][safepoint    ] Leaving safepoint region
[1033.053s][info ][safepoint    ] Total time for which application threads were stopped: 0.0000808 seconds, Stopping threads took: 0.0000197 seconds
[1034.053s][info ][safepoint    ] Application time: 1.0000868 seconds
[1034.053s][info ][safepoint    ] Entering safepoint region: Cleanup
[1034.054s][info ][safepoint    ] Leaving safepoint region
[1034.054s][info ][safepoint    ] Total time for which application threads were stopped: 0.0001119 seconds, Stopping threads took: 0.0000439 seconds
[1035.054s][info ][safepoint    ] Application time: 1.0000473 seconds
[1035.054s][info ][safepoint    ] Entering safepoint region: Cleanup
[1035.054s][info ][safepoint    ] Leaving safepoint region
[1035.054s][info ][safepoint    ] Total time for which application threads were stopped: 0.0000778 seconds, Stopping threads took: 0.0000200 seconds
[1036.054s][info ][safepoint    ] Application time: 1.0000725 seconds
[1036.054s][info ][safepoint    ] Entering safepoint region: Cleanup
[1036.054s][info ][safepoint    ] Leaving safepoint region
[1036.054s][info ][safepoint    ] Total time for which application threads were stopped: 0.0000929 seconds, Stopping threads took: 0.0000156 seconds
[1037.054s][info ][safepoint    ] Application time: 1.0000819 seconds
[1037.054s][info ][safepoint    ] Entering safepoint region: Cleanup
[1037.054s][info ][safepoint    ] Leaving safepoint region
[1037.054s][info ][safepoint    ] Total time for which application threads were stopped: 0.0001478 seconds, Stopping threads took: 0.0000740 seconds
[1038.054s][info ][safepoint    ] Application time: 1.0000394 seconds
[1038.054s][info ][safepoint    ] Entering safepoint region: Cleanup
[1038.054s][info ][safepoint    ] Leaving safepoint region
[1038.054s][info ][safepoint    ] Total time for which application threads were stopped: 0.0000895 seconds, Stopping threads took: 0.0000168 seconds
[1038.950s][info ][safepoint    ] Application time: 0.8957639 seconds
[1038.950s][info ][safepoint    ] Entering safepoint region: GenCollectForAllocation
[1038.950s][info ][gc,start     ] GC(151) Pause Young (Allocation Failure)
[1038.950s][info ][gc,task      ] GC(151) Using 4 workers of 4 for evacuation
[1038.952s][debug][gc,ref       ] GC(151) Skipped phase1 of Reference Processing due to unavailable references
[1038.952s][debug][gc,ref       ] GC(151) Skipped phase2 of Reference Processing due to unavailable references
[1038.952s][debug][gc,ref       ] GC(151) Skipped phase3 of Reference Processing due to unavailable references
[1038.952s][debug][gc,ref       ] GC(151) Skipped phase4 of Reference Processing due to unavailable references
[1038.952s][debug][gc,age       ] GC(151) Desired survivor size 15400960 bytes, new threshold 6 (max threshold 6)
[1038.952s][info ][gc,heap      ] GC(151) ParNew: 241788K->897K(270976K)
[1038.952s][info ][gc,heap      ] GC(151) CMS: 200870K->200874K(602112K)
[1038.952s][info ][gc,metaspace ] GC(151) Metaspace: 53742K->53742K(1097728K)
[1038.952s][info ][gc           ] GC(151) Pause Young (Allocation Failure) 432M->197M(852M) 1.856ms
[1038.952s][info ][gc,cpu       ] GC(151) User=0.01s Sys=0.00s Real=0.00s
[1038.952s][info ][safepoint    ] Leaving safepoint region
[1038.952s][info ][safepoint    ] Total time for which application threads were stopped: 0.0020341 seconds, Stopping threads took: 0.0000168 seconds
[1039.952s][info ][safepoint    ] Application time: 1.0000936 seconds
[1039.952s][info ][safepoint    ] Entering safepoint region: Cleanup
[1039.952s][info ][safepoint    ] Leaving safepoint region
[1039.952s][info ][safepoint    ] Total time for which application threads were stopped: 0.0000792 seconds, Stopping threads took: 0.0000175 seconds
[1040.953s][info ][safepoint    ] Application time: 1.0001165 seconds
[1040.953s][info ][safepoint    ] Entering safepoint region: Cleanup
[1040.953s][info ][safepoint    ] Leaving safepoint region
[1040.953s][info ][safepoint    ] Total time for which application threads were stopped: 0.0000745 seconds, Stopping threads took: 0.0000173 seconds
[1041.953s][info ][safepoint    ] Application time: 1.0000897 seconds
[1041.953s][info ][safepoint    ] Entering safepoint region: Cleanup
[1041.953s][info ][safepoint    ] Leaving safepoint region
[1041.953s][info ][safepoint    ] Total time for which application threads were stopped: 0.0001324 seconds, Stopping threads took: 0.0000451 seconds
[1042.953s][info ][safepoint    ] Application time: 1.0000895 seconds
[1042.953s][info ][safepoint    ] Entering safepoint region: Cleanup
[1042.953s][info ][safepoint    ] Leaving safepoint region
[1042.953s][info ][safepoint    ] Total time for which application threads were stopped: 0.0000759 seconds, Stopping threads took: 0.0000181 seconds
[1043.953s][info ][safepoint    ] Application time: 1.0001054 seconds
[1043.953s][info ][safepoint    ] Entering safepoint region: Cleanup
[1043.953s][info ][safepoint    ] Leaving safepoint region
[1043.953s][info ][safepoint    ] Total time for which application threads were stopped: 0.0001174 seconds, Stopping threads took: 0.0000511 seconds
[1044.953s][info ][safepoint    ] Application time: 1.0000840 seconds
[1044.954s][info ][safepoint    ] Entering safepoint region: Cleanup
[1044.954s][info ][safepoint    ] Leaving safepoint region
[1044.954s][info ][safepoint    ] Total time for which application threads were stopped: 0.0000740 seconds, Stopping threads took: 0.0000163 seconds
[1045.954s][info ][safepoint    ] Application time: 1.0000865 seconds
[1045.954s][info ][safepoint    ] Entering safepoint region: Cleanup
[1045.954s][info ][safepoint    ] Leaving safepoint region
[1045.954s][info ][safepoint    ] Total time for which application threads were stopped: 0.0000757 seconds, Stopping threads took: 0.0000164 seconds
[1046.954s][info ][safepoint    ] Application time: 1.0000932 seconds
[1046.954s][info ][safepoint    ] Entering safepoint region: Cleanup
[1046.954s][info ][safepoint    ] Leaving safepoint region
[1046.954s][info ][safepoint    ] Total time for which application threads were stopped: 0.0000749 seconds, Stopping threads took: 0.0000175 seconds
[1047.954s][info ][safepoint    ] Application time: 1.0000927 seconds
[1047.954s][info ][safepoint    ] Entering safepoint region: Cleanup
[1047.954s][info ][safepoint    ] Leaving safepoint region
[1047.954s][info ][safepoint    ] Total time for which application threads were stopped: 0.0000770 seconds, Stopping threads took: 0.0000170 seconds
[1048.449s][info ][safepoint    ] Application time: 0.4951078 seconds
[1048.449s][info ][safepoint    ] Entering safepoint region: GenCollectForAllocation
[1048.450s][info ][gc,start     ] GC(152) Pause Young (Allocation Failure)
[1048.450s][info ][gc,task      ] GC(152) Using 4 workers of 4 for evacuation
[1048.452s][debug][gc,ref       ] GC(152) Skipped phase1 of Reference Processing due to unavailable references
[1048.452s][debug][gc,ref       ] GC(152) Skipped phase2 of Reference Processing due to unavailable references
[1048.452s][debug][gc,ref       ] GC(152) Skipped phase3 of Reference Processing due to unavailable references
[1048.452s][debug][gc,ref       ] GC(152) Skipped phase4 of Reference Processing due to unavailable references
[1048.452s][debug][gc,age       ] GC(152) Desired survivor size 15400960 bytes, new threshold 6 (max threshold 6)
[1048.452s][info ][gc,heap      ] GC(152) ParNew: 241793K->872K(270976K)
[1048.452s][info ][gc,heap      ] GC(152) CMS: 200874K->200882K(602112K)
[1048.452s][info ][gc,metaspace ] GC(152) Metaspace: 53742K->53742K(1097728K)
[1048.452s][info ][gc           ] GC(152) Pause Young (Allocation Failure) 432M->197M(852M) 2.268ms
[1048.452s][info ][gc,cpu       ] GC(152) User=0.01s Sys=0.00s Real=0.00s
[1048.452s][info ][safepoint    ] Leaving safepoint region
[1048.452s][info ][safepoint    ] Total time for which application threads were stopped: 0.0024654 seconds, Stopping threads took: 0.0000419 seconds
[1049.452s][info ][safepoint    ] Application time: 1.0000532 seconds
[1049.452s][info ][safepoint    ] Entering safepoint region: Cleanup
[1049.452s][info ][safepoint    ] Leaving safepoint region
[1049.452s][info ][safepoint    ] Total time for which application threads were stopped: 0.0001063 seconds, Stopping threads took: 0.0000414 seconds
[1050.452s][info ][safepoint    ] Application time: 1.0000946 seconds
[1050.452s][info ][safepoint    ] Entering safepoint region: Cleanup
[1050.452s][info ][safepoint    ] Leaving safepoint region
[1050.452s][info ][safepoint    ] Total time for which application threads were stopped: 0.0001687 seconds, Stopping threads took: 0.0000548 seconds
[1051.452s][info ][safepoint    ] Application time: 1.0000939 seconds
[1051.452s][info ][safepoint    ] Entering safepoint region: Cleanup
[1051.453s][info ][safepoint    ] Leaving safepoint region
[1051.453s][info ][safepoint    ] Total time for which application threads were stopped: 0.0000813 seconds, Stopping threads took: 0.0000178 seconds
[1052.453s][info ][safepoint    ] Application time: 1.0000916 seconds
[1052.453s][info ][safepoint    ] Entering safepoint region: Cleanup
[1052.453s][info ][safepoint    ] Leaving safepoint region
[1052.453s][info ][safepoint    ] Total time for which application threads were stopped: 0.0000881 seconds, Stopping threads took: 0.0000294 seconds
[1053.453s][info ][safepoint    ] Application time: 1.0000903 seconds
[1053.453s][info ][safepoint    ] Entering safepoint region: Cleanup
[1053.453s][info ][safepoint    ] Leaving safepoint region
[1053.453s][info ][safepoint    ] Total time for which application threads were stopped: 0.0001254 seconds, Stopping threads took: 0.0000611 seconds
[1054.453s][info ][safepoint    ] Application time: 1.0000860 seconds
[1054.453s][info ][safepoint    ] Entering safepoint region: Cleanup
[1054.453s][info ][safepoint    ] Leaving safepoint region
[1054.453s][info ][safepoint    ] Total time for which application threads were stopped: 0.0000938 seconds, Stopping threads took: 0.0000340 seconds
[1055.453s][info ][safepoint    ] Application time: 1.0000882 seconds
[1055.453s][info ][safepoint    ] Entering safepoint region: Cleanup
[1055.453s][info ][safepoint    ] Leaving safepoint region
[1055.453s][info ][safepoint    ] Total time for which application threads were stopped: 0.0001084 seconds, Stopping threads took: 0.0000455 seconds
[1056.454s][info ][safepoint    ] Application time: 1.0000893 seconds
[1056.454s][info ][safepoint    ] Entering safepoint region: Cleanup
[1056.454s][info ][safepoint    ] Leaving safepoint region
[1056.454s][info ][safepoint    ] Total time for which application threads were stopped: 0.0001033 seconds, Stopping threads took: 0.0000386 seconds
[1057.454s][info ][safepoint    ] Application time: 1.0000863 seconds
[1057.454s][info ][safepoint    ] Entering safepoint region: Cleanup
[1057.454s][info ][safepoint    ] Leaving safepoint region
[1057.454s][info ][safepoint    ] Total time for which application threads were stopped: 0.0001228 seconds, Stopping threads took: 0.0000602 seconds
[1057.846s][info ][safepoint    ] Application time: 0.3917038 seconds
[1057.846s][info ][safepoint    ] Entering safepoint region: GenCollectForAllocation
[1057.846s][info ][gc,start     ] GC(153) Pause Young (Allocation Failure)
[1057.846s][info ][gc,task      ] GC(153) Using 4 workers of 4 for evacuation
[1057.847s][debug][gc,ref       ] GC(153) Skipped phase1 of Reference Processing due to unavailable references
[1057.847s][debug][gc,ref       ] GC(153) Skipped phase2 of Reference Processing due to unavailable references
[1057.847s][debug][gc,ref       ] GC(153) Skipped phase3 of Reference Processing due to unavailable references
[1057.847s][debug][gc,ref       ] GC(153) Skipped phase4 of Reference Processing due to unavailable references
[1057.848s][debug][gc,age       ] GC(153) Desired survivor size 15400960 bytes, new threshold 6 (max threshold 6)
[1057.848s][info ][gc,heap      ] GC(153) ParNew: 241768K->867K(270976K)
[1057.848s][info ][gc,heap      ] GC(153) CMS: 200882K->200888K(602112K)
[1057.848s][info ][gc,metaspace ] GC(153) Metaspace: 53743K->53743K(1097728K)
[1057.848s][info ][gc           ] GC(153) Pause Young (Allocation Failure) 432M->197M(852M) 1.818ms
[1057.848s][info ][gc,cpu       ] GC(153) User=0.01s Sys=0.00s Real=0.00s
[1057.848s][info ][safepoint    ] Leaving safepoint region
[1057.848s][info ][safepoint    ] Total time for which application threads were stopped: 0.0019729 seconds, Stopping threads took: 0.0000170 seconds
[1058.848s][info ][safepoint    ] Application time: 1.0000736 seconds
[1058.848s][info ][safepoint    ] Entering safepoint region: Cleanup
[1058.848s][info ][safepoint    ] Leaving safepoint region
[1058.848s][info ][safepoint    ] Total time for which application threads were stopped: 0.0001176 seconds, Stopping threads took: 0.0000422 seconds
[1059.849s][info ][safepoint    ] Application time: 1.0010859 seconds
[1059.849s][info ][safepoint    ] Entering safepoint region: Cleanup
[1059.849s][info ][safepoint    ] Leaving safepoint region
[1059.849s][info ][safepoint    ] Total time for which application threads were stopped: 0.0001333 seconds, Stopping threads took: 0.0000202 seconds
[1060.850s][info ][safepoint    ] Application time: 1.0009098 seconds
[1060.850s][info ][safepoint    ] Entering safepoint region: Cleanup
[1060.850s][info ][safepoint    ] Leaving safepoint region
[1060.850s][info ][safepoint    ] Total time for which application threads were stopped: 0.0000977 seconds, Stopping threads took: 0.0000195 seconds
[1061.850s][info ][safepoint    ] Application time: 1.0000853 seconds
[1061.850s][info ][safepoint    ] Entering safepoint region: Cleanup
[1061.850s][info ][safepoint    ] Leaving safepoint region
[1061.850s][info ][safepoint    ] Total time for which application threads were stopped: 0.0000844 seconds, Stopping threads took: 0.0000225 seconds
[1062.851s][info ][safepoint    ] Application time: 1.0000949 seconds
[1062.851s][info ][safepoint    ] Entering safepoint region: Cleanup
[1062.851s][info ][safepoint    ] Leaving safepoint region
[1062.851s][info ][safepoint    ] Total time for which application threads were stopped: 0.0000924 seconds, Stopping threads took: 0.0000202 seconds
[1063.851s][info ][safepoint    ] Application time: 1.0000963 seconds
[1063.851s][info ][safepoint    ] Entering safepoint region: Cleanup
[1063.851s][info ][safepoint    ] Leaving safepoint region
[1063.851s][info ][safepoint    ] Total time for which application threads were stopped: 0.0000932 seconds, Stopping threads took: 0.0000282 seconds
[1064.851s][info ][safepoint    ] Application time: 1.0001646 seconds
[1064.851s][info ][safepoint    ] Entering safepoint region: Cleanup
[1064.851s][info ][safepoint    ] Leaving safepoint region
[1064.851s][info ][safepoint    ] Total time for which application threads were stopped: 0.0000775 seconds, Stopping threads took: 0.0000185 seconds
[1065.851s][info ][safepoint    ] Application time: 1.0001004 seconds
[1065.851s][info ][safepoint    ] Entering safepoint region: Cleanup
[1065.852s][info ][safepoint    ] Leaving safepoint region
[1065.852s][info ][safepoint    ] Total time for which application threads were stopped: 0.0000783 seconds, Stopping threads took: 0.0000190 seconds
[1066.852s][info ][safepoint    ] Application time: 1.0001062 seconds
[1066.852s][info ][safepoint    ] Entering safepoint region: Cleanup
[1066.852s][info ][safepoint    ] Leaving safepoint region
[1066.852s][info ][safepoint    ] Total time for which application threads were stopped: 0.0000771 seconds, Stopping threads took: 0.0000189 seconds
[1067.852s][info ][safepoint    ] Application time: 1.0000850 seconds
[1067.852s][info ][safepoint    ] Entering safepoint region: Cleanup
[1067.852s][info ][safepoint    ] Leaving safepoint region
[1067.852s][info ][safepoint    ] Total time for which application threads were stopped: 0.0000830 seconds, Stopping threads took: 0.0000189 seconds
[1068.852s][info ][safepoint    ] Application time: 1.0000853 seconds
[1068.852s][info ][safepoint    ] Entering safepoint region: Cleanup
[1068.852s][info ][safepoint    ] Leaving safepoint region
[1068.852s][info ][safepoint    ] Total time for which application threads were stopped: 0.0001078 seconds, Stopping threads took: 0.0000199 seconds
[1069.852s][info ][safepoint    ] Application time: 1.0000654 seconds
[1069.852s][info ][safepoint    ] Entering safepoint region: Cleanup
[1069.852s][info ][safepoint    ] Leaving safepoint region
[1069.852s][info ][safepoint    ] Total time for which application threads were stopped: 0.0000978 seconds, Stopping threads took: 0.0000215 seconds
[1070.853s][info ][safepoint    ] Application time: 1.0000947 seconds
[1070.853s][info ][safepoint    ] Entering safepoint region: Cleanup
[1070.853s][info ][safepoint    ] Leaving safepoint region
[1070.853s][info ][safepoint    ] Total time for which application threads were stopped: 0.0000756 seconds, Stopping threads took: 0.0000185 seconds
[1071.853s][info ][safepoint    ] Application time: 1.0000819 seconds
[1071.853s][info ][safepoint    ] Entering safepoint region: Cleanup
[1071.853s][info ][safepoint    ] Leaving safepoint region
[1071.853s][info ][safepoint    ] Total time for which application threads were stopped: 0.0000778 seconds, Stopping threads took: 0.0000192 seconds
[1072.853s][info ][safepoint    ] Application time: 1.0000889 seconds
[1072.853s][info ][safepoint    ] Entering safepoint region: Cleanup
[1072.853s][info ][safepoint    ] Leaving safepoint region
[1072.853s][info ][safepoint    ] Total time for which application threads were stopped: 0.0000798 seconds, Stopping threads took: 0.0000189 seconds
[1073.853s][info ][safepoint    ] Application time: 1.0000925 seconds
[1073.853s][info ][safepoint    ] Entering safepoint region: Cleanup
[1073.853s][info ][safepoint    ] Leaving safepoint region
[1073.853s][info ][safepoint    ] Total time for which application threads were stopped: 0.0000765 seconds, Stopping threads took: 0.0000178 seconds
[1074.853s][info ][safepoint    ] Application time: 1.0000957 seconds
[1074.853s][info ][safepoint    ] Entering safepoint region: Cleanup
[1074.854s][info ][safepoint    ] Leaving safepoint region
[1074.854s][info ][safepoint    ] Total time for which application threads were stopped: 0.0000756 seconds, Stopping threads took: 0.0000197 seconds
[1075.854s][info ][safepoint    ] Application time: 1.0000737 seconds
[1075.854s][info ][safepoint    ] Entering safepoint region: Cleanup
[1075.854s][info ][safepoint    ] Leaving safepoint region
[1075.854s][info ][safepoint    ] Total time for which application threads were stopped: 0.0000769 seconds, Stopping threads took: 0.0000187 seconds
[1076.854s][info ][safepoint    ] Application time: 1.0000880 seconds
[1076.854s][info ][safepoint    ] Entering safepoint region: Cleanup
[1076.854s][info ][safepoint    ] Leaving safepoint region
[1076.854s][info ][safepoint    ] Total time for which application threads were stopped: 0.0000812 seconds, Stopping threads took: 0.0000186 seconds
[1077.854s][info ][safepoint    ] Application time: 1.0000952 seconds
[1077.854s][info ][safepoint    ] Entering safepoint region: Cleanup
[1077.854s][info ][safepoint    ] Leaving safepoint region
[1077.854s][info ][safepoint    ] Total time for which application threads were stopped: 0.0000803 seconds, Stopping threads took: 0.0000201 seconds
[1078.854s][info ][safepoint    ] Application time: 1.0000912 seconds
[1078.854s][info ][safepoint    ] Entering safepoint region: Cleanup
[1078.854s][info ][safepoint    ] Leaving safepoint region
[1078.854s][info ][safepoint    ] Total time for which application threads were stopped: 0.0000952 seconds, Stopping threads took: 0.0000185 seconds
[1079.855s][info ][safepoint    ] Application time: 1.0000871 seconds
[1079.855s][info ][safepoint    ] Entering safepoint region: Cleanup
[1079.855s][info ][safepoint    ] Leaving safepoint region
[1079.855s][info ][safepoint    ] Total time for which application threads were stopped: 0.0000857 seconds, Stopping threads took: 0.0000189 seconds
[1080.855s][info ][safepoint    ] Application time: 1.0000826 seconds
[1080.855s][info ][safepoint    ] Entering safepoint region: Cleanup
[1080.855s][info ][safepoint    ] Leaving safepoint region
[1080.855s][info ][safepoint    ] Total time for which application threads were stopped: 0.0000824 seconds, Stopping threads took: 0.0000181 seconds
[1081.855s][info ][safepoint    ] Application time: 1.0000824 seconds
[1081.855s][info ][safepoint    ] Entering safepoint region: Cleanup
[1081.855s][info ][safepoint    ] Leaving safepoint region
[1081.855s][info ][safepoint    ] Total time for which application threads were stopped: 0.0000934 seconds, Stopping threads took: 0.0000307 seconds
[1082.855s][info ][safepoint    ] Application time: 1.0000980 seconds
[1082.855s][info ][safepoint    ] Entering safepoint region: Cleanup
[1082.855s][info ][safepoint    ] Leaving safepoint region
[1082.855s][info ][safepoint    ] Total time for which application threads were stopped: 0.0000820 seconds, Stopping threads took: 0.0000192 seconds
[1083.855s][info ][safepoint    ] Application time: 1.0001322 seconds
[1083.855s][info ][safepoint    ] Entering safepoint region: Cleanup
[1083.856s][info ][safepoint    ] Leaving safepoint region
[1083.856s][info ][safepoint    ] Total time for which application threads were stopped: 0.0000834 seconds, Stopping threads took: 0.0000202 seconds
[1084.856s][info ][safepoint    ] Application time: 1.0000914 seconds
[1084.856s][info ][safepoint    ] Entering safepoint region: Cleanup
[1084.856s][info ][safepoint    ] Leaving safepoint region
[1084.856s][info ][safepoint    ] Total time for which application threads were stopped: 0.0001661 seconds, Stopping threads took: 0.0000312 seconds
[1085.856s][info ][safepoint    ] Application time: 1.0000876 seconds
[1085.856s][info ][safepoint    ] Entering safepoint region: Cleanup
[1085.856s][info ][safepoint    ] Leaving safepoint region
[1085.856s][info ][safepoint    ] Total time for which application threads were stopped: 0.0001021 seconds, Stopping threads took: 0.0000186 seconds
[1086.856s][info ][safepoint    ] Application time: 1.0000971 seconds
[1086.856s][info ][safepoint    ] Entering safepoint region: Cleanup
[1086.856s][info ][safepoint    ] Leaving safepoint region
[1086.856s][info ][safepoint    ] Total time for which application threads were stopped: 0.0000994 seconds, Stopping threads took: 0.0000198 seconds
[1087.856s][info ][safepoint    ] Application time: 1.0000889 seconds
[1087.856s][info ][safepoint    ] Entering safepoint region: Cleanup
[1087.857s][info ][safepoint    ] Leaving safepoint region
[1087.857s][info ][safepoint    ] Total time for which application threads were stopped: 0.0000856 seconds, Stopping threads took: 0.0000203 seconds
[1088.857s][info ][safepoint    ] Application time: 1.0000874 seconds
[1088.857s][info ][safepoint    ] Entering safepoint region: Cleanup
[1088.857s][info ][safepoint    ] Leaving safepoint region
[1088.857s][info ][safepoint    ] Total time for which application threads were stopped: 0.0001200 seconds, Stopping threads took: 0.0000573 seconds
[1089.857s][info ][safepoint    ] Application time: 1.0000876 seconds
[1089.857s][info ][safepoint    ] Entering safepoint region: Cleanup
[1089.857s][info ][safepoint    ] Leaving safepoint region
[1089.857s][info ][safepoint    ] Total time for which application threads were stopped: 0.0000811 seconds, Stopping threads took: 0.0000199 seconds
[1090.857s][info ][safepoint    ] Application time: 1.0001276 seconds
[1090.857s][info ][safepoint    ] Entering safepoint region: Cleanup
[1090.857s][info ][safepoint    ] Leaving safepoint region
[1090.857s][info ][safepoint    ] Total time for which application threads were stopped: 0.0000793 seconds, Stopping threads took: 0.0000217 seconds
[1091.857s][info ][safepoint    ] Application time: 1.0000981 seconds
[1091.857s][info ][safepoint    ] Entering safepoint region: Cleanup
[1091.858s][info ][safepoint    ] Leaving safepoint region
[1091.858s][info ][safepoint    ] Total time for which application threads were stopped: 0.0000926 seconds, Stopping threads took: 0.0000214 seconds
[1092.858s][info ][safepoint    ] Application time: 1.0000889 seconds
[1092.858s][info ][safepoint    ] Entering safepoint region: Cleanup
[1092.858s][info ][safepoint    ] Leaving safepoint region
[1092.858s][info ][safepoint    ] Total time for which application threads were stopped: 0.0000785 seconds, Stopping threads took: 0.0000187 seconds
[1093.858s][info ][safepoint    ] Application time: 1.0000911 seconds
[1093.858s][info ][safepoint    ] Entering safepoint region: Cleanup
[1093.858s][info ][safepoint    ] Leaving safepoint region
[1093.858s][info ][safepoint    ] Total time for which application threads were stopped: 0.0000814 seconds, Stopping threads took: 0.0000188 seconds
[1094.858s][info ][safepoint    ] Application time: 1.0000839 seconds
[1094.858s][info ][safepoint    ] Entering safepoint region: Cleanup
[1094.858s][info ][safepoint    ] Leaving safepoint region
[1094.858s][info ][safepoint    ] Total time for which application threads were stopped: 0.0000894 seconds, Stopping threads took: 0.0000196 seconds
[1095.858s][info ][safepoint    ] Application time: 1.0000856 seconds
[1095.858s][info ][safepoint    ] Entering safepoint region: Cleanup
[1095.858s][info ][safepoint    ] Leaving safepoint region
[1095.858s][info ][safepoint    ] Total time for which application threads were stopped: 0.0000967 seconds, Stopping threads took: 0.0000191 seconds
[1096.859s][info ][safepoint    ] Application time: 1.0000918 seconds
[1096.859s][info ][safepoint    ] Entering safepoint region: Cleanup
[1096.859s][info ][safepoint    ] Leaving safepoint region
[1096.859s][info ][safepoint    ] Total time for which application threads were stopped: 0.0001000 seconds, Stopping threads took: 0.0000382 seconds
[1097.859s][info ][safepoint    ] Application time: 1.0001010 seconds
[1097.859s][info ][safepoint    ] Entering safepoint region: Cleanup
[1097.859s][info ][safepoint    ] Leaving safepoint region
[1097.859s][info ][safepoint    ] Total time for which application threads were stopped: 0.0000876 seconds, Stopping threads took: 0.0000192 seconds
[1098.859s][info ][safepoint    ] Application time: 1.0000694 seconds
[1098.859s][info ][safepoint    ] Entering safepoint region: Cleanup
[1098.859s][info ][safepoint    ] Leaving safepoint region
[1098.859s][info ][safepoint    ] Total time for which application threads were stopped: 0.0000840 seconds, Stopping threads took: 0.0000195 seconds
[1099.859s][info ][safepoint    ] Application time: 1.0000835 seconds
[1099.859s][info ][safepoint    ] Entering safepoint region: Cleanup
[1099.859s][info ][safepoint    ] Leaving safepoint region
[1099.859s][info ][safepoint    ] Total time for which application threads were stopped: 0.0000819 seconds, Stopping threads took: 0.0000195 seconds
[1100.859s][info ][safepoint    ] Application time: 1.0000931 seconds
[1100.859s][info ][safepoint    ] Entering safepoint region: Cleanup
[1100.860s][info ][safepoint    ] Leaving safepoint region
[1100.860s][info ][safepoint    ] Total time for which application threads were stopped: 0.0001126 seconds, Stopping threads took: 0.0000227 seconds
[1101.860s][info ][safepoint    ] Application time: 1.0001000 seconds
[1101.860s][info ][safepoint    ] Entering safepoint region: Cleanup
[1101.860s][info ][safepoint    ] Leaving safepoint region
[1101.860s][info ][safepoint    ] Total time for which application threads were stopped: 0.0000776 seconds, Stopping threads took: 0.0000187 seconds
[1102.860s][info ][safepoint    ] Application time: 1.0000854 seconds
[1102.860s][info ][safepoint    ] Entering safepoint region: Cleanup
[1102.860s][info ][safepoint    ] Leaving safepoint region
[1102.860s][info ][safepoint    ] Total time for which application threads were stopped: 0.0000835 seconds, Stopping threads took: 0.0000199 seconds
[1103.860s][info ][safepoint    ] Application time: 1.0000591 seconds
[1103.860s][info ][safepoint    ] Entering safepoint region: Cleanup
[1103.860s][info ][safepoint    ] Leaving safepoint region
[1103.860s][info ][safepoint    ] Total time for which application threads were stopped: 0.0001088 seconds, Stopping threads took: 0.0000190 seconds
[1104.860s][info ][safepoint    ] Application time: 1.0000593 seconds
[1104.860s][info ][safepoint    ] Entering safepoint region: Cleanup
[1104.861s][info ][safepoint    ] Leaving safepoint region
[1104.861s][info ][safepoint    ] Total time for which application threads were stopped: 0.0001787 seconds, Stopping threads took: 0.0000972 seconds
[1105.861s][info ][safepoint    ] Application time: 1.0000971 seconds
[1105.861s][info ][safepoint    ] Entering safepoint region: Cleanup
[1105.861s][info ][safepoint    ] Leaving safepoint region
[1105.861s][info ][safepoint    ] Total time for which application threads were stopped: 0.0001123 seconds, Stopping threads took: 0.0000248 seconds
[1105.926s][info ][safepoint    ] Application time: 0.0650749 seconds
[1105.926s][info ][safepoint    ] Entering safepoint region: GenCollectForAllocation
[1105.926s][info ][gc,start     ] GC(154) Pause Young (Allocation Failure)
[1105.926s][info ][gc,task      ] GC(154) Using 4 workers of 4 for evacuation
[1105.928s][debug][gc,ref       ] GC(154) Skipped phase1 of Reference Processing due to unavailable references
[1105.928s][debug][gc,ref       ] GC(154) Skipped phase2 of Reference Processing due to unavailable references
[1105.928s][debug][gc,ref       ] GC(154) Skipped phase3 of Reference Processing due to unavailable references
[1105.928s][debug][gc,ref       ] GC(154) Skipped phase4 of Reference Processing due to unavailable references
[1105.928s][debug][gc,age       ] GC(154) Desired survivor size 15400960 bytes, new threshold 6 (max threshold 6)
[1105.928s][info ][gc,heap      ] GC(154) ParNew: 241763K->853K(270976K)
[1105.928s][info ][gc,heap      ] GC(154) CMS: 200888K->200897K(602112K)
[1105.928s][info ][gc,metaspace ] GC(154) Metaspace: 53755K->53755K(1097728K)
[1105.928s][info ][gc           ] GC(154) Pause Young (Allocation Failure) 432M->197M(852M) 1.828ms
[1105.928s][info ][gc,cpu       ] GC(154) User=0.00s Sys=0.00s Real=0.00s
[1105.928s][info ][safepoint    ] Leaving safepoint region
[1105.928s][info ][safepoint    ] Total time for which application threads were stopped: 0.0019837 seconds, Stopping threads took: 0.0000184 seconds
[1106.928s][info ][safepoint    ] Application time: 1.0001007 seconds
[1106.928s][info ][safepoint    ] Entering safepoint region: Cleanup
[1106.928s][info ][safepoint    ] Leaving safepoint region
[1106.928s][info ][safepoint    ] Total time for which application threads were stopped: 0.0000810 seconds, Stopping threads took: 0.0000202 seconds
[1107.928s][info ][safepoint    ] Application time: 1.0000846 seconds
[1107.928s][info ][safepoint    ] Entering safepoint region: Cleanup
[1107.928s][info ][safepoint    ] Leaving safepoint region
[1107.928s][info ][safepoint    ] Total time for which application threads were stopped: 0.0001153 seconds, Stopping threads took: 0.0000399 seconds
[1108.928s][info ][safepoint    ] Application time: 1.0000761 seconds
[1108.929s][info ][safepoint    ] Entering safepoint region: Cleanup
[1108.929s][info ][safepoint    ] Leaving safepoint region
[1108.929s][info ][safepoint    ] Total time for which application threads were stopped: 0.0000813 seconds, Stopping threads took: 0.0000208 seconds
[1109.929s][info ][safepoint    ] Application time: 1.0000846 seconds
[1109.929s][info ][safepoint    ] Entering safepoint region: Cleanup
[1109.929s][info ][safepoint    ] Leaving safepoint region
[1109.929s][info ][safepoint    ] Total time for which application threads were stopped: 0.0001191 seconds, Stopping threads took: 0.0000556 seconds
[1110.929s][info ][safepoint    ] Application time: 1.0001177 seconds
[1110.929s][info ][safepoint    ] Entering safepoint region: Cleanup
[1110.929s][info ][safepoint    ] Leaving safepoint region
[1110.929s][info ][safepoint    ] Total time for which application threads were stopped: 0.0000816 seconds, Stopping threads took: 0.0000199 seconds
[1111.929s][info ][safepoint    ] Application time: 1.0000816 seconds
[1111.929s][info ][safepoint    ] Entering safepoint region: Cleanup
[1111.930s][info ][safepoint    ] Leaving safepoint region
[1111.930s][info ][safepoint    ] Total time for which application threads were stopped: 0.0001068 seconds, Stopping threads took: 0.0000184 seconds
[1112.930s][info ][safepoint    ] Application time: 1.0000482 seconds
[1112.930s][info ][safepoint    ] Entering safepoint region: Cleanup
[1112.930s][info ][safepoint    ] Leaving safepoint region
[1112.930s][info ][safepoint    ] Total time for which application threads were stopped: 0.0000873 seconds, Stopping threads took: 0.0000204 seconds
[1113.124s][info ][safepoint    ] Application time: 0.1941544 seconds
[1113.124s][info ][safepoint    ] Entering safepoint region: RevokeBias
[1113.124s][info ][safepoint    ] Leaving safepoint region
[1113.124s][info ][safepoint    ] Total time for which application threads were stopped: 0.0001237 seconds, Stopping threads took: 0.0000174 seconds
[1114.124s][info ][safepoint    ] Application time: 1.0001076 seconds
[1114.124s][info ][safepoint    ] Entering safepoint region: Cleanup
[1114.124s][info ][safepoint    ] Leaving safepoint region
[1114.124s][info ][safepoint    ] Total time for which application threads were stopped: 0.0001194 seconds, Stopping threads took: 0.0000204 seconds
[1115.124s][info ][safepoint    ] Application time: 1.0001322 seconds
[1115.125s][info ][safepoint    ] Entering safepoint region: Cleanup
[1115.125s][info ][safepoint    ] Leaving safepoint region
[1115.125s][info ][safepoint    ] Total time for which application threads were stopped: 0.0000798 seconds, Stopping threads took: 0.0000169 seconds
[1116.125s][info ][safepoint    ] Application time: 1.0000876 seconds
[1116.125s][info ][safepoint    ] Entering safepoint region: Cleanup
[1116.125s][info ][safepoint    ] Leaving safepoint region
[1116.125s][info ][safepoint    ] Total time for which application threads were stopped: 0.0000789 seconds, Stopping threads took: 0.0000190 seconds
[1117.125s][info ][safepoint    ] Application time: 1.0000787 seconds
[1117.125s][info ][safepoint    ] Entering safepoint region: Cleanup
[1117.125s][info ][safepoint    ] Leaving safepoint region
[1117.125s][info ][safepoint    ] Total time for which application threads were stopped: 0.0000912 seconds, Stopping threads took: 0.0000330 seconds
[1118.125s][info ][safepoint    ] Application time: 1.0000898 seconds
[1118.125s][info ][safepoint    ] Entering safepoint region: Cleanup
[1118.125s][info ][safepoint    ] Leaving safepoint region
[1118.125s][info ][safepoint    ] Total time for which application threads were stopped: 0.0001472 seconds, Stopping threads took: 0.0000185 seconds
[1119.125s][info ][safepoint    ] Application time: 1.0001014 seconds
[1119.126s][info ][safepoint    ] Entering safepoint region: Cleanup
[1119.126s][info ][safepoint    ] Leaving safepoint region
[1119.126s][info ][safepoint    ] Total time for which application threads were stopped: 0.0000989 seconds, Stopping threads took: 0.0000351 seconds
[1120.126s][info ][safepoint    ] Application time: 1.0000674 seconds
[1120.126s][info ][safepoint    ] Entering safepoint region: Cleanup
[1120.126s][info ][safepoint    ] Leaving safepoint region
[1120.126s][info ][safepoint    ] Total time for which application threads were stopped: 0.0000814 seconds, Stopping threads took: 0.0000198 seconds
[1121.126s][info ][safepoint    ] Application time: 1.0001301 seconds
[1121.126s][info ][safepoint    ] Entering safepoint region: Cleanup
[1121.126s][info ][safepoint    ] Leaving safepoint region
[1121.126s][info ][safepoint    ] Total time for which application threads were stopped: 0.0000774 seconds, Stopping threads took: 0.0000177 seconds
[1122.126s][info ][safepoint    ] Application time: 1.0000923 seconds
[1122.126s][info ][safepoint    ] Entering safepoint region: Cleanup
[1122.126s][info ][safepoint    ] Leaving safepoint region
[1122.126s][info ][safepoint    ] Total time for which application threads were stopped: 0.0000809 seconds, Stopping threads took: 0.0000186 seconds
[1123.126s][info ][safepoint    ] Application time: 1.0000880 seconds
[1123.126s][info ][safepoint    ] Entering safepoint region: Cleanup
[1123.126s][info ][safepoint    ] Leaving safepoint region
[1123.126s][info ][safepoint    ] Total time for which application threads were stopped: 0.0000818 seconds, Stopping threads took: 0.0000192 seconds
[1124.127s][info ][safepoint    ] Application time: 1.0000849 seconds
[1124.127s][info ][safepoint    ] Entering safepoint region: Cleanup
[1124.127s][info ][safepoint    ] Leaving safepoint region
[1124.127s][info ][safepoint    ] Total time for which application threads were stopped: 0.0000795 seconds, Stopping threads took: 0.0000188 seconds
[1125.127s][info ][safepoint    ] Application time: 1.0000870 seconds
[1125.127s][info ][safepoint    ] Entering safepoint region: Cleanup
[1125.127s][info ][safepoint    ] Leaving safepoint region
[1125.127s][info ][safepoint    ] Total time for which application threads were stopped: 0.0000824 seconds, Stopping threads took: 0.0000221 seconds
[1126.127s][info ][safepoint    ] Application time: 1.0000894 seconds
[1126.127s][info ][safepoint    ] Entering safepoint region: Cleanup
[1126.127s][info ][safepoint    ] Leaving safepoint region
[1126.127s][info ][safepoint    ] Total time for which application threads were stopped: 0.0000821 seconds, Stopping threads took: 0.0000204 seconds
[1127.127s][info ][safepoint    ] Application time: 1.0000924 seconds
[1127.127s][info ][safepoint    ] Entering safepoint region: Cleanup
[1127.127s][info ][safepoint    ] Leaving safepoint region
[1127.127s][info ][safepoint    ] Total time for which application threads were stopped: 0.0001029 seconds, Stopping threads took: 0.0000203 seconds
[1128.127s][info ][safepoint    ] Application time: 1.0000884 seconds
[1128.127s][info ][safepoint    ] Entering safepoint region: Cleanup
[1128.128s][info ][safepoint    ] Leaving safepoint region
[1128.128s][info ][safepoint    ] Total time for which application threads were stopped: 0.0000986 seconds, Stopping threads took: 0.0000195 seconds
[1129.128s][info ][safepoint    ] Application time: 1.0000908 seconds
[1129.128s][info ][safepoint    ] Entering safepoint region: Cleanup
[1129.128s][info ][safepoint    ] Leaving safepoint region
[1129.128s][info ][safepoint    ] Total time for which application threads were stopped: 0.0000862 seconds, Stopping threads took: 0.0000229 seconds
[1130.128s][info ][safepoint    ] Application time: 1.0000814 seconds
[1130.128s][info ][safepoint    ] Entering safepoint region: Cleanup
[1130.128s][info ][safepoint    ] Leaving safepoint region
[1130.128s][info ][safepoint    ] Total time for which application threads were stopped: 0.0000940 seconds, Stopping threads took: 0.0000190 seconds
[1131.128s][info ][safepoint    ] Application time: 1.0001194 seconds
[1131.128s][info ][safepoint    ] Entering safepoint region: Cleanup
[1131.128s][info ][safepoint    ] Leaving safepoint region
[1131.128s][info ][safepoint    ] Total time for which application threads were stopped: 0.0000925 seconds, Stopping threads took: 0.0000191 seconds
[1132.128s][info ][safepoint    ] Application time: 1.0000926 seconds
[1132.128s][info ][safepoint    ] Entering safepoint region: Cleanup
[1132.128s][info ][safepoint    ] Leaving safepoint region
[1132.128s][info ][safepoint    ] Total time for which application threads were stopped: 0.0000725 seconds, Stopping threads took: 0.0000183 seconds
[1133.129s][info ][safepoint    ] Application time: 1.0000788 seconds
[1133.129s][info ][safepoint    ] Entering safepoint region: Cleanup
[1133.129s][info ][safepoint    ] Leaving safepoint region
[1133.129s][info ][safepoint    ] Total time for which application threads were stopped: 0.0000846 seconds, Stopping threads took: 0.0000171 seconds
[1134.129s][info ][safepoint    ] Application time: 1.0000790 seconds
[1134.129s][info ][safepoint    ] Entering safepoint region: Cleanup
[1134.129s][info ][safepoint    ] Leaving safepoint region
[1134.129s][info ][safepoint    ] Total time for which application threads were stopped: 0.0000972 seconds, Stopping threads took: 0.0000199 seconds
[1135.129s][info ][safepoint    ] Application time: 1.0001303 seconds
[1135.129s][info ][safepoint    ] Entering safepoint region: Cleanup
[1135.129s][info ][safepoint    ] Leaving safepoint region
[1135.129s][info ][safepoint    ] Total time for which application threads were stopped: 0.0000867 seconds, Stopping threads took: 0.0000197 seconds
[1136.129s][info ][safepoint    ] Application time: 1.0000821 seconds
[1136.129s][info ][safepoint    ] Entering safepoint region: Cleanup
[1136.129s][info ][safepoint    ] Leaving safepoint region
[1136.129s][info ][safepoint    ] Total time for which application threads were stopped: 0.0000881 seconds, Stopping threads took: 0.0000314 seconds
[1137.130s][info ][safepoint    ] Application time: 1.0000933 seconds
[1137.130s][info ][safepoint    ] Entering safepoint region: Cleanup
[1137.130s][info ][safepoint    ] Leaving safepoint region
[1137.130s][info ][safepoint    ] Total time for which application threads were stopped: 0.0000823 seconds, Stopping threads took: 0.0000206 seconds
[1138.130s][info ][safepoint    ] Application time: 1.0000819 seconds
[1138.130s][info ][safepoint    ] Entering safepoint region: Cleanup
[1138.130s][info ][safepoint    ] Leaving safepoint region
[1138.130s][info ][safepoint    ] Total time for which application threads were stopped: 0.0000740 seconds, Stopping threads took: 0.0000168 seconds
[1139.130s][info ][safepoint    ] Application time: 1.0000874 seconds
[1139.130s][info ][safepoint    ] Entering safepoint region: Cleanup
[1139.130s][info ][safepoint    ] Leaving safepoint region
[1139.130s][info ][safepoint    ] Total time for which application threads were stopped: 0.0000797 seconds, Stopping threads took: 0.0000176 seconds
[1140.130s][info ][safepoint    ] Application time: 1.0000937 seconds
[1140.130s][info ][safepoint    ] Entering safepoint region: Cleanup
[1140.130s][info ][safepoint    ] Leaving safepoint region
[1140.130s][info ][safepoint    ] Total time for which application threads were stopped: 0.0000802 seconds, Stopping threads took: 0.0000194 seconds
[1141.130s][info ][safepoint    ] Application time: 1.0000831 seconds
[1141.130s][info ][safepoint    ] Entering safepoint region: Cleanup
[1141.131s][info ][safepoint    ] Leaving safepoint region
[1141.131s][info ][safepoint    ] Total time for which application threads were stopped: 0.0001166 seconds, Stopping threads took: 0.0000202 seconds
[1142.131s][info ][safepoint    ] Application time: 1.0000917 seconds
[1142.131s][info ][safepoint    ] Entering safepoint region: Cleanup
[1142.131s][info ][safepoint    ] Leaving safepoint region
[1142.131s][info ][safepoint    ] Total time for which application threads were stopped: 0.0000858 seconds, Stopping threads took: 0.0000217 seconds
[1143.131s][info ][safepoint    ] Application time: 1.0000880 seconds
[1143.131s][info ][safepoint    ] Entering safepoint region: Cleanup
[1143.131s][info ][safepoint    ] Leaving safepoint region
[1143.131s][info ][safepoint    ] Total time for which application threads were stopped: 0.0000792 seconds, Stopping threads took: 0.0000190 seconds
[1144.131s][info ][safepoint    ] Application time: 1.0000818 seconds
[1144.131s][info ][safepoint    ] Entering safepoint region: Cleanup
[1144.131s][info ][safepoint    ] Leaving safepoint region
[1144.131s][info ][safepoint    ] Total time for which application threads were stopped: 0.0001124 seconds, Stopping threads took: 0.0000198 seconds
[1145.131s][info ][safepoint    ] Application time: 1.0000938 seconds
[1145.131s][info ][safepoint    ] Entering safepoint region: Cleanup
[1145.131s][info ][safepoint    ] Leaving safepoint region
[1145.131s][info ][safepoint    ] Total time for which application threads were stopped: 0.0000781 seconds, Stopping threads took: 0.0000186 seconds
[1146.132s][info ][safepoint    ] Application time: 1.0001122 seconds
[1146.132s][info ][safepoint    ] Entering safepoint region: Cleanup
[1146.132s][info ][safepoint    ] Leaving safepoint region
[1146.132s][info ][safepoint    ] Total time for which application threads were stopped: 0.0001219 seconds, Stopping threads took: 0.0000556 seconds
[1147.132s][info ][safepoint    ] Application time: 1.0000977 seconds
[1147.132s][info ][safepoint    ] Entering safepoint region: Cleanup
[1147.132s][info ][safepoint    ] Leaving safepoint region
[1147.132s][info ][safepoint    ] Total time for which application threads were stopped: 0.0000839 seconds, Stopping threads took: 0.0000210 seconds
[1148.132s][info ][safepoint    ] Application time: 1.0000387 seconds
[1148.132s][info ][safepoint    ] Entering safepoint region: Cleanup
[1148.132s][info ][safepoint    ] Leaving safepoint region
[1148.132s][info ][safepoint    ] Total time for which application threads were stopped: 0.0000747 seconds, Stopping threads took: 0.0000170 seconds
[1149.132s][info ][safepoint    ] Application time: 1.0000843 seconds
[1149.132s][info ][safepoint    ] Entering safepoint region: Cleanup
[1149.132s][info ][safepoint    ] Leaving safepoint region
[1149.132s][info ][safepoint    ] Total time for which application threads were stopped: 0.0000973 seconds, Stopping threads took: 0.0000211 seconds
[1150.132s][info ][safepoint    ] Application time: 1.0000893 seconds
[1150.132s][info ][safepoint    ] Entering safepoint region: Cleanup
[1150.133s][info ][safepoint    ] Leaving safepoint region
[1150.133s][info ][safepoint    ] Total time for which application threads were stopped: 0.0001003 seconds, Stopping threads took: 0.0000392 seconds
[1151.133s][info ][safepoint    ] Application time: 1.0000882 seconds
[1151.133s][info ][safepoint    ] Entering safepoint region: Cleanup
[1151.133s][info ][safepoint    ] Leaving safepoint region
[1151.133s][info ][safepoint    ] Total time for which application threads were stopped: 0.0000802 seconds, Stopping threads took: 0.0000194 seconds
[1152.133s][info ][safepoint    ] Application time: 1.0000928 seconds
[1152.133s][info ][safepoint    ] Entering safepoint region: Cleanup
[1152.133s][info ][safepoint    ] Leaving safepoint region
[1152.133s][info ][safepoint    ] Total time for which application threads were stopped: 0.0000877 seconds, Stopping threads took: 0.0000216 seconds
[1153.133s][info ][safepoint    ] Application time: 1.0000917 seconds
[1153.133s][info ][safepoint    ] Entering safepoint region: Cleanup
[1153.133s][info ][safepoint    ] Leaving safepoint region
[1153.133s][info ][safepoint    ] Total time for which application threads were stopped: 0.0000830 seconds, Stopping threads took: 0.0000197 seconds
[1154.133s][info ][safepoint    ] Application time: 1.0001209 seconds
[1154.133s][info ][safepoint    ] Entering safepoint region: Cleanup
[1154.133s][info ][safepoint    ] Leaving safepoint region
[1154.133s][info ][safepoint    ] Total time for which application threads were stopped: 0.0000778 seconds, Stopping threads took: 0.0000183 seconds
[1155.134s][info ][safepoint    ] Application time: 1.0000459 seconds
[1155.134s][info ][safepoint    ] Entering safepoint region: Cleanup
[1155.134s][info ][safepoint    ] Leaving safepoint region
[1155.134s][info ][safepoint    ] Total time for which application threads were stopped: 0.0000833 seconds, Stopping threads took: 0.0000189 seconds
[1156.134s][info ][safepoint    ] Application time: 1.0000404 seconds
[1156.134s][info ][safepoint    ] Entering safepoint region: Cleanup
[1156.134s][info ][safepoint    ] Leaving safepoint region
[1156.134s][info ][safepoint    ] Total time for which application threads were stopped: 0.0001004 seconds, Stopping threads took: 0.0000411 seconds
[1157.134s][info ][safepoint    ] Application time: 1.0001320 seconds
[1157.134s][info ][safepoint    ] Entering safepoint region: Cleanup
[1157.134s][info ][safepoint    ] Leaving safepoint region
[1157.134s][info ][safepoint    ] Total time for which application threads were stopped: 0.0000782 seconds, Stopping threads took: 0.0000179 seconds
[1158.134s][info ][safepoint    ] Application time: 1.0000955 seconds
[1158.134s][info ][safepoint    ] Entering safepoint region: Cleanup
[1158.134s][info ][safepoint    ] Leaving safepoint region
[1158.134s][info ][safepoint    ] Total time for which application threads were stopped: 0.0000767 seconds, Stopping threads took: 0.0000185 seconds
[1159.134s][info ][safepoint    ] Application time: 1.0000940 seconds
[1159.134s][info ][safepoint    ] Entering safepoint region: Cleanup
[1159.134s][info ][safepoint    ] Leaving safepoint region
[1159.134s][info ][safepoint    ] Total time for which application threads were stopped: 0.0000850 seconds, Stopping threads took: 0.0000202 seconds
[1160.135s][info ][safepoint    ] Application time: 1.0000838 seconds
[1160.135s][info ][safepoint    ] Entering safepoint region: Cleanup
[1160.135s][info ][safepoint    ] Leaving safepoint region
[1160.135s][info ][safepoint    ] Total time for which application threads were stopped: 0.0000767 seconds, Stopping threads took: 0.0000177 seconds
[1161.135s][info ][safepoint    ] Application time: 1.0001058 seconds
[1161.135s][info ][safepoint    ] Entering safepoint region: Cleanup
[1161.135s][info ][safepoint    ] Leaving safepoint region
[1161.135s][info ][safepoint    ] Total time for which application threads were stopped: 0.0000778 seconds, Stopping threads took: 0.0000178 seconds
[1162.094s][info ][safepoint    ] Application time: 0.9587627 seconds
[1162.094s][info ][safepoint    ] Entering safepoint region: GenCollectForAllocation
[1162.094s][info ][gc,start     ] GC(155) Pause Young (Allocation Failure)
[1162.094s][info ][gc,task      ] GC(155) Using 4 workers of 4 for evacuation
[1162.095s][debug][gc,ref       ] GC(155) Skipped phase1 of Reference Processing due to unavailable references
[1162.096s][debug][gc,ref       ] GC(155) Skipped phase2 of Reference Processing due to unavailable references
[1162.096s][debug][gc,ref       ] GC(155) Skipped phase3 of Reference Processing due to unavailable references
[1162.096s][debug][gc,ref       ] GC(155) Skipped phase4 of Reference Processing due to unavailable references
[1162.096s][debug][gc,age       ] GC(155) Desired survivor size 15400960 bytes, new threshold 6 (max threshold 6)
[1162.096s][info ][gc,heap      ] GC(155) ParNew: 241749K->836K(270976K)
[1162.096s][info ][gc,heap      ] GC(155) CMS: 200897K->200924K(602112K)
[1162.096s][info ][gc,metaspace ] GC(155) Metaspace: 53759K->53759K(1097728K)
[1162.096s][info ][gc           ] GC(155) Pause Young (Allocation Failure) 432M->197M(852M) 1.856ms
[1162.096s][info ][gc,cpu       ] GC(155) User=0.00s Sys=0.00s Real=0.00s
[1162.096s][info ][safepoint    ] Leaving safepoint region
[1162.096s][info ][safepoint    ] Total time for which application threads were stopped: 0.0020110 seconds, Stopping threads took: 0.0000188 seconds
[1163.096s][info ][safepoint    ] Application time: 1.0001223 seconds
[1163.096s][info ][safepoint    ] Entering safepoint region: Cleanup
[1163.096s][info ][safepoint    ] Leaving safepoint region
[1163.096s][info ][safepoint    ] Total time for which application threads were stopped: 0.0000819 seconds, Stopping threads took: 0.0000201 seconds
[1164.096s][info ][safepoint    ] Application time: 1.0002813 seconds
[1164.096s][info ][safepoint    ] Entering safepoint region: Cleanup
[1164.096s][info ][safepoint    ] Leaving safepoint region
[1164.096s][info ][safepoint    ] Total time for which application threads were stopped: 0.0000806 seconds, Stopping threads took: 0.0000192 seconds
[1165.097s][info ][safepoint    ] Application time: 1.0000971 seconds
[1165.097s][info ][safepoint    ] Entering safepoint region: Cleanup
[1165.097s][info ][safepoint    ] Leaving safepoint region
[1165.097s][info ][safepoint    ] Total time for which application threads were stopped: 0.0000896 seconds, Stopping threads took: 0.0000176 seconds
[1166.097s][info ][safepoint    ] Application time: 1.0000844 seconds
[1166.097s][info ][safepoint    ] Entering safepoint region: Cleanup
[1166.097s][info ][safepoint    ] Leaving safepoint region
[1166.097s][info ][safepoint    ] Total time for which application threads were stopped: 0.0000768 seconds, Stopping threads took: 0.0000182 seconds
[1166.315s][info ][safepoint    ] Application time: 0.2176526 seconds
[1166.315s][info ][safepoint    ] Entering safepoint region: RevokeBias
[1166.315s][info ][safepoint    ] Leaving safepoint region
[1166.315s][info ][safepoint    ] Total time for which application threads were stopped: 0.0001174 seconds, Stopping threads took: 0.0000176 seconds
[1166.315s][info ][safepoint    ] Application time: 0.0003762 seconds
[1166.315s][info ][safepoint    ] Entering safepoint region: RevokeBias
[1166.315s][info ][safepoint    ] Leaving safepoint region
[1166.315s][info ][safepoint    ] Total time for which application threads were stopped: 0.0000476 seconds, Stopping threads took: 0.0000100 seconds
[1166.448s][info ][safepoint    ] Application time: 0.1329399 seconds
[1166.448s][info ][safepoint    ] Entering safepoint region: RevokeBias
[1166.448s][info ][safepoint    ] Leaving safepoint region
[1166.448s][info ][safepoint    ] Total time for which application threads were stopped: 0.0001023 seconds, Stopping threads took: 0.0000161 seconds
[1167.448s][info ][safepoint    ] Application time: 1.0000727 seconds
[1167.448s][info ][safepoint    ] Entering safepoint region: Cleanup
[1167.448s][info ][safepoint    ] Leaving safepoint region
[1167.448s][info ][safepoint    ] Total time for which application threads were stopped: 0.0001100 seconds, Stopping threads took: 0.0000187 seconds
[1167.880s][info ][safepoint    ] Application time: 0.4316451 seconds
[1167.880s][info ][safepoint    ] Entering safepoint region: RevokeBias
[1167.880s][info ][safepoint    ] Leaving safepoint region
[1167.880s][info ][safepoint    ] Total time for which application threads were stopped: 0.0001575 seconds, Stopping threads took: 0.0000416 seconds
[1167.941s][info ][safepoint    ] Application time: 0.0605208 seconds
[1167.941s][info ][safepoint    ] Entering safepoint region: RevokeBias
[1167.941s][info ][safepoint    ] Leaving safepoint region
[1167.941s][info ][safepoint    ] Total time for which application threads were stopped: 0.0001716 seconds, Stopping threads took: 0.0000620 seconds
[1168.079s][info ][safepoint    ] Application time: 0.1380746 seconds
[1168.079s][info ][safepoint    ] Entering safepoint region: RevokeBias
[1168.079s][info ][safepoint    ] Leaving safepoint region
[1168.079s][info ][safepoint    ] Total time for which application threads were stopped: 0.0001003 seconds, Stopping threads took: 0.0000166 seconds
[1168.106s][info ][safepoint    ] Application time: 0.0266463 seconds
[1168.106s][info ][safepoint    ] Entering safepoint region: RevokeBias
[1168.106s][info ][safepoint    ] Leaving safepoint region
[1168.106s][info ][safepoint    ] Total time for which application threads were stopped: 0.0001117 seconds, Stopping threads took: 0.0000185 seconds
[1169.106s][info ][safepoint    ] Application time: 1.0001294 seconds
[1169.106s][info ][safepoint    ] Entering safepoint region: Cleanup
[1169.106s][info ][safepoint    ] Leaving safepoint region
[1169.106s][info ][safepoint    ] Total time for which application threads were stopped: 0.0003024 seconds, Stopping threads took: 0.0000200 seconds
[1170.107s][info ][safepoint    ] Application time: 1.0000927 seconds
[1170.107s][info ][safepoint    ] Entering safepoint region: Cleanup
[1170.107s][info ][safepoint    ] Leaving safepoint region
[1170.107s][info ][safepoint    ] Total time for which application threads were stopped: 0.0000875 seconds, Stopping threads took: 0.0000204 seconds
[1171.107s][info ][safepoint    ] Application time: 1.0001274 seconds
[1171.107s][info ][safepoint    ] Entering safepoint region: Cleanup
[1171.107s][info ][safepoint    ] Leaving safepoint region
[1171.107s][info ][safepoint    ] Total time for which application threads were stopped: 0.0000916 seconds, Stopping threads took: 0.0000213 seconds
[1172.107s][info ][safepoint    ] Application time: 1.0000926 seconds
[1172.107s][info ][safepoint    ] Entering safepoint region: Cleanup
[1172.107s][info ][safepoint    ] Leaving safepoint region
[1172.107s][info ][safepoint    ] Total time for which application threads were stopped: 0.0000988 seconds, Stopping threads took: 0.0000205 seconds
[1173.078s][info ][safepoint    ] Application time: 0.9712663 seconds
[1173.079s][info ][safepoint    ] Entering safepoint region: RevokeBias
[1173.079s][info ][safepoint    ] Leaving safepoint region
[1173.079s][info ][safepoint    ] Total time for which application threads were stopped: 0.0001074 seconds, Stopping threads took: 0.0000187 seconds
[1174.079s][info ][safepoint    ] Application time: 1.0001378 seconds
[1174.079s][info ][safepoint    ] Entering safepoint region: Cleanup
[1174.079s][info ][safepoint    ] Leaving safepoint region
[1174.079s][info ][safepoint    ] Total time for which application threads were stopped: 0.0000876 seconds, Stopping threads took: 0.0000230 seconds
[1175.079s][info ][safepoint    ] Application time: 1.0000768 seconds
[1175.079s][info ][safepoint    ] Entering safepoint region: Cleanup
[1175.079s][info ][safepoint    ] Leaving safepoint region
[1175.079s][info ][safepoint    ] Total time for which application threads were stopped: 0.0000810 seconds, Stopping threads took: 0.0000185 seconds
[1176.079s][info ][safepoint    ] Application time: 1.0000854 seconds
[1176.079s][info ][safepoint    ] Entering safepoint region: Cleanup
[1176.079s][info ][safepoint    ] Leaving safepoint region
[1176.079s][info ][safepoint    ] Total time for which application threads were stopped: 0.0000761 seconds, Stopping threads took: 0.0000166 seconds
[1177.079s][info ][safepoint    ] Application time: 1.0000792 seconds
[1177.079s][info ][safepoint    ] Entering safepoint region: Cleanup
[1177.080s][info ][safepoint    ] Leaving safepoint region
[1177.080s][info ][safepoint    ] Total time for which application threads were stopped: 0.0001024 seconds, Stopping threads took: 0.0000194 seconds
[1178.079s][info ][safepoint    ] Application time: 0.9992842 seconds
[1178.079s][info ][safepoint    ] Entering safepoint region: RevokeBias
[1178.079s][info ][safepoint    ] Leaving safepoint region
[1178.079s][info ][safepoint    ] Total time for which application threads were stopped: 0.0001083 seconds, Stopping threads took: 0.0000179 seconds
[1178.079s][info ][safepoint    ] Application time: 0.0001975 seconds
[1178.079s][info ][safepoint    ] Entering safepoint region: RevokeBias
[1178.079s][info ][safepoint    ] Leaving safepoint region
[1178.079s][info ][safepoint    ] Total time for which application threads were stopped: 0.0000290 seconds, Stopping threads took: 0.0000071 seconds
[1178.079s][info ][safepoint    ] Application time: 0.0001802 seconds
[1178.079s][info ][safepoint    ] Entering safepoint region: RevokeBias
[1178.079s][info ][safepoint    ] Leaving safepoint region
[1178.079s][info ][safepoint    ] Total time for which application threads were stopped: 0.0000705 seconds, Stopping threads took: 0.0000334 seconds
[1178.080s][info ][safepoint    ] Application time: 0.0000667 seconds
[1178.080s][info ][safepoint    ] Entering safepoint region: RevokeBias
[1178.080s][info ][safepoint    ] Leaving safepoint region
[1178.080s][info ][safepoint    ] Total time for which application threads were stopped: 0.0000425 seconds, Stopping threads took: 0.0000194 seconds
[1178.080s][info ][safepoint    ] Application time: 0.0001295 seconds
[1178.080s][info ][safepoint    ] Entering safepoint region: RevokeBias
[1178.080s][info ][safepoint    ] Leaving safepoint region
[1178.080s][info ][safepoint    ] Total time for which application threads were stopped: 0.0000514 seconds, Stopping threads took: 0.0000087 seconds
[1178.080s][info ][safepoint    ] Application time: 0.0001628 seconds
[1178.080s][info ][safepoint    ] Entering safepoint region: RevokeBias
[1178.080s][info ][safepoint    ] Leaving safepoint region
[1178.080s][info ][safepoint    ] Total time for which application threads were stopped: 0.0000464 seconds, Stopping threads took: 0.0000099 seconds
[1179.080s][info ][safepoint    ] Application time: 1.0001337 seconds
[1179.080s][info ][safepoint    ] Entering safepoint region: Cleanup
[1179.080s][info ][safepoint    ] Leaving safepoint region
[1179.080s][info ][safepoint    ] Total time for which application threads were stopped: 0.0001030 seconds, Stopping threads took: 0.0000198 seconds
[1180.080s][info ][safepoint    ] Application time: 1.0000946 seconds
[1180.080s][info ][safepoint    ] Entering safepoint region: Cleanup
[1180.081s][info ][safepoint    ] Leaving safepoint region
[1180.081s][info ][safepoint    ] Total time for which application threads were stopped: 0.0000983 seconds, Stopping threads took: 0.0000195 seconds
[1181.081s][info ][safepoint    ] Application time: 1.0000783 seconds
[1181.081s][info ][safepoint    ] Entering safepoint region: Cleanup
[1181.081s][info ][safepoint    ] Leaving safepoint region
[1181.081s][info ][safepoint    ] Total time for which application threads were stopped: 0.0001117 seconds, Stopping threads took: 0.0000497 seconds
[1182.081s][info ][safepoint    ] Application time: 1.0000379 seconds
[1182.081s][info ][safepoint    ] Entering safepoint region: Cleanup
[1182.081s][info ][safepoint    ] Leaving safepoint region
[1182.081s][info ][safepoint    ] Total time for which application threads were stopped: 0.0001045 seconds, Stopping threads took: 0.0000198 seconds
[1183.081s][info ][safepoint    ] Application time: 1.0000451 seconds
[1183.081s][info ][safepoint    ] Entering safepoint region: Cleanup
[1183.081s][info ][safepoint    ] Leaving safepoint region
[1183.081s][info ][safepoint    ] Total time for which application threads were stopped: 0.0001720 seconds, Stopping threads took: 0.0000229 seconds
[1184.081s][info ][safepoint    ] Application time: 1.0000769 seconds
[1184.081s][info ][safepoint    ] Entering safepoint region: Cleanup
[1184.081s][info ][safepoint    ] Leaving safepoint region
[1184.081s][info ][safepoint    ] Total time for which application threads were stopped: 0.0000888 seconds, Stopping threads took: 0.0000191 seconds
[1185.082s][info ][safepoint    ] Application time: 1.0000906 seconds
[1185.082s][info ][safepoint    ] Entering safepoint region: Cleanup
[1185.082s][info ][safepoint    ] Leaving safepoint region
[1185.082s][info ][safepoint    ] Total time for which application threads were stopped: 0.0000821 seconds, Stopping threads took: 0.0000172 seconds
[1186.082s][info ][safepoint    ] Application time: 1.0000918 seconds
[1186.082s][info ][safepoint    ] Entering safepoint region: Cleanup
[1186.082s][info ][safepoint    ] Leaving safepoint region
[1186.082s][info ][safepoint    ] Total time for which application threads were stopped: 0.0000846 seconds, Stopping threads took: 0.0000180 seconds
[1187.082s][info ][safepoint    ] Application time: 1.0000881 seconds
[1187.082s][info ][safepoint    ] Entering safepoint region: Cleanup
[1187.082s][info ][safepoint    ] Leaving safepoint region
[1187.082s][info ][safepoint    ] Total time for which application threads were stopped: 0.0001026 seconds, Stopping threads took: 0.0000342 seconds
[1188.082s][info ][safepoint    ] Application time: 1.0000840 seconds
[1188.082s][info ][safepoint    ] Entering safepoint region: Cleanup
[1188.082s][info ][safepoint    ] Leaving safepoint region
[1188.082s][info ][safepoint    ] Total time for which application threads were stopped: 0.0000983 seconds, Stopping threads took: 0.0000190 seconds
[1188.494s][info ][safepoint    ] Application time: 0.4112757 seconds
[1188.494s][info ][safepoint    ] Entering safepoint region: GenCollectForAllocation
[1188.494s][info ][gc,start     ] GC(156) Pause Young (Allocation Failure)
[1188.494s][info ][gc,task      ] GC(156) Using 4 workers of 4 for evacuation
[1188.500s][debug][gc,ref       ] GC(156) Skipped phase1 of Reference Processing due to unavailable references
[1188.500s][debug][gc,age       ] GC(156) Desired survivor size 15400960 bytes, new threshold 1 (max threshold 6)
[1188.500s][info ][gc,heap      ] GC(156) ParNew: 241732K->18103K(270976K)
[1188.500s][info ][gc,heap      ] GC(156) CMS: 200924K->200924K(602112K)
[1188.500s][info ][gc,metaspace ] GC(156) Metaspace: 53805K->53805K(1097728K)
[1188.500s][info ][gc           ] GC(156) Pause Young (Allocation Failure) 432M->213M(852M) 6.266ms
[1188.500s][info ][gc,cpu       ] GC(156) User=0.02s Sys=0.00s Real=0.00s
[1188.500s][info ][safepoint    ] Leaving safepoint region
[1188.500s][info ][safepoint    ] Total time for which application threads were stopped: 0.0064393 seconds, Stopping threads took: 0.0000333 seconds
[1189.500s][info ][safepoint    ] Application time: 1.0000981 seconds
[1189.500s][info ][safepoint    ] Entering safepoint region: Cleanup
[1189.500s][info ][safepoint    ] Leaving safepoint region
[1189.500s][info ][safepoint    ] Total time for which application threads were stopped: 0.0000985 seconds, Stopping threads took: 0.0000331 seconds
[1190.500s][info ][safepoint    ] Application time: 1.0000864 seconds
[1190.500s][info ][safepoint    ] Entering safepoint region: Cleanup
[1190.501s][info ][safepoint    ] Leaving safepoint region
[1190.501s][info ][safepoint    ] Total time for which application threads were stopped: 0.0000950 seconds, Stopping threads took: 0.0000328 seconds
[1191.501s][info ][safepoint    ] Application time: 1.0000960 seconds
[1191.501s][info ][safepoint    ] Entering safepoint region: Cleanup
[1191.501s][info ][safepoint    ] Leaving safepoint region
[1191.501s][info ][safepoint    ] Total time for which application threads were stopped: 0.0000831 seconds, Stopping threads took: 0.0000192 seconds
[1192.501s][info ][safepoint    ] Application time: 1.0000917 seconds
[1192.501s][info ][safepoint    ] Entering safepoint region: Cleanup
[1192.501s][info ][safepoint    ] Leaving safepoint region
[1192.501s][info ][safepoint    ] Total time for which application threads were stopped: 0.0000952 seconds, Stopping threads took: 0.0000186 seconds
[1193.501s][info ][safepoint    ] Application time: 1.0000864 seconds
[1193.501s][info ][safepoint    ] Entering safepoint region: Cleanup
[1193.501s][info ][safepoint    ] Leaving safepoint region
[1193.501s][info ][safepoint    ] Total time for which application threads were stopped: 0.0000811 seconds, Stopping threads took: 0.0000193 seconds
[1194.501s][info ][safepoint    ] Application time: 1.0000793 seconds
[1194.501s][info ][safepoint    ] Entering safepoint region: Cleanup
[1194.501s][info ][safepoint    ] Leaving safepoint region
[1194.501s][info ][safepoint    ] Total time for which application threads were stopped: 0.0000949 seconds, Stopping threads took: 0.0000197 seconds
[1195.502s][info ][safepoint    ] Application time: 1.0000938 seconds
[1195.502s][info ][safepoint    ] Entering safepoint region: Cleanup
[1195.502s][info ][safepoint    ] Leaving safepoint region
[1195.502s][info ][safepoint    ] Total time for which application threads were stopped: 0.0000800 seconds, Stopping threads took: 0.0000186 seconds
[1196.502s][info ][safepoint    ] Application time: 1.0000925 seconds
[1196.502s][info ][safepoint    ] Entering safepoint region: Cleanup
[1196.502s][info ][safepoint    ] Leaving safepoint region
[1196.502s][info ][safepoint    ] Total time for which application threads were stopped: 0.0000806 seconds, Stopping threads took: 0.0000189 seconds
[1197.502s][info ][safepoint    ] Application time: 1.0000852 seconds
[1197.502s][info ][safepoint    ] Entering safepoint region: Cleanup
[1197.502s][info ][safepoint    ] Leaving safepoint region
[1197.502s][info ][safepoint    ] Total time for which application threads were stopped: 0.0000869 seconds, Stopping threads took: 0.0000245 seconds
[1198.502s][info ][safepoint    ] Application time: 1.0001256 seconds
[1198.502s][info ][safepoint    ] Entering safepoint region: Cleanup
[1198.502s][info ][safepoint    ] Leaving safepoint region
[1198.502s][info ][safepoint    ] Total time for which application threads were stopped: 0.0000865 seconds, Stopping threads took: 0.0000193 seconds
[1199.502s][info ][safepoint    ] Application time: 1.0000776 seconds
[1199.503s][info ][safepoint    ] Entering safepoint region: Cleanup
[1199.503s][info ][safepoint    ] Leaving safepoint region
[1199.503s][info ][safepoint    ] Total time for which application threads were stopped: 0.0000757 seconds, Stopping threads took: 0.0000183 seconds
[1200.503s][info ][safepoint    ] Application time: 1.0001075 seconds
[1200.503s][info ][safepoint    ] Entering safepoint region: Cleanup
[1200.503s][info ][safepoint    ] Leaving safepoint region
[1200.503s][info ][safepoint    ] Total time for which application threads were stopped: 0.0000804 seconds, Stopping threads took: 0.0000189 seconds
[1201.503s][info ][safepoint    ] Application time: 1.0000788 seconds
[1201.503s][info ][safepoint    ] Entering safepoint region: Cleanup
[1201.503s][info ][safepoint    ] Leaving safepoint region
[1201.503s][info ][safepoint    ] Total time for which application threads were stopped: 0.0000832 seconds, Stopping threads took: 0.0000188 seconds
[1202.503s][info ][safepoint    ] Application time: 1.0001219 seconds
[1202.503s][info ][safepoint    ] Entering safepoint region: Cleanup
[1202.503s][info ][safepoint    ] Leaving safepoint region
[1202.503s][info ][safepoint    ] Total time for which application threads were stopped: 0.0000820 seconds, Stopping threads took: 0.0000201 seconds
[1203.503s][info ][safepoint    ] Application time: 1.0000914 seconds
[1203.503s][info ][safepoint    ] Entering safepoint region: Cleanup
[1203.503s][info ][safepoint    ] Leaving safepoint region
[1203.503s][info ][safepoint    ] Total time for which application threads were stopped: 0.0001005 seconds, Stopping threads took: 0.0000191 seconds
[1204.504s][info ][safepoint    ] Application time: 1.0001053 seconds
[1204.504s][info ][safepoint    ] Entering safepoint region: Cleanup
[1204.504s][info ][safepoint    ] Leaving safepoint region
[1204.504s][info ][safepoint    ] Total time for which application threads were stopped: 0.0000954 seconds, Stopping threads took: 0.0000196 seconds
[1205.504s][info ][safepoint    ] Application time: 1.0000580 seconds
[1205.504s][info ][safepoint    ] Entering safepoint region: Cleanup
[1205.504s][info ][safepoint    ] Leaving safepoint region
[1205.504s][info ][safepoint    ] Total time for which application threads were stopped: 0.0000903 seconds, Stopping threads took: 0.0000190 seconds
[1206.504s][info ][safepoint    ] Application time: 1.0000857 seconds
[1206.504s][info ][safepoint    ] Entering safepoint region: Cleanup
[1206.504s][info ][safepoint    ] Leaving safepoint region
[1206.504s][info ][safepoint    ] Total time for which application threads were stopped: 0.0000901 seconds, Stopping threads took: 0.0000196 seconds
[1207.504s][info ][safepoint    ] Application time: 1.0001098 seconds
[1207.505s][info ][safepoint    ] Entering safepoint region: Cleanup
[1207.505s][info ][safepoint    ] Leaving safepoint region
[1207.505s][info ][safepoint    ] Total time for which application threads were stopped: 0.0004339 seconds, Stopping threads took: 0.0003644 seconds
[1208.505s][info ][safepoint    ] Application time: 1.0001312 seconds
[1208.505s][info ][safepoint    ] Entering safepoint region: Cleanup
[1208.505s][info ][safepoint    ] Leaving safepoint region
[1208.505s][info ][safepoint    ] Total time for which application threads were stopped: 0.0001196 seconds, Stopping threads took: 0.0000548 seconds
[1209.505s][info ][safepoint    ] Application time: 1.0000863 seconds
[1209.505s][info ][safepoint    ] Entering safepoint region: Cleanup
[1209.505s][info ][safepoint    ] Leaving safepoint region
[1209.505s][info ][safepoint    ] Total time for which application threads were stopped: 0.0001146 seconds, Stopping threads took: 0.0000347 seconds
[1210.505s][info ][safepoint    ] Application time: 1.0000863 seconds
[1210.505s][info ][safepoint    ] Entering safepoint region: Cleanup
[1210.506s][info ][safepoint    ] Leaving safepoint region
[1210.506s][info ][safepoint    ] Total time for which application threads were stopped: 0.0001030 seconds, Stopping threads took: 0.0000337 seconds
[1211.506s][info ][safepoint    ] Application time: 1.0000865 seconds
[1211.506s][info ][safepoint    ] Entering safepoint region: Cleanup
[1211.506s][info ][safepoint    ] Leaving safepoint region
[1211.506s][info ][safepoint    ] Total time for which application threads were stopped: 0.0000972 seconds, Stopping threads took: 0.0000342 seconds
[1212.506s][info ][safepoint    ] Application time: 1.0001033 seconds
[1212.506s][info ][safepoint    ] Entering safepoint region: Cleanup
[1212.506s][info ][safepoint    ] Leaving safepoint region
[1212.506s][info ][safepoint    ] Total time for which application threads were stopped: 0.0001345 seconds, Stopping threads took: 0.0000365 seconds
[1213.506s][info ][safepoint    ] Application time: 1.0000647 seconds
[1213.506s][info ][safepoint    ] Entering safepoint region: Cleanup
[1213.506s][info ][safepoint    ] Leaving safepoint region
[1213.506s][info ][safepoint    ] Total time for which application threads were stopped: 0.0000942 seconds, Stopping threads took: 0.0000234 seconds
[1214.506s][info ][safepoint    ] Application time: 1.0000907 seconds
[1214.506s][info ][safepoint    ] Entering safepoint region: Cleanup
[1214.506s][info ][safepoint    ] Leaving safepoint region
[1214.506s][info ][safepoint    ] Total time for which application threads were stopped: 0.0000889 seconds, Stopping threads took: 0.0000196 seconds
[1215.507s][info ][safepoint    ] Application time: 1.0001186 seconds
[1215.507s][info ][safepoint    ] Entering safepoint region: Cleanup
[1215.507s][info ][safepoint    ] Leaving safepoint region
[1215.507s][info ][safepoint    ] Total time for which application threads were stopped: 0.0000839 seconds, Stopping threads took: 0.0000212 seconds
[1216.507s][info ][safepoint    ] Application time: 1.0001060 seconds
[1216.507s][info ][safepoint    ] Entering safepoint region: Cleanup
[1216.507s][info ][safepoint    ] Leaving safepoint region
[1216.507s][info ][safepoint    ] Total time for which application threads were stopped: 0.0001014 seconds, Stopping threads took: 0.0000193 seconds
[1217.507s][info ][safepoint    ] Application time: 1.0000482 seconds
[1217.507s][info ][safepoint    ] Entering safepoint region: Cleanup
[1217.507s][info ][safepoint    ] Leaving safepoint region
[1217.507s][info ][safepoint    ] Total time for which application threads were stopped: 0.0000900 seconds, Stopping threads took: 0.0000191 seconds
[1218.507s][info ][safepoint    ] Application time: 1.0000814 seconds
[1218.507s][info ][safepoint    ] Entering safepoint region: Cleanup
[1218.507s][info ][safepoint    ] Leaving safepoint region
[1218.507s][info ][safepoint    ] Total time for which application threads were stopped: 0.0000859 seconds, Stopping threads took: 0.0000216 seconds
[1219.507s][info ][safepoint    ] Application time: 1.0000855 seconds
[1219.508s][info ][safepoint    ] Entering safepoint region: Cleanup
[1219.508s][info ][safepoint    ] Leaving safepoint region
[1219.508s][info ][safepoint    ] Total time for which application threads were stopped: 0.0000958 seconds, Stopping threads took: 0.0000317 seconds
[1220.508s][info ][safepoint    ] Application time: 1.0001070 seconds
[1220.508s][info ][safepoint    ] Entering safepoint region: Cleanup
[1220.508s][info ][safepoint    ] Leaving safepoint region
[1220.508s][info ][safepoint    ] Total time for which application threads were stopped: 0.0000781 seconds, Stopping threads took: 0.0000176 seconds
[1221.508s][info ][safepoint    ] Application time: 1.0000895 seconds
[1221.508s][info ][safepoint    ] Entering safepoint region: Cleanup
[1221.508s][info ][safepoint    ] Leaving safepoint region
[1221.508s][info ][safepoint    ] Total time for which application threads were stopped: 0.0001002 seconds, Stopping threads took: 0.0000376 seconds
[1222.508s][info ][safepoint    ] Application time: 1.0000780 seconds
[1222.508s][info ][safepoint    ] Entering safepoint region: Cleanup
[1222.508s][info ][safepoint    ] Leaving safepoint region
[1222.508s][info ][safepoint    ] Total time for which application threads were stopped: 0.0001003 seconds, Stopping threads took: 0.0000314 seconds
[1223.508s][info ][safepoint    ] Application time: 1.0001037 seconds
[1223.508s][info ][safepoint    ] Entering safepoint region: Cleanup
[1223.509s][info ][safepoint    ] Leaving safepoint region
[1223.509s][info ][safepoint    ] Total time for which application threads were stopped: 0.0000993 seconds, Stopping threads took: 0.0000329 seconds
[1224.485s][info ][safepoint    ] Application time: 0.9762256 seconds
[1224.485s][info ][safepoint    ] Entering safepoint region: RevokeBias
[1224.485s][info ][safepoint    ] Leaving safepoint region
[1224.485s][info ][safepoint    ] Total time for which application threads were stopped: 0.0001223 seconds, Stopping threads took: 0.0000190 seconds
[1225.485s][info ][safepoint    ] Application time: 1.0000940 seconds
[1225.485s][info ][safepoint    ] Entering safepoint region: Cleanup
[1225.485s][info ][safepoint    ] Leaving safepoint region
[1225.485s][info ][safepoint    ] Total time for which application threads were stopped: 0.0000969 seconds, Stopping threads took: 0.0000175 seconds
[1226.485s][info ][safepoint    ] Application time: 1.0000849 seconds
[1226.485s][info ][safepoint    ] Entering safepoint region: Cleanup
[1226.485s][info ][safepoint    ] Leaving safepoint region
[1226.485s][info ][safepoint    ] Total time for which application threads were stopped: 0.0000841 seconds, Stopping threads took: 0.0000176 seconds
[1227.486s][info ][safepoint    ] Application time: 1.0000870 seconds
[1227.486s][info ][safepoint    ] Entering safepoint region: Cleanup
[1227.486s][info ][safepoint    ] Leaving safepoint region
[1227.486s][info ][safepoint    ] Total time for which application threads were stopped: 0.0000860 seconds, Stopping threads took: 0.0000166 seconds
[1228.486s][info ][safepoint    ] Application time: 1.0000797 seconds
[1228.486s][info ][safepoint    ] Entering safepoint region: Cleanup
[1228.486s][info ][safepoint    ] Leaving safepoint region
[1228.486s][info ][safepoint    ] Total time for which application threads were stopped: 0.0000948 seconds, Stopping threads took: 0.0000172 seconds
[1229.483s][info ][safepoint    ] Application time: 0.9971661 seconds
[1229.483s][info ][safepoint    ] Entering safepoint region: GenCollectForAllocation
[1229.483s][info ][gc,start     ] GC(157) Pause Young (Allocation Failure)
[1229.483s][info ][gc,task      ] GC(157) Using 4 workers of 4 for evacuation
[1229.492s][debug][gc,ref       ] GC(157) Skipped phase1 of Reference Processing due to unavailable references
[1229.492s][debug][gc,ref       ] GC(157) Skipped phase3 of Reference Processing due to unavailable references
[1229.492s][debug][gc,age       ] GC(157) Desired survivor size 15400960 bytes, new threshold 6 (max threshold 6)
[1229.492s][info ][gc,heap      ] GC(157) ParNew: 258999K->1082K(270976K)
[1229.492s][info ][gc,heap      ] GC(157) CMS: 200924K->218364K(602112K)
[1229.492s][info ][gc,metaspace ] GC(157) Metaspace: 53819K->53819K(1097728K)
[1229.492s][info ][gc           ] GC(157) Pause Young (Allocation Failure) 449M->214M(852M) 8.548ms
[1229.492s][info ][gc,cpu       ] GC(157) User=0.03s Sys=0.00s Real=0.01s
[1229.492s][info ][safepoint    ] Leaving safepoint region
[1229.492s][info ][safepoint    ] Total time for which application threads were stopped: 0.0087087 seconds, Stopping threads took: 0.0000170 seconds
[1230.492s][info ][safepoint    ] Application time: 1.0000914 seconds
[1230.492s][info ][safepoint    ] Entering safepoint region: Cleanup
[1230.492s][info ][safepoint    ] Leaving safepoint region
[1230.492s][info ][safepoint    ] Total time for which application threads were stopped: 0.0000950 seconds, Stopping threads took: 0.0000165 seconds
[1231.492s][info ][safepoint    ] Application time: 1.0000914 seconds
[1231.492s][info ][safepoint    ] Entering safepoint region: Cleanup
[1231.492s][info ][safepoint    ] Leaving safepoint region
[1231.492s][info ][safepoint    ] Total time for which application threads were stopped: 0.0001213 seconds, Stopping threads took: 0.0000285 seconds
[1232.492s][info ][safepoint    ] Application time: 1.0000888 seconds
[1232.492s][info ][safepoint    ] Entering safepoint region: Cleanup
[1232.492s][info ][safepoint    ] Leaving safepoint region
[1232.492s][info ][safepoint    ] Total time for which application threads were stopped: 0.0000789 seconds, Stopping threads took: 0.0000174 seconds
[1233.499s][info ][safepoint    ] Application time: 1.0061059 seconds
[1233.499s][info ][safepoint    ] Entering safepoint region: Cleanup
[1233.499s][info ][safepoint    ] Leaving safepoint region
[1233.499s][info ][safepoint    ] Total time for which application threads were stopped: 0.0001579 seconds, Stopping threads took: 0.0000842 seconds
[1234.499s][info ][safepoint    ] Application time: 1.0000871 seconds
[1234.499s][info ][safepoint    ] Entering safepoint region: Cleanup
[1234.499s][info ][safepoint    ] Leaving safepoint region
[1234.499s][info ][safepoint    ] Total time for which application threads were stopped: 0.0000937 seconds, Stopping threads took: 0.0000190 seconds
[1235.499s][info ][safepoint    ] Application time: 1.0000814 seconds
[1235.499s][info ][safepoint    ] Entering safepoint region: Cleanup
[1235.499s][info ][safepoint    ] Leaving safepoint region
[1235.499s][info ][safepoint    ] Total time for which application threads were stopped: 0.0000764 seconds, Stopping threads took: 0.0000174 seconds
[1236.499s][info ][safepoint    ] Application time: 1.0000901 seconds
[1236.499s][info ][safepoint    ] Entering safepoint region: Cleanup
[1236.499s][info ][safepoint    ] Leaving safepoint region
[1236.499s][info ][safepoint    ] Total time for which application threads were stopped: 0.0000962 seconds, Stopping threads took: 0.0000190 seconds
[1237.500s][info ][safepoint    ] Application time: 1.0000810 seconds
[1237.500s][info ][safepoint    ] Entering safepoint region: Cleanup
[1237.500s][info ][safepoint    ] Leaving safepoint region
[1237.500s][info ][safepoint    ] Total time for which application threads were stopped: 0.0000937 seconds, Stopping threads took: 0.0000175 seconds
[1238.500s][info ][safepoint    ] Application time: 1.0000977 seconds
[1238.500s][info ][safepoint    ] Entering safepoint region: Cleanup
[1238.500s][info ][safepoint    ] Leaving safepoint region
[1238.500s][info ][safepoint    ] Total time for which application threads were stopped: 0.0000841 seconds, Stopping threads took: 0.0000220 seconds
[1239.500s][info ][safepoint    ] Application time: 1.0000980 seconds
[1239.500s][info ][safepoint    ] Entering safepoint region: Cleanup
[1239.500s][info ][safepoint    ] Leaving safepoint region
[1239.500s][info ][safepoint    ] Total time for which application threads were stopped: 0.0000786 seconds, Stopping threads took: 0.0000194 seconds
[1240.500s][info ][safepoint    ] Application time: 1.0000564 seconds
[1240.500s][info ][safepoint    ] Entering safepoint region: Cleanup
[1240.500s][info ][safepoint    ] Leaving safepoint region
[1240.500s][info ][safepoint    ] Total time for which application threads were stopped: 0.0001083 seconds, Stopping threads took: 0.0000186 seconds
[1241.500s][info ][safepoint    ] Application time: 1.0000956 seconds
[1241.500s][info ][safepoint    ] Entering safepoint region: Cleanup
[1241.501s][info ][safepoint    ] Leaving safepoint region
[1241.501s][info ][safepoint    ] Total time for which application threads were stopped: 0.0000964 seconds, Stopping threads took: 0.0000182 seconds
[1242.501s][info ][safepoint    ] Application time: 1.0000860 seconds
[1242.501s][info ][safepoint    ] Entering safepoint region: Cleanup
[1242.501s][info ][safepoint    ] Leaving safepoint region
[1242.501s][info ][safepoint    ] Total time for which application threads were stopped: 0.0001113 seconds, Stopping threads took: 0.0000486 seconds
[1243.501s][info ][safepoint    ] Application time: 1.0001042 seconds
[1243.501s][info ][safepoint    ] Entering safepoint region: Cleanup
[1243.501s][info ][safepoint    ] Leaving safepoint region
[1243.501s][info ][safepoint    ] Total time for which application threads were stopped: 0.0000884 seconds, Stopping threads took: 0.0000205 seconds
[1244.501s][info ][safepoint    ] Application time: 1.0000878 seconds
[1244.501s][info ][safepoint    ] Entering safepoint region: Cleanup
[1244.501s][info ][safepoint    ] Leaving safepoint region
[1244.501s][info ][safepoint    ] Total time for which application threads were stopped: 0.0000948 seconds, Stopping threads took: 0.0000179 seconds
[1245.501s][info ][safepoint    ] Application time: 1.0000949 seconds
[1245.501s][info ][safepoint    ] Entering safepoint region: Cleanup
[1245.502s][info ][safepoint    ] Leaving safepoint region
[1245.502s][info ][safepoint    ] Total time for which application threads were stopped: 0.0000909 seconds, Stopping threads took: 0.0000188 seconds
[1246.502s][info ][safepoint    ] Application time: 1.0000873 seconds
[1246.502s][info ][safepoint    ] Entering safepoint region: Cleanup
[1246.502s][info ][safepoint    ] Leaving safepoint region
[1246.502s][info ][safepoint    ] Total time for which application threads were stopped: 0.0000802 seconds, Stopping threads took: 0.0000191 seconds
[1247.502s][info ][safepoint    ] Application time: 1.0000652 seconds
[1247.502s][info ][safepoint    ] Entering safepoint region: Cleanup
[1247.502s][info ][safepoint    ] Leaving safepoint region
[1247.502s][info ][safepoint    ] Total time for which application threads were stopped: 0.0000838 seconds, Stopping threads took: 0.0000182 seconds
[1248.502s][info ][safepoint    ] Application time: 1.0000810 seconds
[1248.502s][info ][safepoint    ] Entering safepoint region: Cleanup
[1248.502s][info ][safepoint    ] Leaving safepoint region
[1248.502s][info ][safepoint    ] Total time for which application threads were stopped: 0.0000786 seconds, Stopping threads took: 0.0000184 seconds
[1249.502s][info ][safepoint    ] Application time: 1.0001817 seconds
[1249.502s][info ][safepoint    ] Entering safepoint region: Cleanup
[1249.502s][info ][safepoint    ] Leaving safepoint region
[1249.502s][info ][safepoint    ] Total time for which application threads were stopped: 0.0000791 seconds, Stopping threads took: 0.0000189 seconds
[1250.503s][info ][safepoint    ] Application time: 1.0001099 seconds
[1250.503s][info ][safepoint    ] Entering safepoint region: Cleanup
[1250.503s][info ][safepoint    ] Leaving safepoint region
[1250.503s][info ][safepoint    ] Total time for which application threads were stopped: 0.0000889 seconds, Stopping threads took: 0.0000299 seconds
[1251.503s][info ][safepoint    ] Application time: 1.0001277 seconds
[1251.503s][info ][safepoint    ] Entering safepoint region: Cleanup
[1251.503s][info ][safepoint    ] Leaving safepoint region
[1251.503s][info ][safepoint    ] Total time for which application threads were stopped: 0.0000759 seconds, Stopping threads took: 0.0000185 seconds
[1252.503s][info ][safepoint    ] Application time: 1.0000854 seconds
[1252.503s][info ][safepoint    ] Entering safepoint region: Cleanup
[1252.503s][info ][safepoint    ] Leaving safepoint region
[1252.503s][info ][safepoint    ] Total time for which application threads were stopped: 0.0000791 seconds, Stopping threads took: 0.0000180 seconds
[1253.503s][info ][safepoint    ] Application time: 1.0001201 seconds
[1253.503s][info ][safepoint    ] Entering safepoint region: Cleanup
[1253.503s][info ][safepoint    ] Leaving safepoint region
[1253.503s][info ][safepoint    ] Total time for which application threads were stopped: 0.0000803 seconds, Stopping threads took: 0.0000197 seconds
[1254.503s][info ][safepoint    ] Application time: 1.0001258 seconds
[1254.504s][info ][safepoint    ] Entering safepoint region: Cleanup
[1254.504s][info ][safepoint    ] Leaving safepoint region
[1254.504s][info ][safepoint    ] Total time for which application threads were stopped: 0.0000789 seconds, Stopping threads took: 0.0000183 seconds
[1255.504s][info ][safepoint    ] Application time: 1.0000948 seconds
[1255.504s][info ][safepoint    ] Entering safepoint region: Cleanup
[1255.504s][info ][safepoint    ] Leaving safepoint region
[1255.504s][info ][safepoint    ] Total time for which application threads were stopped: 0.0001072 seconds, Stopping threads took: 0.0000218 seconds
[1256.504s][info ][safepoint    ] Application time: 1.0000845 seconds
[1256.504s][info ][safepoint    ] Entering safepoint region: Cleanup
[1256.504s][info ][safepoint    ] Leaving safepoint region
[1256.504s][info ][safepoint    ] Total time for which application threads were stopped: 0.0000816 seconds, Stopping threads took: 0.0000197 seconds
[1257.504s][info ][safepoint    ] Application time: 1.0000905 seconds
[1257.504s][info ][safepoint    ] Entering safepoint region: Cleanup
[1257.504s][info ][safepoint    ] Leaving safepoint region
[1257.504s][info ][safepoint    ] Total time for which application threads were stopped: 0.0001182 seconds, Stopping threads took: 0.0000198 seconds
[1258.504s][info ][safepoint    ] Application time: 1.0000922 seconds
[1258.504s][info ][safepoint    ] Entering safepoint region: Cleanup
[1258.505s][info ][safepoint    ] Leaving safepoint region
[1258.505s][info ][safepoint    ] Total time for which application threads were stopped: 0.0000973 seconds, Stopping threads took: 0.0000175 seconds
[1259.505s][info ][safepoint    ] Application time: 1.0000959 seconds
[1259.505s][info ][safepoint    ] Entering safepoint region: Cleanup
[1259.505s][info ][safepoint    ] Leaving safepoint region
[1259.505s][info ][safepoint    ] Total time for which application threads were stopped: 0.0001325 seconds, Stopping threads took: 0.0000187 seconds
[1260.505s][info ][safepoint    ] Application time: 1.0001231 seconds
[1260.505s][info ][safepoint    ] Entering safepoint region: Cleanup
[1260.505s][info ][safepoint    ] Leaving safepoint region
[1260.505s][info ][safepoint    ] Total time for which application threads were stopped: 0.0000818 seconds, Stopping threads took: 0.0000182 seconds
[1261.505s][info ][safepoint    ] Application time: 1.0000859 seconds
[1261.505s][info ][safepoint    ] Entering safepoint region: Cleanup
[1261.505s][info ][safepoint    ] Leaving safepoint region
[1261.505s][info ][safepoint    ] Total time for which application threads were stopped: 0.0000767 seconds, Stopping threads took: 0.0000179 seconds
[1262.505s][info ][safepoint    ] Application time: 1.0000778 seconds
[1262.505s][info ][safepoint    ] Entering safepoint region: Cleanup
[1262.505s][info ][safepoint    ] Leaving safepoint region
[1262.505s][info ][safepoint    ] Total time for which application threads were stopped: 0.0001040 seconds, Stopping threads took: 0.0000175 seconds
[1263.506s][info ][safepoint    ] Application time: 1.0001189 seconds
[1263.506s][info ][safepoint    ] Entering safepoint region: Cleanup
[1263.506s][info ][safepoint    ] Leaving safepoint region
[1263.506s][info ][safepoint    ] Total time for which application threads were stopped: 0.0000985 seconds, Stopping threads took: 0.0000186 seconds
[1264.506s][info ][safepoint    ] Application time: 1.0000996 seconds
[1264.506s][info ][safepoint    ] Entering safepoint region: Cleanup
[1264.506s][info ][safepoint    ] Leaving safepoint region
[1264.506s][info ][safepoint    ] Total time for which application threads were stopped: 0.0001054 seconds, Stopping threads took: 0.0000252 seconds
[1265.506s][info ][safepoint    ] Application time: 1.0000856 seconds
[1265.506s][info ][safepoint    ] Entering safepoint region: Cleanup
[1265.506s][info ][safepoint    ] Leaving safepoint region
[1265.506s][info ][safepoint    ] Total time for which application threads were stopped: 0.0000930 seconds, Stopping threads took: 0.0000172 seconds
[1266.506s][info ][safepoint    ] Application time: 1.0000877 seconds
[1266.506s][info ][safepoint    ] Entering safepoint region: Cleanup
[1266.506s][info ][safepoint    ] Leaving safepoint region
[1266.506s][info ][safepoint    ] Total time for which application threads were stopped: 0.0001090 seconds, Stopping threads took: 0.0000450 seconds
[1267.507s][info ][safepoint    ] Application time: 1.0000865 seconds
[1267.507s][info ][safepoint    ] Entering safepoint region: Cleanup
[1267.507s][info ][safepoint    ] Leaving safepoint region
[1267.507s][info ][safepoint    ] Total time for which application threads were stopped: 0.0000917 seconds, Stopping threads took: 0.0000174 seconds
[1268.507s][info ][safepoint    ] Application time: 1.0000954 seconds
[1268.507s][info ][safepoint    ] Entering safepoint region: Cleanup
[1268.507s][info ][safepoint    ] Leaving safepoint region
[1268.507s][info ][safepoint    ] Total time for which application threads were stopped: 0.0000860 seconds, Stopping threads took: 0.0000161 seconds
[1269.507s][info ][safepoint    ] Application time: 1.0000913 seconds
[1269.507s][info ][safepoint    ] Entering safepoint region: Cleanup
[1269.507s][info ][safepoint    ] Leaving safepoint region
[1269.507s][info ][safepoint    ] Total time for which application threads were stopped: 0.0000754 seconds, Stopping threads took: 0.0000188 seconds
[1269.834s][info ][safepoint    ] Application time: 0.3265298 seconds
[1269.834s][info ][safepoint    ] Entering safepoint region: GenCollectForAllocation
[1269.834s][info ][gc,start     ] GC(158) Pause Young (Allocation Failure)
[1269.834s][info ][gc,task      ] GC(158) Using 4 workers of 4 for evacuation
[1269.840s][debug][gc,ref       ] GC(158) Skipped phase1 of Reference Processing due to unavailable references
[1269.840s][debug][gc,ref       ] GC(158) Skipped phase2 of Reference Processing due to unavailable references
[1269.840s][debug][gc,ref       ] GC(158) Skipped phase3 of Reference Processing due to unavailable references
[1269.841s][debug][gc,age       ] GC(158) Desired survivor size 15400960 bytes, new threshold 6 (max threshold 6)
[1269.841s][info ][gc,heap      ] GC(158) ParNew: 241978K->452K(270976K)
[1269.841s][info ][gc,heap      ] GC(158) CMS: 218364K->218364K(602112K)
[1269.841s][info ][gc,metaspace ] GC(158) Metaspace: 53833K->53833K(1097728K)
[1269.841s][info ][gc           ] GC(158) Pause Young (Allocation Failure) 449M->213M(852M) 6.755ms
[1269.841s][info ][gc,cpu       ] GC(158) User=0.02s Sys=0.00s Real=0.01s
[1269.841s][info ][safepoint    ] Leaving safepoint region
[1269.841s][info ][safepoint    ] Total time for which application threads were stopped: 0.0069749 seconds, Stopping threads took: 0.0000180 seconds
[1270.841s][info ][safepoint    ] Application time: 1.0000897 seconds
[1270.841s][info ][safepoint    ] Entering safepoint region: Cleanup
[1270.841s][info ][safepoint    ] Leaving safepoint region
[1270.841s][info ][safepoint    ] Total time for which application threads were stopped: 0.0001066 seconds, Stopping threads took: 0.0000288 seconds
[1271.841s][info ][safepoint    ] Application time: 1.0000962 seconds
[1271.841s][info ][safepoint    ] Entering safepoint region: Cleanup
[1271.841s][info ][safepoint    ] Leaving safepoint region
[1271.841s][info ][safepoint    ] Total time for which application threads were stopped: 0.0000911 seconds, Stopping threads took: 0.0000288 seconds
[1272.841s][info ][safepoint    ] Application time: 1.0000797 seconds
[1272.841s][info ][safepoint    ] Entering safepoint region: Cleanup
[1272.841s][info ][safepoint    ] Leaving safepoint region
[1272.841s][info ][safepoint    ] Total time for which application threads were stopped: 0.0000975 seconds, Stopping threads took: 0.0000401 seconds
[1273.841s][info ][safepoint    ] Application time: 1.0000777 seconds
[1273.841s][info ][safepoint    ] Entering safepoint region: Cleanup
[1273.842s][info ][safepoint    ] Leaving safepoint region
[1273.842s][info ][safepoint    ] Total time for which application threads were stopped: 0.0000878 seconds, Stopping threads took: 0.0000251 seconds
[1274.842s][info ][safepoint    ] Application time: 1.0000803 seconds
[1274.842s][info ][safepoint    ] Entering safepoint region: Cleanup
[1274.842s][info ][safepoint    ] Leaving safepoint region
[1274.842s][info ][safepoint    ] Total time for which application threads were stopped: 0.0000748 seconds, Stopping threads took: 0.0000174 seconds
[1275.843s][info ][safepoint    ] Application time: 1.0012133 seconds
[1275.843s][info ][safepoint    ] Entering safepoint region: Cleanup
[1275.844s][info ][safepoint    ] Leaving safepoint region
[1275.844s][info ][safepoint    ] Total time for which application threads were stopped: 0.0004000 seconds, Stopping threads took: 0.0002665 seconds
[1276.844s][info ][safepoint    ] Application time: 1.0001059 seconds
[1276.844s][info ][safepoint    ] Entering safepoint region: Cleanup
[1276.844s][info ][safepoint    ] Leaving safepoint region
[1276.844s][info ][safepoint    ] Total time for which application threads were stopped: 0.0001141 seconds, Stopping threads took: 0.0000522 seconds
[1277.844s][info ][safepoint    ] Application time: 1.0000938 seconds
[1277.844s][info ][safepoint    ] Entering safepoint region: Cleanup
[1277.844s][info ][safepoint    ] Leaving safepoint region
[1277.844s][info ][safepoint    ] Total time for which application threads were stopped: 0.0001046 seconds, Stopping threads took: 0.0000399 seconds
[1278.844s][info ][safepoint    ] Application time: 1.0000928 seconds
[1278.844s][info ][safepoint    ] Entering safepoint region: Cleanup
[1278.844s][info ][safepoint    ] Leaving safepoint region
[1278.844s][info ][safepoint    ] Total time for which application threads were stopped: 0.0001205 seconds, Stopping threads took: 0.0000534 seconds
[1279.845s][info ][safepoint    ] Application time: 1.0000852 seconds
[1279.845s][info ][safepoint    ] Entering safepoint region: Cleanup
[1279.845s][info ][safepoint    ] Leaving safepoint region
[1279.845s][info ][safepoint    ] Total time for which application threads were stopped: 0.0000782 seconds, Stopping threads took: 0.0000172 seconds
[1280.845s][info ][safepoint    ] Application time: 1.0000479 seconds
[1280.845s][info ][safepoint    ] Entering safepoint region: Cleanup
[1280.845s][info ][safepoint    ] Leaving safepoint region
[1280.845s][info ][safepoint    ] Total time for which application threads were stopped: 0.0001065 seconds, Stopping threads took: 0.0000189 seconds
[1281.845s][info ][safepoint    ] Application time: 1.0000930 seconds
[1281.845s][info ][safepoint    ] Entering safepoint region: Cleanup
[1281.845s][info ][safepoint    ] Leaving safepoint region
[1281.845s][info ][safepoint    ] Total time for which application threads were stopped: 0.0000809 seconds, Stopping threads took: 0.0000159 seconds
[1282.845s][info ][safepoint    ] Application time: 1.0000854 seconds
[1282.845s][info ][safepoint    ] Entering safepoint region: Cleanup
[1282.845s][info ][safepoint    ] Leaving safepoint region
[1282.845s][info ][safepoint    ] Total time for which application threads were stopped: 0.0000965 seconds, Stopping threads took: 0.0000220 seconds
[1283.845s][info ][safepoint    ] Application time: 1.0000709 seconds
[1283.845s][info ][safepoint    ] Entering safepoint region: Cleanup
[1283.845s][info ][safepoint    ] Leaving safepoint region
[1283.845s][info ][safepoint    ] Total time for which application threads were stopped: 0.0000776 seconds, Stopping threads took: 0.0000177 seconds
[1284.846s][info ][safepoint    ] Application time: 1.0001040 seconds
[1284.846s][info ][safepoint    ] Entering safepoint region: Cleanup
[1284.846s][info ][safepoint    ] Leaving safepoint region
[1284.846s][info ][safepoint    ] Total time for which application threads were stopped: 0.0000760 seconds, Stopping threads took: 0.0000175 seconds
[1285.846s][info ][safepoint    ] Application time: 1.0000828 seconds
[1285.846s][info ][safepoint    ] Entering safepoint region: Cleanup
[1285.846s][info ][safepoint    ] Leaving safepoint region
[1285.846s][info ][safepoint    ] Total time for which application threads were stopped: 0.0000875 seconds, Stopping threads took: 0.0000166 seconds
[1286.846s][info ][safepoint    ] Application time: 1.0000865 seconds
[1286.846s][info ][safepoint    ] Entering safepoint region: Cleanup
[1286.846s][info ][safepoint    ] Leaving safepoint region
[1286.846s][info ][safepoint    ] Total time for which application threads were stopped: 0.0000793 seconds, Stopping threads took: 0.0000184 seconds
[1287.846s][info ][safepoint    ] Application time: 1.0001225 seconds
[1287.846s][info ][safepoint    ] Entering safepoint region: Cleanup
[1287.846s][info ][safepoint    ] Leaving safepoint region
[1287.846s][info ][safepoint    ] Total time for which application threads were stopped: 0.0000779 seconds, Stopping threads took: 0.0000180 seconds
[1288.846s][info ][safepoint    ] Application time: 1.0000859 seconds
[1288.847s][info ][safepoint    ] Entering safepoint region: Cleanup
[1288.847s][info ][safepoint    ] Leaving safepoint region
[1288.847s][info ][safepoint    ] Total time for which application threads were stopped: 0.0000809 seconds, Stopping threads took: 0.0000196 seconds
[1289.847s][info ][safepoint    ] Application time: 1.0000889 seconds
[1289.847s][info ][safepoint    ] Entering safepoint region: Cleanup
[1289.847s][info ][safepoint    ] Leaving safepoint region
[1289.847s][info ][safepoint    ] Total time for which application threads were stopped: 0.0000992 seconds, Stopping threads took: 0.0000358 seconds
[1290.847s][info ][safepoint    ] Application time: 1.0000842 seconds
[1290.847s][info ][safepoint    ] Entering safepoint region: Cleanup
[1290.847s][info ][safepoint    ] Leaving safepoint region
[1290.847s][info ][safepoint    ] Total time for which application threads were stopped: 0.0001079 seconds, Stopping threads took: 0.0000524 seconds
[1291.847s][info ][safepoint    ] Application time: 1.0001270 seconds
[1291.847s][info ][safepoint    ] Entering safepoint region: Cleanup
[1291.847s][info ][safepoint    ] Leaving safepoint region
[1291.847s][info ][safepoint    ] Total time for which application threads were stopped: 0.0000799 seconds, Stopping threads took: 0.0000183 seconds
[1292.847s][info ][safepoint    ] Application time: 1.0000561 seconds
[1292.847s][info ][safepoint    ] Entering safepoint region: Cleanup
[1292.848s][info ][safepoint    ] Leaving safepoint region
[1292.848s][info ][safepoint    ] Total time for which application threads were stopped: 0.0000919 seconds, Stopping threads took: 0.0000171 seconds
[1293.848s][info ][safepoint    ] Application time: 1.0000926 seconds
[1293.848s][info ][safepoint    ] Entering safepoint region: Cleanup
[1293.848s][info ][safepoint    ] Leaving safepoint region
[1293.848s][info ][safepoint    ] Total time for which application threads were stopped: 0.0000801 seconds, Stopping threads took: 0.0000196 seconds
[1294.848s][info ][safepoint    ] Application time: 1.0000984 seconds
[1294.848s][info ][safepoint    ] Entering safepoint region: Cleanup
[1294.848s][info ][safepoint    ] Leaving safepoint region
[1294.848s][info ][safepoint    ] Total time for which application threads were stopped: 0.0000810 seconds, Stopping threads took: 0.0000203 seconds
[1295.848s][info ][safepoint    ] Application time: 1.0000949 seconds
[1295.848s][info ][safepoint    ] Entering safepoint region: Cleanup
[1295.848s][info ][safepoint    ] Leaving safepoint region
[1295.848s][info ][safepoint    ] Total time for which application threads were stopped: 0.0000916 seconds, Stopping threads took: 0.0000195 seconds
[1296.848s][info ][safepoint    ] Application time: 1.0000851 seconds
[1296.848s][info ][safepoint    ] Entering safepoint region: Cleanup
[1296.848s][info ][safepoint    ] Leaving safepoint region
[1296.848s][info ][safepoint    ] Total time for which application threads were stopped: 0.0000939 seconds, Stopping threads took: 0.0000180 seconds
[1297.848s][info ][safepoint    ] Application time: 1.0000868 seconds
[1297.849s][info ][safepoint    ] Entering safepoint region: Cleanup
[1297.849s][info ][safepoint    ] Leaving safepoint region
[1297.849s][info ][safepoint    ] Total time for which application threads were stopped: 0.0000995 seconds, Stopping threads took: 0.0000170 seconds
[1298.849s][info ][safepoint    ] Application time: 1.0000975 seconds
[1298.849s][info ][safepoint    ] Entering safepoint region: Cleanup
[1298.849s][info ][safepoint    ] Leaving safepoint region
[1298.849s][info ][safepoint    ] Total time for which application threads were stopped: 0.0000743 seconds, Stopping threads took: 0.0000162 seconds
[1299.849s][info ][safepoint    ] Application time: 1.0000935 seconds
[1299.849s][info ][safepoint    ] Entering safepoint region: Cleanup
[1299.849s][info ][safepoint    ] Leaving safepoint region
[1299.849s][info ][safepoint    ] Total time for which application threads were stopped: 0.0000894 seconds, Stopping threads took: 0.0000173 seconds
[1300.849s][info ][safepoint    ] Application time: 1.0000904 seconds
[1300.849s][info ][safepoint    ] Entering safepoint region: Cleanup
[1300.849s][info ][safepoint    ] Leaving safepoint region
[1300.849s][info ][safepoint    ] Total time for which application threads were stopped: 0.0000792 seconds, Stopping threads took: 0.0000186 seconds
[1301.849s][info ][safepoint    ] Application time: 1.0000975 seconds
[1301.849s][info ][safepoint    ] Entering safepoint region: Cleanup
[1301.850s][info ][safepoint    ] Leaving safepoint region
[1301.850s][info ][safepoint    ] Total time for which application threads were stopped: 0.0001053 seconds, Stopping threads took: 0.0000199 seconds
[1302.850s][info ][safepoint    ] Application time: 1.0000988 seconds
[1302.850s][info ][safepoint    ] Entering safepoint region: Cleanup
[1302.850s][info ][safepoint    ] Leaving safepoint region
[1302.850s][info ][safepoint    ] Total time for which application threads were stopped: 0.0000807 seconds, Stopping threads took: 0.0000186 seconds
[1303.850s][info ][safepoint    ] Application time: 1.0000980 seconds
[1303.850s][info ][safepoint    ] Entering safepoint region: Cleanup
[1303.850s][info ][safepoint    ] Leaving safepoint region
[1303.850s][info ][safepoint    ] Total time for which application threads were stopped: 0.0000973 seconds, Stopping threads took: 0.0000343 seconds
[1304.850s][info ][safepoint    ] Application time: 1.0000699 seconds
[1304.850s][info ][safepoint    ] Entering safepoint region: Cleanup
[1304.850s][info ][safepoint    ] Leaving safepoint region
[1304.850s][info ][safepoint    ] Total time for which application threads were stopped: 0.0001034 seconds, Stopping threads took: 0.0000184 seconds
[1305.850s][info ][safepoint    ] Application time: 1.0000878 seconds
[1305.850s][info ][safepoint    ] Entering safepoint region: Cleanup
[1305.850s][info ][safepoint    ] Leaving safepoint region
[1305.850s][info ][safepoint    ] Total time for which application threads were stopped: 0.0000727 seconds, Stopping threads took: 0.0000170 seconds
[1306.851s][info ][safepoint    ] Application time: 1.0001043 seconds
[1306.851s][info ][safepoint    ] Entering safepoint region: Cleanup
[1306.851s][info ][safepoint    ] Leaving safepoint region
[1306.851s][info ][safepoint    ] Total time for which application threads were stopped: 0.0000865 seconds, Stopping threads took: 0.0000200 seconds
[1307.851s][info ][safepoint    ] Application time: 1.0001253 seconds
[1307.851s][info ][safepoint    ] Entering safepoint region: Cleanup
[1307.851s][info ][safepoint    ] Leaving safepoint region
[1307.851s][info ][safepoint    ] Total time for which application threads were stopped: 0.0000823 seconds, Stopping threads took: 0.0000200 seconds
[1308.851s][info ][safepoint    ] Application time: 1.0000841 seconds
[1308.851s][info ][safepoint    ] Entering safepoint region: Cleanup
[1308.851s][info ][safepoint    ] Leaving safepoint region
[1308.851s][info ][safepoint    ] Total time for which application threads were stopped: 0.0000964 seconds, Stopping threads took: 0.0000187 seconds
[1308.944s][info ][safepoint    ] Application time: 0.0928667 seconds
[1308.944s][info ][safepoint    ] Entering safepoint region: GenCollectForAllocation
[1308.944s][info ][gc,start     ] GC(159) Pause Young (Allocation Failure)
[1308.944s][info ][gc,task      ] GC(159) Using 4 workers of 4 for evacuation
[1308.946s][debug][gc,ref       ] GC(159) Skipped phase1 of Reference Processing due to unavailable references
[1308.946s][debug][gc,ref       ] GC(159) Skipped phase2 of Reference Processing due to unavailable references
[1308.946s][debug][gc,ref       ] GC(159) Skipped phase3 of Reference Processing due to unavailable references
[1308.946s][debug][gc,ref       ] GC(159) Skipped phase4 of Reference Processing due to unavailable references
[1308.946s][debug][gc,age       ] GC(159) Desired survivor size 15400960 bytes, new threshold 6 (max threshold 6)
[1308.946s][info ][gc,heap      ] GC(159) ParNew: 241348K->486K(270976K)
[1308.946s][info ][gc,heap      ] GC(159) CMS: 218364K->218364K(602112K)
[1308.946s][info ][gc,metaspace ] GC(159) Metaspace: 53843K->53843K(1097728K)
[1308.946s][info ][gc           ] GC(159) Pause Young (Allocation Failure) 448M->213M(852M) 2.037ms
[1308.946s][info ][gc,cpu       ] GC(159) User=0.00s Sys=0.00s Real=0.00s
[1308.946s][info ][safepoint    ] Leaving safepoint region
[1308.946s][info ][safepoint    ] Total time for which application threads were stopped: 0.0022147 seconds, Stopping threads took: 0.0000356 seconds
[1309.946s][info ][safepoint    ] Application time: 1.0000998 seconds
[1309.946s][info ][safepoint    ] Entering safepoint region: Cleanup
[1309.946s][info ][safepoint    ] Leaving safepoint region
[1309.947s][info ][safepoint    ] Total time for which application threads were stopped: 0.0000799 seconds, Stopping threads took: 0.0000200 seconds
[1310.947s][info ][safepoint    ] Application time: 1.0000930 seconds
[1310.947s][info ][safepoint    ] Entering safepoint region: Cleanup
[1310.947s][info ][safepoint    ] Leaving safepoint region
[1310.947s][info ][safepoint    ] Total time for which application threads were stopped: 0.0000854 seconds, Stopping threads took: 0.0000177 seconds
[1311.947s][info ][safepoint    ] Application time: 1.0001163 seconds
[1311.947s][info ][safepoint    ] Entering safepoint region: Cleanup
[1311.947s][info ][safepoint    ] Leaving safepoint region
[1311.947s][info ][safepoint    ] Total time for which application threads were stopped: 0.0000802 seconds, Stopping threads took: 0.0000180 seconds
[1312.947s][info ][safepoint    ] Application time: 1.0000948 seconds
[1312.947s][info ][safepoint    ] Entering safepoint region: Cleanup
[1312.947s][info ][safepoint    ] Leaving safepoint region
[1312.947s][info ][safepoint    ] Total time for which application threads were stopped: 0.0000786 seconds, Stopping threads took: 0.0000174 seconds
[1313.947s][info ][safepoint    ] Application time: 1.0000876 seconds
[1313.947s][info ][safepoint    ] Entering safepoint region: Cleanup
[1313.947s][info ][safepoint    ] Leaving safepoint region
[1313.947s][info ][safepoint    ] Total time for which application threads were stopped: 0.0000744 seconds, Stopping threads took: 0.0000161 seconds
[1314.947s][info ][safepoint    ] Application time: 1.0000754 seconds
[1314.948s][info ][safepoint    ] Entering safepoint region: Cleanup
[1314.948s][info ][safepoint    ] Leaving safepoint region
[1314.948s][info ][safepoint    ] Total time for which application threads were stopped: 0.0000956 seconds, Stopping threads took: 0.0000178 seconds
[1315.948s][info ][safepoint    ] Application time: 1.0000845 seconds
[1315.948s][info ][safepoint    ] Entering safepoint region: Cleanup
[1315.948s][info ][safepoint    ] Leaving safepoint region
[1315.948s][info ][safepoint    ] Total time for which application threads were stopped: 0.0000830 seconds, Stopping threads took: 0.0000202 seconds
[1316.948s][info ][safepoint    ] Application time: 1.0000937 seconds
[1316.948s][info ][safepoint    ] Entering safepoint region: Cleanup
[1316.948s][info ][safepoint    ] Leaving safepoint region
[1316.948s][info ][safepoint    ] Total time for which application threads were stopped: 0.0000839 seconds, Stopping threads took: 0.0000176 seconds
[1317.948s][info ][safepoint    ] Application time: 1.0001226 seconds
[1317.948s][info ][safepoint    ] Entering safepoint region: Cleanup
[1317.948s][info ][safepoint    ] Leaving safepoint region
[1317.948s][info ][safepoint    ] Total time for which application threads were stopped: 0.0000934 seconds, Stopping threads took: 0.0000307 seconds
[1318.948s][info ][safepoint    ] Application time: 1.0001272 seconds
[1318.949s][info ][safepoint    ] Entering safepoint region: Cleanup
[1318.949s][info ][safepoint    ] Leaving safepoint region
[1318.949s][info ][safepoint    ] Total time for which application threads were stopped: 0.0000769 seconds, Stopping threads took: 0.0000172 seconds
[1319.949s][info ][safepoint    ] Application time: 1.0000894 seconds
[1319.949s][info ][safepoint    ] Entering safepoint region: Cleanup
[1319.949s][info ][safepoint    ] Leaving safepoint region
[1319.949s][info ][safepoint    ] Total time for which application threads were stopped: 0.0000930 seconds, Stopping threads took: 0.0000170 seconds
[1320.949s][info ][safepoint    ] Application time: 1.0000940 seconds
[1320.949s][info ][safepoint    ] Entering safepoint region: Cleanup
[1320.949s][info ][safepoint    ] Leaving safepoint region
[1320.949s][info ][safepoint    ] Total time for which application threads were stopped: 0.0000903 seconds, Stopping threads took: 0.0000166 seconds
[1321.949s][info ][safepoint    ] Application time: 1.0000803 seconds
[1321.949s][info ][safepoint    ] Entering safepoint region: Cleanup
[1321.949s][info ][safepoint    ] Leaving safepoint region
[1321.949s][info ][safepoint    ] Total time for which application threads were stopped: 0.0001039 seconds, Stopping threads took: 0.0000196 seconds
[1322.949s][info ][safepoint    ] Application time: 1.0000847 seconds
[1322.949s][info ][safepoint    ] Entering safepoint region: Cleanup
[1322.949s][info ][safepoint    ] Leaving safepoint region
[1322.949s][info ][safepoint    ] Total time for which application threads were stopped: 0.0000901 seconds, Stopping threads took: 0.0000296 seconds
[1323.950s][info ][safepoint    ] Application time: 1.0000824 seconds
[1323.950s][info ][safepoint    ] Entering safepoint region: Cleanup
[1323.950s][info ][safepoint    ] Leaving safepoint region
[1323.950s][info ][safepoint    ] Total time for which application threads were stopped: 0.0000749 seconds, Stopping threads took: 0.0000164 seconds
[1324.950s][info ][safepoint    ] Application time: 1.0000852 seconds
[1324.950s][info ][safepoint    ] Entering safepoint region: Cleanup
[1324.950s][info ][safepoint    ] Leaving safepoint region
[1324.950s][info ][safepoint    ] Total time for which application threads were stopped: 0.0000816 seconds, Stopping threads took: 0.0000179 seconds
[1325.950s][info ][safepoint    ] Application time: 1.0000431 seconds
[1325.950s][info ][safepoint    ] Entering safepoint region: Cleanup
[1325.950s][info ][safepoint    ] Leaving safepoint region
[1325.950s][info ][safepoint    ] Total time for which application threads were stopped: 0.0000894 seconds, Stopping threads took: 0.0000181 seconds
[1326.950s][info ][safepoint    ] Application time: 1.0001134 seconds
[1326.950s][info ][safepoint    ] Entering safepoint region: Cleanup
[1326.950s][info ][safepoint    ] Leaving safepoint region
[1326.950s][info ][safepoint    ] Total time for which application threads were stopped: 0.0000804 seconds, Stopping threads took: 0.0000186 seconds
[1327.950s][info ][safepoint    ] Application time: 1.0001016 seconds
[1327.950s][info ][safepoint    ] Entering safepoint region: Cleanup
[1327.951s][info ][safepoint    ] Leaving safepoint region
[1327.951s][info ][safepoint    ] Total time for which application threads were stopped: 0.0000827 seconds, Stopping threads took: 0.0000201 seconds
[1328.951s][info ][safepoint    ] Application time: 1.0000876 seconds
[1328.951s][info ][safepoint    ] Entering safepoint region: Cleanup
[1328.951s][info ][safepoint    ] Leaving safepoint region
[1328.951s][info ][safepoint    ] Total time for which application threads were stopped: 0.0000798 seconds, Stopping threads took: 0.0000187 seconds
[1329.951s][info ][safepoint    ] Application time: 1.0000829 seconds
[1329.951s][info ][safepoint    ] Entering safepoint region: Cleanup
[1329.951s][info ][safepoint    ] Leaving safepoint region
[1329.951s][info ][safepoint    ] Total time for which application threads were stopped: 0.0000967 seconds, Stopping threads took: 0.0000192 seconds
[1330.951s][info ][safepoint    ] Application time: 1.0000551 seconds
[1330.951s][info ][safepoint    ] Entering safepoint region: Cleanup
[1330.951s][info ][safepoint    ] Leaving safepoint region
[1330.951s][info ][safepoint    ] Total time for which application threads were stopped: 0.0000807 seconds, Stopping threads took: 0.0000192 seconds
[1331.951s][info ][safepoint    ] Application time: 1.0000917 seconds
[1331.951s][info ][safepoint    ] Entering safepoint region: Cleanup
[1331.951s][info ][safepoint    ] Leaving safepoint region
[1331.951s][info ][safepoint    ] Total time for which application threads were stopped: 0.0000962 seconds, Stopping threads took: 0.0000195 seconds
[1332.952s][info ][safepoint    ] Application time: 1.0000797 seconds
[1332.952s][info ][safepoint    ] Entering safepoint region: Cleanup
[1332.952s][info ][safepoint    ] Leaving safepoint region
[1332.952s][info ][safepoint    ] Total time for which application threads were stopped: 0.0000963 seconds, Stopping threads took: 0.0000195 seconds
[1333.952s][info ][safepoint    ] Application time: 1.0000863 seconds
[1333.952s][info ][safepoint    ] Entering safepoint region: Cleanup
[1333.952s][info ][safepoint    ] Leaving safepoint region
[1333.952s][info ][safepoint    ] Total time for which application threads were stopped: 0.0001023 seconds, Stopping threads took: 0.0000364 seconds
[1334.952s][info ][safepoint    ] Application time: 1.0000872 seconds
[1334.952s][info ][safepoint    ] Entering safepoint region: Cleanup
[1334.952s][info ][safepoint    ] Leaving safepoint region
[1334.952s][info ][safepoint    ] Total time for which application threads were stopped: 0.0000815 seconds, Stopping threads took: 0.0000188 seconds
[1335.952s][info ][safepoint    ] Application time: 1.0000959 seconds
[1335.952s][info ][safepoint    ] Entering safepoint region: Cleanup
[1335.952s][info ][safepoint    ] Leaving safepoint region
[1335.952s][info ][safepoint    ] Total time for which application threads were stopped: 0.0000998 seconds, Stopping threads took: 0.0000215 seconds
[1336.953s][info ][safepoint    ] Application time: 1.0001309 seconds
[1336.953s][info ][safepoint    ] Entering safepoint region: Cleanup
[1336.953s][info ][safepoint    ] Leaving safepoint region
[1336.953s][info ][safepoint    ] Total time for which application threads were stopped: 0.0000808 seconds, Stopping threads took: 0.0000188 seconds
[1337.953s][info ][safepoint    ] Application time: 1.0000879 seconds
[1337.953s][info ][safepoint    ] Entering safepoint region: Cleanup
[1337.953s][info ][safepoint    ] Leaving safepoint region
[1337.953s][info ][safepoint    ] Total time for which application threads were stopped: 0.0000974 seconds, Stopping threads took: 0.0000337 seconds
[1338.953s][info ][safepoint    ] Application time: 1.0000808 seconds
[1338.953s][info ][safepoint    ] Entering safepoint region: Cleanup
[1338.953s][info ][safepoint    ] Leaving safepoint region
[1338.953s][info ][safepoint    ] Total time for which application threads were stopped: 0.0001006 seconds, Stopping threads took: 0.0000200 seconds
[1339.953s][info ][safepoint    ] Application time: 1.0000830 seconds
[1339.953s][info ][safepoint    ] Entering safepoint region: Cleanup
[1339.953s][info ][safepoint    ] Leaving safepoint region
[1339.953s][info ][safepoint    ] Total time for which application threads were stopped: 0.0001358 seconds, Stopping threads took: 0.0000759 seconds
[1340.953s][info ][safepoint    ] Application time: 1.0000973 seconds
[1340.953s][info ][safepoint    ] Entering safepoint region: Cleanup
[1340.954s][info ][safepoint    ] Leaving safepoint region
[1340.954s][info ][safepoint    ] Total time for which application threads were stopped: 0.0001006 seconds, Stopping threads took: 0.0000189 seconds
[1341.954s][info ][safepoint    ] Application time: 1.0000962 seconds
[1341.954s][info ][safepoint    ] Entering safepoint region: Cleanup
[1341.954s][info ][safepoint    ] Leaving safepoint region
[1341.954s][info ][safepoint    ] Total time for which application threads were stopped: 0.0000810 seconds, Stopping threads took: 0.0000200 seconds
[1342.954s][info ][safepoint    ] Application time: 1.0000895 seconds
[1342.954s][info ][safepoint    ] Entering safepoint region: Cleanup
[1342.954s][info ][safepoint    ] Leaving safepoint region
[1342.954s][info ][safepoint    ] Total time for which application threads were stopped: 0.0000803 seconds, Stopping threads took: 0.0000197 seconds
[1343.954s][info ][safepoint    ] Application time: 1.0000618 seconds
[1343.954s][info ][safepoint    ] Entering safepoint region: Cleanup
[1343.954s][info ][safepoint    ] Leaving safepoint region
[1343.954s][info ][safepoint    ] Total time for which application threads were stopped: 0.0000844 seconds, Stopping threads took: 0.0000228 seconds
[1344.954s][info ][safepoint    ] Application time: 1.0001222 seconds
[1344.954s][info ][safepoint    ] Entering safepoint region: Cleanup
[1344.954s][info ][safepoint    ] Leaving safepoint region
[1344.954s][info ][safepoint    ] Total time for which application threads were stopped: 0.0000792 seconds, Stopping threads took: 0.0000196 seconds
[1345.955s][info ][safepoint    ] Application time: 1.0001310 seconds
[1345.955s][info ][safepoint    ] Entering safepoint region: Cleanup
[1345.955s][info ][safepoint    ] Leaving safepoint region
[1345.955s][info ][safepoint    ] Total time for which application threads were stopped: 0.0000800 seconds, Stopping threads took: 0.0000196 seconds
[1346.955s][info ][safepoint    ] Application time: 1.0000896 seconds
[1346.955s][info ][safepoint    ] Entering safepoint region: Cleanup
[1346.955s][info ][safepoint    ] Leaving safepoint region
[1346.955s][info ][safepoint    ] Total time for which application threads were stopped: 0.0000984 seconds, Stopping threads took: 0.0000203 seconds
[1347.955s][info ][safepoint    ] Application time: 1.0000947 seconds
[1347.955s][info ][safepoint    ] Entering safepoint region: Cleanup
[1347.955s][info ][safepoint    ] Leaving safepoint region
[1347.955s][info ][safepoint    ] Total time for which application threads were stopped: 0.0000781 seconds, Stopping threads took: 0.0000190 seconds
[1348.957s][info ][safepoint    ] Application time: 1.0019228 seconds
[1348.957s][info ][safepoint    ] Entering safepoint region: Cleanup
[1348.957s][info ][safepoint    ] Leaving safepoint region
[1348.957s][info ][safepoint    ] Total time for which application threads were stopped: 0.0000850 seconds, Stopping threads took: 0.0000221 seconds
[1349.679s][info ][safepoint    ] Application time: 0.7216110 seconds
[1349.679s][info ][safepoint    ] Entering safepoint region: GenCollectForAllocation
[1349.679s][info ][gc,start     ] GC(160) Pause Young (Allocation Failure)
[1349.679s][info ][gc,task      ] GC(160) Using 4 workers of 4 for evacuation
[1349.681s][debug][gc,ref       ] GC(160) Skipped phase1 of Reference Processing due to unavailable references
[1349.681s][debug][gc,ref       ] GC(160) Skipped phase2 of Reference Processing due to unavailable references
[1349.681s][debug][gc,ref       ] GC(160) Skipped phase3 of Reference Processing due to unavailable references
[1349.681s][debug][gc,ref       ] GC(160) Skipped phase4 of Reference Processing due to unavailable references
[1349.681s][debug][gc,age       ] GC(160) Desired survivor size 15400960 bytes, new threshold 6 (max threshold 6)
[1349.681s][info ][gc,heap      ] GC(160) ParNew: 241382K->685K(270976K)
[1349.681s][info ][gc,heap      ] GC(160) CMS: 218364K->218364K(602112K)
[1349.681s][info ][gc,metaspace ] GC(160) Metaspace: 53848K->53848K(1097728K)
[1349.681s][info ][gc           ] GC(160) Pause Young (Allocation Failure) 448M->213M(852M) 1.986ms
[1349.681s][info ][gc,cpu       ] GC(160) User=0.01s Sys=0.00s Real=0.01s
[1349.681s][info ][safepoint    ] Leaving safepoint region
[1349.681s][info ][safepoint    ] Total time for which application threads were stopped: 0.0021800 seconds, Stopping threads took: 0.0000428 seconds
[1350.681s][info ][safepoint    ] Application time: 1.0000720 seconds
[1350.681s][info ][safepoint    ] Entering safepoint region: Cleanup
[1350.681s][info ][safepoint    ] Leaving safepoint region
[1350.681s][info ][safepoint    ] Total time for which application threads were stopped: 0.0000751 seconds, Stopping threads took: 0.0000169 seconds
[1351.681s][info ][safepoint    ] Application time: 1.0000862 seconds
[1351.681s][info ][safepoint    ] Entering safepoint region: Cleanup
[1351.681s][info ][safepoint    ] Leaving safepoint region
[1351.681s][info ][safepoint    ] Total time for which application threads were stopped: 0.0000915 seconds, Stopping threads took: 0.0000289 seconds
[1352.682s][info ][safepoint    ] Application time: 1.0000840 seconds
[1352.682s][info ][safepoint    ] Entering safepoint region: Cleanup
[1352.682s][info ][safepoint    ] Leaving safepoint region
[1352.682s][info ][safepoint    ] Total time for which application threads were stopped: 0.0000756 seconds, Stopping threads took: 0.0000164 seconds
[1353.682s][info ][safepoint    ] Application time: 1.0000869 seconds
[1353.682s][info ][safepoint    ] Entering safepoint region: Cleanup
[1353.682s][info ][safepoint    ] Leaving safepoint region
[1353.682s][info ][safepoint    ] Total time for which application threads were stopped: 0.0000796 seconds, Stopping threads took: 0.0000195 seconds
[1354.682s][info ][safepoint    ] Application time: 1.0000977 seconds
[1354.682s][info ][safepoint    ] Entering safepoint region: Cleanup
[1354.682s][info ][safepoint    ] Leaving safepoint region
[1354.682s][info ][safepoint    ] Total time for which application threads were stopped: 0.0000783 seconds, Stopping threads took: 0.0000178 seconds
[1355.682s][info ][safepoint    ] Application time: 1.0000806 seconds
[1355.682s][info ][safepoint    ] Entering safepoint region: Cleanup
[1355.682s][info ][safepoint    ] Leaving safepoint region
[1355.682s][info ][safepoint    ] Total time for which application threads were stopped: 0.0001018 seconds, Stopping threads took: 0.0000179 seconds
[1356.682s][info ][safepoint    ] Application time: 1.0000918 seconds
[1356.682s][info ][safepoint    ] Entering safepoint region: Cleanup
[1356.682s][info ][safepoint    ] Leaving safepoint region
[1356.683s][info ][safepoint    ] Total time for which application threads were stopped: 0.0000785 seconds, Stopping threads took: 0.0000174 seconds
[1357.683s][info ][safepoint    ] Application time: 1.0000927 seconds
[1357.683s][info ][safepoint    ] Entering safepoint region: Cleanup
[1357.683s][info ][safepoint    ] Leaving safepoint region
[1357.683s][info ][safepoint    ] Total time for which application threads were stopped: 0.0000744 seconds, Stopping threads took: 0.0000181 seconds
[1358.683s][info ][safepoint    ] Application time: 1.0000580 seconds
[1358.683s][info ][safepoint    ] Entering safepoint region: Cleanup
[1358.683s][info ][safepoint    ] Leaving safepoint region
[1358.683s][info ][safepoint    ] Total time for which application threads were stopped: 0.0000729 seconds, Stopping threads took: 0.0000165 seconds
[1359.683s][info ][safepoint    ] Application time: 1.0000915 seconds
[1359.683s][info ][safepoint    ] Entering safepoint region: Cleanup
[1359.683s][info ][safepoint    ] Leaving safepoint region
[1359.683s][info ][safepoint    ] Total time for which application threads were stopped: 0.0002234 seconds, Stopping threads took: 0.0000170 seconds
[1360.683s][info ][safepoint    ] Application time: 1.0000900 seconds
[1360.683s][info ][safepoint    ] Entering safepoint region: Cleanup
[1360.683s][info ][safepoint    ] Leaving safepoint region
[1360.683s][info ][safepoint    ] Total time for which application threads were stopped: 0.0000752 seconds, Stopping threads took: 0.0000184 seconds
[1361.684s][info ][safepoint    ] Application time: 1.0001209 seconds
[1361.684s][info ][safepoint    ] Entering safepoint region: Cleanup
[1361.684s][info ][safepoint    ] Leaving safepoint region
[1361.684s][info ][safepoint    ] Total time for which application threads were stopped: 0.0000717 seconds, Stopping threads took: 0.0000169 seconds
[1362.684s][info ][safepoint    ] Application time: 1.0000898 seconds
[1362.684s][info ][safepoint    ] Entering safepoint region: Cleanup
[1362.684s][info ][safepoint    ] Leaving safepoint region
[1362.684s][info ][safepoint    ] Total time for which application threads were stopped: 0.0000768 seconds, Stopping threads took: 0.0000167 seconds
[1363.684s][info ][safepoint    ] Application time: 1.0000896 seconds
[1363.684s][info ][safepoint    ] Entering safepoint region: Cleanup
[1363.684s][info ][safepoint    ] Leaving safepoint region
[1363.684s][info ][safepoint    ] Total time for which application threads were stopped: 0.0000768 seconds, Stopping threads took: 0.0000184 seconds
[1364.684s][info ][safepoint    ] Application time: 1.0000709 seconds
[1364.684s][info ][safepoint    ] Entering safepoint region: Cleanup
[1364.684s][info ][safepoint    ] Leaving safepoint region
[1364.684s][info ][safepoint    ] Total time for which application threads were stopped: 0.0001115 seconds, Stopping threads took: 0.0000315 seconds
[1365.684s][info ][safepoint    ] Application time: 1.0000911 seconds
[1365.684s][info ][safepoint    ] Entering safepoint region: Cleanup
[1365.684s][info ][safepoint    ] Leaving safepoint region
[1365.684s][info ][safepoint    ] Total time for which application threads were stopped: 0.0000710 seconds, Stopping threads took: 0.0000164 seconds
[1366.685s][info ][safepoint    ] Application time: 1.0000821 seconds
[1366.685s][info ][safepoint    ] Entering safepoint region: Cleanup
[1366.685s][info ][safepoint    ] Leaving safepoint region
[1366.685s][info ][safepoint    ] Total time for which application threads were stopped: 0.0000875 seconds, Stopping threads took: 0.0000180 seconds
[1367.685s][info ][safepoint    ] Application time: 1.0001187 seconds
[1367.685s][info ][safepoint    ] Entering safepoint region: Cleanup
[1367.685s][info ][safepoint    ] Leaving safepoint region
[1367.685s][info ][safepoint    ] Total time for which application threads were stopped: 0.0000723 seconds, Stopping threads took: 0.0000178 seconds
[1368.685s][info ][safepoint    ] Application time: 1.0000797 seconds
[1368.685s][info ][safepoint    ] Entering safepoint region: Cleanup
[1368.685s][info ][safepoint    ] Leaving safepoint region
[1368.685s][info ][safepoint    ] Total time for which application threads were stopped: 0.0000982 seconds, Stopping threads took: 0.0000168 seconds
[1369.685s][info ][safepoint    ] Application time: 1.0000725 seconds
[1369.685s][info ][safepoint    ] Entering safepoint region: Cleanup
[1369.685s][info ][safepoint    ] Leaving safepoint region
[1369.685s][info ][safepoint    ] Total time for which application threads were stopped: 0.0001030 seconds, Stopping threads took: 0.0000463 seconds
[1370.686s][info ][safepoint    ] Application time: 1.0000904 seconds
[1370.686s][info ][safepoint    ] Entering safepoint region: Cleanup
[1370.686s][info ][safepoint    ] Leaving safepoint region
[1370.686s][info ][safepoint    ] Total time for which application threads were stopped: 0.0000958 seconds, Stopping threads took: 0.0000176 seconds
[1371.686s][info ][safepoint    ] Application time: 1.0000845 seconds
[1371.686s][info ][safepoint    ] Entering safepoint region: Cleanup
[1371.686s][info ][safepoint    ] Leaving safepoint region
[1371.686s][info ][safepoint    ] Total time for which application threads were stopped: 0.0000751 seconds, Stopping threads took: 0.0000176 seconds
[1372.686s][info ][safepoint    ] Application time: 1.0000837 seconds
[1372.686s][info ][safepoint    ] Entering safepoint region: Cleanup
[1372.686s][info ][safepoint    ] Leaving safepoint region
[1372.686s][info ][safepoint    ] Total time for which application threads were stopped: 0.0000762 seconds, Stopping threads took: 0.0000173 seconds
[1373.686s][info ][safepoint    ] Application time: 1.0000808 seconds
[1373.686s][info ][safepoint    ] Entering safepoint region: Cleanup
[1373.686s][info ][safepoint    ] Leaving safepoint region
[1373.686s][info ][safepoint    ] Total time for which application threads were stopped: 0.0000909 seconds, Stopping threads took: 0.0000170 seconds
[1374.686s][info ][safepoint    ] Application time: 1.0000794 seconds
[1374.686s][info ][safepoint    ] Entering safepoint region: Cleanup
[1374.686s][info ][safepoint    ] Leaving safepoint region
[1374.687s][info ][safepoint    ] Total time for which application threads were stopped: 0.0000935 seconds, Stopping threads took: 0.0000182 seconds
[1375.687s][info ][safepoint    ] Application time: 1.0000794 seconds
[1375.687s][info ][safepoint    ] Entering safepoint region: Cleanup
[1375.687s][info ][safepoint    ] Leaving safepoint region
[1375.687s][info ][safepoint    ] Total time for which application threads were stopped: 0.0000883 seconds, Stopping threads took: 0.0000167 seconds
[1376.687s][info ][safepoint    ] Application time: 1.0000820 seconds
[1376.687s][info ][safepoint    ] Entering safepoint region: Cleanup
[1376.687s][info ][safepoint    ] Leaving safepoint region
[1376.687s][info ][safepoint    ] Total time for which application threads were stopped: 0.0000793 seconds, Stopping threads took: 0.0000173 seconds
[1377.687s][info ][safepoint    ] Application time: 1.0000603 seconds
[1377.687s][info ][safepoint    ] Entering safepoint region: Cleanup
[1377.687s][info ][safepoint    ] Leaving safepoint region
[1377.687s][info ][safepoint    ] Total time for which application threads were stopped: 0.0000924 seconds, Stopping threads took: 0.0000225 seconds
[1378.687s][info ][safepoint    ] Application time: 1.0000977 seconds
[1378.687s][info ][safepoint    ] Entering safepoint region: Cleanup
[1378.687s][info ][safepoint    ] Leaving safepoint region
[1378.687s][info ][safepoint    ] Total time for which application threads were stopped: 0.0000749 seconds, Stopping threads took: 0.0000188 seconds
[1379.687s][info ][safepoint    ] Application time: 1.0001510 seconds
[1379.688s][info ][safepoint    ] Entering safepoint region: Cleanup
[1379.688s][info ][safepoint    ] Leaving safepoint region
[1379.688s][info ][safepoint    ] Total time for which application threads were stopped: 0.0000685 seconds, Stopping threads took: 0.0000158 seconds
[1380.688s][info ][safepoint    ] Application time: 1.0000934 seconds
[1380.688s][info ][safepoint    ] Entering safepoint region: Cleanup
[1380.688s][info ][safepoint    ] Leaving safepoint region
[1380.688s][info ][safepoint    ] Total time for which application threads were stopped: 0.0000734 seconds, Stopping threads took: 0.0000162 seconds
[1381.688s][info ][safepoint    ] Application time: 1.0000361 seconds
[1381.688s][info ][safepoint    ] Entering safepoint region: Cleanup
[1381.688s][info ][safepoint    ] Leaving safepoint region
[1381.688s][info ][safepoint    ] Total time for which application threads were stopped: 0.0000791 seconds, Stopping threads took: 0.0000189 seconds
[1382.688s][info ][safepoint    ] Application time: 1.0001278 seconds
[1382.688s][info ][safepoint    ] Entering safepoint region: Cleanup
[1382.688s][info ][safepoint    ] Leaving safepoint region
[1382.688s][info ][safepoint    ] Total time for which application threads were stopped: 0.0000783 seconds, Stopping threads took: 0.0000180 seconds
[1383.688s][info ][safepoint    ] Application time: 1.0000741 seconds
[1383.688s][info ][safepoint    ] Entering safepoint region: Cleanup
[1383.688s][info ][safepoint    ] Leaving safepoint region
[1383.688s][info ][safepoint    ] Total time for which application threads were stopped: 0.0000960 seconds, Stopping threads took: 0.0000209 seconds
[1384.688s][info ][safepoint    ] Application time: 1.0000519 seconds
[1384.689s][info ][safepoint    ] Entering safepoint region: Cleanup
[1384.689s][info ][safepoint    ] Leaving safepoint region
[1384.689s][info ][safepoint    ] Total time for which application threads were stopped: 0.0001003 seconds, Stopping threads took: 0.0000342 seconds
[1385.689s][info ][safepoint    ] Application time: 1.0000911 seconds
[1385.689s][info ][safepoint    ] Entering safepoint region: Cleanup
[1385.689s][info ][safepoint    ] Leaving safepoint region
[1385.689s][info ][safepoint    ] Total time for which application threads were stopped: 0.0001043 seconds, Stopping threads took: 0.0000190 seconds
[1386.689s][info ][safepoint    ] Application time: 1.0000936 seconds
[1386.689s][info ][safepoint    ] Entering safepoint region: Cleanup
[1386.689s][info ][safepoint    ] Leaving safepoint region
[1386.689s][info ][safepoint    ] Total time for which application threads were stopped: 0.0000797 seconds, Stopping threads took: 0.0000191 seconds
[1387.689s][info ][safepoint    ] Application time: 1.0001202 seconds
[1387.689s][info ][safepoint    ] Entering safepoint region: Cleanup
[1387.689s][info ][safepoint    ] Leaving safepoint region
[1387.689s][info ][safepoint    ] Total time for which application threads were stopped: 0.0000787 seconds, Stopping threads took: 0.0000185 seconds
[1388.689s][info ][safepoint    ] Application time: 1.0000418 seconds
[1388.689s][info ][safepoint    ] Entering safepoint region: Cleanup
[1388.689s][info ][safepoint    ] Leaving safepoint region
[1388.689s][info ][safepoint    ] Total time for which application threads were stopped: 0.0000825 seconds, Stopping threads took: 0.0000187 seconds
[1389.690s][info ][safepoint    ] Application time: 1.0000799 seconds
[1389.690s][info ][safepoint    ] Entering safepoint region: Cleanup
[1389.690s][info ][safepoint    ] Leaving safepoint region
[1389.690s][info ][safepoint    ] Total time for which application threads were stopped: 0.0000902 seconds, Stopping threads took: 0.0000177 seconds
[1390.690s][info ][safepoint    ] Application time: 1.0000560 seconds
[1390.690s][info ][safepoint    ] Entering safepoint region: Cleanup
[1390.690s][info ][safepoint    ] Leaving safepoint region
[1390.690s][info ][safepoint    ] Total time for which application threads were stopped: 0.0000757 seconds, Stopping threads took: 0.0000175 seconds
[1390.894s][info ][safepoint    ] Application time: 0.2042273 seconds
[1390.894s][info ][safepoint    ] Entering safepoint region: GenCollectForAllocation
[1390.894s][info ][gc,start     ] GC(161) Pause Young (Allocation Failure)
[1390.894s][info ][gc,task      ] GC(161) Using 4 workers of 4 for evacuation
[1390.896s][debug][gc,ref       ] GC(161) Skipped phase1 of Reference Processing due to unavailable references
[1390.896s][debug][gc,ref       ] GC(161) Skipped phase2 of Reference Processing due to unavailable references
[1390.896s][debug][gc,ref       ] GC(161) Skipped phase3 of Reference Processing due to unavailable references
[1390.896s][debug][gc,ref       ] GC(161) Skipped phase4 of Reference Processing due to unavailable references
[1390.896s][debug][gc,age       ] GC(161) Desired survivor size 15400960 bytes, new threshold 6 (max threshold 6)
[1390.896s][info ][gc,heap      ] GC(161) ParNew: 241581K->585K(270976K)
[1390.896s][info ][gc,heap      ] GC(161) CMS: 218364K->218364K(602112K)
[1390.896s][info ][gc,metaspace ] GC(161) Metaspace: 53861K->53861K(1097728K)
[1390.896s][info ][gc           ] GC(161) Pause Young (Allocation Failure) 449M->213M(852M) 2.112ms
[1390.896s][info ][gc,cpu       ] GC(161) User=0.00s Sys=0.00s Real=0.00s
[1390.896s][info ][safepoint    ] Leaving safepoint region
[1390.896s][info ][safepoint    ] Total time for which application threads were stopped: 0.0022764 seconds, Stopping threads took: 0.0000192 seconds
[1391.896s][info ][safepoint    ] Application time: 1.0000681 seconds
[1391.897s][info ][safepoint    ] Entering safepoint region: Cleanup
[1391.897s][info ][safepoint    ] Leaving safepoint region
[1391.897s][info ][safepoint    ] Total time for which application threads were stopped: 0.0000959 seconds, Stopping threads took: 0.0000196 seconds
[1392.897s][info ][safepoint    ] Application time: 1.0000844 seconds
[1392.897s][info ][safepoint    ] Entering safepoint region: Cleanup
[1392.897s][info ][safepoint    ] Leaving safepoint region
[1392.897s][info ][safepoint    ] Total time for which application threads were stopped: 0.0000778 seconds, Stopping threads took: 0.0000200 seconds
[1393.897s][info ][safepoint    ] Application time: 1.0000943 seconds
[1393.897s][info ][safepoint    ] Entering safepoint region: Cleanup
[1393.897s][info ][safepoint    ] Leaving safepoint region
[1393.897s][info ][safepoint    ] Total time for which application threads were stopped: 0.0000840 seconds, Stopping threads took: 0.0000187 seconds
[1394.897s][info ][safepoint    ] Application time: 1.0000972 seconds
[1394.897s][info ][safepoint    ] Entering safepoint region: Cleanup
[1394.897s][info ][safepoint    ] Leaving safepoint region
[1394.897s][info ][safepoint    ] Total time for which application threads were stopped: 0.0000778 seconds, Stopping threads took: 0.0000189 seconds
[1395.897s][info ][safepoint    ] Application time: 1.0000873 seconds
[1395.897s][info ][safepoint    ] Entering safepoint region: Cleanup
[1395.898s][info ][safepoint    ] Leaving safepoint region
[1395.898s][info ][safepoint    ] Total time for which application threads were stopped: 0.0001276 seconds, Stopping threads took: 0.0000602 seconds
[1396.898s][info ][safepoint    ] Application time: 1.0000885 seconds
[1396.898s][info ][safepoint    ] Entering safepoint region: Cleanup
[1396.898s][info ][safepoint    ] Leaving safepoint region
[1396.898s][info ][safepoint    ] Total time for which application threads were stopped: 0.0000779 seconds, Stopping threads took: 0.0000169 seconds
[1397.898s][info ][safepoint    ] Application time: 1.0001072 seconds
[1397.898s][info ][safepoint    ] Entering safepoint region: Cleanup
[1397.898s][info ][safepoint    ] Leaving safepoint region
[1397.898s][info ][safepoint    ] Total time for which application threads were stopped: 0.0000828 seconds, Stopping threads took: 0.0000196 seconds
[1398.898s][info ][safepoint    ] Application time: 1.0000502 seconds
[1398.898s][info ][safepoint    ] Entering safepoint region: Cleanup
[1398.898s][info ][safepoint    ] Leaving safepoint region
[1398.898s][info ][safepoint    ] Total time for which application threads were stopped: 0.0000982 seconds, Stopping threads took: 0.0000181 seconds
[1399.898s][info ][safepoint    ] Application time: 1.0000718 seconds
[1399.898s][info ][safepoint    ] Entering safepoint region: Cleanup
[1399.898s][info ][safepoint    ] Leaving safepoint region
[1399.898s][info ][safepoint    ] Total time for which application threads were stopped: 0.0000816 seconds, Stopping threads took: 0.0000192 seconds
[1400.898s][info ][safepoint    ] Application time: 1.0000468 seconds
[1400.899s][info ][safepoint    ] Entering safepoint region: Cleanup
[1400.899s][info ][safepoint    ] Leaving safepoint region
[1400.899s][info ][safepoint    ] Total time for which application threads were stopped: 0.0000777 seconds, Stopping threads took: 0.0000191 seconds
[1401.899s][info ][safepoint    ] Application time: 1.0001457 seconds
[1401.899s][info ][safepoint    ] Entering safepoint region: Cleanup
[1401.899s][info ][safepoint    ] Leaving safepoint region
[1401.899s][info ][safepoint    ] Total time for which application threads were stopped: 0.0000808 seconds, Stopping threads took: 0.0000195 seconds
[1402.899s][info ][safepoint    ] Application time: 1.0001034 seconds
[1402.899s][info ][safepoint    ] Entering safepoint region: Cleanup
[1402.899s][info ][safepoint    ] Leaving safepoint region
[1402.899s][info ][safepoint    ] Total time for which application threads were stopped: 0.0000779 seconds, Stopping threads took: 0.0000180 seconds
[1403.899s][info ][safepoint    ] Application time: 1.0000986 seconds
[1403.899s][info ][safepoint    ] Entering safepoint region: Cleanup
[1403.899s][info ][safepoint    ] Leaving safepoint region
[1403.899s][info ][safepoint    ] Total time for which application threads were stopped: 0.0000806 seconds, Stopping threads took: 0.0000177 seconds
[1404.899s][info ][safepoint    ] Application time: 1.0001287 seconds
[1404.900s][info ][safepoint    ] Entering safepoint region: Cleanup
[1404.900s][info ][safepoint    ] Leaving safepoint region
[1404.900s][info ][safepoint    ] Total time for which application threads were stopped: 0.0000992 seconds, Stopping threads took: 0.0000191 seconds
[1405.900s][info ][safepoint    ] Application time: 1.0000846 seconds
[1405.900s][info ][safepoint    ] Entering safepoint region: Cleanup
[1405.900s][info ][safepoint    ] Leaving safepoint region
[1405.900s][info ][safepoint    ] Total time for which application threads were stopped: 0.0000987 seconds, Stopping threads took: 0.0000348 seconds
[1406.900s][info ][safepoint    ] Application time: 1.0000910 seconds
[1406.900s][info ][safepoint    ] Entering safepoint region: Cleanup
[1406.900s][info ][safepoint    ] Leaving safepoint region
[1406.900s][info ][safepoint    ] Total time for which application threads were stopped: 0.0000806 seconds, Stopping threads took: 0.0000190 seconds
[1407.900s][info ][safepoint    ] Application time: 1.0001259 seconds
[1407.900s][info ][safepoint    ] Entering safepoint region: Cleanup
[1407.900s][info ][safepoint    ] Leaving safepoint region
[1407.900s][info ][safepoint    ] Total time for which application threads were stopped: 0.0000950 seconds, Stopping threads took: 0.0000181 seconds
[1408.900s][info ][safepoint    ] Application time: 1.0000907 seconds
[1408.900s][info ][safepoint    ] Entering safepoint region: Cleanup
[1408.901s][info ][safepoint    ] Leaving safepoint region
[1408.901s][info ][safepoint    ] Total time for which application threads were stopped: 0.0000821 seconds, Stopping threads took: 0.0000196 seconds
[1409.901s][info ][safepoint    ] Application time: 1.0000844 seconds
[1409.901s][info ][safepoint    ] Entering safepoint region: Cleanup
[1409.901s][info ][safepoint    ] Leaving safepoint region
[1409.901s][info ][safepoint    ] Total time for which application threads were stopped: 0.0000769 seconds, Stopping threads took: 0.0000181 seconds
[1410.901s][info ][safepoint    ] Application time: 1.0000949 seconds
[1410.901s][info ][safepoint    ] Entering safepoint region: Cleanup
[1410.901s][info ][safepoint    ] Leaving safepoint region
[1410.901s][info ][safepoint    ] Total time for which application threads were stopped: 0.0000943 seconds, Stopping threads took: 0.0000182 seconds
[1411.901s][info ][safepoint    ] Application time: 1.0000929 seconds
[1411.901s][info ][safepoint    ] Entering safepoint region: Cleanup
[1411.901s][info ][safepoint    ] Leaving safepoint region
[1411.901s][info ][safepoint    ] Total time for which application threads were stopped: 0.0001031 seconds, Stopping threads took: 0.0000208 seconds
[1412.901s][info ][safepoint    ] Application time: 1.0001305 seconds
[1412.901s][info ][safepoint    ] Entering safepoint region: Cleanup
[1412.901s][info ][safepoint    ] Leaving safepoint region
[1412.901s][info ][safepoint    ] Total time for which application threads were stopped: 0.0000777 seconds, Stopping threads took: 0.0000182 seconds
[1413.902s][info ][safepoint    ] Application time: 1.0001036 seconds
[1413.902s][info ][safepoint    ] Entering safepoint region: Cleanup
[1413.902s][info ][safepoint    ] Leaving safepoint region
[1413.902s][info ][safepoint    ] Total time for which application threads were stopped: 0.0000833 seconds, Stopping threads took: 0.0000198 seconds
[1414.902s][info ][safepoint    ] Application time: 1.0001009 seconds
[1414.902s][info ][safepoint    ] Entering safepoint region: Cleanup
[1414.902s][info ][safepoint    ] Leaving safepoint region
[1414.902s][info ][safepoint    ] Total time for which application threads were stopped: 0.0000803 seconds, Stopping threads took: 0.0000186 seconds
[1415.902s][info ][safepoint    ] Application time: 1.0000978 seconds
[1415.902s][info ][safepoint    ] Entering safepoint region: Cleanup
[1415.902s][info ][safepoint    ] Leaving safepoint region
[1415.902s][info ][safepoint    ] Total time for which application threads were stopped: 0.0000983 seconds, Stopping threads took: 0.0000209 seconds
[1416.902s][info ][safepoint    ] Application time: 1.0000928 seconds
[1416.902s][info ][safepoint    ] Entering safepoint region: Cleanup
[1416.902s][info ][safepoint    ] Leaving safepoint region
[1416.902s][info ][safepoint    ] Total time for which application threads were stopped: 0.0000968 seconds, Stopping threads took: 0.0000193 seconds
[1417.903s][info ][safepoint    ] Application time: 1.0000923 seconds
[1417.903s][info ][safepoint    ] Entering safepoint region: Cleanup
[1417.903s][info ][safepoint    ] Leaving safepoint region
[1417.903s][info ][safepoint    ] Total time for which application threads were stopped: 0.0000834 seconds, Stopping threads took: 0.0000209 seconds
[1418.903s][info ][safepoint    ] Application time: 1.0001001 seconds
[1418.903s][info ][safepoint    ] Entering safepoint region: Cleanup
[1418.903s][info ][safepoint    ] Leaving safepoint region
[1418.903s][info ][safepoint    ] Total time for which application threads were stopped: 0.0000872 seconds, Stopping threads took: 0.0000185 seconds
[1419.903s][info ][safepoint    ] Application time: 1.0000816 seconds
[1419.903s][info ][safepoint    ] Entering safepoint region: Cleanup
[1419.903s][info ][safepoint    ] Leaving safepoint region
[1419.903s][info ][safepoint    ] Total time for which application threads were stopped: 0.0001045 seconds, Stopping threads took: 0.0000196 seconds
[1420.903s][info ][safepoint    ] Application time: 1.0000894 seconds
[1420.903s][info ][safepoint    ] Entering safepoint region: Cleanup
[1420.903s][info ][safepoint    ] Leaving safepoint region
[1420.903s][info ][safepoint    ] Total time for which application threads were stopped: 0.0000766 seconds, Stopping threads took: 0.0000176 seconds
[1421.903s][info ][safepoint    ] Application time: 1.0000703 seconds
[1421.903s][info ][safepoint    ] Entering safepoint region: Cleanup
[1421.904s][info ][safepoint    ] Leaving safepoint region
[1421.904s][info ][safepoint    ] Total time for which application threads were stopped: 0.0000809 seconds, Stopping threads took: 0.0000200 seconds
[1422.904s][info ][safepoint    ] Application time: 1.0000981 seconds
[1422.904s][info ][safepoint    ] Entering safepoint region: Cleanup
[1422.904s][info ][safepoint    ] Leaving safepoint region
[1422.904s][info ][safepoint    ] Total time for which application threads were stopped: 0.0000830 seconds, Stopping threads took: 0.0000214 seconds
[1423.904s][info ][safepoint    ] Application time: 1.0000878 seconds
[1423.904s][info ][safepoint    ] Entering safepoint region: Cleanup
[1423.904s][info ][safepoint    ] Leaving safepoint region
[1423.904s][info ][safepoint    ] Total time for which application threads were stopped: 0.0000857 seconds, Stopping threads took: 0.0000187 seconds
[1424.904s][info ][safepoint    ] Application time: 1.0000859 seconds
[1424.904s][info ][safepoint    ] Entering safepoint region: Cleanup
[1424.904s][info ][safepoint    ] Leaving safepoint region
[1424.904s][info ][safepoint    ] Total time for which application threads were stopped: 0.0000931 seconds, Stopping threads took: 0.0000197 seconds
[1425.904s][info ][safepoint    ] Application time: 1.0000828 seconds
[1425.904s][info ][safepoint    ] Entering safepoint region: Cleanup
[1425.904s][info ][safepoint    ] Leaving safepoint region
[1425.904s][info ][safepoint    ] Total time for which application threads were stopped: 0.0000978 seconds, Stopping threads took: 0.0000213 seconds
[1426.905s][info ][safepoint    ] Application time: 1.0000856 seconds
[1426.905s][info ][safepoint    ] Entering safepoint region: Cleanup
[1426.905s][info ][safepoint    ] Leaving safepoint region
[1426.905s][info ][safepoint    ] Total time for which application threads were stopped: 0.0001015 seconds, Stopping threads took: 0.0000358 seconds
[1427.905s][info ][safepoint    ] Application time: 1.0000917 seconds
[1427.905s][info ][safepoint    ] Entering safepoint region: Cleanup
[1427.905s][info ][safepoint    ] Leaving safepoint region
[1427.905s][info ][safepoint    ] Total time for which application threads were stopped: 0.0001041 seconds, Stopping threads took: 0.0000447 seconds
[1428.905s][info ][safepoint    ] Application time: 1.0000866 seconds
[1428.905s][info ][safepoint    ] Entering safepoint region: Cleanup
[1428.905s][info ][safepoint    ] Leaving safepoint region
[1428.905s][info ][safepoint    ] Total time for which application threads were stopped: 0.0000866 seconds, Stopping threads took: 0.0000195 seconds
[1429.894s][info ][safepoint    ] Application time: 0.9887540 seconds
[1429.894s][info ][safepoint    ] Entering safepoint region: GenCollectForAllocation
[1429.894s][info ][gc,start     ] GC(162) Pause Young (Allocation Failure)
[1429.894s][info ][gc,task      ] GC(162) Using 4 workers of 4 for evacuation
[1429.896s][debug][gc,ref       ] GC(162) Skipped phase1 of Reference Processing due to unavailable references
[1429.896s][debug][gc,ref       ] GC(162) Skipped phase2 of Reference Processing due to unavailable references
[1429.896s][debug][gc,ref       ] GC(162) Skipped phase3 of Reference Processing due to unavailable references
[1429.896s][debug][gc,ref       ] GC(162) Skipped phase4 of Reference Processing due to unavailable references
[1429.896s][debug][gc,age       ] GC(162) Desired survivor size 15400960 bytes, new threshold 6 (max threshold 6)
[1429.896s][info ][gc,heap      ] GC(162) ParNew: 241481K->490K(270976K)
[1429.896s][info ][gc,heap      ] GC(162) CMS: 218364K->218364K(602112K)
[1429.896s][info ][gc,metaspace ] GC(162) Metaspace: 53864K->53864K(1097728K)
[1429.896s][info ][gc           ] GC(162) Pause Young (Allocation Failure) 449M->213M(852M) 2.043ms
[1429.896s][info ][gc,cpu       ] GC(162) User=0.01s Sys=0.00s Real=0.00s
[1429.896s][info ][safepoint    ] Leaving safepoint region
[1429.896s][info ][safepoint    ] Total time for which application threads were stopped: 0.0022017 seconds, Stopping threads took: 0.0000186 seconds
[1430.896s][info ][safepoint    ] Application time: 1.0000715 seconds
[1430.896s][info ][safepoint    ] Entering safepoint region: Cleanup
[1430.896s][info ][safepoint    ] Leaving safepoint region
[1430.896s][info ][safepoint    ] Total time for which application threads were stopped: 0.0001101 seconds, Stopping threads took: 0.0000193 seconds
[1431.896s][info ][safepoint    ] Application time: 1.0000890 seconds
[1431.896s][info ][safepoint    ] Entering safepoint region: Cleanup
[1431.897s][info ][safepoint    ] Leaving safepoint region
[1431.897s][info ][safepoint    ] Total time for which application threads were stopped: 0.0000827 seconds, Stopping threads took: 0.0000188 seconds
[1432.897s][info ][safepoint    ] Application time: 1.0000909 seconds
[1432.897s][info ][safepoint    ] Entering safepoint region: Cleanup
[1432.897s][info ][safepoint    ] Leaving safepoint region
[1432.897s][info ][safepoint    ] Total time for which application threads were stopped: 0.0000806 seconds, Stopping threads took: 0.0000185 seconds
[1433.897s][info ][safepoint    ] Application time: 1.0000979 seconds
[1433.897s][info ][safepoint    ] Entering safepoint region: Cleanup
[1433.897s][info ][safepoint    ] Leaving safepoint region
[1433.897s][info ][safepoint    ] Total time for which application threads were stopped: 0.0001895 seconds, Stopping threads took: 0.0000206 seconds
[1434.897s][info ][safepoint    ] Application time: 1.0001056 seconds
[1434.897s][info ][safepoint    ] Entering safepoint region: Cleanup
[1434.897s][info ][safepoint    ] Leaving safepoint region
[1434.897s][info ][safepoint    ] Total time for which application threads were stopped: 0.0001026 seconds, Stopping threads took: 0.0000209 seconds
[1435.897s][info ][safepoint    ] Application time: 1.0000844 seconds
[1435.898s][info ][safepoint    ] Entering safepoint region: Cleanup
[1435.898s][info ][safepoint    ] Leaving safepoint region
[1435.898s][info ][safepoint    ] Total time for which application threads were stopped: 0.0000930 seconds, Stopping threads took: 0.0000343 seconds
[1436.898s][info ][safepoint    ] Application time: 1.0000823 seconds
[1436.898s][info ][safepoint    ] Entering safepoint region: Cleanup
[1436.898s][info ][safepoint    ] Leaving safepoint region
[1436.898s][info ][safepoint    ] Total time for which application threads were stopped: 0.0000782 seconds, Stopping threads took: 0.0000209 seconds
[1437.898s][info ][safepoint    ] Application time: 1.0000862 seconds
[1437.898s][info ][safepoint    ] Entering safepoint region: Cleanup
[1437.898s][info ][safepoint    ] Leaving safepoint region
[1437.898s][info ][safepoint    ] Total time for which application threads were stopped: 0.0000766 seconds, Stopping threads took: 0.0000186 seconds
[1438.898s][info ][safepoint    ] Application time: 1.0000882 seconds
[1438.898s][info ][safepoint    ] Entering safepoint region: Cleanup
[1438.898s][info ][safepoint    ] Leaving safepoint region
[1438.898s][info ][safepoint    ] Total time for which application threads were stopped: 0.0000961 seconds, Stopping threads took: 0.0000341 seconds
[1439.898s][info ][safepoint    ] Application time: 1.0000906 seconds
[1439.898s][info ][safepoint    ] Entering safepoint region: Cleanup
[1439.898s][info ][safepoint    ] Leaving safepoint region
[1439.898s][info ][safepoint    ] Total time for which application threads were stopped: 0.0000778 seconds, Stopping threads took: 0.0000215 seconds
[1440.899s][info ][safepoint    ] Application time: 1.0000881 seconds
[1440.899s][info ][safepoint    ] Entering safepoint region: Cleanup
[1440.899s][info ][safepoint    ] Leaving safepoint region
[1440.899s][info ][safepoint    ] Total time for which application threads were stopped: 0.0000844 seconds, Stopping threads took: 0.0000214 seconds
[1441.899s][info ][safepoint    ] Application time: 1.0000966 seconds
[1441.899s][info ][safepoint    ] Entering safepoint region: Cleanup
[1441.899s][info ][safepoint    ] Leaving safepoint region
[1441.899s][info ][safepoint    ] Total time for which application threads were stopped: 0.0000807 seconds, Stopping threads took: 0.0000196 seconds
[1442.899s][info ][safepoint    ] Application time: 1.0000873 seconds
[1442.899s][info ][safepoint    ] Entering safepoint region: Cleanup
[1442.899s][info ][safepoint    ] Leaving safepoint region
[1442.899s][info ][safepoint    ] Total time for which application threads were stopped: 0.0000802 seconds, Stopping threads took: 0.0000185 seconds
[1443.899s][info ][safepoint    ] Application time: 1.0000884 seconds
[1443.899s][info ][safepoint    ] Entering safepoint region: Cleanup
[1443.899s][info ][safepoint    ] Leaving safepoint region
[1443.899s][info ][safepoint    ] Total time for which application threads were stopped: 0.0001150 seconds, Stopping threads took: 0.0000539 seconds
[1444.900s][info ][safepoint    ] Application time: 1.0000845 seconds
[1444.900s][info ][safepoint    ] Entering safepoint region: Cleanup
[1444.900s][info ][safepoint    ] Leaving safepoint region
[1444.900s][info ][safepoint    ] Total time for which application threads were stopped: 0.0000948 seconds, Stopping threads took: 0.0000193 seconds
[1445.900s][info ][safepoint    ] Application time: 1.0000936 seconds
[1445.900s][info ][safepoint    ] Entering safepoint region: Cleanup
[1445.900s][info ][safepoint    ] Leaving safepoint region
[1445.900s][info ][safepoint    ] Total time for which application threads were stopped: 0.0000836 seconds, Stopping threads took: 0.0000215 seconds
[1446.900s][info ][safepoint    ] Application time: 1.0000557 seconds
[1446.900s][info ][safepoint    ] Entering safepoint region: Cleanup
[1446.900s][info ][safepoint    ] Leaving safepoint region
[1446.900s][info ][safepoint    ] Total time for which application threads were stopped: 0.0000971 seconds, Stopping threads took: 0.0000192 seconds
[1447.900s][info ][safepoint    ] Application time: 1.0000889 seconds
[1447.900s][info ][safepoint    ] Entering safepoint region: Cleanup
[1447.900s][info ][safepoint    ] Leaving safepoint region
[1447.900s][info ][safepoint    ] Total time for which application threads were stopped: 0.0001029 seconds, Stopping threads took: 0.0000194 seconds
[1448.900s][info ][safepoint    ] Application time: 1.0000863 seconds
[1448.900s][info ][safepoint    ] Entering safepoint region: Cleanup
[1448.901s][info ][safepoint    ] Leaving safepoint region
[1448.901s][info ][safepoint    ] Total time for which application threads were stopped: 0.0000841 seconds, Stopping threads took: 0.0000190 seconds
[1449.901s][info ][safepoint    ] Application time: 1.0000975 seconds
[1449.901s][info ][safepoint    ] Entering safepoint region: Cleanup
[1449.901s][info ][safepoint    ] Leaving safepoint region
[1449.901s][info ][safepoint    ] Total time for which application threads were stopped: 0.0000780 seconds, Stopping threads took: 0.0000198 seconds
[1450.902s][info ][safepoint    ] Application time: 1.0000813 seconds
[1450.902s][info ][safepoint    ] Entering safepoint region: Cleanup
[1450.902s][info ][safepoint    ] Leaving safepoint region
[1450.902s][info ][safepoint    ] Total time for which application threads were stopped: 0.0000932 seconds, Stopping threads took: 0.0000174 seconds
[1451.902s][info ][safepoint    ] Application time: 1.0000854 seconds
[1451.902s][info ][safepoint    ] Entering safepoint region: Cleanup
[1451.902s][info ][safepoint    ] Leaving safepoint region
[1451.902s][info ][safepoint    ] Total time for which application threads were stopped: 0.0000781 seconds, Stopping threads took: 0.0000189 seconds
[1452.902s][info ][safepoint    ] Application time: 1.0000841 seconds
[1452.902s][info ][safepoint    ] Entering safepoint region: Cleanup
[1452.902s][info ][safepoint    ] Leaving safepoint region
[1452.902s][info ][safepoint    ] Total time for which application threads were stopped: 0.0000793 seconds, Stopping threads took: 0.0000182 seconds
[1453.902s][info ][safepoint    ] Application time: 1.0000370 seconds
[1453.902s][info ][safepoint    ] Entering safepoint region: Cleanup
[1453.902s][info ][safepoint    ] Leaving safepoint region
[1453.902s][info ][safepoint    ] Total time for which application threads were stopped: 0.0000947 seconds, Stopping threads took: 0.0000190 seconds
[1454.902s][info ][safepoint    ] Application time: 1.0000888 seconds
[1454.902s][info ][safepoint    ] Entering safepoint region: Cleanup
[1454.902s][info ][safepoint    ] Leaving safepoint region
[1454.902s][info ][safepoint    ] Total time for which application threads were stopped: 0.0000810 seconds, Stopping threads took: 0.0000185 seconds
[1455.903s][info ][safepoint    ] Application time: 1.0000936 seconds
[1455.903s][info ][safepoint    ] Entering safepoint region: Cleanup
[1455.903s][info ][safepoint    ] Leaving safepoint region
[1455.903s][info ][safepoint    ] Total time for which application threads were stopped: 0.0000968 seconds, Stopping threads took: 0.0000188 seconds
[1456.903s][info ][safepoint    ] Application time: 1.0000890 seconds
[1456.903s][info ][safepoint    ] Entering safepoint region: Cleanup
[1456.903s][info ][safepoint    ] Leaving safepoint region
[1456.903s][info ][safepoint    ] Total time for which application threads were stopped: 0.0000963 seconds, Stopping threads took: 0.0000361 seconds
[1457.903s][info ][safepoint    ] Application time: 1.0000855 seconds
[1457.903s][info ][safepoint    ] Entering safepoint region: Cleanup
[1457.903s][info ][safepoint    ] Leaving safepoint region
[1457.903s][info ][safepoint    ] Total time for which application threads were stopped: 0.0001018 seconds, Stopping threads took: 0.0000198 seconds
[1458.903s][info ][safepoint    ] Application time: 1.0001226 seconds
[1458.903s][info ][safepoint    ] Entering safepoint region: Cleanup
[1458.903s][info ][safepoint    ] Leaving safepoint region
[1458.903s][info ][safepoint    ] Total time for which application threads were stopped: 0.0000794 seconds, Stopping threads took: 0.0000192 seconds
[1459.903s][info ][safepoint    ] Application time: 1.0000465 seconds
[1459.904s][info ][safepoint    ] Entering safepoint region: Cleanup
[1459.904s][info ][safepoint    ] Leaving safepoint region
[1459.904s][info ][safepoint    ] Total time for which application threads were stopped: 0.0001109 seconds, Stopping threads took: 0.0000338 seconds
[1460.904s][info ][safepoint    ] Application time: 1.0000915 seconds
[1460.904s][info ][safepoint    ] Entering safepoint region: Cleanup
[1460.904s][info ][safepoint    ] Leaving safepoint region
[1460.904s][info ][safepoint    ] Total time for which application threads were stopped: 0.0000834 seconds, Stopping threads took: 0.0000212 seconds
[1461.904s][info ][safepoint    ] Application time: 1.0000546 seconds
[1461.904s][info ][safepoint    ] Entering safepoint region: Cleanup
[1461.904s][info ][safepoint    ] Leaving safepoint region
[1461.904s][info ][safepoint    ] Total time for which application threads were stopped: 0.0000868 seconds, Stopping threads took: 0.0000185 seconds
[1462.904s][info ][safepoint    ] Application time: 1.0000757 seconds
[1462.904s][info ][safepoint    ] Entering safepoint region: Cleanup
[1462.904s][info ][safepoint    ] Leaving safepoint region
[1462.904s][info ][safepoint    ] Total time for which application threads were stopped: 0.0000968 seconds, Stopping threads took: 0.0000175 seconds
[1463.904s][info ][safepoint    ] Application time: 1.0001387 seconds
[1463.904s][info ][safepoint    ] Entering safepoint region: Cleanup
[1463.904s][info ][safepoint    ] Leaving safepoint region
[1463.904s][info ][safepoint    ] Total time for which application threads were stopped: 0.0000772 seconds, Stopping threads took: 0.0000190 seconds
[1464.905s][info ][safepoint    ] Application time: 1.0000909 seconds
[1464.905s][info ][safepoint    ] Entering safepoint region: Cleanup
[1464.905s][info ][safepoint    ] Leaving safepoint region
[1464.905s][info ][safepoint    ] Total time for which application threads were stopped: 0.0001067 seconds, Stopping threads took: 0.0000397 seconds
[1465.905s][info ][safepoint    ] Application time: 1.0000984 seconds
[1465.905s][info ][safepoint    ] Entering safepoint region: Cleanup
[1465.905s][info ][safepoint    ] Leaving safepoint region
[1465.905s][info ][safepoint    ] Total time for which application threads were stopped: 0.0001119 seconds, Stopping threads took: 0.0000392 seconds
[1466.905s][info ][safepoint    ] Application time: 1.0000897 seconds
[1466.905s][info ][safepoint    ] Entering safepoint region: Cleanup
[1466.905s][info ][safepoint    ] Leaving safepoint region
[1466.905s][info ][safepoint    ] Total time for which application threads were stopped: 0.0000839 seconds, Stopping threads took: 0.0000192 seconds
[1467.905s][info ][safepoint    ] Application time: 1.0000839 seconds
[1467.905s][info ][safepoint    ] Entering safepoint region: Cleanup
[1467.905s][info ][safepoint    ] Leaving safepoint region
[1467.905s][info ][safepoint    ] Total time for which application threads were stopped: 0.0001661 seconds, Stopping threads took: 0.0000920 seconds
[1467.907s][info ][safepoint    ] Application time: 0.0014120 seconds
[1467.907s][info ][safepoint    ] Entering safepoint region: GenCollectForAllocation
[1467.907s][info ][gc,start     ] GC(163) Pause Young (Allocation Failure)
[1467.907s][info ][gc,task      ] GC(163) Using 4 workers of 4 for evacuation
[1467.909s][debug][gc,ref       ] GC(163) Skipped phase1 of Reference Processing due to unavailable references
[1467.909s][debug][gc,ref       ] GC(163) Skipped phase2 of Reference Processing due to unavailable references
[1467.909s][debug][gc,ref       ] GC(163) Skipped phase3 of Reference Processing due to unavailable references
[1467.909s][debug][gc,ref       ] GC(163) Skipped phase4 of Reference Processing due to unavailable references
[1467.909s][debug][gc,age       ] GC(163) Desired survivor size 15400960 bytes, new threshold 6 (max threshold 6)
[1467.909s][info ][gc,heap      ] GC(163) ParNew: 241386K->633K(270976K)
[1467.909s][info ][gc,heap      ] GC(163) CMS: 218364K->218425K(602112K)
[1467.909s][info ][gc,metaspace ] GC(163) Metaspace: 53871K->53871K(1097728K)
[1467.909s][info ][gc           ] GC(163) Pause Young (Allocation Failure) 448M->213M(852M) 2.226ms
[1467.909s][info ][gc,cpu       ] GC(163) User=0.00s Sys=0.01s Real=0.01s
[1467.909s][info ][safepoint    ] Leaving safepoint region
[1467.909s][info ][safepoint    ] Total time for which application threads were stopped: 0.0024321 seconds, Stopping threads took: 0.0000785 seconds
[1468.909s][info ][safepoint    ] Application time: 1.0000813 seconds
[1468.909s][info ][safepoint    ] Entering safepoint region: Cleanup
[1468.910s][info ][safepoint    ] Leaving safepoint region
[1468.910s][info ][safepoint    ] Total time for which application threads were stopped: 0.0000756 seconds, Stopping threads took: 0.0000181 seconds
[1469.910s][info ][safepoint    ] Application time: 1.0000945 seconds
[1469.910s][info ][safepoint    ] Entering safepoint region: Cleanup
[1469.910s][info ][safepoint    ] Leaving safepoint region
[1469.910s][info ][safepoint    ] Total time for which application threads were stopped: 0.0000839 seconds, Stopping threads took: 0.0000198 seconds
[1470.910s][info ][safepoint    ] Application time: 1.0000498 seconds
[1470.910s][info ][safepoint    ] Entering safepoint region: Cleanup
[1470.910s][info ][safepoint    ] Leaving safepoint region
[1470.910s][info ][safepoint    ] Total time for which application threads were stopped: 0.0000841 seconds, Stopping threads took: 0.0000183 seconds
[1471.910s][info ][safepoint    ] Application time: 1.0000961 seconds
[1471.910s][info ][safepoint    ] Entering safepoint region: Cleanup
[1471.910s][info ][safepoint    ] Leaving safepoint region
[1471.910s][info ][safepoint    ] Total time for which application threads were stopped: 0.0000996 seconds, Stopping threads took: 0.0000193 seconds
[1472.910s][info ][safepoint    ] Application time: 1.0000964 seconds
[1472.910s][info ][safepoint    ] Entering safepoint region: Cleanup
[1472.910s][info ][safepoint    ] Leaving safepoint region
[1472.910s][info ][safepoint    ] Total time for which application threads were stopped: 0.0000922 seconds, Stopping threads took: 0.0000186 seconds
[1473.910s][info ][safepoint    ] Application time: 1.0000806 seconds
[1473.911s][info ][safepoint    ] Entering safepoint region: Cleanup
[1473.911s][info ][safepoint    ] Leaving safepoint region
[1473.911s][info ][safepoint    ] Total time for which application threads were stopped: 0.0000824 seconds, Stopping threads took: 0.0000185 seconds
[1474.911s][info ][safepoint    ] Application time: 1.0000482 seconds
[1474.911s][info ][safepoint    ] Entering safepoint region: Cleanup
[1474.911s][info ][safepoint    ] Leaving safepoint region
[1474.911s][info ][safepoint    ] Total time for which application threads were stopped: 0.0000876 seconds, Stopping threads took: 0.0000171 seconds
[1475.911s][info ][safepoint    ] Application time: 1.0000473 seconds
[1475.911s][info ][safepoint    ] Entering safepoint region: Cleanup
[1475.911s][info ][safepoint    ] Leaving safepoint region
[1475.911s][info ][safepoint    ] Total time for which application threads were stopped: 0.0000846 seconds, Stopping threads took: 0.0000197 seconds
[1476.911s][info ][safepoint    ] Application time: 1.0000666 seconds
[1476.911s][info ][safepoint    ] Entering safepoint region: Cleanup
[1476.911s][info ][safepoint    ] Leaving safepoint region
[1476.911s][info ][safepoint    ] Total time for which application threads were stopped: 0.0000986 seconds, Stopping threads took: 0.0000207 seconds
[1477.911s][info ][safepoint    ] Application time: 1.0000624 seconds
[1477.911s][info ][safepoint    ] Entering safepoint region: Cleanup
[1477.911s][info ][safepoint    ] Leaving safepoint region
[1477.911s][info ][safepoint    ] Total time for which application threads were stopped: 0.0000801 seconds, Stopping threads took: 0.0000189 seconds
[1478.911s][info ][safepoint    ] Application time: 1.0001052 seconds
[1478.912s][info ][safepoint    ] Entering safepoint region: Cleanup
[1478.912s][info ][safepoint    ] Leaving safepoint region
[1478.912s][info ][safepoint    ] Total time for which application threads were stopped: 0.0000817 seconds, Stopping threads took: 0.0000192 seconds
[1479.912s][info ][safepoint    ] Application time: 1.0000832 seconds
[1479.912s][info ][safepoint    ] Entering safepoint region: Cleanup
[1479.912s][info ][safepoint    ] Leaving safepoint region
[1479.912s][info ][safepoint    ] Total time for which application threads were stopped: 0.0001040 seconds, Stopping threads took: 0.0000335 seconds
[1480.912s][info ][safepoint    ] Application time: 1.0000852 seconds
[1480.912s][info ][safepoint    ] Entering safepoint region: Cleanup
[1480.912s][info ][safepoint    ] Leaving safepoint region
[1480.912s][info ][safepoint    ] Total time for which application threads were stopped: 0.0000888 seconds, Stopping threads took: 0.0000205 seconds
[1481.912s][info ][safepoint    ] Application time: 1.0000900 seconds
[1481.912s][info ][safepoint    ] Entering safepoint region: Cleanup
[1481.912s][info ][safepoint    ] Leaving safepoint region
[1481.912s][info ][safepoint    ] Total time for which application threads were stopped: 0.0001095 seconds, Stopping threads took: 0.0000201 seconds
[1482.912s][info ][safepoint    ] Application time: 1.0000909 seconds
[1482.912s][info ][safepoint    ] Entering safepoint region: Cleanup
[1482.913s][info ][safepoint    ] Leaving safepoint region
[1482.913s][info ][safepoint    ] Total time for which application threads were stopped: 0.0000832 seconds, Stopping threads took: 0.0000201 seconds
[1483.913s][info ][safepoint    ] Application time: 1.0001061 seconds
[1483.913s][info ][safepoint    ] Entering safepoint region: Cleanup
[1483.913s][info ][safepoint    ] Leaving safepoint region
[1483.913s][info ][safepoint    ] Total time for which application threads were stopped: 0.0000755 seconds, Stopping threads took: 0.0000174 seconds
[1484.913s][info ][safepoint    ] Application time: 1.0000874 seconds
[1484.913s][info ][safepoint    ] Entering safepoint region: Cleanup
[1484.913s][info ][safepoint    ] Leaving safepoint region
[1484.913s][info ][safepoint    ] Total time for which application threads were stopped: 0.0000982 seconds, Stopping threads took: 0.0000331 seconds
[1485.913s][info ][safepoint    ] Application time: 1.0000919 seconds
[1485.913s][info ][safepoint    ] Entering safepoint region: Cleanup
[1485.913s][info ][safepoint    ] Leaving safepoint region
[1485.913s][info ][safepoint    ] Total time for which application threads were stopped: 0.0000976 seconds, Stopping threads took: 0.0000203 seconds
[1486.913s][info ][safepoint    ] Application time: 1.0001006 seconds
[1486.913s][info ][safepoint    ] Entering safepoint region: Cleanup
[1486.913s][info ][safepoint    ] Leaving safepoint region
[1486.913s][info ][safepoint    ] Total time for which application threads were stopped: 0.0000850 seconds, Stopping threads took: 0.0000197 seconds
[1487.914s][info ][safepoint    ] Application time: 1.0001015 seconds
[1487.914s][info ][safepoint    ] Entering safepoint region: Cleanup
[1487.914s][info ][safepoint    ] Leaving safepoint region
[1487.914s][info ][safepoint    ] Total time for which application threads were stopped: 0.0000827 seconds, Stopping threads took: 0.0000219 seconds
[1488.914s][info ][safepoint    ] Application time: 1.0001165 seconds
[1488.914s][info ][safepoint    ] Entering safepoint region: Cleanup
[1488.914s][info ][safepoint    ] Leaving safepoint region
[1488.914s][info ][safepoint    ] Total time for which application threads were stopped: 0.0000822 seconds, Stopping threads took: 0.0000206 seconds
[1489.914s][info ][safepoint    ] Application time: 1.0000975 seconds
[1489.914s][info ][safepoint    ] Entering safepoint region: Cleanup
[1489.914s][info ][safepoint    ] Leaving safepoint region
[1489.914s][info ][safepoint    ] Total time for which application threads were stopped: 0.0000844 seconds, Stopping threads took: 0.0000194 seconds
[1490.914s][info ][safepoint    ] Application time: 1.0000874 seconds
[1490.914s][info ][safepoint    ] Entering safepoint region: Cleanup
[1490.915s][info ][safepoint    ] Leaving safepoint region
[1490.915s][info ][safepoint    ] Total time for which application threads were stopped: 0.0001881 seconds, Stopping threads took: 0.0000554 seconds
[1491.915s][info ][safepoint    ] Application time: 1.0000896 seconds
[1491.915s][info ][safepoint    ] Entering safepoint region: Cleanup
[1491.915s][info ][safepoint    ] Leaving safepoint region
[1491.915s][info ][safepoint    ] Total time for which application threads were stopped: 0.0000847 seconds, Stopping threads took: 0.0000192 seconds
[1492.915s][info ][safepoint    ] Application time: 1.0000992 seconds
[1492.915s][info ][safepoint    ] Entering safepoint region: Cleanup
[1492.915s][info ][safepoint    ] Leaving safepoint region
[1492.915s][info ][safepoint    ] Total time for which application threads were stopped: 0.0000798 seconds, Stopping threads took: 0.0000192 seconds
[1493.915s][info ][safepoint    ] Application time: 1.0000976 seconds
[1493.915s][info ][safepoint    ] Entering safepoint region: Cleanup
[1493.915s][info ][safepoint    ] Leaving safepoint region
[1493.915s][info ][safepoint    ] Total time for which application threads were stopped: 0.0000932 seconds, Stopping threads took: 0.0000196 seconds
[1494.915s][info ][safepoint    ] Application time: 1.0000917 seconds
[1494.915s][info ][safepoint    ] Entering safepoint region: Cleanup
[1494.915s][info ][safepoint    ] Leaving safepoint region
[1494.915s][info ][safepoint    ] Total time for which application threads were stopped: 0.0000807 seconds, Stopping threads took: 0.0000187 seconds
[1495.916s][info ][safepoint    ] Application time: 1.0000816 seconds
[1495.916s][info ][safepoint    ] Entering safepoint region: Cleanup
[1495.916s][info ][safepoint    ] Leaving safepoint region
[1495.916s][info ][safepoint    ] Total time for which application threads were stopped: 0.0001667 seconds, Stopping threads took: 0.0000263 seconds
[1496.917s][info ][safepoint    ] Application time: 1.0004020 seconds
[1496.917s][info ][safepoint    ] Entering safepoint region: Cleanup
[1496.917s][info ][safepoint    ] Leaving safepoint region
[1496.917s][info ][safepoint    ] Total time for which application threads were stopped: 0.0000821 seconds, Stopping threads took: 0.0000193 seconds
[1497.917s][info ][safepoint    ] Application time: 1.0000810 seconds
[1497.917s][info ][safepoint    ] Entering safepoint region: Cleanup
[1497.917s][info ][safepoint    ] Leaving safepoint region
[1497.917s][info ][safepoint    ] Total time for which application threads were stopped: 0.0000799 seconds, Stopping threads took: 0.0000194 seconds
[1498.917s][info ][safepoint    ] Application time: 1.0000899 seconds
[1498.917s][info ][safepoint    ] Entering safepoint region: Cleanup
[1498.917s][info ][safepoint    ] Leaving safepoint region
[1498.917s][info ][safepoint    ] Total time for which application threads were stopped: 0.0000822 seconds, Stopping threads took: 0.0000193 seconds
[1499.917s][info ][safepoint    ] Application time: 1.0001239 seconds
[1499.917s][info ][safepoint    ] Entering safepoint region: Cleanup
[1499.917s][info ][safepoint    ] Leaving safepoint region
[1499.917s][info ][safepoint    ] Total time for which application threads were stopped: 0.0000816 seconds, Stopping threads took: 0.0000200 seconds
[1500.917s][info ][safepoint    ] Application time: 1.0000860 seconds
[1500.918s][info ][safepoint    ] Entering safepoint region: Cleanup
[1500.918s][info ][safepoint    ] Leaving safepoint region
[1500.918s][info ][safepoint    ] Total time for which application threads were stopped: 0.0000967 seconds, Stopping threads took: 0.0000189 seconds
[1501.918s][info ][safepoint    ] Application time: 1.0001209 seconds
[1501.918s][info ][safepoint    ] Entering safepoint region: Cleanup
[1501.918s][info ][safepoint    ] Leaving safepoint region
[1501.918s][info ][safepoint    ] Total time for which application threads were stopped: 0.0000819 seconds, Stopping threads took: 0.0000204 seconds
[1502.918s][info ][safepoint    ] Application time: 1.0000922 seconds
[1502.918s][info ][safepoint    ] Entering safepoint region: Cleanup
[1502.918s][info ][safepoint    ] Leaving safepoint region
[1502.918s][info ][safepoint    ] Total time for which application threads were stopped: 0.0000908 seconds, Stopping threads took: 0.0000157 seconds
[1503.918s][info ][safepoint    ] Application time: 1.0000926 seconds
[1503.918s][info ][safepoint    ] Entering safepoint region: Cleanup
[1503.918s][info ][safepoint    ] Leaving safepoint region
[1503.918s][info ][safepoint    ] Total time for which application threads were stopped: 0.0000866 seconds, Stopping threads took: 0.0000195 seconds
[1504.918s][info ][safepoint    ] Application time: 1.0000891 seconds
[1504.918s][info ][safepoint    ] Entering safepoint region: Cleanup
[1504.918s][info ][safepoint    ] Leaving safepoint region
[1504.919s][info ][safepoint    ] Total time for which application threads were stopped: 0.0000858 seconds, Stopping threads took: 0.0000193 seconds
[1505.394s][info ][safepoint    ] Application time: 0.4753575 seconds
[1505.394s][info ][safepoint    ] Entering safepoint region: GenCollectForAllocation
[1505.394s][info ][gc,start     ] GC(164) Pause Young (Allocation Failure)
[1505.394s][info ][gc,task      ] GC(164) Using 4 workers of 4 for evacuation
[1505.396s][debug][gc,ref       ] GC(164) Skipped phase1 of Reference Processing due to unavailable references
[1505.396s][debug][gc,ref       ] GC(164) Skipped phase2 of Reference Processing due to unavailable references
[1505.396s][debug][gc,ref       ] GC(164) Skipped phase3 of Reference Processing due to unavailable references
[1505.396s][debug][gc,ref       ] GC(164) Skipped phase4 of Reference Processing due to unavailable references
[1505.396s][debug][gc,age       ] GC(164) Desired survivor size 15400960 bytes, new threshold 6 (max threshold 6)
[1505.396s][info ][gc,heap      ] GC(164) ParNew: 241529K->566K(270976K)
[1505.396s][info ][gc,heap      ] GC(164) CMS: 218425K->218432K(602112K)
[1505.396s][info ][gc,metaspace ] GC(164) Metaspace: 53871K->53871K(1097728K)
[1505.396s][info ][gc           ] GC(164) Pause Young (Allocation Failure) 449M->213M(852M) 1.922ms
[1505.396s][info ][gc,cpu       ] GC(164) User=0.01s Sys=0.00s Real=0.00s
[1505.396s][info ][safepoint    ] Leaving safepoint region
[1505.396s][info ][safepoint    ] Total time for which application threads were stopped: 0.0021151 seconds, Stopping threads took: 0.0000438 seconds
[1506.396s][info ][safepoint    ] Application time: 1.0000934 seconds
[1506.396s][info ][safepoint    ] Entering safepoint region: Cleanup
[1506.396s][info ][safepoint    ] Leaving safepoint region
[1506.396s][info ][safepoint    ] Total time for which application threads were stopped: 0.0000877 seconds, Stopping threads took: 0.0000305 seconds
[1507.396s][info ][safepoint    ] Application time: 1.0000998 seconds
[1507.396s][info ][safepoint    ] Entering safepoint region: Cleanup
[1507.396s][info ][safepoint    ] Leaving safepoint region
[1507.396s][info ][safepoint    ] Total time for which application threads were stopped: 0.0000901 seconds, Stopping threads took: 0.0000176 seconds
[1508.397s][info ][safepoint    ] Application time: 1.0001117 seconds
[1508.397s][info ][safepoint    ] Entering safepoint region: Cleanup
[1508.397s][info ][safepoint    ] Leaving safepoint region
[1508.397s][info ][safepoint    ] Total time for which application threads were stopped: 0.0000686 seconds, Stopping threads took: 0.0000169 seconds
[1509.397s][info ][safepoint    ] Application time: 1.0001186 seconds
[1509.397s][info ][safepoint    ] Entering safepoint region: Cleanup
[1509.397s][info ][safepoint    ] Leaving safepoint region
[1509.397s][info ][safepoint    ] Total time for which application threads were stopped: 0.0000760 seconds, Stopping threads took: 0.0000192 seconds
[1510.397s][info ][safepoint    ] Application time: 1.0000470 seconds
[1510.397s][info ][safepoint    ] Entering safepoint region: Cleanup
[1510.397s][info ][safepoint    ] Leaving safepoint region
[1510.397s][info ][safepoint    ] Total time for which application threads were stopped: 0.0000938 seconds, Stopping threads took: 0.0000200 seconds
[1511.397s][info ][safepoint    ] Application time: 1.0001171 seconds
[1511.397s][info ][safepoint    ] Entering safepoint region: Cleanup
[1511.397s][info ][safepoint    ] Leaving safepoint region
[1511.397s][info ][safepoint    ] Total time for which application threads were stopped: 0.0000747 seconds, Stopping threads took: 0.0000197 seconds
[1512.397s][info ][safepoint    ] Application time: 1.0000869 seconds
[1512.397s][info ][safepoint    ] Entering safepoint region: Cleanup
[1512.398s][info ][safepoint    ] Leaving safepoint region
[1512.398s][info ][safepoint    ] Total time for which application threads were stopped: 0.0000935 seconds, Stopping threads took: 0.0000320 seconds
[1513.398s][info ][safepoint    ] Application time: 1.0000778 seconds
[1513.398s][info ][safepoint    ] Entering safepoint region: Cleanup
[1513.398s][info ][safepoint    ] Leaving safepoint region
[1513.398s][info ][safepoint    ] Total time for which application threads were stopped: 0.0001097 seconds, Stopping threads took: 0.0000190 seconds
[1514.398s][info ][safepoint    ] Application time: 1.0000430 seconds
[1514.398s][info ][safepoint    ] Entering safepoint region: Cleanup
[1514.398s][info ][safepoint    ] Leaving safepoint region
[1514.398s][info ][safepoint    ] Total time for which application threads were stopped: 0.0000884 seconds, Stopping threads took: 0.0000186 seconds
[1515.398s][info ][safepoint    ] Application time: 1.0000865 seconds
[1515.398s][info ][safepoint    ] Entering safepoint region: Cleanup
[1515.398s][info ][safepoint    ] Leaving safepoint region
[1515.398s][info ][safepoint    ] Total time for which application threads were stopped: 0.0000742 seconds, Stopping threads took: 0.0000175 seconds
[1516.398s][info ][safepoint    ] Application time: 1.0000918 seconds
[1516.398s][info ][safepoint    ] Entering safepoint region: Cleanup
[1516.398s][info ][safepoint    ] Leaving safepoint region
[1516.398s][info ][safepoint    ] Total time for which application threads were stopped: 0.0000997 seconds, Stopping threads took: 0.0000173 seconds
[1518.399s][info ][safepoint    ] Application time: 2.0001627 seconds
[1518.399s][info ][safepoint    ] Entering safepoint region: Cleanup
[1518.399s][info ][safepoint    ] Leaving safepoint region
[1518.399s][info ][safepoint    ] Total time for which application threads were stopped: 0.0000813 seconds, Stopping threads took: 0.0000191 seconds
[1543.337s][info ][safepoint    ] Application time: 24.9387161 seconds
[1543.337s][info ][safepoint    ] Entering safepoint region: GenCollectForAllocation
[1543.338s][info ][gc,start     ] GC(165) Pause Young (Allocation Failure)
[1543.338s][info ][gc,task      ] GC(165) Using 4 workers of 4 for evacuation
[1543.339s][debug][gc,ref       ] GC(165) Skipped phase1 of Reference Processing due to unavailable references
[1543.339s][debug][gc,ref       ] GC(165) Skipped phase2 of Reference Processing due to unavailable references
[1543.339s][debug][gc,ref       ] GC(165) Skipped phase3 of Reference Processing due to unavailable references
[1543.339s][debug][gc,ref       ] GC(165) Skipped phase4 of Reference Processing due to unavailable references
[1543.339s][debug][gc,age       ] GC(165) Desired survivor size 15400960 bytes, new threshold 6 (max threshold 6)
[1543.340s][info ][gc,heap      ] GC(165) ParNew: 241462K->414K(270976K)
[1543.340s][info ][gc,heap      ] GC(165) CMS: 218432K->218457K(602112K)
[1543.340s][info ][gc,metaspace ] GC(165) Metaspace: 53872K->53872K(1097728K)
[1543.340s][info ][gc           ] GC(165) Pause Young (Allocation Failure) 449M->213M(852M) 1.956ms
[1543.340s][info ][gc,cpu       ] GC(165) User=0.01s Sys=0.00s Real=0.00s
[1543.340s][info ][safepoint    ] Leaving safepoint region
[1543.340s][info ][safepoint    ] Total time for which application threads were stopped: 0.0021062 seconds, Stopping threads took: 0.0000188 seconds
[1547.340s][info ][safepoint    ] Application time: 4.0003786 seconds
[1547.340s][info ][safepoint    ] Entering safepoint region: Cleanup
[1547.340s][info ][safepoint    ] Leaving safepoint region
[1547.340s][info ][safepoint    ] Total time for which application threads were stopped: 0.0001323 seconds, Stopping threads took: 0.0000187 seconds
[1589.497s][info ][safepoint    ] Application time: 42.1568345 seconds
[1589.497s][info ][safepoint    ] Entering safepoint region: GenCollectForAllocation
[1589.497s][info ][gc,start     ] GC(166) Pause Young (Allocation Failure)
[1589.497s][info ][gc,task      ] GC(166) Using 4 workers of 4 for evacuation
[1589.499s][debug][gc,ref       ] GC(166) Skipped phase1 of Reference Processing due to unavailable references
[1589.499s][debug][gc,ref       ] GC(166) Skipped phase2 of Reference Processing due to unavailable references
[1589.499s][debug][gc,ref       ] GC(166) Skipped phase3 of Reference Processing due to unavailable references
[1589.499s][debug][gc,ref       ] GC(166) Skipped phase4 of Reference Processing due to unavailable references
[1589.499s][debug][gc,age       ] GC(166) Desired survivor size 15400960 bytes, new threshold 6 (max threshold 6)
[1589.499s][info ][gc,heap      ] GC(166) ParNew: 241310K->394K(270976K)
[1589.499s][info ][gc,heap      ] GC(166) CMS: 218457K->218463K(602112K)
[1589.499s][info ][gc,metaspace ] GC(166) Metaspace: 53873K->53873K(1097728K)
[1589.499s][info ][gc           ] GC(166) Pause Young (Allocation Failure) 448M->213M(852M) 1.925ms
[1589.499s][info ][gc,cpu       ] GC(166) User=0.01s Sys=0.00s Real=0.00s
[1589.499s][info ][safepoint    ] Leaving safepoint region
[1589.499s][info ][safepoint    ] Total time for which application threads were stopped: 0.0021012 seconds, Stopping threads took: 0.0000322 seconds
[1590.499s][info ][safepoint    ] Application time: 1.0001044 seconds
[1590.499s][info ][safepoint    ] Entering safepoint region: Cleanup
[1590.499s][info ][safepoint    ] Leaving safepoint region
[1590.499s][info ][safepoint    ] Total time for which application threads were stopped: 0.0000923 seconds, Stopping threads took: 0.0000323 seconds
[1591.499s][info ][safepoint    ] Application time: 1.0000895 seconds
[1591.500s][info ][safepoint    ] Entering safepoint region: Cleanup
[1591.500s][info ][safepoint    ] Leaving safepoint region
[1591.500s][info ][safepoint    ] Total time for which application threads were stopped: 0.0000824 seconds, Stopping threads took: 0.0000193 seconds
[1592.500s][info ][safepoint    ] Application time: 1.0000873 seconds
[1592.500s][info ][safepoint    ] Entering safepoint region: Cleanup
[1592.500s][info ][safepoint    ] Leaving safepoint region
[1592.500s][info ][safepoint    ] Total time for which application threads were stopped: 0.0000788 seconds, Stopping threads took: 0.0000179 seconds
[1593.500s][info ][safepoint    ] Application time: 1.0000843 seconds
[1593.500s][info ][safepoint    ] Entering safepoint region: Cleanup
[1593.500s][info ][safepoint    ] Leaving safepoint region
[1593.500s][info ][safepoint    ] Total time for which application threads were stopped: 0.0000794 seconds, Stopping threads took: 0.0000218 seconds
[1594.500s][info ][safepoint    ] Application time: 1.0001011 seconds
[1594.500s][info ][safepoint    ] Entering safepoint region: Cleanup
[1594.500s][info ][safepoint    ] Leaving safepoint region
[1594.500s][info ][safepoint    ] Total time for which application threads were stopped: 0.0000961 seconds, Stopping threads took: 0.0000348 seconds
[1595.500s][info ][safepoint    ] Application time: 1.0000873 seconds
[1595.500s][info ][safepoint    ] Entering safepoint region: Cleanup
[1595.501s][info ][safepoint    ] Leaving safepoint region
[1595.501s][info ][safepoint    ] Total time for which application threads were stopped: 0.0000807 seconds, Stopping threads took: 0.0000184 seconds
[1596.501s][info ][safepoint    ] Application time: 1.0000985 seconds
[1596.501s][info ][safepoint    ] Entering safepoint region: Cleanup
[1596.501s][info ][safepoint    ] Leaving safepoint region
[1596.501s][info ][safepoint    ] Total time for which application threads were stopped: 0.0000787 seconds, Stopping threads took: 0.0000191 seconds
[1597.501s][info ][safepoint    ] Application time: 1.0000905 seconds
[1597.501s][info ][safepoint    ] Entering safepoint region: Cleanup
[1597.501s][info ][safepoint    ] Leaving safepoint region
[1597.501s][info ][safepoint    ] Total time for which application threads were stopped: 0.0000958 seconds, Stopping threads took: 0.0000194 seconds
[1598.501s][info ][safepoint    ] Application time: 1.0000867 seconds
[1598.501s][info ][safepoint    ] Entering safepoint region: Cleanup
[1598.501s][info ][safepoint    ] Leaving safepoint region
[1598.501s][info ][safepoint    ] Total time for which application threads were stopped: 0.0000946 seconds, Stopping threads took: 0.0000196 seconds
[1599.501s][info ][safepoint    ] Application time: 1.0000819 seconds
[1599.501s][info ][safepoint    ] Entering safepoint region: Cleanup
[1599.501s][info ][safepoint    ] Leaving safepoint region
[1599.501s][info ][safepoint    ] Total time for which application threads were stopped: 0.0000729 seconds, Stopping threads took: 0.0000161 seconds
[1600.502s][info ][safepoint    ] Application time: 1.0000882 seconds
[1600.502s][info ][safepoint    ] Entering safepoint region: Cleanup
[1600.502s][info ][safepoint    ] Leaving safepoint region
[1600.502s][info ][safepoint    ] Total time for which application threads were stopped: 0.0000749 seconds, Stopping threads took: 0.0000187 seconds
[1601.502s][info ][safepoint    ] Application time: 1.0000473 seconds
[1601.502s][info ][safepoint    ] Entering safepoint region: Cleanup
[1601.502s][info ][safepoint    ] Leaving safepoint region
[1601.502s][info ][safepoint    ] Total time for which application threads were stopped: 0.0000795 seconds, Stopping threads took: 0.0000209 seconds
[1602.502s][info ][safepoint    ] Application time: 1.0000587 seconds
[1602.502s][info ][safepoint    ] Entering safepoint region: Cleanup
[1602.502s][info ][safepoint    ] Leaving safepoint region
[1602.502s][info ][safepoint    ] Total time for which application threads were stopped: 0.0000772 seconds, Stopping threads took: 0.0000183 seconds
[1603.502s][info ][safepoint    ] Application time: 1.0000870 seconds
[1603.502s][info ][safepoint    ] Entering safepoint region: Cleanup
[1603.502s][info ][safepoint    ] Leaving safepoint region
[1603.502s][info ][safepoint    ] Total time for which application threads were stopped: 0.0000807 seconds, Stopping threads took: 0.0000194 seconds
[1604.502s][info ][safepoint    ] Application time: 1.0000900 seconds
[1604.502s][info ][safepoint    ] Entering safepoint region: Cleanup
[1604.502s][info ][safepoint    ] Leaving safepoint region
[1604.502s][info ][safepoint    ] Total time for which application threads were stopped: 0.0000993 seconds, Stopping threads took: 0.0000193 seconds
[1605.503s][info ][safepoint    ] Application time: 1.0000843 seconds
[1605.503s][info ][safepoint    ] Entering safepoint region: Cleanup
[1605.503s][info ][safepoint    ] Leaving safepoint region
[1605.503s][info ][safepoint    ] Total time for which application threads were stopped: 0.0000776 seconds, Stopping threads took: 0.0000188 seconds
[1606.503s][info ][safepoint    ] Application time: 1.0001234 seconds
[1606.503s][info ][safepoint    ] Entering safepoint region: Cleanup
[1606.503s][info ][safepoint    ] Leaving safepoint region
[1606.503s][info ][safepoint    ] Total time for which application threads were stopped: 0.0000800 seconds, Stopping threads took: 0.0000205 seconds
[1607.503s][info ][safepoint    ] Application time: 1.0000850 seconds
[1607.503s][info ][safepoint    ] Entering safepoint region: Cleanup
[1607.503s][info ][safepoint    ] Leaving safepoint region
[1607.503s][info ][safepoint    ] Total time for which application threads were stopped: 0.0000894 seconds, Stopping threads took: 0.0000286 seconds
[1608.503s][info ][safepoint    ] Application time: 1.0000884 seconds
[1608.503s][info ][safepoint    ] Entering safepoint region: Cleanup
[1608.503s][info ][safepoint    ] Leaving safepoint region
[1608.503s][info ][safepoint    ] Total time for which application threads were stopped: 0.0000795 seconds, Stopping threads took: 0.0000175 seconds
[1609.503s][info ][safepoint    ] Application time: 1.0000650 seconds
[1609.503s][info ][safepoint    ] Entering safepoint region: Cleanup
[1609.503s][info ][safepoint    ] Leaving safepoint region
[1609.504s][info ][safepoint    ] Total time for which application threads were stopped: 0.0000772 seconds, Stopping threads took: 0.0000171 seconds
[1610.504s][info ][safepoint    ] Application time: 1.0000827 seconds
[1610.504s][info ][safepoint    ] Entering safepoint region: Cleanup
[1610.504s][info ][safepoint    ] Leaving safepoint region
[1610.504s][info ][safepoint    ] Total time for which application threads were stopped: 0.0000972 seconds, Stopping threads took: 0.0000350 seconds
[1611.504s][info ][safepoint    ] Application time: 1.0000899 seconds
[1611.504s][info ][safepoint    ] Entering safepoint region: Cleanup
[1611.504s][info ][safepoint    ] Leaving safepoint region
[1611.504s][info ][safepoint    ] Total time for which application threads were stopped: 0.0000751 seconds, Stopping threads took: 0.0000178 seconds
[1612.504s][info ][safepoint    ] Application time: 1.0000857 seconds
[1612.504s][info ][safepoint    ] Entering safepoint region: Cleanup
[1612.504s][info ][safepoint    ] Leaving safepoint region
[1612.504s][info ][safepoint    ] Total time for which application threads were stopped: 0.0000830 seconds, Stopping threads took: 0.0000220 seconds
[1613.504s][info ][safepoint    ] Application time: 1.0000878 seconds
[1613.504s][info ][safepoint    ] Entering safepoint region: Cleanup
[1613.504s][info ][safepoint    ] Leaving safepoint region
[1613.504s][info ][safepoint    ] Total time for which application threads were stopped: 0.0000895 seconds, Stopping threads took: 0.0000212 seconds
[1614.505s][info ][safepoint    ] Application time: 1.0000837 seconds
[1614.505s][info ][safepoint    ] Entering safepoint region: Cleanup
[1614.505s][info ][safepoint    ] Leaving safepoint region
[1614.505s][info ][safepoint    ] Total time for which application threads were stopped: 0.0001023 seconds, Stopping threads took: 0.0000199 seconds
[1615.505s][info ][safepoint    ] Application time: 1.0001247 seconds
[1615.505s][info ][safepoint    ] Entering safepoint region: Cleanup
[1615.505s][info ][safepoint    ] Leaving safepoint region
[1615.505s][info ][safepoint    ] Total time for which application threads were stopped: 0.0000940 seconds, Stopping threads took: 0.0000191 seconds
[1616.505s][info ][safepoint    ] Application time: 1.0000886 seconds
[1616.505s][info ][safepoint    ] Entering safepoint region: Cleanup
[1616.505s][info ][safepoint    ] Leaving safepoint region
[1616.505s][info ][safepoint    ] Total time for which application threads were stopped: 0.0000842 seconds, Stopping threads took: 0.0000235 seconds
[1617.505s][info ][safepoint    ] Application time: 1.0000730 seconds
[1617.505s][info ][safepoint    ] Entering safepoint region: Cleanup
[1617.505s][info ][safepoint    ] Leaving safepoint region
[1617.505s][info ][safepoint    ] Total time for which application threads were stopped: 0.0000800 seconds, Stopping threads took: 0.0000193 seconds
[1618.505s][info ][safepoint    ] Application time: 1.0000876 seconds
[1618.505s][info ][safepoint    ] Entering safepoint region: Cleanup
[1618.506s][info ][safepoint    ] Leaving safepoint region
[1618.506s][info ][safepoint    ] Total time for which application threads were stopped: 0.0000811 seconds, Stopping threads took: 0.0000190 seconds
[1619.506s][info ][safepoint    ] Application time: 1.0005532 seconds
[1619.506s][info ][safepoint    ] Entering safepoint region: Cleanup
[1619.506s][info ][safepoint    ] Leaving safepoint region
[1619.506s][info ][safepoint    ] Total time for which application threads were stopped: 0.0000820 seconds, Stopping threads took: 0.0000203 seconds
[1620.506s][info ][safepoint    ] Application time: 1.0000930 seconds
[1620.506s][info ][safepoint    ] Entering safepoint region: Cleanup
[1620.506s][info ][safepoint    ] Leaving safepoint region
[1620.506s][info ][safepoint    ] Total time for which application threads were stopped: 0.0000826 seconds, Stopping threads took: 0.0000202 seconds
[1621.507s][info ][safepoint    ] Application time: 1.0000644 seconds
[1621.507s][info ][safepoint    ] Entering safepoint region: Cleanup
[1621.507s][info ][safepoint    ] Leaving safepoint region
[1621.507s][info ][safepoint    ] Total time for which application threads were stopped: 0.0000786 seconds, Stopping threads took: 0.0000195 seconds
[1622.507s][info ][safepoint    ] Application time: 1.0001228 seconds
[1622.507s][info ][safepoint    ] Entering safepoint region: Cleanup
[1622.507s][info ][safepoint    ] Leaving safepoint region
[1622.507s][info ][safepoint    ] Total time for which application threads were stopped: 0.0000923 seconds, Stopping threads took: 0.0000206 seconds
[1623.507s][info ][safepoint    ] Application time: 1.0000949 seconds
[1623.507s][info ][safepoint    ] Entering safepoint region: Cleanup
[1623.507s][info ][safepoint    ] Leaving safepoint region
[1623.507s][info ][safepoint    ] Total time for which application threads were stopped: 0.0000811 seconds, Stopping threads took: 0.0000204 seconds
[1624.507s][info ][safepoint    ] Application time: 1.0000887 seconds
[1624.507s][info ][safepoint    ] Entering safepoint region: Cleanup
[1624.507s][info ][safepoint    ] Leaving safepoint region
[1624.507s][info ][safepoint    ] Total time for which application threads were stopped: 0.0000849 seconds, Stopping threads took: 0.0000220 seconds
[1625.508s][info ][safepoint    ] Application time: 1.0000958 seconds
[1625.508s][info ][safepoint    ] Entering safepoint region: Cleanup
[1625.508s][info ][safepoint    ] Leaving safepoint region
[1625.508s][info ][safepoint    ] Total time for which application threads were stopped: 0.0000855 seconds, Stopping threads took: 0.0000228 seconds
[1626.508s][info ][safepoint    ] Application time: 1.0000918 seconds
[1626.508s][info ][safepoint    ] Entering safepoint region: Cleanup
[1626.508s][info ][safepoint    ] Leaving safepoint region
[1626.508s][info ][safepoint    ] Total time for which application threads were stopped: 0.0000948 seconds, Stopping threads took: 0.0000332 seconds
[1627.508s][info ][safepoint    ] Application time: 1.0000897 seconds
[1627.508s][info ][safepoint    ] Entering safepoint region: Cleanup
[1627.508s][info ][safepoint    ] Leaving safepoint region
[1627.508s][info ][safepoint    ] Total time for which application threads were stopped: 0.0000805 seconds, Stopping threads took: 0.0000203 seconds
[1628.508s][info ][safepoint    ] Application time: 1.0000593 seconds
[1628.508s][info ][safepoint    ] Entering safepoint region: Cleanup
[1628.508s][info ][safepoint    ] Leaving safepoint region
[1628.508s][info ][safepoint    ] Total time for which application threads were stopped: 0.0001076 seconds, Stopping threads took: 0.0000191 seconds
[1629.508s][info ][safepoint    ] Application time: 1.0000827 seconds
[1629.508s][info ][safepoint    ] Entering safepoint region: Cleanup
[1629.509s][info ][safepoint    ] Leaving safepoint region
[1629.509s][info ][safepoint    ] Total time for which application threads were stopped: 0.0000975 seconds, Stopping threads took: 0.0000179 seconds
[1630.509s][info ][safepoint    ] Application time: 1.0000869 seconds
[1630.509s][info ][safepoint    ] Entering safepoint region: Cleanup
[1630.509s][info ][safepoint    ] Leaving safepoint region
[1630.509s][info ][safepoint    ] Total time for which application threads were stopped: 0.0000826 seconds, Stopping threads took: 0.0000209 seconds
[1630.533s][info ][safepoint    ] Application time: 0.0241465 seconds
[1630.533s][info ][safepoint    ] Entering safepoint region: GenCollectForAllocation
[1630.533s][info ][gc,start     ] GC(167) Pause Young (Allocation Failure)
[1630.533s][info ][gc,task      ] GC(167) Using 4 workers of 4 for evacuation
[1630.535s][debug][gc,ref       ] GC(167) Skipped phase1 of Reference Processing due to unavailable references
[1630.535s][debug][gc,ref       ] GC(167) Skipped phase2 of Reference Processing due to unavailable references
[1630.535s][debug][gc,ref       ] GC(167) Skipped phase3 of Reference Processing due to unavailable references
[1630.535s][debug][gc,ref       ] GC(167) Skipped phase4 of Reference Processing due to unavailable references
[1630.535s][debug][gc,age       ] GC(167) Desired survivor size 15400960 bytes, new threshold 6 (max threshold 6)
[1630.535s][info ][gc,heap      ] GC(167) ParNew: 241290K->380K(270976K)
[1630.535s][info ][gc,heap      ] GC(167) CMS: 218463K->218466K(602112K)
[1630.535s][info ][gc,metaspace ] GC(167) Metaspace: 53876K->53876K(1097728K)
[1630.535s][info ][gc           ] GC(167) Pause Young (Allocation Failure) 448M->213M(852M) 1.850ms
[1630.535s][info ][gc,cpu       ] GC(167) User=0.01s Sys=0.00s Real=0.00s
[1630.535s][info ][safepoint    ] Leaving safepoint region
[1630.535s][info ][safepoint    ] Total time for which application threads were stopped: 0.0020381 seconds, Stopping threads took: 0.0000193 seconds
[1631.535s][info ][safepoint    ] Application time: 1.0000911 seconds
[1631.535s][info ][safepoint    ] Entering safepoint region: Cleanup
[1631.535s][info ][safepoint    ] Leaving safepoint region
[1631.535s][info ][safepoint    ] Total time for which application threads were stopped: 0.0000948 seconds, Stopping threads took: 0.0000312 seconds
[1632.535s][info ][safepoint    ] Application time: 1.0000844 seconds
[1632.535s][info ][safepoint    ] Entering safepoint region: Cleanup
[1632.535s][info ][safepoint    ] Leaving safepoint region
[1632.535s][info ][safepoint    ] Total time for which application threads were stopped: 0.0000767 seconds, Stopping threads took: 0.0000167 seconds
[1633.536s][info ][safepoint    ] Application time: 1.0000524 seconds
[1633.536s][info ][safepoint    ] Entering safepoint region: Cleanup
[1633.536s][info ][safepoint    ] Leaving safepoint region
[1633.536s][info ][safepoint    ] Total time for which application threads were stopped: 0.0000767 seconds, Stopping threads took: 0.0000177 seconds
[1634.536s][info ][safepoint    ] Application time: 1.0000874 seconds
[1634.536s][info ][safepoint    ] Entering safepoint region: Cleanup
[1634.536s][info ][safepoint    ] Leaving safepoint region
[1634.536s][info ][safepoint    ] Total time for which application threads were stopped: 0.0000791 seconds, Stopping threads took: 0.0000166 seconds
[1635.536s][info ][safepoint    ] Application time: 1.0000789 seconds
[1635.536s][info ][safepoint    ] Entering safepoint region: Cleanup
[1635.536s][info ][safepoint    ] Leaving safepoint region
[1635.536s][info ][safepoint    ] Total time for which application threads were stopped: 0.0000880 seconds, Stopping threads took: 0.0000286 seconds
[1636.536s][info ][safepoint    ] Application time: 1.0001190 seconds
[1636.536s][info ][safepoint    ] Entering safepoint region: Cleanup
[1636.536s][info ][safepoint    ] Leaving safepoint region
[1636.536s][info ][safepoint    ] Total time for which application threads were stopped: 0.0001006 seconds, Stopping threads took: 0.0000185 seconds
[1637.536s][info ][safepoint    ] Application time: 1.0000886 seconds
[1637.536s][info ][safepoint    ] Entering safepoint region: Cleanup
[1637.536s][info ][safepoint    ] Leaving safepoint region
[1637.536s][info ][safepoint    ] Total time for which application threads were stopped: 0.0000814 seconds, Stopping threads took: 0.0000191 seconds
[1638.537s][info ][safepoint    ] Application time: 1.0000917 seconds
[1638.537s][info ][safepoint    ] Entering safepoint region: Cleanup
[1638.537s][info ][safepoint    ] Leaving safepoint region
[1638.537s][info ][safepoint    ] Total time for which application threads were stopped: 0.0000823 seconds, Stopping threads took: 0.0000191 seconds
[1639.537s][info ][safepoint    ] Application time: 1.0001211 seconds
[1639.537s][info ][safepoint    ] Entering safepoint region: Cleanup
[1639.537s][info ][safepoint    ] Leaving safepoint region
[1639.537s][info ][safepoint    ] Total time for which application threads were stopped: 0.0000841 seconds, Stopping threads took: 0.0000185 seconds
[1640.537s][info ][safepoint    ] Application time: 1.0000578 seconds
[1640.537s][info ][safepoint    ] Entering safepoint region: Cleanup
[1640.537s][info ][safepoint    ] Leaving safepoint region
[1640.537s][info ][safepoint    ] Total time for which application threads were stopped: 0.0000813 seconds, Stopping threads took: 0.0000193 seconds
[1641.537s][info ][safepoint    ] Application time: 1.0000808 seconds
[1641.537s][info ][safepoint    ] Entering safepoint region: Cleanup
[1641.537s][info ][safepoint    ] Leaving safepoint region
[1641.537s][info ][safepoint    ] Total time for which application threads were stopped: 0.0001166 seconds, Stopping threads took: 0.0000365 seconds
[1642.538s][info ][safepoint    ] Application time: 1.0000844 seconds
[1642.538s][info ][safepoint    ] Entering safepoint region: Cleanup
[1642.538s][info ][safepoint    ] Leaving safepoint region
[1642.538s][info ][safepoint    ] Total time for which application threads were stopped: 0.0000965 seconds, Stopping threads took: 0.0000191 seconds
[1643.538s][info ][safepoint    ] Application time: 1.0000925 seconds
[1643.538s][info ][safepoint    ] Entering safepoint region: Cleanup
[1643.538s][info ][safepoint    ] Leaving safepoint region
[1643.538s][info ][safepoint    ] Total time for which application threads were stopped: 0.0001215 seconds, Stopping threads took: 0.0000569 seconds
[1644.538s][info ][safepoint    ] Application time: 1.0001011 seconds
[1644.538s][info ][safepoint    ] Entering safepoint region: Cleanup
[1644.538s][info ][safepoint    ] Leaving safepoint region
[1644.538s][info ][safepoint    ] Total time for which application threads were stopped: 0.0002291 seconds, Stopping threads took: 0.0001667 seconds
[1645.538s][info ][safepoint    ] Application time: 1.0000883 seconds
[1645.538s][info ][safepoint    ] Entering safepoint region: Cleanup
[1645.539s][info ][safepoint    ] Leaving safepoint region
[1645.539s][info ][safepoint    ] Total time for which application threads were stopped: 0.0000815 seconds, Stopping threads took: 0.0000170 seconds
[1646.539s][info ][safepoint    ] Application time: 1.0000362 seconds
[1646.539s][info ][safepoint    ] Entering safepoint region: Cleanup
[1646.539s][info ][safepoint    ] Leaving safepoint region
[1646.539s][info ][safepoint    ] Total time for which application threads were stopped: 0.0000953 seconds, Stopping threads took: 0.0000178 seconds
[1647.539s][info ][safepoint    ] Application time: 1.0000496 seconds
[1647.539s][info ][safepoint    ] Entering safepoint region: Cleanup
[1647.539s][info ][safepoint    ] Leaving safepoint region
[1647.539s][info ][safepoint    ] Total time for which application threads were stopped: 0.0000842 seconds, Stopping threads took: 0.0000173 seconds
[1648.539s][info ][safepoint    ] Application time: 1.0000934 seconds
[1648.539s][info ][safepoint    ] Entering safepoint region: Cleanup
[1648.539s][info ][safepoint    ] Leaving safepoint region
[1648.539s][info ][safepoint    ] Total time for which application threads were stopped: 0.0000822 seconds, Stopping threads took: 0.0000178 seconds
[1649.539s][info ][safepoint    ] Application time: 1.0000895 seconds
[1649.539s][info ][safepoint    ] Entering safepoint region: Cleanup
[1649.539s][info ][safepoint    ] Leaving safepoint region
[1649.539s][info ][safepoint    ] Total time for which application threads were stopped: 0.0000975 seconds, Stopping threads took: 0.0000338 seconds
[1650.539s][info ][safepoint    ] Application time: 1.0000437 seconds
[1650.539s][info ][safepoint    ] Entering safepoint region: Cleanup
[1650.540s][info ][safepoint    ] Leaving safepoint region
[1650.540s][info ][safepoint    ] Total time for which application threads were stopped: 0.0000804 seconds, Stopping threads took: 0.0000185 seconds
[1651.540s][info ][safepoint    ] Application time: 1.0000852 seconds
[1651.540s][info ][safepoint    ] Entering safepoint region: Cleanup
[1651.540s][info ][safepoint    ] Leaving safepoint region
[1651.540s][info ][safepoint    ] Total time for which application threads were stopped: 0.0000945 seconds, Stopping threads took: 0.0000177 seconds
[1652.540s][info ][safepoint    ] Application time: 1.0000897 seconds
[1652.540s][info ][safepoint    ] Entering safepoint region: Cleanup
[1652.540s][info ][safepoint    ] Leaving safepoint region
[1652.540s][info ][safepoint    ] Total time for which application threads were stopped: 0.0000797 seconds, Stopping threads took: 0.0000195 seconds
[1653.540s][info ][safepoint    ] Application time: 1.0000877 seconds
[1653.540s][info ][safepoint    ] Entering safepoint region: Cleanup
[1653.540s][info ][safepoint    ] Leaving safepoint region
[1653.540s][info ][safepoint    ] Total time for which application threads were stopped: 0.0000785 seconds, Stopping threads took: 0.0000169 seconds
[1654.540s][info ][safepoint    ] Application time: 1.0001159 seconds
[1654.540s][info ][safepoint    ] Entering safepoint region: Cleanup
[1654.540s][info ][safepoint    ] Leaving safepoint region
[1654.540s][info ][safepoint    ] Total time for which application threads were stopped: 0.0000831 seconds, Stopping threads took: 0.0000198 seconds
[1655.541s][info ][safepoint    ] Application time: 1.0000951 seconds
[1655.541s][info ][safepoint    ] Entering safepoint region: Cleanup
[1655.541s][info ][safepoint    ] Leaving safepoint region
[1655.541s][info ][safepoint    ] Total time for which application threads were stopped: 0.0000820 seconds, Stopping threads took: 0.0000183 seconds
[1656.541s][info ][safepoint    ] Application time: 1.0000773 seconds
[1656.541s][info ][safepoint    ] Entering safepoint region: Cleanup
[1656.541s][info ][safepoint    ] Leaving safepoint region
[1656.541s][info ][safepoint    ] Total time for which application threads were stopped: 0.0001000 seconds, Stopping threads took: 0.0000332 seconds
[1657.541s][info ][safepoint    ] Application time: 1.0000838 seconds
[1657.541s][info ][safepoint    ] Entering safepoint region: Cleanup
[1657.541s][info ][safepoint    ] Leaving safepoint region
[1657.541s][info ][safepoint    ] Total time for which application threads were stopped: 0.0000966 seconds, Stopping threads took: 0.0000315 seconds
[1658.541s][info ][safepoint    ] Application time: 1.0000870 seconds
[1658.541s][info ][safepoint    ] Entering safepoint region: Cleanup
[1658.541s][info ][safepoint    ] Leaving safepoint region
[1658.541s][info ][safepoint    ] Total time for which application threads were stopped: 0.0000769 seconds, Stopping threads took: 0.0000166 seconds
[1659.541s][info ][safepoint    ] Application time: 1.0000780 seconds
[1659.541s][info ][safepoint    ] Entering safepoint region: Cleanup
[1659.541s][info ][safepoint    ] Leaving safepoint region
[1659.541s][info ][safepoint    ] Total time for which application threads were stopped: 0.0000809 seconds, Stopping threads took: 0.0000179 seconds
[1660.542s][info ][safepoint    ] Application time: 1.0000901 seconds
[1660.542s][info ][safepoint    ] Entering safepoint region: Cleanup
[1660.542s][info ][safepoint    ] Leaving safepoint region
[1660.542s][info ][safepoint    ] Total time for which application threads were stopped: 0.0000864 seconds, Stopping threads took: 0.0000171 seconds
[1661.542s][info ][safepoint    ] Application time: 1.0001207 seconds
[1661.542s][info ][safepoint    ] Entering safepoint region: Cleanup
[1661.542s][info ][safepoint    ] Leaving safepoint region
[1661.542s][info ][safepoint    ] Total time for which application threads were stopped: 0.0000837 seconds, Stopping threads took: 0.0000200 seconds
[1662.542s][info ][safepoint    ] Application time: 1.0000939 seconds
[1662.542s][info ][safepoint    ] Entering safepoint region: Cleanup
[1662.542s][info ][safepoint    ] Leaving safepoint region
[1662.542s][info ][safepoint    ] Total time for which application threads were stopped: 0.0000818 seconds, Stopping threads took: 0.0000186 seconds
[1663.542s][info ][safepoint    ] Application time: 1.0001026 seconds
[1663.542s][info ][safepoint    ] Entering safepoint region: Cleanup
[1663.542s][info ][safepoint    ] Leaving safepoint region
[1663.542s][info ][safepoint    ] Total time for which application threads were stopped: 0.0000868 seconds, Stopping threads took: 0.0000224 seconds
[1664.543s][info ][safepoint    ] Application time: 1.0000864 seconds
[1664.543s][info ][safepoint    ] Entering safepoint region: Cleanup
[1664.543s][info ][safepoint    ] Leaving safepoint region
[1664.543s][info ][safepoint    ] Total time for which application threads were stopped: 0.0000816 seconds, Stopping threads took: 0.0000204 seconds
[1665.543s][info ][safepoint    ] Application time: 1.0000909 seconds
[1665.543s][info ][safepoint    ] Entering safepoint region: Cleanup
[1665.543s][info ][safepoint    ] Leaving safepoint region
[1665.543s][info ][safepoint    ] Total time for which application threads were stopped: 0.0000950 seconds, Stopping threads took: 0.0000175 seconds
[1666.543s][info ][safepoint    ] Application time: 1.0001304 seconds
[1666.543s][info ][safepoint    ] Entering safepoint region: Cleanup
[1666.543s][info ][safepoint    ] Leaving safepoint region
[1666.543s][info ][safepoint    ] Total time for which application threads were stopped: 0.0000807 seconds, Stopping threads took: 0.0000192 seconds
[1667.543s][info ][safepoint    ] Application time: 1.0000669 seconds
[1667.543s][info ][safepoint    ] Entering safepoint region: Cleanup
[1667.543s][info ][safepoint    ] Leaving safepoint region
[1667.543s][info ][safepoint    ] Total time for which application threads were stopped: 0.0001145 seconds, Stopping threads took: 0.0000435 seconds
[1668.543s][info ][safepoint    ] Application time: 1.0000963 seconds
[1668.544s][info ][safepoint    ] Entering safepoint region: Cleanup
[1668.544s][info ][safepoint    ] Leaving safepoint region
[1668.544s][info ][safepoint    ] Total time for which application threads were stopped: 0.0001125 seconds, Stopping threads took: 0.0000433 seconds
[1669.544s][info ][safepoint    ] Application time: 1.0001034 seconds
[1669.544s][info ][safepoint    ] Entering safepoint region: Cleanup
[1669.544s][info ][safepoint    ] Leaving safepoint region
[1669.544s][info ][safepoint    ] Total time for which application threads were stopped: 0.0001069 seconds, Stopping threads took: 0.0000413 seconds
[1670.544s][info ][safepoint    ] Application time: 1.0000777 seconds
[1670.544s][info ][safepoint    ] Entering safepoint region: Cleanup
[1670.544s][info ][safepoint    ] Leaving safepoint region
[1670.544s][info ][safepoint    ] Total time for which application threads were stopped: 0.0001383 seconds, Stopping threads took: 0.0000426 seconds
[1671.544s][info ][safepoint    ] Application time: 1.0000763 seconds
[1671.544s][info ][safepoint    ] Entering safepoint region: Cleanup
[1671.544s][info ][safepoint    ] Leaving safepoint region
[1671.544s][info ][safepoint    ] Total time for which application threads were stopped: 0.0001129 seconds, Stopping threads took: 0.0000431 seconds
[1672.545s][info ][safepoint    ] Application time: 1.0000960 seconds
[1672.545s][info ][safepoint    ] Entering safepoint region: Cleanup
[1672.545s][info ][safepoint    ] Leaving safepoint region
[1672.545s][info ][safepoint    ] Total time for which application threads were stopped: 0.0000942 seconds, Stopping threads took: 0.0000344 seconds
[1673.545s][info ][safepoint    ] Application time: 1.0000982 seconds
[1673.545s][info ][safepoint    ] Entering safepoint region: Cleanup
[1673.545s][info ][safepoint    ] Leaving safepoint region
[1673.545s][info ][safepoint    ] Total time for which application threads were stopped: 0.0000830 seconds, Stopping threads took: 0.0000177 seconds
[1674.545s][info ][safepoint    ] Application time: 1.0000928 seconds
[1674.545s][info ][safepoint    ] Entering safepoint region: Cleanup
[1674.545s][info ][safepoint    ] Leaving safepoint region
[1674.545s][info ][safepoint    ] Total time for which application threads were stopped: 0.0000956 seconds, Stopping threads took: 0.0000334 seconds
[1675.545s][info ][safepoint    ] Application time: 1.0000784 seconds
[1675.545s][info ][safepoint    ] Entering safepoint region: Cleanup
[1675.545s][info ][safepoint    ] Leaving safepoint region
[1675.545s][info ][safepoint    ] Total time for which application threads were stopped: 0.0001048 seconds, Stopping threads took: 0.0000165 seconds
[1676.545s][info ][safepoint    ] Application time: 1.0001224 seconds
[1676.546s][info ][safepoint    ] Entering safepoint region: Cleanup
[1676.546s][info ][safepoint    ] Leaving safepoint region
[1676.546s][info ][safepoint    ] Total time for which application threads were stopped: 0.0000776 seconds, Stopping threads took: 0.0000177 seconds
[1677.546s][info ][safepoint    ] Application time: 1.0001166 seconds
[1677.546s][info ][safepoint    ] Entering safepoint region: Cleanup
[1677.546s][info ][safepoint    ] Leaving safepoint region
[1677.546s][info ][safepoint    ] Total time for which application threads were stopped: 0.0000864 seconds, Stopping threads took: 0.0000250 seconds
[1678.256s][info ][safepoint    ] Application time: 0.7102060 seconds
[1678.256s][info ][safepoint    ] Entering safepoint region: GenCollectForAllocation
[1678.256s][info ][gc,start     ] GC(168) Pause Young (Allocation Failure)
[1678.256s][info ][gc,task      ] GC(168) Using 4 workers of 4 for evacuation
[1678.258s][debug][gc,ref       ] GC(168) Skipped phase1 of Reference Processing due to unavailable references
[1678.258s][debug][gc,ref       ] GC(168) Skipped phase2 of Reference Processing due to unavailable references
[1678.258s][debug][gc,ref       ] GC(168) Skipped phase3 of Reference Processing due to unavailable references
[1678.258s][debug][gc,ref       ] GC(168) Skipped phase4 of Reference Processing due to unavailable references
[1678.258s][debug][gc,age       ] GC(168) Desired survivor size 15400960 bytes, new threshold 6 (max threshold 6)
[1678.258s][info ][gc,heap      ] GC(168) ParNew: 241276K->377K(270976K)
[1678.258s][info ][gc,heap      ] GC(168) CMS: 218466K->218469K(602112K)
[1678.258s][info ][gc,metaspace ] GC(168) Metaspace: 53886K->53886K(1097728K)
[1678.258s][info ][gc           ] GC(168) Pause Young (Allocation Failure) 448M->213M(852M) 2.263ms
[1678.258s][info ][gc,cpu       ] GC(168) User=0.01s Sys=0.01s Real=0.00s
[1678.258s][info ][safepoint    ] Leaving safepoint region
[1678.258s][info ][safepoint    ] Total time for which application threads were stopped: 0.0024227 seconds, Stopping threads took: 0.0000153 seconds
[1679.259s][info ][safepoint    ] Application time: 1.0001057 seconds
[1679.259s][info ][safepoint    ] Entering safepoint region: Cleanup
[1679.259s][info ][safepoint    ] Leaving safepoint region
[1679.259s][info ][safepoint    ] Total time for which application threads were stopped: 0.0000847 seconds, Stopping threads took: 0.0000191 seconds
[1680.259s][info ][safepoint    ] Application time: 1.0000975 seconds
[1680.259s][info ][safepoint    ] Entering safepoint region: Cleanup
[1680.259s][info ][safepoint    ] Leaving safepoint region
[1680.259s][info ][safepoint    ] Total time for which application threads were stopped: 0.0000836 seconds, Stopping threads took: 0.0000192 seconds
[1681.259s][info ][safepoint    ] Application time: 1.0000429 seconds
[1681.259s][info ][safepoint    ] Entering safepoint region: Cleanup
[1681.259s][info ][safepoint    ] Leaving safepoint region
[1681.259s][info ][safepoint    ] Total time for which application threads were stopped: 0.0000809 seconds, Stopping threads took: 0.0000194 seconds
[1682.259s][info ][safepoint    ] Application time: 1.0000956 seconds
[1682.259s][info ][safepoint    ] Entering safepoint region: Cleanup
[1682.259s][info ][safepoint    ] Leaving safepoint region
[1682.259s][info ][safepoint    ] Total time for which application threads were stopped: 0.0000820 seconds, Stopping threads took: 0.0000189 seconds
[1683.259s][info ][safepoint    ] Application time: 1.0000880 seconds
[1683.260s][info ][safepoint    ] Entering safepoint region: Cleanup
[1683.260s][info ][safepoint    ] Leaving safepoint region
[1683.260s][info ][safepoint    ] Total time for which application threads were stopped: 0.0001367 seconds, Stopping threads took: 0.0000190 seconds
[1684.260s][info ][safepoint    ] Application time: 1.0000885 seconds
[1684.260s][info ][safepoint    ] Entering safepoint region: Cleanup
[1684.260s][info ][safepoint    ] Leaving safepoint region
[1684.260s][info ][safepoint    ] Total time for which application threads were stopped: 0.0000862 seconds, Stopping threads took: 0.0000186 seconds
[1685.260s][info ][safepoint    ] Application time: 1.0001148 seconds
[1685.260s][info ][safepoint    ] Entering safepoint region: Cleanup
[1685.260s][info ][safepoint    ] Leaving safepoint region
[1685.260s][info ][safepoint    ] Total time for which application threads were stopped: 0.0000806 seconds, Stopping threads took: 0.0000185 seconds
[1686.260s][info ][safepoint    ] Application time: 1.0000593 seconds
[1686.260s][info ][safepoint    ] Entering safepoint region: Cleanup
[1686.260s][info ][safepoint    ] Leaving safepoint region
[1686.260s][info ][safepoint    ] Total time for which application threads were stopped: 0.0001221 seconds, Stopping threads took: 0.0000175 seconds
[1687.260s][info ][safepoint    ] Application time: 1.0000848 seconds
[1687.260s][info ][safepoint    ] Entering safepoint region: Cleanup
[1687.261s][info ][safepoint    ] Leaving safepoint region
[1687.261s][info ][safepoint    ] Total time for which application threads were stopped: 0.0000767 seconds, Stopping threads took: 0.0000178 seconds
[1688.261s][info ][safepoint    ] Application time: 1.0000956 seconds
[1688.261s][info ][safepoint    ] Entering safepoint region: Cleanup
[1688.261s][info ][safepoint    ] Leaving safepoint region
[1688.261s][info ][safepoint    ] Total time for which application threads were stopped: 0.0000857 seconds, Stopping threads took: 0.0000189 seconds
[1689.261s][info ][safepoint    ] Application time: 1.0000990 seconds
[1689.261s][info ][safepoint    ] Entering safepoint region: Cleanup
[1689.261s][info ][safepoint    ] Leaving safepoint region
[1689.261s][info ][safepoint    ] Total time for which application threads were stopped: 0.0000803 seconds, Stopping threads took: 0.0000179 seconds
[1690.261s][info ][safepoint    ] Application time: 1.0000959 seconds
[1690.261s][info ][safepoint    ] Entering safepoint region: Cleanup
[1690.261s][info ][safepoint    ] Leaving safepoint region
[1690.261s][info ][safepoint    ] Total time for which application threads were stopped: 0.0000884 seconds, Stopping threads took: 0.0000199 seconds
[1691.261s][info ][safepoint    ] Application time: 1.0000804 seconds
[1691.261s][info ][safepoint    ] Entering safepoint region: Cleanup
[1691.261s][info ][safepoint    ] Leaving safepoint region
[1691.261s][info ][safepoint    ] Total time for which application threads were stopped: 0.0000877 seconds, Stopping threads took: 0.0000196 seconds
[1692.262s][info ][safepoint    ] Application time: 1.0000850 seconds
[1692.262s][info ][safepoint    ] Entering safepoint region: Cleanup
[1692.262s][info ][safepoint    ] Leaving safepoint region
[1692.262s][info ][safepoint    ] Total time for which application threads were stopped: 0.0000833 seconds, Stopping threads took: 0.0000183 seconds
[1693.262s][info ][safepoint    ] Application time: 1.0000866 seconds
[1693.262s][info ][safepoint    ] Entering safepoint region: Cleanup
[1693.262s][info ][safepoint    ] Leaving safepoint region
[1693.262s][info ][safepoint    ] Total time for which application threads were stopped: 0.0000854 seconds, Stopping threads took: 0.0000205 seconds
[1694.262s][info ][safepoint    ] Application time: 1.0000921 seconds
[1694.262s][info ][safepoint    ] Entering safepoint region: Cleanup
[1694.262s][info ][safepoint    ] Leaving safepoint region
[1694.262s][info ][safepoint    ] Total time for which application threads were stopped: 0.0001040 seconds, Stopping threads took: 0.0000191 seconds
[1695.262s][info ][safepoint    ] Application time: 1.0000928 seconds
[1695.262s][info ][safepoint    ] Entering safepoint region: Cleanup
[1695.262s][info ][safepoint    ] Leaving safepoint region
[1695.262s][info ][safepoint    ] Total time for which application threads were stopped: 0.0000838 seconds, Stopping threads took: 0.0000204 seconds
[1696.262s][info ][safepoint    ] Application time: 1.0000894 seconds
[1696.263s][info ][safepoint    ] Entering safepoint region: Cleanup
[1696.263s][info ][safepoint    ] Leaving safepoint region
[1696.263s][info ][safepoint    ] Total time for which application threads were stopped: 0.0000841 seconds, Stopping threads took: 0.0000198 seconds
[1697.263s][info ][safepoint    ] Application time: 1.0001520 seconds
[1697.263s][info ][safepoint    ] Entering safepoint region: Cleanup
[1697.263s][info ][safepoint    ] Leaving safepoint region
[1697.263s][info ][safepoint    ] Total time for which application threads were stopped: 0.0000948 seconds, Stopping threads took: 0.0000198 seconds
[1698.263s][info ][safepoint    ] Application time: 1.0000433 seconds
[1698.263s][info ][safepoint    ] Entering safepoint region: Cleanup
[1698.263s][info ][safepoint    ] Leaving safepoint region
[1698.263s][info ][safepoint    ] Total time for which application threads were stopped: 0.0000872 seconds, Stopping threads took: 0.0000206 seconds
[1699.263s][info ][safepoint    ] Application time: 1.0000855 seconds
[1699.263s][info ][safepoint    ] Entering safepoint region: Cleanup
[1699.263s][info ][safepoint    ] Leaving safepoint region
[1699.263s][info ][safepoint    ] Total time for which application threads were stopped: 0.0000887 seconds, Stopping threads took: 0.0000205 seconds
[1700.263s][info ][safepoint    ] Application time: 1.0000892 seconds
[1700.263s][info ][safepoint    ] Entering safepoint region: Cleanup
[1700.264s][info ][safepoint    ] Leaving safepoint region
[1700.264s][info ][safepoint    ] Total time for which application threads were stopped: 0.0000879 seconds, Stopping threads took: 0.0000235 seconds
[1701.264s][info ][safepoint    ] Application time: 1.0001045 seconds
[1701.264s][info ][safepoint    ] Entering safepoint region: Cleanup
[1701.264s][info ][safepoint    ] Leaving safepoint region
[1701.264s][info ][safepoint    ] Total time for which application threads were stopped: 0.0001100 seconds, Stopping threads took: 0.0000289 seconds
[1702.264s][info ][safepoint    ] Application time: 1.0000885 seconds
[1702.264s][info ][safepoint    ] Entering safepoint region: Cleanup
[1702.264s][info ][safepoint    ] Leaving safepoint region
[1702.264s][info ][safepoint    ] Total time for which application threads were stopped: 0.0000947 seconds, Stopping threads took: 0.0000189 seconds
[1703.264s][info ][safepoint    ] Application time: 1.0000636 seconds
[1703.264s][info ][safepoint    ] Entering safepoint region: Cleanup
[1703.264s][info ][safepoint    ] Leaving safepoint region
[1703.264s][info ][safepoint    ] Total time for which application threads were stopped: 0.0000876 seconds, Stopping threads took: 0.0000196 seconds
[1704.264s][info ][safepoint    ] Application time: 1.0000656 seconds
[1704.264s][info ][safepoint    ] Entering safepoint region: Cleanup
[1704.264s][info ][safepoint    ] Leaving safepoint region
[1704.264s][info ][safepoint    ] Total time for which application threads were stopped: 0.0000838 seconds, Stopping threads took: 0.0000191 seconds
[1705.264s][info ][safepoint    ] Application time: 1.0000803 seconds
[1705.265s][info ][safepoint    ] Entering safepoint region: Cleanup
[1705.265s][info ][safepoint    ] Leaving safepoint region
[1705.265s][info ][safepoint    ] Total time for which application threads were stopped: 0.0001122 seconds, Stopping threads took: 0.0000192 seconds
[1706.265s][info ][safepoint    ] Application time: 1.0001018 seconds
[1706.265s][info ][safepoint    ] Entering safepoint region: Cleanup
[1706.265s][info ][safepoint    ] Leaving safepoint region
[1706.265s][info ][safepoint    ] Total time for which application threads were stopped: 0.0001151 seconds, Stopping threads took: 0.0000201 seconds
[1707.265s][info ][safepoint    ] Application time: 1.0000744 seconds
[1707.265s][info ][safepoint    ] Entering safepoint region: Cleanup
[1707.265s][info ][safepoint    ] Leaving safepoint region
[1707.265s][info ][safepoint    ] Total time for which application threads were stopped: 0.0000972 seconds, Stopping threads took: 0.0000199 seconds
[1708.265s][info ][safepoint    ] Application time: 1.0000692 seconds
[1708.265s][info ][safepoint    ] Entering safepoint region: Cleanup
[1708.265s][info ][safepoint    ] Leaving safepoint region
[1708.265s][info ][safepoint    ] Total time for which application threads were stopped: 0.0000840 seconds, Stopping threads took: 0.0000206 seconds
[1709.265s][info ][safepoint    ] Application time: 1.0000903 seconds
[1709.265s][info ][safepoint    ] Entering safepoint region: Cleanup
[1709.266s][info ][safepoint    ] Leaving safepoint region
[1709.266s][info ][safepoint    ] Total time for which application threads were stopped: 0.0000760 seconds, Stopping threads took: 0.0000187 seconds
[1710.266s][info ][safepoint    ] Application time: 1.0000862 seconds
[1710.266s][info ][safepoint    ] Entering safepoint region: Cleanup
[1710.266s][info ][safepoint    ] Leaving safepoint region
[1710.266s][info ][safepoint    ] Total time for which application threads were stopped: 0.0000839 seconds, Stopping threads took: 0.0000200 seconds
[1711.266s][info ][safepoint    ] Application time: 1.0000868 seconds
[1711.266s][info ][safepoint    ] Entering safepoint region: Cleanup
[1711.266s][info ][safepoint    ] Leaving safepoint region
[1711.266s][info ][safepoint    ] Total time for which application threads were stopped: 0.0000813 seconds, Stopping threads took: 0.0000198 seconds
[1712.270s][info ][safepoint    ] Application time: 1.0038131 seconds
[1712.270s][info ][safepoint    ] Entering safepoint region: Cleanup
[1712.270s][info ][safepoint    ] Leaving safepoint region
[1712.270s][info ][safepoint    ] Total time for which application threads were stopped: 0.0001509 seconds, Stopping threads took: 0.0000209 seconds
[1713.212s][info ][safepoint    ] Application time: 0.9424087 seconds
[1713.213s][info ][safepoint    ] Entering safepoint region: GenCollectForAllocation
[1713.213s][info ][gc,start     ] GC(169) Pause Young (Allocation Failure)
[1713.213s][info ][gc,task      ] GC(169) Using 4 workers of 4 for evacuation
[1713.215s][debug][gc,ref       ] GC(169) Skipped phase1 of Reference Processing due to unavailable references
[1713.215s][debug][gc,ref       ] GC(169) Skipped phase2 of Reference Processing due to unavailable references
[1713.215s][debug][gc,ref       ] GC(169) Skipped phase3 of Reference Processing due to unavailable references
[1713.215s][debug][gc,ref       ] GC(169) Skipped phase4 of Reference Processing due to unavailable references
[1713.215s][debug][gc,age       ] GC(169) Desired survivor size 15400960 bytes, new threshold 6 (max threshold 6)
[1713.215s][info ][gc,heap      ] GC(169) ParNew: 241273K->523K(270976K)
[1713.215s][info ][gc,heap      ] GC(169) CMS: 218469K->218476K(602112K)
[1713.215s][info ][gc,metaspace ] GC(169) Metaspace: 53899K->53899K(1097728K)
[1713.215s][info ][gc           ] GC(169) Pause Young (Allocation Failure) 448M->213M(852M) 2.319ms
[1713.215s][info ][gc,cpu       ] GC(169) User=0.01s Sys=0.00s Real=0.00s
[1713.215s][info ][safepoint    ] Leaving safepoint region
[1713.215s][info ][safepoint    ] Total time for which application threads were stopped: 0.0026049 seconds, Stopping threads took: 0.0000464 seconds
[1714.215s][info ][safepoint    ] Application time: 1.0001074 seconds
[1714.216s][info ][safepoint    ] Entering safepoint region: Cleanup
[1714.216s][info ][safepoint    ] Leaving safepoint region
[1714.216s][info ][safepoint    ] Total time for which application threads were stopped: 0.0000910 seconds, Stopping threads took: 0.0000208 seconds
[1715.216s][info ][safepoint    ] Application time: 1.0001173 seconds
[1715.216s][info ][safepoint    ] Entering safepoint region: Cleanup
[1715.216s][info ][safepoint    ] Leaving safepoint region
[1715.216s][info ][safepoint    ] Total time for which application threads were stopped: 0.0000823 seconds, Stopping threads took: 0.0000197 seconds
[1716.216s][info ][safepoint    ] Application time: 1.0000832 seconds
[1716.216s][info ][safepoint    ] Entering safepoint region: Cleanup
[1716.216s][info ][safepoint    ] Leaving safepoint region
[1716.216s][info ][safepoint    ] Total time for which application threads were stopped: 0.0000962 seconds, Stopping threads took: 0.0000338 seconds
[1717.216s][info ][safepoint    ] Application time: 1.0000597 seconds
[1717.216s][info ][safepoint    ] Entering safepoint region: Cleanup
[1717.216s][info ][safepoint    ] Leaving safepoint region
[1717.216s][info ][safepoint    ] Total time for which application threads were stopped: 0.0000959 seconds, Stopping threads took: 0.0000176 seconds
[1718.216s][info ][safepoint    ] Application time: 1.0000862 seconds
[1718.216s][info ][safepoint    ] Entering safepoint region: Cleanup
[1718.216s][info ][safepoint    ] Leaving safepoint region
[1718.216s][info ][safepoint    ] Total time for which application threads were stopped: 0.0000768 seconds, Stopping threads took: 0.0000175 seconds
[1719.217s][info ][safepoint    ] Application time: 1.0000888 seconds
[1719.217s][info ][safepoint    ] Entering safepoint region: Cleanup
[1719.217s][info ][safepoint    ] Leaving safepoint region
[1719.217s][info ][safepoint    ] Total time for which application threads were stopped: 0.0000878 seconds, Stopping threads took: 0.0000177 seconds
[1720.217s][info ][safepoint    ] Application time: 1.0000946 seconds
[1720.217s][info ][safepoint    ] Entering safepoint region: Cleanup
[1720.217s][info ][safepoint    ] Leaving safepoint region
[1720.217s][info ][safepoint    ] Total time for which application threads were stopped: 0.0000940 seconds, Stopping threads took: 0.0000194 seconds
[1721.217s][info ][safepoint    ] Application time: 1.0001143 seconds
[1721.217s][info ][safepoint    ] Entering safepoint region: Cleanup
[1721.217s][info ][safepoint    ] Leaving safepoint region
[1721.217s][info ][safepoint    ] Total time for which application threads were stopped: 0.0000840 seconds, Stopping threads took: 0.0000200 seconds
[1722.217s][info ][safepoint    ] Application time: 1.0000854 seconds
[1722.217s][info ][safepoint    ] Entering safepoint region: Cleanup
[1722.217s][info ][safepoint    ] Leaving safepoint region
[1722.217s][info ][safepoint    ] Total time for which application threads were stopped: 0.0000833 seconds, Stopping threads took: 0.0000187 seconds
[1723.218s][info ][safepoint    ] Application time: 1.0000922 seconds
[1723.218s][info ][safepoint    ] Entering safepoint region: Cleanup
[1723.218s][info ][safepoint    ] Leaving safepoint region
[1723.218s][info ][safepoint    ] Total time for which application threads were stopped: 0.0000781 seconds, Stopping threads took: 0.0000180 seconds
[1724.218s][info ][safepoint    ] Application time: 1.0000726 seconds
[1724.218s][info ][safepoint    ] Entering safepoint region: Cleanup
[1724.218s][info ][safepoint    ] Leaving safepoint region
[1724.218s][info ][safepoint    ] Total time for which application threads were stopped: 0.0000877 seconds, Stopping threads took: 0.0000200 seconds
[1725.218s][info ][safepoint    ] Application time: 1.0001045 seconds
[1725.218s][info ][safepoint    ] Entering safepoint region: Cleanup
[1725.218s][info ][safepoint    ] Leaving safepoint region
[1725.218s][info ][safepoint    ] Total time for which application threads were stopped: 0.0000868 seconds, Stopping threads took: 0.0000204 seconds
[1726.218s][info ][safepoint    ] Application time: 1.0000834 seconds
[1726.218s][info ][safepoint    ] Entering safepoint region: Cleanup
[1726.218s][info ][safepoint    ] Leaving safepoint region
[1726.218s][info ][safepoint    ] Total time for which application threads were stopped: 0.0000954 seconds, Stopping threads took: 0.0000191 seconds
[1727.218s][info ][safepoint    ] Application time: 1.0000878 seconds
[1727.218s][info ][safepoint    ] Entering safepoint region: Cleanup
[1727.219s][info ][safepoint    ] Leaving safepoint region
[1727.219s][info ][safepoint    ] Total time for which application threads were stopped: 0.0000843 seconds, Stopping threads took: 0.0000197 seconds
[1728.219s][info ][safepoint    ] Application time: 1.0001298 seconds
[1728.219s][info ][safepoint    ] Entering safepoint region: Cleanup
[1728.219s][info ][safepoint    ] Leaving safepoint region
[1728.219s][info ][safepoint    ] Total time for which application threads were stopped: 0.0000867 seconds, Stopping threads took: 0.0000205 seconds
[1729.219s][info ][safepoint    ] Application time: 1.0000946 seconds
[1729.219s][info ][safepoint    ] Entering safepoint region: Cleanup
[1729.219s][info ][safepoint    ] Leaving safepoint region
[1729.219s][info ][safepoint    ] Total time for which application threads were stopped: 0.0000862 seconds, Stopping threads took: 0.0000227 seconds
[1730.219s][info ][safepoint    ] Application time: 1.0000932 seconds
[1730.219s][info ][safepoint    ] Entering safepoint region: Cleanup
[1730.219s][info ][safepoint    ] Leaving safepoint region
[1730.219s][info ][safepoint    ] Total time for which application threads were stopped: 0.0000846 seconds, Stopping threads took: 0.0000195 seconds
[1731.219s][info ][safepoint    ] Application time: 1.0000866 seconds
[1731.219s][info ][safepoint    ] Entering safepoint region: Cleanup
[1731.219s][info ][safepoint    ] Leaving safepoint region
[1731.219s][info ][safepoint    ] Total time for which application threads were stopped: 0.0000834 seconds, Stopping threads took: 0.0000193 seconds
[1732.220s][info ][safepoint    ] Application time: 1.0000921 seconds
[1732.220s][info ][safepoint    ] Entering safepoint region: Cleanup
[1732.220s][info ][safepoint    ] Leaving safepoint region
[1732.220s][info ][safepoint    ] Total time for which application threads were stopped: 0.0000827 seconds, Stopping threads took: 0.0000188 seconds
[1733.220s][info ][safepoint    ] Application time: 1.0000857 seconds
[1733.220s][info ][safepoint    ] Entering safepoint region: Cleanup
[1733.220s][info ][safepoint    ] Leaving safepoint region
[1733.220s][info ][safepoint    ] Total time for which application threads were stopped: 0.0001033 seconds, Stopping threads took: 0.0000291 seconds
[1734.220s][info ][safepoint    ] Application time: 1.0000830 seconds
[1734.220s][info ][safepoint    ] Entering safepoint region: Cleanup
[1734.220s][info ][safepoint    ] Leaving safepoint region
[1734.220s][info ][safepoint    ] Total time for which application threads were stopped: 0.0001047 seconds, Stopping threads took: 0.0000211 seconds
[1735.220s][info ][safepoint    ] Application time: 1.0000885 seconds
[1735.220s][info ][safepoint    ] Entering safepoint region: Cleanup
[1735.220s][info ][safepoint    ] Leaving safepoint region
[1735.220s][info ][safepoint    ] Total time for which application threads were stopped: 0.0000820 seconds, Stopping threads took: 0.0000191 seconds
[1736.221s][info ][safepoint    ] Application time: 1.0001170 seconds
[1736.221s][info ][safepoint    ] Entering safepoint region: Cleanup
[1736.221s][info ][safepoint    ] Leaving safepoint region
[1736.221s][info ][safepoint    ] Total time for which application threads were stopped: 0.0001143 seconds, Stopping threads took: 0.0000268 seconds
[1737.221s][info ][safepoint    ] Application time: 1.0001009 seconds
[1737.221s][info ][safepoint    ] Entering safepoint region: Cleanup
[1737.221s][info ][safepoint    ] Leaving safepoint region
[1737.221s][info ][safepoint    ] Total time for which application threads were stopped: 0.0000835 seconds, Stopping threads took: 0.0000192 seconds
[1738.221s][info ][safepoint    ] Application time: 1.0000846 seconds
[1738.221s][info ][safepoint    ] Entering safepoint region: Cleanup
[1738.221s][info ][safepoint    ] Leaving safepoint region
[1738.221s][info ][safepoint    ] Total time for which application threads were stopped: 0.0000816 seconds, Stopping threads took: 0.0000197 seconds
[1739.221s][info ][safepoint    ] Application time: 1.0000857 seconds
[1739.221s][info ][safepoint    ] Entering safepoint region: Cleanup
[1739.221s][info ][safepoint    ] Leaving safepoint region
[1739.221s][info ][safepoint    ] Total time for which application threads were stopped: 0.0000838 seconds, Stopping threads took: 0.0000194 seconds
[1740.221s][info ][safepoint    ] Application time: 1.0001152 seconds
[1740.222s][info ][safepoint    ] Entering safepoint region: Cleanup
[1740.222s][info ][safepoint    ] Leaving safepoint region
[1740.222s][info ][safepoint    ] Total time for which application threads were stopped: 0.0000814 seconds, Stopping threads took: 0.0000200 seconds
[1741.222s][info ][safepoint    ] Application time: 1.0000966 seconds
[1741.222s][info ][safepoint    ] Entering safepoint region: Cleanup
[1741.222s][info ][safepoint    ] Leaving safepoint region
[1741.222s][info ][safepoint    ] Total time for which application threads were stopped: 0.0000864 seconds, Stopping threads took: 0.0000196 seconds
[1742.222s][info ][safepoint    ] Application time: 1.0000945 seconds
[1742.222s][info ][safepoint    ] Entering safepoint region: Cleanup
[1742.222s][info ][safepoint    ] Leaving safepoint region
[1742.222s][info ][safepoint    ] Total time for which application threads were stopped: 0.0000813 seconds, Stopping threads took: 0.0000198 seconds
[1743.222s][info ][safepoint    ] Application time: 1.0000900 seconds
[1743.222s][info ][safepoint    ] Entering safepoint region: Cleanup
[1743.222s][info ][safepoint    ] Leaving safepoint region
[1743.222s][info ][safepoint    ] Total time for which application threads were stopped: 0.0000765 seconds, Stopping threads took: 0.0000186 seconds
[1744.222s][info ][safepoint    ] Application time: 1.0000900 seconds
[1744.222s][info ][safepoint    ] Entering safepoint region: Cleanup
[1744.223s][info ][safepoint    ] Leaving safepoint region
[1744.223s][info ][safepoint    ] Total time for which application threads were stopped: 0.0002107 seconds, Stopping threads took: 0.0001424 seconds
[1745.223s][info ][safepoint    ] Application time: 1.0000947 seconds
[1745.223s][info ][safepoint    ] Entering safepoint region: Cleanup
[1745.223s][info ][safepoint    ] Leaving safepoint region
[1745.223s][info ][safepoint    ] Total time for which application threads were stopped: 0.0000833 seconds, Stopping threads took: 0.0000189 seconds
[1746.223s][info ][safepoint    ] Application time: 1.0000800 seconds
[1746.223s][info ][safepoint    ] Entering safepoint region: Cleanup
[1746.223s][info ][safepoint    ] Leaving safepoint region
[1746.223s][info ][safepoint    ] Total time for which application threads were stopped: 0.0000841 seconds, Stopping threads took: 0.0000193 seconds
[1747.223s][info ][safepoint    ] Application time: 1.0000580 seconds
[1747.223s][info ][safepoint    ] Entering safepoint region: Cleanup
[1747.223s][info ][safepoint    ] Leaving safepoint region
[1747.223s][info ][safepoint    ] Total time for which application threads were stopped: 0.0000820 seconds, Stopping threads took: 0.0000192 seconds
[1748.223s][info ][safepoint    ] Application time: 1.0000843 seconds
[1748.223s][info ][safepoint    ] Entering safepoint region: Cleanup
[1748.223s][info ][safepoint    ] Leaving safepoint region
[1748.223s][info ][safepoint    ] Total time for which application threads were stopped: 0.0000937 seconds, Stopping threads took: 0.0000327 seconds
[1749.223s][info ][safepoint    ] Application time: 1.0000921 seconds
[1749.224s][info ][safepoint    ] Entering safepoint region: Cleanup
[1749.224s][info ][safepoint    ] Leaving safepoint region
[1749.224s][info ][safepoint    ] Total time for which application threads were stopped: 0.0000877 seconds, Stopping threads took: 0.0000204 seconds
[1750.224s][info ][safepoint    ] Application time: 1.0000843 seconds
[1750.224s][info ][safepoint    ] Entering safepoint region: Cleanup
[1750.224s][info ][safepoint    ] Leaving safepoint region
[1750.224s][info ][safepoint    ] Total time for which application threads were stopped: 0.0001095 seconds, Stopping threads took: 0.0000346 seconds
[1751.224s][info ][safepoint    ] Application time: 1.0000822 seconds
[1751.224s][info ][safepoint    ] Entering safepoint region: Cleanup
[1751.224s][info ][safepoint    ] Leaving safepoint region
[1751.224s][info ][safepoint    ] Total time for which application threads were stopped: 0.0000847 seconds, Stopping threads took: 0.0000202 seconds
[1752.224s][info ][safepoint    ] Application time: 1.0000898 seconds
[1752.224s][info ][safepoint    ] Entering safepoint region: Cleanup
[1752.224s][info ][safepoint    ] Leaving safepoint region
[1752.224s][info ][safepoint    ] Total time for which application threads were stopped: 0.0001071 seconds, Stopping threads took: 0.0000196 seconds
[1753.224s][info ][safepoint    ] Application time: 1.0001127 seconds
[1753.224s][info ][safepoint    ] Entering safepoint region: Cleanup
[1753.225s][info ][safepoint    ] Leaving safepoint region
[1753.225s][info ][safepoint    ] Total time for which application threads were stopped: 0.0000849 seconds, Stopping threads took: 0.0000202 seconds
[1754.225s][info ][safepoint    ] Application time: 1.0005507 seconds
[1754.225s][info ][safepoint    ] Entering safepoint region: Cleanup
[1754.226s][info ][safepoint    ] Leaving safepoint region
[1754.226s][info ][safepoint    ] Total time for which application threads were stopped: 0.0003626 seconds, Stopping threads took: 0.0002567 seconds
[1754.794s][info ][safepoint    ] Application time: 0.5686651 seconds
[1754.794s][info ][safepoint    ] Entering safepoint region: GenCollectForAllocation
[1754.794s][info ][gc,start     ] GC(170) Pause Young (Allocation Failure)
[1754.794s][info ][gc,task      ] GC(170) Using 4 workers of 4 for evacuation
[1754.796s][debug][gc,ref       ] GC(170) Skipped phase1 of Reference Processing due to unavailable references
[1754.796s][debug][gc,ref       ] GC(170) Skipped phase2 of Reference Processing due to unavailable references
[1754.796s][debug][gc,ref       ] GC(170) Skipped phase3 of Reference Processing due to unavailable references
[1754.796s][debug][gc,ref       ] GC(170) Skipped phase4 of Reference Processing due to unavailable references
[1754.796s][debug][gc,age       ] GC(170) Desired survivor size 15400960 bytes, new threshold 6 (max threshold 6)
[1754.796s][info ][gc,heap      ] GC(170) ParNew: 241419K->451K(270976K)
[1754.796s][info ][gc,heap      ] GC(170) CMS: 218476K->218487K(602112K)
[1754.796s][info ][gc,metaspace ] GC(170) Metaspace: 53899K->53899K(1097728K)
[1754.796s][info ][gc           ] GC(170) Pause Young (Allocation Failure) 449M->213M(852M) 2.058ms
[1754.796s][info ][gc,cpu       ] GC(170) User=0.01s Sys=0.00s Real=0.00s
[1754.796s][info ][safepoint    ] Leaving safepoint region
[1754.796s][info ][safepoint    ] Total time for which application threads were stopped: 0.0022218 seconds, Stopping threads took: 0.0000164 seconds
[1755.797s][info ][safepoint    ] Application time: 1.0001239 seconds
[1755.797s][info ][safepoint    ] Entering safepoint region: Cleanup
[1755.797s][info ][safepoint    ] Leaving safepoint region
[1755.797s][info ][safepoint    ] Total time for which application threads were stopped: 0.0000971 seconds, Stopping threads took: 0.0000190 seconds
[1756.797s][info ][safepoint    ] Application time: 1.0000927 seconds
[1756.797s][info ][safepoint    ] Entering safepoint region: Cleanup
[1756.797s][info ][safepoint    ] Leaving safepoint region
[1756.797s][info ][safepoint    ] Total time for which application threads were stopped: 0.0000734 seconds, Stopping threads took: 0.0000176 seconds
[1757.797s][info ][safepoint    ] Application time: 1.0000870 seconds
[1757.797s][info ][safepoint    ] Entering safepoint region: Cleanup
[1757.797s][info ][safepoint    ] Leaving safepoint region
[1757.797s][info ][safepoint    ] Total time for which application threads were stopped: 0.0000995 seconds, Stopping threads took: 0.0000342 seconds
[1758.797s][info ][safepoint    ] Application time: 1.0000832 seconds
[1758.797s][info ][safepoint    ] Entering safepoint region: Cleanup
[1758.797s][info ][safepoint    ] Leaving safepoint region
[1758.797s][info ][safepoint    ] Total time for which application threads were stopped: 0.0000967 seconds, Stopping threads took: 0.0000188 seconds
[1759.797s][info ][safepoint    ] Application time: 1.0000821 seconds
[1759.798s][info ][safepoint    ] Entering safepoint region: Cleanup
[1759.798s][info ][safepoint    ] Leaving safepoint region
[1759.798s][info ][safepoint    ] Total time for which application threads were stopped: 0.0001272 seconds, Stopping threads took: 0.0000627 seconds
[1760.798s][info ][safepoint    ] Application time: 1.0000928 seconds
[1760.798s][info ][safepoint    ] Entering safepoint region: Cleanup
[1760.798s][info ][safepoint    ] Leaving safepoint region
[1760.798s][info ][safepoint    ] Total time for which application threads were stopped: 0.0000820 seconds, Stopping threads took: 0.0000174 seconds
[1761.798s][info ][safepoint    ] Application time: 1.0000950 seconds
[1761.798s][info ][safepoint    ] Entering safepoint region: Cleanup
[1761.798s][info ][safepoint    ] Leaving safepoint region
[1761.798s][info ][safepoint    ] Total time for which application threads were stopped: 0.0000962 seconds, Stopping threads took: 0.0000186 seconds
[1762.798s][info ][safepoint    ] Application time: 1.0000849 seconds
[1762.798s][info ][safepoint    ] Entering safepoint region: Cleanup
[1762.798s][info ][safepoint    ] Leaving safepoint region
[1762.798s][info ][safepoint    ] Total time for which application threads were stopped: 0.0000743 seconds, Stopping threads took: 0.0000157 seconds
[1763.798s][info ][safepoint    ] Application time: 1.0000885 seconds
[1763.798s][info ][safepoint    ] Entering safepoint region: Cleanup
[1763.799s][info ][safepoint    ] Leaving safepoint region
[1763.799s][info ][safepoint    ] Total time for which application threads were stopped: 0.0000800 seconds, Stopping threads took: 0.0000187 seconds
[1764.799s][info ][safepoint    ] Application time: 1.0000851 seconds
[1764.799s][info ][safepoint    ] Entering safepoint region: Cleanup
[1764.799s][info ][safepoint    ] Leaving safepoint region
[1764.799s][info ][safepoint    ] Total time for which application threads were stopped: 0.0001009 seconds, Stopping threads took: 0.0000371 seconds
[1765.799s][info ][safepoint    ] Application time: 1.0000775 seconds
[1765.799s][info ][safepoint    ] Entering safepoint region: Cleanup
[1765.799s][info ][safepoint    ] Leaving safepoint region
[1765.799s][info ][safepoint    ] Total time for which application threads were stopped: 0.0000794 seconds, Stopping threads took: 0.0000187 seconds
[1766.799s][info ][safepoint    ] Application time: 1.0000894 seconds
[1766.799s][info ][safepoint    ] Entering safepoint region: Cleanup
[1766.799s][info ][safepoint    ] Leaving safepoint region
[1766.799s][info ][safepoint    ] Total time for which application threads were stopped: 0.0000946 seconds, Stopping threads took: 0.0000192 seconds
[1767.799s][info ][safepoint    ] Application time: 1.0001010 seconds
[1767.799s][info ][safepoint    ] Entering safepoint region: Cleanup
[1767.799s][info ][safepoint    ] Leaving safepoint region
[1767.799s][info ][safepoint    ] Total time for which application threads were stopped: 0.0000813 seconds, Stopping threads took: 0.0000185 seconds
[1768.799s][info ][safepoint    ] Application time: 1.0000704 seconds
[1768.800s][info ][safepoint    ] Entering safepoint region: Cleanup
[1768.800s][info ][safepoint    ] Leaving safepoint region
[1768.800s][info ][safepoint    ] Total time for which application threads were stopped: 0.0000759 seconds, Stopping threads took: 0.0000173 seconds
[1769.800s][info ][safepoint    ] Application time: 1.0000835 seconds
[1769.800s][info ][safepoint    ] Entering safepoint region: Cleanup
[1769.800s][info ][safepoint    ] Leaving safepoint region
[1769.800s][info ][safepoint    ] Total time for which application threads were stopped: 0.0001238 seconds, Stopping threads took: 0.0000545 seconds
[1770.800s][info ][safepoint    ] Application time: 1.0000924 seconds
[1770.800s][info ][safepoint    ] Entering safepoint region: Cleanup
[1770.800s][info ][safepoint    ] Leaving safepoint region
[1770.800s][info ][safepoint    ] Total time for which application threads were stopped: 0.0000806 seconds, Stopping threads took: 0.0000189 seconds
[1771.800s][info ][safepoint    ] Application time: 1.0001106 seconds
[1771.800s][info ][safepoint    ] Entering safepoint region: Cleanup
[1771.800s][info ][safepoint    ] Leaving safepoint region
[1771.800s][info ][safepoint    ] Total time for which application threads were stopped: 0.0000869 seconds, Stopping threads took: 0.0000243 seconds
[1772.800s][info ][safepoint    ] Application time: 1.0001080 seconds
[1772.801s][info ][safepoint    ] Entering safepoint region: Cleanup
[1772.801s][info ][safepoint    ] Leaving safepoint region
[1772.801s][info ][safepoint    ] Total time for which application threads were stopped: 0.0000793 seconds, Stopping threads took: 0.0000179 seconds
[1773.801s][info ][safepoint    ] Application time: 1.0000887 seconds
[1773.801s][info ][safepoint    ] Entering safepoint region: Cleanup
[1773.801s][info ][safepoint    ] Leaving safepoint region
[1773.801s][info ][safepoint    ] Total time for which application threads were stopped: 0.0001070 seconds, Stopping threads took: 0.0000185 seconds
[1774.801s][info ][safepoint    ] Application time: 1.0000574 seconds
[1774.801s][info ][safepoint    ] Entering safepoint region: Cleanup
[1774.801s][info ][safepoint    ] Leaving safepoint region
[1774.801s][info ][safepoint    ] Total time for which application threads were stopped: 0.0000792 seconds, Stopping threads took: 0.0000182 seconds
[1775.801s][info ][safepoint    ] Application time: 1.0000826 seconds
[1775.801s][info ][safepoint    ] Entering safepoint region: Cleanup
[1775.801s][info ][safepoint    ] Leaving safepoint region
[1775.801s][info ][safepoint    ] Total time for which application threads were stopped: 0.0000886 seconds, Stopping threads took: 0.0000186 seconds
[1776.801s][info ][safepoint    ] Application time: 1.0001284 seconds
[1776.801s][info ][safepoint    ] Entering safepoint region: Cleanup
[1776.802s][info ][safepoint    ] Leaving safepoint region
[1776.802s][info ][safepoint    ] Total time for which application threads were stopped: 0.0001234 seconds, Stopping threads took: 0.0000435 seconds
[1777.802s][info ][safepoint    ] Application time: 1.0001004 seconds
[1777.802s][info ][safepoint    ] Entering safepoint region: Cleanup
[1777.802s][info ][safepoint    ] Leaving safepoint region
[1777.802s][info ][safepoint    ] Total time for which application threads were stopped: 0.0000892 seconds, Stopping threads took: 0.0000186 seconds
[1778.802s][info ][safepoint    ] Application time: 1.0000946 seconds
[1778.802s][info ][safepoint    ] Entering safepoint region: Cleanup
[1778.802s][info ][safepoint    ] Leaving safepoint region
[1778.802s][info ][safepoint    ] Total time for which application threads were stopped: 0.0000813 seconds, Stopping threads took: 0.0000179 seconds
[1778.933s][info ][safepoint    ] Application time: 0.1312634 seconds
[1778.933s][info ][safepoint    ] Entering safepoint region: GenCollectForAllocation
[1778.933s][info ][gc,start     ] GC(171) Pause Young (Allocation Failure)
[1778.933s][info ][gc,task      ] GC(171) Using 4 workers of 4 for evacuation
[1778.935s][debug][gc,ref       ] GC(171) Skipped phase1 of Reference Processing due to unavailable references
[1778.935s][debug][gc,ref       ] GC(171) Skipped phase2 of Reference Processing due to unavailable references
[1778.935s][debug][gc,ref       ] GC(171) Skipped phase3 of Reference Processing due to unavailable references
[1778.935s][debug][gc,ref       ] GC(171) Skipped phase4 of Reference Processing due to unavailable references
[1778.935s][debug][gc,age       ] GC(171) Desired survivor size 15400960 bytes, new threshold 6 (max threshold 6)
[1778.935s][info ][gc,heap      ] GC(171) ParNew: 241347K->406K(270976K)
[1778.935s][info ][gc,heap      ] GC(171) CMS: 218487K->218490K(602112K)
[1778.935s][info ][gc,metaspace ] GC(171) Metaspace: 53899K->53899K(1097728K)
[1778.935s][info ][gc           ] GC(171) Pause Young (Allocation Failure) 449M->213M(852M) 1.923ms
[1778.935s][info ][gc,cpu       ] GC(171) User=0.00s Sys=0.00s Real=0.00s
[1778.935s][info ][safepoint    ] Leaving safepoint region
[1778.935s][info ][safepoint    ] Total time for which application threads were stopped: 0.0020849 seconds, Stopping threads took: 0.0000346 seconds
[1779.936s][info ][safepoint    ] Application time: 1.0000936 seconds
[1779.936s][info ][safepoint    ] Entering safepoint region: Cleanup
[1779.936s][info ][safepoint    ] Leaving safepoint region
[1779.936s][info ][safepoint    ] Total time for which application threads were stopped: 0.0000888 seconds, Stopping threads took: 0.0000178 seconds
[1780.936s][info ][safepoint    ] Application time: 1.0000882 seconds
[1780.936s][info ][safepoint    ] Entering safepoint region: Cleanup
[1780.936s][info ][safepoint    ] Leaving safepoint region
[1780.936s][info ][safepoint    ] Total time for which application threads were stopped: 0.0000813 seconds, Stopping threads took: 0.0000184 seconds
[1781.936s][info ][safepoint    ] Application time: 1.0000917 seconds
[1781.936s][info ][safepoint    ] Entering safepoint region: Cleanup
[1781.936s][info ][safepoint    ] Leaving safepoint region
[1781.936s][info ][safepoint    ] Total time for which application threads were stopped: 0.0000824 seconds, Stopping threads took: 0.0000177 seconds
[1783.936s][info ][safepoint    ] Application time: 2.0002076 seconds
[1783.936s][info ][safepoint    ] Entering safepoint region: Cleanup
[1783.936s][info ][safepoint    ] Leaving safepoint region
[1783.936s][info ][safepoint    ] Total time for which application threads were stopped: 0.0000881 seconds, Stopping threads took: 0.0000150 seconds
[1784.936s][info ][safepoint    ] Application time: 1.0000558 seconds
[1784.937s][info ][safepoint    ] Entering safepoint region: Cleanup
[1784.937s][info ][safepoint    ] Leaving safepoint region
[1784.937s][info ][safepoint    ] Total time for which application threads were stopped: 0.0001053 seconds, Stopping threads took: 0.0000372 seconds
[1787.937s][info ][safepoint    ] Application time: 3.0002060 seconds
[1787.937s][info ][safepoint    ] Entering safepoint region: Cleanup
[1787.937s][info ][safepoint    ] Leaving safepoint region
[1787.937s][info ][safepoint    ] Total time for which application threads were stopped: 0.0000801 seconds, Stopping threads took: 0.0000178 seconds
[1788.937s][info ][safepoint    ] Application time: 1.0000878 seconds
[1788.937s][info ][safepoint    ] Entering safepoint region: Cleanup
[1788.937s][info ][safepoint    ] Leaving safepoint region
[1788.937s][info ][safepoint    ] Total time for which application threads were stopped: 0.0000828 seconds, Stopping threads took: 0.0000189 seconds
[1793.938s][info ][safepoint    ] Application time: 5.0003753 seconds
[1793.938s][info ][safepoint    ] Entering safepoint region: Cleanup
[1793.938s][info ][safepoint    ] Leaving safepoint region
[1793.938s][info ][safepoint    ] Total time for which application threads were stopped: 0.0001064 seconds, Stopping threads took: 0.0000198 seconds
[1804.938s][info ][safepoint    ] Application time: 11.0007609 seconds
[1804.938s][info ][safepoint    ] Entering safepoint region: Cleanup
[1804.939s][info ][safepoint    ] Leaving safepoint region
[1804.939s][info ][safepoint    ] Total time for which application threads were stopped: 0.0000856 seconds, Stopping threads took: 0.0000174 seconds
[1805.939s][info ][safepoint    ] Application time: 1.0000453 seconds
[1805.939s][info ][safepoint    ] Entering safepoint region: Cleanup
[1805.939s][info ][safepoint    ] Leaving safepoint region
[1805.939s][info ][safepoint    ] Total time for which application threads were stopped: 0.0000841 seconds, Stopping threads took: 0.0000174 seconds
[1807.939s][info ][safepoint    ] Application time: 2.0002101 seconds
[1807.939s][info ][safepoint    ] Entering safepoint region: Cleanup
[1807.939s][info ][safepoint    ] Leaving safepoint region
[1807.939s][info ][safepoint    ] Total time for which application threads were stopped: 0.0000888 seconds, Stopping threads took: 0.0000208 seconds
[1811.394s][info ][safepoint    ] Application time: 3.4551055 seconds
[1811.394s][info ][safepoint    ] Entering safepoint region: GenCollectForAllocation
[1811.394s][info ][gc,start     ] GC(172) Pause Young (Allocation Failure)
[1811.394s][info ][gc,task      ] GC(172) Using 4 workers of 4 for evacuation
[1811.396s][debug][gc,ref       ] GC(172) Skipped phase1 of Reference Processing due to unavailable references
[1811.396s][debug][gc,ref       ] GC(172) Skipped phase2 of Reference Processing due to unavailable references
[1811.396s][debug][gc,ref       ] GC(172) Skipped phase3 of Reference Processing due to unavailable references
[1811.396s][debug][gc,ref       ] GC(172) Skipped phase4 of Reference Processing due to unavailable references
[1811.396s][debug][gc,age       ] GC(172) Desired survivor size 15400960 bytes, new threshold 6 (max threshold 6)
[1811.396s][info ][gc,heap      ] GC(172) ParNew: 241302K->520K(270976K)
[1811.396s][info ][gc,heap      ] GC(172) CMS: 218490K->218492K(602112K)
[1811.396s][info ][gc,metaspace ] GC(172) Metaspace: 53903K->53903K(1097728K)
[1811.396s][info ][gc           ] GC(172) Pause Young (Allocation Failure) 449M->213M(852M) 1.970ms
[1811.396s][info ][gc,cpu       ] GC(172) User=0.00s Sys=0.00s Real=0.00s
[1811.396s][info ][safepoint    ] Leaving safepoint region
[1811.396s][info ][safepoint    ] Total time for which application threads were stopped: 0.0021489 seconds, Stopping threads took: 0.0000348 seconds
[1814.397s][info ][safepoint    ] Application time: 3.0002517 seconds
[1814.397s][info ][safepoint    ] Entering safepoint region: Cleanup
[1814.397s][info ][safepoint    ] Leaving safepoint region
[1814.397s][info ][safepoint    ] Total time for which application threads were stopped: 0.0000814 seconds, Stopping threads took: 0.0000170 seconds
[1817.397s][info ][safepoint    ] Application time: 3.0004003 seconds
[1817.397s][info ][safepoint    ] Entering safepoint region: Cleanup
[1817.397s][info ][safepoint    ] Leaving safepoint region
[1817.397s][info ][safepoint    ] Total time for which application threads were stopped: 0.0001910 seconds, Stopping threads took: 0.0000171 seconds
[1818.398s][info ][safepoint    ] Application time: 1.0000800 seconds
[1818.398s][info ][safepoint    ] Entering safepoint region: Cleanup
[1818.398s][info ][safepoint    ] Leaving safepoint region
[1818.398s][info ][safepoint    ] Total time for which application threads were stopped: 0.0001221 seconds, Stopping threads took: 0.0000179 seconds
[1829.399s][info ][safepoint    ] Application time: 11.0009814 seconds
[1829.399s][info ][safepoint    ] Entering safepoint region: Cleanup
[1829.399s][info ][safepoint    ] Leaving safepoint region
[1829.399s][info ][safepoint    ] Total time for which application threads were stopped: 0.0001220 seconds, Stopping threads took: 0.0000486 seconds
[1833.399s][info ][safepoint    ] Application time: 4.0003535 seconds
[1833.399s][info ][safepoint    ] Entering safepoint region: Cleanup
[1833.399s][info ][safepoint    ] Leaving safepoint region
[1833.399s][info ][safepoint    ] Total time for which application threads were stopped: 0.0000936 seconds, Stopping threads took: 0.0000181 seconds
[1836.400s][info ][safepoint    ] Application time: 3.0002857 seconds
[1836.400s][info ][safepoint    ] Entering safepoint region: Cleanup
[1836.400s][info ][safepoint    ] Leaving safepoint region
[1836.400s][info ][safepoint    ] Total time for which application threads were stopped: 0.0001078 seconds, Stopping threads took: 0.0000179 seconds
[1841.400s][info ][safepoint    ] Application time: 5.0004103 seconds
[1841.400s][info ][safepoint    ] Entering safepoint region: Cleanup
[1841.400s][info ][safepoint    ] Leaving safepoint region
[1841.400s][info ][safepoint    ] Total time for which application threads were stopped: 0.0001163 seconds, Stopping threads took: 0.0000461 seconds
[1843.948s][info ][safepoint    ] Application time: 2.5479982 seconds
[1843.948s][info ][safepoint    ] Entering safepoint region: GenCollectForAllocation
[1843.949s][info ][gc,start     ] GC(173) Pause Young (Allocation Failure)
[1843.949s][info ][gc,task      ] GC(173) Using 4 workers of 4 for evacuation
[1843.951s][debug][gc,ref       ] GC(173) Skipped phase1 of Reference Processing due to unavailable references
[1843.951s][debug][gc,ref       ] GC(173) Skipped phase2 of Reference Processing due to unavailable references
[1843.951s][debug][gc,ref       ] GC(173) Skipped phase3 of Reference Processing due to unavailable references
[1843.951s][debug][gc,age       ] GC(173) Desired survivor size 15400960 bytes, new threshold 6 (max threshold 6)
[1843.951s][info ][gc,heap      ] GC(173) ParNew: 241416K->609K(270976K)
[1843.951s][info ][gc,heap      ] GC(173) CMS: 218492K->218496K(602112K)
[1843.951s][info ][gc,metaspace ] GC(173) Metaspace: 53913K->53913K(1097728K)
[1843.951s][info ][gc           ] GC(173) Pause Young (Allocation Failure) 449M->213M(852M) 2.678ms
[1843.951s][info ][gc,cpu       ] GC(173) User=0.01s Sys=0.00s Real=0.00s
[1843.951s][info ][safepoint    ] Leaving safepoint region
[1843.951s][info ][safepoint    ] Total time for which application threads were stopped: 0.0028502 seconds, Stopping threads took: 0.0000221 seconds
[1851.952s][info ][safepoint    ] Application time: 8.0006346 seconds
[1851.952s][info ][safepoint    ] Entering safepoint region: Cleanup
[1851.952s][info ][safepoint    ] Leaving safepoint region
[1851.952s][info ][safepoint    ] Total time for which application threads were stopped: 0.0001013 seconds, Stopping threads took: 0.0000176 seconds
[1854.952s][info ][safepoint    ] Application time: 3.0002490 seconds
[1854.952s][info ][safepoint    ] Entering safepoint region: Cleanup
[1854.952s][info ][safepoint    ] Leaving safepoint region
[1854.952s][info ][safepoint    ] Total time for which application threads were stopped: 0.0000926 seconds, Stopping threads took: 0.0000190 seconds
[1862.953s][info ][safepoint    ] Application time: 8.0005686 seconds
[1862.953s][info ][safepoint    ] Entering safepoint region: Cleanup
[1862.953s][info ][safepoint    ] Leaving safepoint region
[1862.953s][info ][safepoint    ] Total time for which application threads were stopped: 0.0000807 seconds, Stopping threads took: 0.0000179 seconds
[1863.953s][info ][safepoint    ] Application time: 1.0001208 seconds
[1863.953s][info ][safepoint    ] Entering safepoint region: Cleanup
[1863.953s][info ][safepoint    ] Leaving safepoint region
[1863.953s][info ][safepoint    ] Total time for which application threads were stopped: 0.0000788 seconds, Stopping threads took: 0.0000169 seconds
[1868.954s][info ][safepoint    ] Application time: 5.0003396 seconds
[1868.954s][info ][safepoint    ] Entering safepoint region: Cleanup
[1868.954s][info ][safepoint    ] Leaving safepoint region
[1868.954s][info ][safepoint    ] Total time for which application threads were stopped: 0.0001022 seconds, Stopping threads took: 0.0000192 seconds
[1870.954s][info ][safepoint    ] Application time: 2.0001545 seconds
[1870.954s][info ][safepoint    ] Entering safepoint region: Cleanup
[1870.954s][info ][safepoint    ] Leaving safepoint region
[1870.954s][info ][safepoint    ] Total time for which application threads were stopped: 0.0000858 seconds, Stopping threads took: 0.0000186 seconds
[1873.954s][info ][safepoint    ] Application time: 3.0002674 seconds
[1873.954s][info ][safepoint    ] Entering safepoint region: Cleanup
[1873.955s][info ][safepoint    ] Leaving safepoint region
[1873.955s][info ][safepoint    ] Total time for which application threads were stopped: 0.0001145 seconds, Stopping threads took: 0.0000317 seconds
[1882.295s][info ][safepoint    ] Application time: 8.3399863 seconds
[1882.295s][info ][safepoint    ] Entering safepoint region: GenCollectForAllocation
[1882.295s][info ][gc,start     ] GC(174) Pause Young (Allocation Failure)
[1882.295s][info ][gc,task      ] GC(174) Using 4 workers of 4 for evacuation
[1882.297s][debug][gc,ref       ] GC(174) Skipped phase1 of Reference Processing due to unavailable references
[1882.297s][debug][gc,ref       ] GC(174) Skipped phase2 of Reference Processing due to unavailable references
[1882.297s][debug][gc,ref       ] GC(174) Skipped phase3 of Reference Processing due to unavailable references
[1882.297s][debug][gc,age       ] GC(174) Desired survivor size 15400960 bytes, new threshold 6 (max threshold 6)
[1882.297s][info ][gc,heap      ] GC(174) ParNew: 241505K->630K(270976K)
[1882.297s][info ][gc,heap      ] GC(174) CMS: 218496K->218503K(602112K)
[1882.297s][info ][gc,metaspace ] GC(174) Metaspace: 53917K->53917K(1097728K)
[1882.297s][info ][gc           ] GC(174) Pause Young (Allocation Failure) 449M->213M(852M) 2.414ms
[1882.297s][info ][gc,cpu       ] GC(174) User=0.01s Sys=0.00s Real=0.00s
[1882.297s][info ][safepoint    ] Leaving safepoint region
[1882.297s][info ][safepoint    ] Total time for which application threads were stopped: 0.0025701 seconds, Stopping threads took: 0.0000232 seconds
[1921.307s][info ][safepoint    ] Application time: 39.0095531 seconds
[1921.307s][info ][safepoint    ] Entering safepoint region: Cleanup
[1921.307s][info ][safepoint    ] Leaving safepoint region
[1921.307s][info ][safepoint    ] Total time for which application threads were stopped: 0.0001093 seconds, Stopping threads took: 0.0000350 seconds
[1923.812s][info ][safepoint    ] Application time: 2.5053222 seconds
[1923.812s][info ][safepoint    ] Entering safepoint region: GenCollectForAllocation
[1923.812s][info ][gc,start     ] GC(175) Pause Young (Allocation Failure)
[1923.812s][info ][gc,task      ] GC(175) Using 4 workers of 4 for evacuation
[1923.814s][debug][gc,ref       ] GC(175) Skipped phase1 of Reference Processing due to unavailable references
[1923.814s][debug][gc,ref       ] GC(175) Skipped phase2 of Reference Processing due to unavailable references
[1923.814s][debug][gc,ref       ] GC(175) Skipped phase3 of Reference Processing due to unavailable references
[1923.814s][debug][gc,age       ] GC(175) Desired survivor size 15400960 bytes, new threshold 6 (max threshold 6)
[1923.814s][info ][gc,heap      ] GC(175) ParNew: 241526K->716K(270976K)
[1923.814s][info ][gc,heap      ] GC(175) CMS: 218503K->218513K(602112K)
[1923.814s][info ][gc,metaspace ] GC(175) Metaspace: 53921K->53921K(1097728K)
[1923.814s][info ][gc           ] GC(175) Pause Young (Allocation Failure) 449M->214M(852M) 2.031ms
[1923.814s][info ][gc,cpu       ] GC(175) User=0.01s Sys=0.00s Real=0.00s
[1923.814s][info ][safepoint    ] Leaving safepoint region
[1923.814s][info ][safepoint    ] Total time for which application threads were stopped: 0.0022098 seconds, Stopping threads took: 0.0000204 seconds
[1926.815s][info ][safepoint    ] Application time: 3.0002414 seconds
[1926.815s][info ][safepoint    ] Entering safepoint region: Cleanup
[1926.815s][info ][safepoint    ] Leaving safepoint region
[1926.815s][info ][safepoint    ] Total time for which application threads were stopped: 0.0000823 seconds, Stopping threads took: 0.0000196 seconds
[1927.815s][info ][safepoint    ] Application time: 1.0000988 seconds
[1927.815s][info ][safepoint    ] Entering safepoint region: Cleanup
[1927.815s][info ][safepoint    ] Leaving safepoint region
[1927.815s][info ][safepoint    ] Total time for which application threads were stopped: 0.0001126 seconds, Stopping threads took: 0.0000197 seconds
[1928.815s][info ][safepoint    ] Application time: 1.0000913 seconds
[1928.815s][info ][safepoint    ] Entering safepoint region: Cleanup
[1928.815s][info ][safepoint    ] Leaving safepoint region
[1928.815s][info ][safepoint    ] Total time for which application threads were stopped: 0.0000920 seconds, Stopping threads took: 0.0000203 seconds
[1932.816s][info ][safepoint    ] Application time: 4.0004025 seconds
[1932.816s][info ][safepoint    ] Entering safepoint region: Cleanup
[1932.816s][info ][safepoint    ] Leaving safepoint region
[1932.816s][info ][safepoint    ] Total time for which application threads were stopped: 0.0000878 seconds, Stopping threads took: 0.0000201 seconds
[1935.816s][info ][safepoint    ] Application time: 3.0001824 seconds
[1935.816s][info ][safepoint    ] Entering safepoint region: Cleanup
[1935.816s][info ][safepoint    ] Leaving safepoint region
[1935.816s][info ][safepoint    ] Total time for which application threads were stopped: 0.0001112 seconds, Stopping threads took: 0.0000358 seconds
[1937.816s][info ][safepoint    ] Application time: 2.0001933 seconds
[1937.816s][info ][safepoint    ] Entering safepoint region: Cleanup
[1937.816s][info ][safepoint    ] Leaving safepoint region
[1937.816s][info ][safepoint    ] Total time for which application threads were stopped: 0.0000849 seconds, Stopping threads took: 0.0000191 seconds
[1938.817s][info ][safepoint    ] Application time: 1.0000743 seconds
[1938.817s][info ][safepoint    ] Entering safepoint region: Cleanup
[1938.817s][info ][safepoint    ] Leaving safepoint region
[1938.817s][info ][safepoint    ] Total time for which application threads were stopped: 0.0001097 seconds, Stopping threads took: 0.0000440 seconds
[1939.817s][info ][safepoint    ] Application time: 1.0000741 seconds
[1939.817s][info ][safepoint    ] Entering safepoint region: Cleanup
[1939.817s][info ][safepoint    ] Leaving safepoint region
[1939.817s][info ][safepoint    ] Total time for which application threads were stopped: 0.0000790 seconds, Stopping threads took: 0.0000182 seconds
[1940.817s][info ][safepoint    ] Application time: 1.0000900 seconds
[1940.817s][info ][safepoint    ] Entering safepoint region: Cleanup
[1940.817s][info ][safepoint    ] Leaving safepoint region
[1940.817s][info ][safepoint    ] Total time for which application threads were stopped: 0.0000815 seconds, Stopping threads took: 0.0000197 seconds
[1941.817s][info ][safepoint    ] Application time: 1.0000920 seconds
[1941.817s][info ][safepoint    ] Entering safepoint region: Cleanup
[1941.817s][info ][safepoint    ] Leaving safepoint region
[1941.817s][info ][safepoint    ] Total time for which application threads were stopped: 0.0001005 seconds, Stopping threads took: 0.0000196 seconds
[1942.817s][info ][safepoint    ] Application time: 1.0000968 seconds
[1942.818s][info ][safepoint    ] Entering safepoint region: Cleanup
[1942.818s][info ][safepoint    ] Leaving safepoint region
[1942.818s][info ][safepoint    ] Total time for which application threads were stopped: 0.0001199 seconds, Stopping threads took: 0.0000553 seconds
[1943.818s][info ][safepoint    ] Application time: 1.0000838 seconds
[1943.818s][info ][safepoint    ] Entering safepoint region: Cleanup
[1943.818s][info ][safepoint    ] Leaving safepoint region
[1943.818s][info ][safepoint    ] Total time for which application threads were stopped: 0.0000855 seconds, Stopping threads took: 0.0000196 seconds
[1944.818s][info ][safepoint    ] Application time: 1.0000841 seconds
[1944.818s][info ][safepoint    ] Entering safepoint region: Cleanup
[1944.818s][info ][safepoint    ] Leaving safepoint region
[1944.818s][info ][safepoint    ] Total time for which application threads were stopped: 0.0000787 seconds, Stopping threads took: 0.0000175 seconds
[1945.818s][info ][safepoint    ] Application time: 1.0001018 seconds
[1945.818s][info ][safepoint    ] Entering safepoint region: Cleanup
[1945.818s][info ][safepoint    ] Leaving safepoint region
[1945.818s][info ][safepoint    ] Total time for which application threads were stopped: 0.0000801 seconds, Stopping threads took: 0.0000188 seconds
[1946.818s][info ][safepoint    ] Application time: 1.0000843 seconds
[1946.818s][info ][safepoint    ] Entering safepoint region: Cleanup
[1946.818s][info ][safepoint    ] Leaving safepoint region
[1946.818s][info ][safepoint    ] Total time for which application threads were stopped: 0.0000806 seconds, Stopping threads took: 0.0000191 seconds
[1947.819s][info ][safepoint    ] Application time: 1.0000981 seconds
[1947.819s][info ][safepoint    ] Entering safepoint region: Cleanup
[1947.819s][info ][safepoint    ] Leaving safepoint region
[1947.819s][info ][safepoint    ] Total time for which application threads were stopped: 0.0000842 seconds, Stopping threads took: 0.0000192 seconds
[1948.819s][info ][safepoint    ] Application time: 1.0000858 seconds
[1948.819s][info ][safepoint    ] Entering safepoint region: Cleanup
[1948.819s][info ][safepoint    ] Leaving safepoint region
[1948.819s][info ][safepoint    ] Total time for which application threads were stopped: 0.0000833 seconds, Stopping threads took: 0.0000206 seconds
[1949.819s][info ][safepoint    ] Application time: 1.0000839 seconds
[1949.819s][info ][safepoint    ] Entering safepoint region: Cleanup
[1949.819s][info ][safepoint    ] Leaving safepoint region
[1949.819s][info ][safepoint    ] Total time for which application threads were stopped: 0.0000786 seconds, Stopping threads took: 0.0000204 seconds
[1950.819s][info ][safepoint    ] Application time: 1.0000428 seconds
[1950.819s][info ][safepoint    ] Entering safepoint region: Cleanup
[1950.819s][info ][safepoint    ] Leaving safepoint region
[1950.819s][info ][safepoint    ] Total time for which application threads were stopped: 0.0000807 seconds, Stopping threads took: 0.0000184 seconds
[1951.819s][info ][safepoint    ] Application time: 1.0001325 seconds
[1951.819s][info ][safepoint    ] Entering safepoint region: Cleanup
[1951.820s][info ][safepoint    ] Leaving safepoint region
[1951.820s][info ][safepoint    ] Total time for which application threads were stopped: 0.0001522 seconds, Stopping threads took: 0.0000776 seconds
[1952.820s][info ][safepoint    ] Application time: 1.0005686 seconds
[1952.820s][info ][safepoint    ] Entering safepoint region: Cleanup
[1952.820s][info ][safepoint    ] Leaving safepoint region
[1952.820s][info ][safepoint    ] Total time for which application threads were stopped: 0.0000830 seconds, Stopping threads took: 0.0000261 seconds
[1953.820s][info ][safepoint    ] Application time: 1.0000737 seconds
[1953.820s][info ][safepoint    ] Entering safepoint region: Cleanup
[1953.820s][info ][safepoint    ] Leaving safepoint region
[1953.820s][info ][safepoint    ] Total time for which application threads were stopped: 0.0000728 seconds, Stopping threads took: 0.0000175 seconds
[1954.821s][info ][safepoint    ] Application time: 1.0001034 seconds
[1954.821s][info ][safepoint    ] Entering safepoint region: Cleanup
[1954.821s][info ][safepoint    ] Leaving safepoint region
[1954.821s][info ][safepoint    ] Total time for which application threads were stopped: 0.0001805 seconds, Stopping threads took: 0.0001108 seconds
[1955.821s][info ][safepoint    ] Application time: 1.0001199 seconds
[1955.821s][info ][safepoint    ] Entering safepoint region: Cleanup
[1955.821s][info ][safepoint    ] Leaving safepoint region
[1955.821s][info ][safepoint    ] Total time for which application threads were stopped: 0.0000941 seconds, Stopping threads took: 0.0000190 seconds
[1956.821s][info ][safepoint    ] Application time: 1.0000912 seconds
[1956.821s][info ][safepoint    ] Entering safepoint region: Cleanup
[1956.821s][info ][safepoint    ] Leaving safepoint region
[1956.821s][info ][safepoint    ] Total time for which application threads were stopped: 0.0000884 seconds, Stopping threads took: 0.0000320 seconds
[1957.375s][info ][safepoint    ] Application time: 0.5540892 seconds
[1957.375s][info ][safepoint    ] Entering safepoint region: GenCollectForAllocation
[1957.375s][info ][gc,start     ] GC(176) Pause Young (Allocation Failure)
[1957.375s][info ][gc,task      ] GC(176) Using 4 workers of 4 for evacuation
[1957.378s][debug][gc,ref       ] GC(176) Skipped phase1 of Reference Processing due to unavailable references
[1957.378s][debug][gc,ref       ] GC(176) Skipped phase2 of Reference Processing due to unavailable references
[1957.378s][debug][gc,ref       ] GC(176) Skipped phase3 of Reference Processing due to unavailable references
[1957.378s][debug][gc,age       ] GC(176) Desired survivor size 15400960 bytes, new threshold 6 (max threshold 6)
[1957.378s][info ][gc,heap      ] GC(176) ParNew: 241612K->741K(270976K)
[1957.378s][info ][gc,heap      ] GC(176) CMS: 218513K->218514K(602112K)
[1957.378s][info ][gc,metaspace ] GC(176) Metaspace: 53923K->53923K(1097728K)
[1957.378s][info ][gc           ] GC(176) Pause Young (Allocation Failure) 449M->214M(852M) 2.295ms
[1957.378s][info ][gc,cpu       ] GC(176) User=0.01s Sys=0.00s Real=0.00s
[1957.378s][info ][safepoint    ] Leaving safepoint region
[1957.378s][info ][safepoint    ] Total time for which application threads were stopped: 0.0024776 seconds, Stopping threads took: 0.0000199 seconds
[1958.378s][info ][safepoint    ] Application time: 1.0001020 seconds
[1958.378s][info ][safepoint    ] Entering safepoint region: Cleanup
[1958.378s][info ][safepoint    ] Leaving safepoint region
[1958.378s][info ][safepoint    ] Total time for which application threads were stopped: 0.0001399 seconds, Stopping threads took: 0.0000198 seconds
[1959.378s][info ][safepoint    ] Application time: 1.0001592 seconds
[1959.378s][info ][safepoint    ] Entering safepoint region: Cleanup
[1959.378s][info ][safepoint    ] Leaving safepoint region
[1959.378s][info ][safepoint    ] Total time for which application threads were stopped: 0.0001566 seconds, Stopping threads took: 0.0000601 seconds
[1960.379s][info ][safepoint    ] Application time: 1.0000921 seconds
[1960.380s][info ][safepoint    ] Entering safepoint region: Cleanup
[1960.381s][info ][safepoint    ] Leaving safepoint region
[1960.381s][info ][safepoint    ] Total time for which application threads were stopped: 0.0020533 seconds, Stopping threads took: 0.0019414 seconds
[1961.381s][info ][safepoint    ] Application time: 1.0001553 seconds
[1961.381s][info ][safepoint    ] Entering safepoint region: Cleanup
[1961.381s][info ][safepoint    ] Leaving safepoint region
[1961.381s][info ][safepoint    ] Total time for which application threads were stopped: 0.0000831 seconds, Stopping threads took: 0.0000193 seconds
[1962.381s][info ][safepoint    ] Application time: 1.0000736 seconds
[1962.381s][info ][safepoint    ] Entering safepoint region: Cleanup
[1962.381s][info ][safepoint    ] Leaving safepoint region
[1962.381s][info ][safepoint    ] Total time for which application threads were stopped: 0.0000895 seconds, Stopping threads took: 0.0000203 seconds
[1963.381s][info ][safepoint    ] Application time: 1.0000907 seconds
[1963.381s][info ][safepoint    ] Entering safepoint region: Cleanup
[1963.381s][info ][safepoint    ] Leaving safepoint region
[1963.381s][info ][safepoint    ] Total time for which application threads were stopped: 0.0000811 seconds, Stopping threads took: 0.0000175 seconds
[1964.381s][info ][safepoint    ] Application time: 1.0000904 seconds
[1964.381s][info ][safepoint    ] Entering safepoint region: Cleanup
[1964.382s][info ][safepoint    ] Leaving safepoint region
[1964.382s][info ][safepoint    ] Total time for which application threads were stopped: 0.0001006 seconds, Stopping threads took: 0.0000319 seconds
[1965.382s][info ][safepoint    ] Application time: 1.0000862 seconds
[1965.382s][info ][safepoint    ] Entering safepoint region: Cleanup
[1965.382s][info ][safepoint    ] Leaving safepoint region
[1965.382s][info ][safepoint    ] Total time for which application threads were stopped: 0.0000991 seconds, Stopping threads took: 0.0000352 seconds
[1966.382s][info ][safepoint    ] Application time: 1.0000971 seconds
[1966.382s][info ][safepoint    ] Entering safepoint region: Cleanup
[1966.382s][info ][safepoint    ] Leaving safepoint region
[1966.382s][info ][safepoint    ] Total time for which application threads were stopped: 0.0000830 seconds, Stopping threads took: 0.0000194 seconds
[1967.382s][info ][safepoint    ] Application time: 1.0000988 seconds
[1967.382s][info ][safepoint    ] Entering safepoint region: Cleanup
[1967.382s][info ][safepoint    ] Leaving safepoint region
[1967.382s][info ][safepoint    ] Total time for which application threads were stopped: 0.0000986 seconds, Stopping threads took: 0.0000187 seconds
[1968.382s][info ][safepoint    ] Application time: 1.0001157 seconds
[1968.382s][info ][safepoint    ] Entering safepoint region: Cleanup
[1968.382s][info ][safepoint    ] Leaving safepoint region
[1968.382s][info ][safepoint    ] Total time for which application threads were stopped: 0.0000814 seconds, Stopping threads took: 0.0000195 seconds
[1969.383s][info ][safepoint    ] Application time: 1.0001164 seconds
[1969.383s][info ][safepoint    ] Entering safepoint region: Cleanup
[1969.383s][info ][safepoint    ] Leaving safepoint region
[1969.383s][info ][safepoint    ] Total time for which application threads were stopped: 0.0001045 seconds, Stopping threads took: 0.0000420 seconds
[1970.383s][info ][safepoint    ] Application time: 1.0000821 seconds
[1970.383s][info ][safepoint    ] Entering safepoint region: Cleanup
[1970.383s][info ][safepoint    ] Leaving safepoint region
[1970.383s][info ][safepoint    ] Total time for which application threads were stopped: 0.0001017 seconds, Stopping threads took: 0.0000339 seconds
[1971.383s][info ][safepoint    ] Application time: 1.0000882 seconds
[1971.383s][info ][safepoint    ] Entering safepoint region: Cleanup
[1971.383s][info ][safepoint    ] Leaving safepoint region
[1971.383s][info ][safepoint    ] Total time for which application threads were stopped: 0.0000843 seconds, Stopping threads took: 0.0000189 seconds
[1972.383s][info ][safepoint    ] Application time: 1.0000907 seconds
[1972.383s][info ][safepoint    ] Entering safepoint region: Cleanup
[1972.383s][info ][safepoint    ] Leaving safepoint region
[1972.383s][info ][safepoint    ] Total time for which application threads were stopped: 0.0000946 seconds, Stopping threads took: 0.0000186 seconds
[1973.384s][info ][safepoint    ] Application time: 1.0000898 seconds
[1973.384s][info ][safepoint    ] Entering safepoint region: Cleanup
[1973.384s][info ][safepoint    ] Leaving safepoint region
[1973.384s][info ][safepoint    ] Total time for which application threads were stopped: 0.0000962 seconds, Stopping threads took: 0.0000193 seconds
[1974.384s][info ][safepoint    ] Application time: 1.0000835 seconds
[1974.384s][info ][safepoint    ] Entering safepoint region: Cleanup
[1974.384s][info ][safepoint    ] Leaving safepoint region
[1974.384s][info ][safepoint    ] Total time for which application threads were stopped: 0.0001222 seconds, Stopping threads took: 0.0000574 seconds
[1975.384s][info ][safepoint    ] Application time: 1.0000853 seconds
[1975.384s][info ][safepoint    ] Entering safepoint region: Cleanup
[1975.384s][info ][safepoint    ] Leaving safepoint region
[1975.384s][info ][safepoint    ] Total time for which application threads were stopped: 0.0000813 seconds, Stopping threads took: 0.0000180 seconds
[1976.384s][info ][safepoint    ] Application time: 1.0000851 seconds
[1976.384s][info ][safepoint    ] Entering safepoint region: Cleanup
[1976.384s][info ][safepoint    ] Leaving safepoint region
[1976.384s][info ][safepoint    ] Total time for which application threads were stopped: 0.0000980 seconds, Stopping threads took: 0.0000197 seconds
[1977.384s][info ][safepoint    ] Application time: 1.0000961 seconds
[1977.384s][info ][safepoint    ] Entering safepoint region: Cleanup
[1977.385s][info ][safepoint    ] Leaving safepoint region
[1977.385s][info ][safepoint    ] Total time for which application threads were stopped: 0.0000802 seconds, Stopping threads took: 0.0000188 seconds
[1978.385s][info ][safepoint    ] Application time: 1.0000934 seconds
[1978.385s][info ][safepoint    ] Entering safepoint region: Cleanup
[1978.385s][info ][safepoint    ] Leaving safepoint region
[1978.385s][info ][safepoint    ] Total time for which application threads were stopped: 0.0000964 seconds, Stopping threads took: 0.0000207 seconds
[1979.385s][info ][safepoint    ] Application time: 1.0000477 seconds
[1979.385s][info ][safepoint    ] Entering safepoint region: Cleanup
[1979.385s][info ][safepoint    ] Leaving safepoint region
[1979.385s][info ][safepoint    ] Total time for which application threads were stopped: 0.0000877 seconds, Stopping threads took: 0.0000227 seconds
[1980.385s][info ][safepoint    ] Application time: 1.0000778 seconds
[1980.385s][info ][safepoint    ] Entering safepoint region: Cleanup
[1980.385s][info ][safepoint    ] Leaving safepoint region
[1980.385s][info ][safepoint    ] Total time for which application threads were stopped: 0.0000948 seconds, Stopping threads took: 0.0000179 seconds
[1981.385s][info ][safepoint    ] Application time: 1.0000859 seconds
[1981.385s][info ][safepoint    ] Entering safepoint region: Cleanup
[1981.385s][info ][safepoint    ] Leaving safepoint region
[1981.385s][info ][safepoint    ] Total time for which application threads were stopped: 0.0000968 seconds, Stopping threads took: 0.0000204 seconds
[1982.386s][info ][safepoint    ] Application time: 1.0000893 seconds
[1982.386s][info ][safepoint    ] Entering safepoint region: Cleanup
[1982.386s][info ][safepoint    ] Leaving safepoint region
[1982.386s][info ][safepoint    ] Total time for which application threads were stopped: 0.0001117 seconds, Stopping threads took: 0.0000431 seconds
[1983.386s][info ][safepoint    ] Application time: 1.0000918 seconds
[1983.386s][info ][safepoint    ] Entering safepoint region: Cleanup
[1983.386s][info ][safepoint    ] Leaving safepoint region
[1983.386s][info ][safepoint    ] Total time for which application threads were stopped: 0.0001120 seconds, Stopping threads took: 0.0000385 seconds
[1984.386s][info ][safepoint    ] Application time: 1.0000856 seconds
[1984.386s][info ][safepoint    ] Entering safepoint region: Cleanup
[1984.386s][info ][safepoint    ] Leaving safepoint region
[1984.386s][info ][safepoint    ] Total time for which application threads were stopped: 0.0000942 seconds, Stopping threads took: 0.0000205 seconds
[1985.386s][info ][safepoint    ] Application time: 1.0000874 seconds
[1985.386s][info ][safepoint    ] Entering safepoint region: Cleanup
[1985.386s][info ][safepoint    ] Leaving safepoint region
[1985.386s][info ][safepoint    ] Total time for which application threads were stopped: 0.0000954 seconds, Stopping threads took: 0.0000174 seconds
[1986.386s][info ][safepoint    ] Application time: 1.0000684 seconds
[1986.387s][info ][safepoint    ] Entering safepoint region: Cleanup
[1986.387s][info ][safepoint    ] Leaving safepoint region
[1986.387s][info ][safepoint    ] Total time for which application threads were stopped: 0.0000788 seconds, Stopping threads took: 0.0000181 seconds
[1987.387s][info ][safepoint    ] Application time: 1.0000951 seconds
[1987.387s][info ][safepoint    ] Entering safepoint region: Cleanup
[1987.387s][info ][safepoint    ] Leaving safepoint region
[1987.387s][info ][safepoint    ] Total time for which application threads were stopped: 0.0000824 seconds, Stopping threads took: 0.0000208 seconds
[1988.387s][info ][safepoint    ] Application time: 1.0000849 seconds
[1988.387s][info ][safepoint    ] Entering safepoint region: Cleanup
[1988.387s][info ][safepoint    ] Leaving safepoint region
[1988.387s][info ][safepoint    ] Total time for which application threads were stopped: 0.0000874 seconds, Stopping threads took: 0.0000176 seconds
[1989.387s][info ][safepoint    ] Application time: 1.0000816 seconds
[1989.387s][info ][safepoint    ] Entering safepoint region: Cleanup
[1989.387s][info ][safepoint    ] Leaving safepoint region
[1989.387s][info ][safepoint    ] Total time for which application threads were stopped: 0.0000971 seconds, Stopping threads took: 0.0000186 seconds
[1990.387s][info ][safepoint    ] Application time: 1.0000839 seconds
[1990.387s][info ][safepoint    ] Entering safepoint region: Cleanup
[1990.387s][info ][safepoint    ] Leaving safepoint region
[1990.387s][info ][safepoint    ] Total time for which application threads were stopped: 0.0000954 seconds, Stopping threads took: 0.0000179 seconds
[1991.388s][info ][safepoint    ] Application time: 1.0000890 seconds
[1991.388s][info ][safepoint    ] Entering safepoint region: Cleanup
[1991.388s][info ][safepoint    ] Leaving safepoint region
[1991.388s][info ][safepoint    ] Total time for which application threads were stopped: 0.0000950 seconds, Stopping threads took: 0.0000171 seconds
[1992.388s][info ][safepoint    ] Application time: 1.0000472 seconds
[1992.388s][info ][safepoint    ] Entering safepoint region: Cleanup
[1992.388s][info ][safepoint    ] Leaving safepoint region
[1992.388s][info ][safepoint    ] Total time for which application threads were stopped: 0.0000840 seconds, Stopping threads took: 0.0000196 seconds
[1993.388s][info ][safepoint    ] Application time: 1.0000826 seconds
[1993.388s][info ][safepoint    ] Entering safepoint region: Cleanup
[1993.388s][info ][safepoint    ] Leaving safepoint region
[1993.388s][info ][safepoint    ] Total time for which application threads were stopped: 0.0000945 seconds, Stopping threads took: 0.0000311 seconds
[1993.543s][info ][safepoint    ] Application time: 0.1553631 seconds
[1993.544s][info ][safepoint    ] Entering safepoint region: GenCollectForAllocation
[1993.544s][info ][gc,start     ] GC(177) Pause Young (Allocation Failure)
[1993.544s][info ][gc,task      ] GC(177) Using 4 workers of 4 for evacuation
[1993.545s][debug][gc,ref       ] GC(177) Skipped phase1 of Reference Processing due to unavailable references
[1993.546s][debug][gc,ref       ] GC(177) Skipped phase2 of Reference Processing due to unavailable references
[1993.546s][debug][gc,ref       ] GC(177) Skipped phase3 of Reference Processing due to unavailable references
[1993.546s][debug][gc,age       ] GC(177) Desired survivor size 15400960 bytes, new threshold 6 (max threshold 6)
[1993.546s][info ][gc,heap      ] GC(177) ParNew: 241637K->769K(270976K)
[1993.546s][info ][gc,heap      ] GC(177) CMS: 218514K->218536K(602112K)
[1993.546s][info ][gc,metaspace ] GC(177) Metaspace: 53923K->53923K(1097728K)
[1993.546s][info ][gc           ] GC(177) Pause Young (Allocation Failure) 449M->214M(852M) 2.024ms
[1993.546s][info ][gc,cpu       ] GC(177) User=0.00s Sys=0.00s Real=0.00s
[1993.546s][info ][safepoint    ] Leaving safepoint region
[1993.546s][info ][safepoint    ] Total time for which application threads were stopped: 0.0022041 seconds, Stopping threads took: 0.0000411 seconds
[1994.546s][info ][safepoint    ] Application time: 1.0000974 seconds
[1994.546s][info ][safepoint    ] Entering safepoint region: Cleanup
[1994.546s][info ][safepoint    ] Leaving safepoint region
[1994.546s][info ][safepoint    ] Total time for which application threads were stopped: 0.0001488 seconds, Stopping threads took: 0.0000615 seconds
[1995.546s][info ][safepoint    ] Application time: 1.0000829 seconds
[1995.546s][info ][safepoint    ] Entering safepoint region: Cleanup
[1995.546s][info ][safepoint    ] Leaving safepoint region
[1995.546s][info ][safepoint    ] Total time for which application threads were stopped: 0.0000940 seconds, Stopping threads took: 0.0000199 seconds
[1996.546s][info ][safepoint    ] Application time: 1.0001003 seconds
[1996.546s][info ][safepoint    ] Entering safepoint region: Cleanup
[1996.546s][info ][safepoint    ] Leaving safepoint region
[1996.546s][info ][safepoint    ] Total time for which application threads were stopped: 0.0001308 seconds, Stopping threads took: 0.0000433 seconds
[1997.547s][info ][safepoint    ] Application time: 1.0000985 seconds
[1997.547s][info ][safepoint    ] Entering safepoint region: Cleanup
[1997.547s][info ][safepoint    ] Leaving safepoint region
[1997.547s][info ][safepoint    ] Total time for which application threads were stopped: 0.0000794 seconds, Stopping threads took: 0.0000184 seconds
[1998.547s][info ][safepoint    ] Application time: 1.0000596 seconds
[1998.547s][info ][safepoint    ] Entering safepoint region: Cleanup
[1998.547s][info ][safepoint    ] Leaving safepoint region
[1998.547s][info ][safepoint    ] Total time for which application threads were stopped: 0.0000815 seconds, Stopping threads took: 0.0000174 seconds
[1999.547s][info ][safepoint    ] Application time: 1.0000472 seconds
[1999.547s][info ][safepoint    ] Entering safepoint region: Cleanup
[1999.547s][info ][safepoint    ] Leaving safepoint region
[1999.547s][info ][safepoint    ] Total time for which application threads were stopped: 0.0000935 seconds, Stopping threads took: 0.0000175 seconds
[2000.547s][info ][safepoint    ] Application time: 1.0000888 seconds
[2000.547s][info ][safepoint    ] Entering safepoint region: Cleanup
[2000.547s][info ][safepoint    ] Leaving safepoint region
[2000.547s][info ][safepoint    ] Total time for which application threads were stopped: 0.0000830 seconds, Stopping threads took: 0.0000202 seconds
[2001.547s][info ][safepoint    ] Application time: 1.0000646 seconds
[2001.547s][info ][safepoint    ] Entering safepoint region: Cleanup
[2001.547s][info ][safepoint    ] Leaving safepoint region
[2001.547s][info ][safepoint    ] Total time for which application threads were stopped: 0.0000779 seconds, Stopping threads took: 0.0000172 seconds
[2002.548s][info ][safepoint    ] Application time: 1.0000949 seconds
[2002.548s][info ][safepoint    ] Entering safepoint region: Cleanup
[2002.548s][info ][safepoint    ] Leaving safepoint region
[2002.548s][info ][safepoint    ] Total time for which application threads were stopped: 0.0000837 seconds, Stopping threads took: 0.0000188 seconds
[2003.548s][info ][safepoint    ] Application time: 1.0000944 seconds
[2003.548s][info ][safepoint    ] Entering safepoint region: Cleanup
[2003.548s][info ][safepoint    ] Leaving safepoint region
[2003.548s][info ][safepoint    ] Total time for which application threads were stopped: 0.0000974 seconds, Stopping threads took: 0.0000170 seconds
[2004.548s][info ][safepoint    ] Application time: 1.0000890 seconds
[2004.548s][info ][safepoint    ] Entering safepoint region: Cleanup
[2004.548s][info ][safepoint    ] Leaving safepoint region
[2004.548s][info ][safepoint    ] Total time for which application threads were stopped: 0.0000845 seconds, Stopping threads took: 0.0000181 seconds
[2005.548s][info ][safepoint    ] Application time: 1.0000857 seconds
[2005.548s][info ][safepoint    ] Entering safepoint region: Cleanup
[2005.548s][info ][safepoint    ] Leaving safepoint region
[2005.548s][info ][safepoint    ] Total time for which application threads were stopped: 0.0000820 seconds, Stopping threads took: 0.0000177 seconds
[2006.548s][info ][safepoint    ] Application time: 1.0000888 seconds
[2006.549s][info ][safepoint    ] Entering safepoint region: Cleanup
[2006.549s][info ][safepoint    ] Leaving safepoint region
[2006.549s][info ][safepoint    ] Total time for which application threads were stopped: 0.0000759 seconds, Stopping threads took: 0.0000171 seconds
[2007.549s][info ][safepoint    ] Application time: 1.0000790 seconds
[2007.549s][info ][safepoint    ] Entering safepoint region: Cleanup
[2007.549s][info ][safepoint    ] Leaving safepoint region
[2007.549s][info ][safepoint    ] Total time for which application threads were stopped: 0.0000890 seconds, Stopping threads took: 0.0000172 seconds
[2008.549s][info ][safepoint    ] Application time: 1.0000569 seconds
[2008.549s][info ][safepoint    ] Entering safepoint region: Cleanup
[2008.549s][info ][safepoint    ] Leaving safepoint region
[2008.549s][info ][safepoint    ] Total time for which application threads were stopped: 0.0000871 seconds, Stopping threads took: 0.0000186 seconds
[2009.549s][info ][safepoint    ] Application time: 1.0000879 seconds
[2009.549s][info ][safepoint    ] Entering safepoint region: Cleanup
[2009.549s][info ][safepoint    ] Leaving safepoint region
[2009.549s][info ][safepoint    ] Total time for which application threads were stopped: 0.0000738 seconds, Stopping threads took: 0.0000177 seconds
[2010.549s][info ][safepoint    ] Application time: 1.0000895 seconds
[2010.549s][info ][safepoint    ] Entering safepoint region: Cleanup
[2010.550s][info ][safepoint    ] Leaving safepoint region
[2010.550s][info ][safepoint    ] Total time for which application threads were stopped: 0.0005550 seconds, Stopping threads took: 0.0000186 seconds
[2011.550s][info ][safepoint    ] Application time: 1.0001579 seconds
[2011.550s][info ][safepoint    ] Entering safepoint region: Cleanup
[2011.550s][info ][safepoint    ] Leaving safepoint region
[2011.550s][info ][safepoint    ] Total time for which application threads were stopped: 0.0000764 seconds, Stopping threads took: 0.0000187 seconds
[2012.550s][info ][safepoint    ] Application time: 1.0002469 seconds
[2012.550s][info ][safepoint    ] Entering safepoint region: Cleanup
[2012.551s][info ][safepoint    ] Leaving safepoint region
[2012.551s][info ][safepoint    ] Total time for which application threads were stopped: 0.0001175 seconds, Stopping threads took: 0.0000565 seconds
[2013.551s][info ][safepoint    ] Application time: 1.0000921 seconds
[2013.551s][info ][safepoint    ] Entering safepoint region: Cleanup
[2013.551s][info ][safepoint    ] Leaving safepoint region
[2013.551s][info ][safepoint    ] Total time for which application threads were stopped: 0.0000801 seconds, Stopping threads took: 0.0000187 seconds
[2014.551s][info ][safepoint    ] Application time: 1.0000885 seconds
[2014.551s][info ][safepoint    ] Entering safepoint region: Cleanup
[2014.551s][info ][safepoint    ] Leaving safepoint region
[2014.551s][info ][safepoint    ] Total time for which application threads were stopped: 0.0000877 seconds, Stopping threads took: 0.0000198 seconds
[2015.551s][info ][safepoint    ] Application time: 1.0000935 seconds
[2015.551s][info ][safepoint    ] Entering safepoint region: Cleanup
[2015.551s][info ][safepoint    ] Leaving safepoint region
[2015.551s][info ][safepoint    ] Total time for which application threads were stopped: 0.0000797 seconds, Stopping threads took: 0.0000184 seconds
[2016.551s][info ][safepoint    ] Application time: 1.0000856 seconds
[2016.551s][info ][safepoint    ] Entering safepoint region: Cleanup
[2016.551s][info ][safepoint    ] Leaving safepoint region
[2016.551s][info ][safepoint    ] Total time for which application threads were stopped: 0.0000956 seconds, Stopping threads took: 0.0000178 seconds
[2017.551s][info ][safepoint    ] Application time: 1.0000834 seconds
[2017.552s][info ][safepoint    ] Entering safepoint region: Cleanup
[2017.552s][info ][safepoint    ] Leaving safepoint region
[2017.552s][info ][safepoint    ] Total time for which application threads were stopped: 0.0000972 seconds, Stopping threads took: 0.0000318 seconds
[2018.552s][info ][safepoint    ] Application time: 1.0000887 seconds
[2018.552s][info ][safepoint    ] Entering safepoint region: Cleanup
[2018.552s][info ][safepoint    ] Leaving safepoint region
[2018.552s][info ][safepoint    ] Total time for which application threads were stopped: 0.0000807 seconds, Stopping threads took: 0.0000199 seconds
[2019.552s][info ][safepoint    ] Application time: 1.0001170 seconds
[2019.552s][info ][safepoint    ] Entering safepoint region: Cleanup
[2019.552s][info ][safepoint    ] Leaving safepoint region
[2019.552s][info ][safepoint    ] Total time for which application threads were stopped: 0.0000786 seconds, Stopping threads took: 0.0000188 seconds
[2020.552s][info ][safepoint    ] Application time: 1.0001023 seconds
[2020.552s][info ][safepoint    ] Entering safepoint region: Cleanup
[2020.552s][info ][safepoint    ] Leaving safepoint region
[2020.552s][info ][safepoint    ] Total time for which application threads were stopped: 0.0000946 seconds, Stopping threads took: 0.0000182 seconds
[2021.552s][info ][safepoint    ] Application time: 1.0000893 seconds
[2021.552s][info ][safepoint    ] Entering safepoint region: Cleanup
[2021.553s][info ][safepoint    ] Leaving safepoint region
[2021.553s][info ][safepoint    ] Total time for which application threads were stopped: 0.0000798 seconds, Stopping threads took: 0.0000189 seconds
[2022.553s][info ][safepoint    ] Application time: 1.0000611 seconds
[2022.553s][info ][safepoint    ] Entering safepoint region: Cleanup
[2022.553s][info ][safepoint    ] Leaving safepoint region
[2022.553s][info ][safepoint    ] Total time for which application threads were stopped: 0.0000968 seconds, Stopping threads took: 0.0000194 seconds
[2023.553s][info ][safepoint    ] Application time: 1.0001786 seconds
[2023.553s][info ][safepoint    ] Entering safepoint region: Cleanup
[2023.553s][info ][safepoint    ] Leaving safepoint region
[2023.553s][info ][safepoint    ] Total time for which application threads were stopped: 0.0001001 seconds, Stopping threads took: 0.0000353 seconds
[2024.553s][info ][safepoint    ] Application time: 1.0000867 seconds
[2024.553s][info ][safepoint    ] Entering safepoint region: Cleanup
[2024.553s][info ][safepoint    ] Leaving safepoint region
[2024.553s][info ][safepoint    ] Total time for which application threads were stopped: 0.0001129 seconds, Stopping threads took: 0.0000213 seconds
[2025.553s][info ][safepoint    ] Application time: 1.0000824 seconds
[2025.553s][info ][safepoint    ] Entering safepoint region: Cleanup
[2025.553s][info ][safepoint    ] Leaving safepoint region
[2025.553s][info ][safepoint    ] Total time for which application threads were stopped: 0.0000821 seconds, Stopping threads took: 0.0000202 seconds
[2026.554s][info ][safepoint    ] Application time: 1.0000828 seconds
[2026.554s][info ][safepoint    ] Entering safepoint region: Cleanup
[2026.554s][info ][safepoint    ] Leaving safepoint region
[2026.554s][info ][safepoint    ] Total time for which application threads were stopped: 0.0001114 seconds, Stopping threads took: 0.0000481 seconds
[2027.554s][info ][safepoint    ] Application time: 1.0000880 seconds
[2027.554s][info ][safepoint    ] Entering safepoint region: Cleanup
[2027.554s][info ][safepoint    ] Leaving safepoint region
[2027.554s][info ][safepoint    ] Total time for which application threads were stopped: 0.0000959 seconds, Stopping threads took: 0.0000219 seconds
[2028.554s][info ][safepoint    ] Application time: 1.0000949 seconds
[2028.554s][info ][safepoint    ] Entering safepoint region: Cleanup
[2028.554s][info ][safepoint    ] Leaving safepoint region
[2028.554s][info ][safepoint    ] Total time for which application threads were stopped: 0.0000989 seconds, Stopping threads took: 0.0000196 seconds
[2029.554s][info ][safepoint    ] Application time: 1.0000801 seconds
[2029.554s][info ][safepoint    ] Entering safepoint region: Cleanup
[2029.554s][info ][safepoint    ] Leaving safepoint region
[2029.554s][info ][safepoint    ] Total time for which application threads were stopped: 0.0000864 seconds, Stopping threads took: 0.0000236 seconds
[2030.555s][info ][safepoint    ] Application time: 1.0001049 seconds
[2030.555s][info ][safepoint    ] Entering safepoint region: Cleanup
[2030.555s][info ][safepoint    ] Leaving safepoint region
[2030.555s][info ][safepoint    ] Total time for which application threads were stopped: 0.0000800 seconds, Stopping threads took: 0.0000175 seconds
[2031.555s][info ][safepoint    ] Application time: 1.0001154 seconds
[2031.555s][info ][safepoint    ] Entering safepoint region: Cleanup
[2031.555s][info ][safepoint    ] Leaving safepoint region
[2031.555s][info ][safepoint    ] Total time for which application threads were stopped: 0.0000840 seconds, Stopping threads took: 0.0000210 seconds
[2032.555s][info ][safepoint    ] Application time: 1.0000913 seconds
[2032.555s][info ][safepoint    ] Entering safepoint region: Cleanup
[2032.555s][info ][safepoint    ] Leaving safepoint region
[2032.555s][info ][safepoint    ] Total time for which application threads were stopped: 0.0000824 seconds, Stopping threads took: 0.0000204 seconds
[2033.555s][info ][safepoint    ] Application time: 1.0001234 seconds
[2033.555s][info ][safepoint    ] Entering safepoint region: Cleanup
[2033.555s][info ][safepoint    ] Leaving safepoint region
[2033.555s][info ][safepoint    ] Total time for which application threads were stopped: 0.0000824 seconds, Stopping threads took: 0.0000191 seconds
[2034.556s][info ][safepoint    ] Application time: 1.0001179 seconds
[2034.556s][info ][safepoint    ] Entering safepoint region: Cleanup
[2034.556s][info ][safepoint    ] Leaving safepoint region
[2034.556s][info ][safepoint    ] Total time for which application threads were stopped: 0.0000846 seconds, Stopping threads took: 0.0000201 seconds
[2034.794s][info ][safepoint    ] Application time: 0.2381522 seconds
[2034.794s][info ][safepoint    ] Entering safepoint region: GenCollectForAllocation
[2034.794s][info ][gc,start     ] GC(178) Pause Young (Allocation Failure)
[2034.794s][info ][gc,task      ] GC(178) Using 4 workers of 4 for evacuation
[2034.796s][debug][gc,ref       ] GC(178) Skipped phase1 of Reference Processing due to unavailable references
[2034.796s][debug][gc,ref       ] GC(178) Skipped phase2 of Reference Processing due to unavailable references
[2034.796s][debug][gc,ref       ] GC(178) Skipped phase3 of Reference Processing due to unavailable references
[2034.796s][debug][gc,age       ] GC(178) Desired survivor size 15400960 bytes, new threshold 6 (max threshold 6)
[2034.796s][info ][gc,heap      ] GC(178) ParNew: 241665K->702K(270976K)
[2034.796s][info ][gc,heap      ] GC(178) CMS: 218536K->218545K(602112K)
[2034.796s][info ][gc,metaspace ] GC(178) Metaspace: 53924K->53924K(1097728K)
[2034.796s][info ][gc           ] GC(178) Pause Young (Allocation Failure) 449M->214M(852M) 2.038ms
[2034.796s][info ][gc,cpu       ] GC(178) User=0.00s Sys=0.00s Real=0.00s
[2034.796s][info ][safepoint    ] Leaving safepoint region
[2034.796s][info ][safepoint    ] Total time for which application threads were stopped: 0.0021851 seconds, Stopping threads took: 0.0000194 seconds
[2035.796s][info ][safepoint    ] Application time: 1.0000900 seconds
[2035.796s][info ][safepoint    ] Entering safepoint region: Cleanup
[2035.796s][info ][safepoint    ] Leaving safepoint region
[2035.796s][info ][safepoint    ] Total time for which application threads were stopped: 0.0000800 seconds, Stopping threads took: 0.0000186 seconds
[2036.796s][info ][safepoint    ] Application time: 1.0000870 seconds
[2036.796s][info ][safepoint    ] Entering safepoint region: Cleanup
[2036.796s][info ][safepoint    ] Leaving safepoint region
[2036.796s][info ][safepoint    ] Total time for which application threads were stopped: 0.0000776 seconds, Stopping threads took: 0.0000175 seconds
[2037.797s][info ][safepoint    ] Application time: 1.0000822 seconds
[2037.797s][info ][safepoint    ] Entering safepoint region: Cleanup
[2037.797s][info ][safepoint    ] Leaving safepoint region
[2037.797s][info ][safepoint    ] Total time for which application threads were stopped: 0.0000955 seconds, Stopping threads took: 0.0000185 seconds
[2038.797s][info ][safepoint    ] Application time: 1.0000823 seconds
[2038.797s][info ][safepoint    ] Entering safepoint region: Cleanup
[2038.797s][info ][safepoint    ] Leaving safepoint region
[2038.797s][info ][safepoint    ] Total time for which application threads were stopped: 0.0000830 seconds, Stopping threads took: 0.0000195 seconds
[2039.797s][info ][safepoint    ] Application time: 1.0000868 seconds
[2039.797s][info ][safepoint    ] Entering safepoint region: Cleanup
[2039.797s][info ][safepoint    ] Leaving safepoint region
[2039.797s][info ][safepoint    ] Total time for which application threads were stopped: 0.0001126 seconds, Stopping threads took: 0.0000504 seconds
[2040.797s][info ][safepoint    ] Application time: 1.0001208 seconds
[2040.797s][info ][safepoint    ] Entering safepoint region: Cleanup
[2040.797s][info ][safepoint    ] Leaving safepoint region
[2040.797s][info ][safepoint    ] Total time for which application threads were stopped: 0.0000816 seconds, Stopping threads took: 0.0000194 seconds
[2041.797s][info ][safepoint    ] Application time: 1.0000880 seconds
[2041.797s][info ][safepoint    ] Entering safepoint region: Cleanup
[2041.798s][info ][safepoint    ] Leaving safepoint region
[2041.798s][info ][safepoint    ] Total time for which application threads were stopped: 0.0000890 seconds, Stopping threads took: 0.0000161 seconds
[2042.798s][info ][safepoint    ] Application time: 1.0000765 seconds
[2042.798s][info ][safepoint    ] Entering safepoint region: Cleanup
[2042.798s][info ][safepoint    ] Leaving safepoint region
[2042.798s][info ][safepoint    ] Total time for which application threads were stopped: 0.0000917 seconds, Stopping threads took: 0.0000309 seconds
[2043.798s][info ][safepoint    ] Application time: 1.0000799 seconds
[2043.798s][info ][safepoint    ] Entering safepoint region: Cleanup
[2043.798s][info ][safepoint    ] Leaving safepoint region
[2043.798s][info ][safepoint    ] Total time for which application threads were stopped: 0.0000939 seconds, Stopping threads took: 0.0000319 seconds
[2044.798s][info ][safepoint    ] Application time: 1.0000527 seconds
[2044.798s][info ][safepoint    ] Entering safepoint region: Cleanup
[2044.798s][info ][safepoint    ] Leaving safepoint region
[2044.798s][info ][safepoint    ] Total time for which application threads were stopped: 0.0000992 seconds, Stopping threads took: 0.0000343 seconds
[2045.798s][info ][safepoint    ] Application time: 1.0000778 seconds
[2045.798s][info ][safepoint    ] Entering safepoint region: Cleanup
[2045.798s][info ][safepoint    ] Leaving safepoint region
[2045.798s][info ][safepoint    ] Total time for which application threads were stopped: 0.0000775 seconds, Stopping threads took: 0.0000176 seconds
[2046.798s][info ][safepoint    ] Application time: 1.0000537 seconds
[2046.799s][info ][safepoint    ] Entering safepoint region: Cleanup
[2046.799s][info ][safepoint    ] Leaving safepoint region
[2046.799s][info ][safepoint    ] Total time for which application threads were stopped: 0.0000774 seconds, Stopping threads took: 0.0000167 seconds
[2047.799s][info ][safepoint    ] Application time: 1.0000927 seconds
[2047.799s][info ][safepoint    ] Entering safepoint region: Cleanup
[2047.799s][info ][safepoint    ] Leaving safepoint region
[2047.799s][info ][safepoint    ] Total time for which application threads were stopped: 0.0000867 seconds, Stopping threads took: 0.0000193 seconds
[2048.799s][info ][safepoint    ] Application time: 1.0000929 seconds
[2048.799s][info ][safepoint    ] Entering safepoint region: Cleanup
[2048.799s][info ][safepoint    ] Leaving safepoint region
[2048.799s][info ][safepoint    ] Total time for which application threads were stopped: 0.0001016 seconds, Stopping threads took: 0.0000404 seconds
[2049.799s][info ][safepoint    ] Application time: 1.0000917 seconds
[2049.799s][info ][safepoint    ] Entering safepoint region: Cleanup
[2049.799s][info ][safepoint    ] Leaving safepoint region
[2049.799s][info ][safepoint    ] Total time for which application threads were stopped: 0.0000963 seconds, Stopping threads took: 0.0000203 seconds
[2050.799s][info ][safepoint    ] Application time: 1.0000988 seconds
[2050.799s][info ][safepoint    ] Entering safepoint region: Cleanup
[2050.800s][info ][safepoint    ] Leaving safepoint region
[2050.800s][info ][safepoint    ] Total time for which application threads were stopped: 0.0000831 seconds, Stopping threads took: 0.0000196 seconds
[2051.800s][info ][safepoint    ] Application time: 1.0000892 seconds
[2051.800s][info ][safepoint    ] Entering safepoint region: Cleanup
[2051.800s][info ][safepoint    ] Leaving safepoint region
[2051.800s][info ][safepoint    ] Total time for which application threads were stopped: 0.0001404 seconds, Stopping threads took: 0.0000718 seconds
[2052.800s][info ][safepoint    ] Application time: 1.0000917 seconds
[2052.800s][info ][safepoint    ] Entering safepoint region: Cleanup
[2052.800s][info ][safepoint    ] Leaving safepoint region
[2052.800s][info ][safepoint    ] Total time for which application threads were stopped: 0.0000846 seconds, Stopping threads took: 0.0000198 seconds
[2053.800s][info ][safepoint    ] Application time: 1.0000930 seconds
[2053.800s][info ][safepoint    ] Entering safepoint region: Cleanup
[2053.800s][info ][safepoint    ] Leaving safepoint region
[2053.800s][info ][safepoint    ] Total time for which application threads were stopped: 0.0000982 seconds, Stopping threads took: 0.0000218 seconds
[2054.800s][info ][safepoint    ] Application time: 1.0000881 seconds
[2054.800s][info ][safepoint    ] Entering safepoint region: Cleanup
[2054.801s][info ][safepoint    ] Leaving safepoint region
[2054.801s][info ][safepoint    ] Total time for which application threads were stopped: 0.0000850 seconds, Stopping threads took: 0.0000205 seconds
[2055.801s][info ][safepoint    ] Application time: 1.0000793 seconds
[2055.801s][info ][safepoint    ] Entering safepoint region: Cleanup
[2055.801s][info ][safepoint    ] Leaving safepoint region
[2055.801s][info ][safepoint    ] Total time for which application threads were stopped: 0.0000852 seconds, Stopping threads took: 0.0000204 seconds
[2056.801s][info ][safepoint    ] Application time: 1.0001199 seconds
[2056.801s][info ][safepoint    ] Entering safepoint region: Cleanup
[2056.801s][info ][safepoint    ] Leaving safepoint region
[2056.801s][info ][safepoint    ] Total time for which application threads were stopped: 0.0001148 seconds, Stopping threads took: 0.0000510 seconds
[2057.801s][info ][safepoint    ] Application time: 1.0000952 seconds
[2057.801s][info ][safepoint    ] Entering safepoint region: Cleanup
[2057.801s][info ][safepoint    ] Leaving safepoint region
[2057.801s][info ][safepoint    ] Total time for which application threads were stopped: 0.0000820 seconds, Stopping threads took: 0.0000196 seconds
[2058.801s][info ][safepoint    ] Application time: 1.0001231 seconds
[2058.801s][info ][safepoint    ] Entering safepoint region: Cleanup
[2058.802s][info ][safepoint    ] Leaving safepoint region
[2058.802s][info ][safepoint    ] Total time for which application threads were stopped: 0.0000840 seconds, Stopping threads took: 0.0000205 seconds
[2059.802s][info ][safepoint    ] Application time: 1.0000425 seconds
[2059.802s][info ][safepoint    ] Entering safepoint region: Cleanup
[2059.802s][info ][safepoint    ] Leaving safepoint region
[2059.802s][info ][safepoint    ] Total time for which application threads were stopped: 0.0000862 seconds, Stopping threads took: 0.0000203 seconds
[2060.802s][info ][safepoint    ] Application time: 1.0001258 seconds
[2060.802s][info ][safepoint    ] Entering safepoint region: Cleanup
[2060.803s][info ][safepoint    ] Leaving safepoint region
[2060.803s][info ][safepoint    ] Total time for which application threads were stopped: 0.0004958 seconds, Stopping threads took: 0.0000198 seconds
[2061.803s][info ][safepoint    ] Application time: 1.0001578 seconds
[2061.803s][info ][safepoint    ] Entering safepoint region: Cleanup
[2061.803s][info ][safepoint    ] Leaving safepoint region
[2061.803s][info ][safepoint    ] Total time for which application threads were stopped: 0.0000840 seconds, Stopping threads took: 0.0000196 seconds
[2062.803s][info ][safepoint    ] Application time: 1.0000958 seconds
[2062.803s][info ][safepoint    ] Entering safepoint region: Cleanup
[2062.803s][info ][safepoint    ] Leaving safepoint region
[2062.803s][info ][safepoint    ] Total time for which application threads were stopped: 0.0000834 seconds, Stopping threads took: 0.0000200 seconds
[2063.803s][info ][safepoint    ] Application time: 1.0000831 seconds
[2063.803s][info ][safepoint    ] Entering safepoint region: Cleanup
[2063.803s][info ][safepoint    ] Leaving safepoint region
[2063.804s][info ][safepoint    ] Total time for which application threads were stopped: 0.0000922 seconds, Stopping threads took: 0.0000260 seconds
[2064.804s][info ][safepoint    ] Application time: 1.0001232 seconds
[2064.804s][info ][safepoint    ] Entering safepoint region: Cleanup
[2064.804s][info ][safepoint    ] Leaving safepoint region
[2064.804s][info ][safepoint    ] Total time for which application threads were stopped: 0.0000836 seconds, Stopping threads took: 0.0000197 seconds
[2065.804s][info ][safepoint    ] Application time: 1.0000878 seconds
[2065.804s][info ][safepoint    ] Entering safepoint region: Cleanup
[2065.804s][info ][safepoint    ] Leaving safepoint region
[2065.804s][info ][safepoint    ] Total time for which application threads were stopped: 0.0000758 seconds, Stopping threads took: 0.0000185 seconds
[2066.804s][info ][safepoint    ] Application time: 1.0000882 seconds
[2066.804s][info ][safepoint    ] Entering safepoint region: Cleanup
[2066.804s][info ][safepoint    ] Leaving safepoint region
[2066.804s][info ][safepoint    ] Total time for which application threads were stopped: 0.0001088 seconds, Stopping threads took: 0.0000197 seconds
[2067.804s][info ][safepoint    ] Application time: 1.0000901 seconds
[2067.804s][info ][safepoint    ] Entering safepoint region: Cleanup
[2067.805s][info ][safepoint    ] Leaving safepoint region
[2067.805s][info ][safepoint    ] Total time for which application threads were stopped: 0.0000786 seconds, Stopping threads took: 0.0000199 seconds
[2068.805s][info ][safepoint    ] Application time: 1.0001162 seconds
[2068.805s][info ][safepoint    ] Entering safepoint region: Cleanup
[2068.805s][info ][safepoint    ] Leaving safepoint region
[2068.805s][info ][safepoint    ] Total time for which application threads were stopped: 0.0000801 seconds, Stopping threads took: 0.0000174 seconds
[2069.805s][info ][safepoint    ] Application time: 1.0000908 seconds
[2069.805s][info ][safepoint    ] Entering safepoint region: Cleanup
[2069.805s][info ][safepoint    ] Leaving safepoint region
[2069.805s][info ][safepoint    ] Total time for which application threads were stopped: 0.0000898 seconds, Stopping threads took: 0.0000251 seconds
[2070.805s][info ][safepoint    ] Application time: 1.0000865 seconds
[2070.805s][info ][safepoint    ] Entering safepoint region: Cleanup
[2070.805s][info ][safepoint    ] Leaving safepoint region
[2070.805s][info ][safepoint    ] Total time for which application threads were stopped: 0.0000761 seconds, Stopping threads took: 0.0000179 seconds
[2071.805s][info ][safepoint    ] Application time: 1.0001860 seconds
[2071.805s][info ][safepoint    ] Entering safepoint region: Cleanup
[2071.805s][info ][safepoint    ] Leaving safepoint region
[2071.805s][info ][safepoint    ] Total time for which application threads were stopped: 0.0000791 seconds, Stopping threads took: 0.0000173 seconds
[2072.806s][info ][safepoint    ] Application time: 1.0000946 seconds
[2072.806s][info ][safepoint    ] Entering safepoint region: Cleanup
[2072.806s][info ][safepoint    ] Leaving safepoint region
[2072.806s][info ][safepoint    ] Total time for which application threads were stopped: 0.0000812 seconds, Stopping threads took: 0.0000186 seconds
[2073.806s][info ][safepoint    ] Application time: 1.0000843 seconds
[2073.806s][info ][safepoint    ] Entering safepoint region: Cleanup
[2073.806s][info ][safepoint    ] Leaving safepoint region
[2073.806s][info ][safepoint    ] Total time for which application threads were stopped: 0.0001035 seconds, Stopping threads took: 0.0000334 seconds
[2074.806s][info ][safepoint    ] Application time: 1.0000876 seconds
[2074.806s][info ][safepoint    ] Entering safepoint region: Cleanup
[2074.806s][info ][safepoint    ] Leaving safepoint region
[2074.806s][info ][safepoint    ] Total time for which application threads were stopped: 0.0000821 seconds, Stopping threads took: 0.0000179 seconds
[2075.596s][info ][safepoint    ] Application time: 0.7900738 seconds
[2075.596s][info ][safepoint    ] Entering safepoint region: GenCollectForAllocation
[2075.596s][info ][gc,start     ] GC(179) Pause Young (Allocation Failure)
[2075.596s][info ][gc,task      ] GC(179) Using 4 workers of 4 for evacuation
[2075.600s][debug][gc,ref       ] GC(179) Skipped phase1 of Reference Processing due to unavailable references
[2075.600s][debug][gc,ref       ] GC(179) Skipped phase2 of Reference Processing due to unavailable references
[2075.600s][debug][gc,ref       ] GC(179) Skipped phase3 of Reference Processing due to unavailable references
[2075.600s][debug][gc,ref       ] GC(179) Skipped phase4 of Reference Processing due to unavailable references
[2075.600s][debug][gc,age       ] GC(179) Desired survivor size 15400960 bytes, new threshold 6 (max threshold 6)
[2075.600s][info ][gc,heap      ] GC(179) ParNew: 241598K->631K(270976K)
[2075.600s][info ][gc,heap      ] GC(179) CMS: 218545K->218664K(602112K)
[2075.600s][info ][gc,metaspace ] GC(179) Metaspace: 53924K->53924K(1097728K)
[2075.600s][info ][gc           ] GC(179) Pause Young (Allocation Failure) 449M->214M(852M) 3.724ms
[2075.600s][info ][gc,cpu       ] GC(179) User=0.01s Sys=0.00s Real=0.00s
[2075.600s][info ][safepoint    ] Leaving safepoint region
[2075.600s][info ][safepoint    ] Total time for which application threads were stopped: 0.0038756 seconds, Stopping threads took: 0.0000185 seconds
[2076.600s][info ][safepoint    ] Application time: 1.0001115 seconds
[2076.600s][info ][safepoint    ] Entering safepoint region: Cleanup
[2076.600s][info ][safepoint    ] Leaving safepoint region
[2076.600s][info ][safepoint    ] Total time for which application threads were stopped: 0.0001308 seconds, Stopping threads took: 0.0000604 seconds
[2077.601s][info ][safepoint    ] Application time: 1.0000890 seconds
[2077.601s][info ][safepoint    ] Entering safepoint region: Cleanup
[2077.601s][info ][safepoint    ] Leaving safepoint region
[2077.601s][info ][safepoint    ] Total time for which application threads were stopped: 0.0001632 seconds, Stopping threads took: 0.0000852 seconds
[2078.601s][info ][safepoint    ] Application time: 1.0000843 seconds
[2078.601s][info ][safepoint    ] Entering safepoint region: Cleanup
[2078.601s][info ][safepoint    ] Leaving safepoint region
[2078.601s][info ][safepoint    ] Total time for which application threads were stopped: 0.0000996 seconds, Stopping threads took: 0.0000157 seconds
[2079.601s][info ][safepoint    ] Application time: 1.0000354 seconds
[2079.601s][info ][safepoint    ] Entering safepoint region: Cleanup
[2079.601s][info ][safepoint    ] Leaving safepoint region
[2079.601s][info ][safepoint    ] Total time for which application threads were stopped: 0.0001610 seconds, Stopping threads took: 0.0000731 seconds
[2080.601s][info ][safepoint    ] Application time: 1.0000868 seconds
[2080.601s][info ][safepoint    ] Entering safepoint region: Cleanup
[2080.601s][info ][safepoint    ] Leaving safepoint region
[2080.601s][info ][safepoint    ] Total time for which application threads were stopped: 0.0001320 seconds, Stopping threads took: 0.0000603 seconds
[2081.602s][info ][safepoint    ] Application time: 1.0000939 seconds
[2081.602s][info ][safepoint    ] Entering safepoint region: Cleanup
[2081.602s][info ][safepoint    ] Leaving safepoint region
[2081.602s][info ][safepoint    ] Total time for which application threads were stopped: 0.0002694 seconds, Stopping threads took: 0.0001718 seconds
[2082.602s][info ][safepoint    ] Application time: 1.0000864 seconds
[2082.602s][info ][safepoint    ] Entering safepoint region: Cleanup
[2082.602s][info ][safepoint    ] Leaving safepoint region
[2082.602s][info ][safepoint    ] Total time for which application threads were stopped: 0.0001540 seconds, Stopping threads took: 0.0000845 seconds
[2083.602s][info ][safepoint    ] Application time: 1.0000882 seconds
[2083.602s][info ][safepoint    ] Entering safepoint region: Cleanup
[2083.602s][info ][safepoint    ] Leaving safepoint region
[2083.602s][info ][safepoint    ] Total time for which application threads were stopped: 0.0000806 seconds, Stopping threads took: 0.0000207 seconds
[2084.602s][info ][safepoint    ] Application time: 1.0000882 seconds
[2084.603s][info ][safepoint    ] Entering safepoint region: Cleanup
[2084.603s][info ][safepoint    ] Leaving safepoint region
[2084.603s][info ][safepoint    ] Total time for which application threads were stopped: 0.0000740 seconds, Stopping threads took: 0.0000161 seconds
[2085.603s][info ][safepoint    ] Application time: 1.0000858 seconds
[2085.603s][info ][safepoint    ] Entering safepoint region: Cleanup
[2085.603s][info ][safepoint    ] Leaving safepoint region
[2085.603s][info ][safepoint    ] Total time for which application threads were stopped: 0.0000715 seconds, Stopping threads took: 0.0000160 seconds
[2086.201s][info ][safepoint    ] Application time: 0.5985081 seconds
[2086.201s][info ][safepoint    ] Entering safepoint region: GenCollectForAllocation
[2086.202s][info ][gc,start     ] GC(180) Pause Young (Allocation Failure)
[2086.202s][info ][gc,task      ] GC(180) Using 4 workers of 4 for evacuation
[2086.204s][debug][gc,ref       ] GC(180) Skipped phase1 of Reference Processing due to unavailable references
[2086.204s][debug][gc,ref       ] GC(180) Skipped phase2 of Reference Processing due to unavailable references
[2086.204s][debug][gc,ref       ] GC(180) Skipped phase3 of Reference Processing due to unavailable references
[2086.204s][debug][gc,ref       ] GC(180) Skipped phase4 of Reference Processing due to unavailable references
[2086.204s][debug][gc,age       ] GC(180) Desired survivor size 15400960 bytes, new threshold 6 (max threshold 6)
[2086.204s][info ][gc,heap      ] GC(180) ParNew: 241527K->744K(270976K)
[2086.204s][info ][gc,heap      ] GC(180) CMS: 218664K->218673K(602112K)
[2086.204s][info ][gc,metaspace ] GC(180) Metaspace: 53925K->53925K(1097728K)
[2086.204s][info ][gc           ] GC(180) Pause Young (Allocation Failure) 449M->214M(852M) 2.128ms
[2086.204s][info ][gc,cpu       ] GC(180) User=0.01s Sys=0.00s Real=0.00s
[2086.204s][info ][safepoint    ] Leaving safepoint region
[2086.204s][info ][safepoint    ] Total time for which application threads were stopped: 0.0024151 seconds, Stopping threads took: 0.0001352 seconds
[2087.204s][info ][safepoint    ] Application time: 1.0000989 seconds
[2087.204s][info ][safepoint    ] Entering safepoint region: Cleanup
[2087.204s][info ][safepoint    ] Leaving safepoint region
[2087.204s][info ][safepoint    ] Total time for which application threads were stopped: 0.0000935 seconds, Stopping threads took: 0.0000162 seconds
[2088.204s][info ][safepoint    ] Application time: 1.0001174 seconds
[2088.204s][info ][safepoint    ] Entering safepoint region: Cleanup
[2088.204s][info ][safepoint    ] Leaving safepoint region
[2088.204s][info ][safepoint    ] Total time for which application threads were stopped: 0.0001092 seconds, Stopping threads took: 0.0000186 seconds
[2089.204s][info ][safepoint    ] Application time: 1.0000853 seconds
[2089.204s][info ][safepoint    ] Entering safepoint region: Cleanup
[2089.204s][info ][safepoint    ] Leaving safepoint region
[2089.205s][info ][safepoint    ] Total time for which application threads were stopped: 0.0000816 seconds, Stopping threads took: 0.0000168 seconds
[2090.205s][info ][safepoint    ] Application time: 1.0000883 seconds
[2090.205s][info ][safepoint    ] Entering safepoint region: Cleanup
[2090.205s][info ][safepoint    ] Leaving safepoint region
[2090.205s][info ][safepoint    ] Total time for which application threads were stopped: 0.0000882 seconds, Stopping threads took: 0.0000188 seconds
[2091.205s][info ][safepoint    ] Application time: 1.0000665 seconds
[2091.205s][info ][safepoint    ] Entering safepoint region: Cleanup
[2091.205s][info ][safepoint    ] Leaving safepoint region
[2091.205s][info ][safepoint    ] Total time for which application threads were stopped: 0.0001471 seconds, Stopping threads took: 0.0000768 seconds
[2092.205s][info ][safepoint    ] Application time: 1.0001002 seconds
[2092.205s][info ][safepoint    ] Entering safepoint region: Cleanup
[2092.205s][info ][safepoint    ] Leaving safepoint region
[2092.205s][info ][safepoint    ] Total time for which application threads were stopped: 0.0001203 seconds, Stopping threads took: 0.0000484 seconds
[2093.205s][info ][safepoint    ] Application time: 1.0000872 seconds
[2093.205s][info ][safepoint    ] Entering safepoint region: Cleanup
[2093.206s][info ][safepoint    ] Leaving safepoint region
[2093.206s][info ][safepoint    ] Total time for which application threads were stopped: 0.0001171 seconds, Stopping threads took: 0.0000469 seconds
[2094.206s][info ][safepoint    ] Application time: 1.0000936 seconds
[2094.206s][info ][safepoint    ] Entering safepoint region: Cleanup
[2094.206s][info ][safepoint    ] Leaving safepoint region
[2094.206s][info ][safepoint    ] Total time for which application threads were stopped: 0.0000760 seconds, Stopping threads took: 0.0000170 seconds
[2095.206s][info ][safepoint    ] Application time: 1.0000884 seconds
[2095.206s][info ][safepoint    ] Entering safepoint region: Cleanup
[2095.206s][info ][safepoint    ] Leaving safepoint region
[2095.206s][info ][safepoint    ] Total time for which application threads were stopped: 0.0000748 seconds, Stopping threads took: 0.0000168 seconds
[2096.206s][info ][safepoint    ] Application time: 1.0001202 seconds
[2096.206s][info ][safepoint    ] Entering safepoint region: Cleanup
[2096.206s][info ][safepoint    ] Leaving safepoint region
[2096.206s][info ][safepoint    ] Total time for which application threads were stopped: 0.0000852 seconds, Stopping threads took: 0.0000188 seconds
[2096.297s][info ][safepoint    ] Application time: 0.0905172 seconds
[2096.297s][info ][safepoint    ] Entering safepoint region: GenCollectForAllocation
[2096.297s][info ][gc,start     ] GC(181) Pause Young (Allocation Failure)
[2096.297s][info ][gc,task      ] GC(181) Using 4 workers of 4 for evacuation
[2096.299s][debug][gc,ref       ] GC(181) Skipped phase1 of Reference Processing due to unavailable references
[2096.299s][debug][gc,ref       ] GC(181) Skipped phase2 of Reference Processing due to unavailable references
[2096.299s][debug][gc,ref       ] GC(181) Skipped phase3 of Reference Processing due to unavailable references
[2096.299s][debug][gc,ref       ] GC(181) Skipped phase4 of Reference Processing due to unavailable references
[2096.299s][debug][gc,age       ] GC(181) Desired survivor size 15400960 bytes, new threshold 6 (max threshold 6)
[2096.299s][info ][gc,heap      ] GC(181) ParNew: 241640K->814K(270976K)
[2096.299s][info ][gc,heap      ] GC(181) CMS: 218673K->218676K(602112K)
[2096.299s][info ][gc,metaspace ] GC(181) Metaspace: 53928K->53928K(1097728K)
[2096.299s][info ][gc           ] GC(181) Pause Young (Allocation Failure) 449M->214M(852M) 1.917ms
[2096.299s][info ][gc,cpu       ] GC(181) User=0.01s Sys=0.00s Real=0.00s
[2096.299s][info ][safepoint    ] Leaving safepoint region
[2096.299s][info ][safepoint    ] Total time for which application threads were stopped: 0.0020634 seconds, Stopping threads took: 0.0000164 seconds
[2097.299s][info ][safepoint    ] Application time: 1.0000778 seconds
[2097.299s][info ][safepoint    ] Entering safepoint region: Cleanup
[2097.299s][info ][safepoint    ] Leaving safepoint region
[2097.299s][info ][safepoint    ] Total time for which application threads were stopped: 0.0000869 seconds, Stopping threads took: 0.0000167 seconds
[2098.299s][info ][safepoint    ] Application time: 1.0000833 seconds
[2098.299s][info ][safepoint    ] Entering safepoint region: Cleanup
[2098.299s][info ][safepoint    ] Leaving safepoint region
[2098.299s][info ][safepoint    ] Total time for which application threads were stopped: 0.0001232 seconds, Stopping threads took: 0.0000486 seconds
[2099.299s][info ][safepoint    ] Application time: 1.0000900 seconds
[2099.299s][info ][safepoint    ] Entering safepoint region: Cleanup
[2099.300s][info ][safepoint    ] Leaving safepoint region
[2099.300s][info ][safepoint    ] Total time for which application threads were stopped: 0.0000942 seconds, Stopping threads took: 0.0000199 seconds
[2100.300s][info ][safepoint    ] Application time: 1.0001938 seconds
[2100.300s][info ][safepoint    ] Entering safepoint region: Cleanup
[2100.300s][info ][safepoint    ] Leaving safepoint region
[2100.300s][info ][safepoint    ] Total time for which application threads were stopped: 0.0001706 seconds, Stopping threads took: 0.0000764 seconds
[2101.300s][info ][safepoint    ] Application time: 1.0001222 seconds
[2101.300s][info ][safepoint    ] Entering safepoint region: Cleanup
[2101.300s][info ][safepoint    ] Leaving safepoint region
[2101.300s][info ][safepoint    ] Total time for which application threads were stopped: 0.0000790 seconds, Stopping threads took: 0.0000171 seconds
[2102.300s][info ][safepoint    ] Application time: 1.0000856 seconds
[2102.300s][info ][safepoint    ] Entering safepoint region: Cleanup
[2102.300s][info ][safepoint    ] Leaving safepoint region
[2102.300s][info ][safepoint    ] Total time for which application threads were stopped: 0.0000745 seconds, Stopping threads took: 0.0000157 seconds
[2103.300s][info ][safepoint    ] Application time: 1.0000379 seconds
[2103.301s][info ][safepoint    ] Entering safepoint region: Cleanup
[2103.301s][info ][safepoint    ] Leaving safepoint region
[2103.301s][info ][safepoint    ] Total time for which application threads were stopped: 0.0001554 seconds, Stopping threads took: 0.0000780 seconds
[2104.301s][info ][safepoint    ] Application time: 1.0000904 seconds
[2104.301s][info ][safepoint    ] Entering safepoint region: Cleanup
[2104.301s][info ][safepoint    ] Leaving safepoint region
[2104.301s][info ][safepoint    ] Total time for which application threads were stopped: 0.0001441 seconds, Stopping threads took: 0.0000643 seconds
[2105.301s][info ][safepoint    ] Application time: 1.0000986 seconds
[2105.301s][info ][safepoint    ] Entering safepoint region: Cleanup
[2105.301s][info ][safepoint    ] Leaving safepoint region
[2105.301s][info ][safepoint    ] Total time for which application threads were stopped: 0.0000902 seconds, Stopping threads took: 0.0000190 seconds
[2105.898s][info ][safepoint    ] Application time: 0.5970273 seconds
[2105.898s][info ][safepoint    ] Entering safepoint region: GenCollectForAllocation
[2105.898s][info ][gc,start     ] GC(182) Pause Young (Allocation Failure)
[2105.898s][info ][gc,task      ] GC(182) Using 4 workers of 4 for evacuation
[2105.900s][debug][gc,ref       ] GC(182) Skipped phase1 of Reference Processing due to unavailable references
[2105.900s][debug][gc,ref       ] GC(182) Skipped phase2 of Reference Processing due to unavailable references
[2105.900s][debug][gc,ref       ] GC(182) Skipped phase3 of Reference Processing due to unavailable references
[2105.900s][debug][gc,ref       ] GC(182) Skipped phase4 of Reference Processing due to unavailable references
[2105.900s][debug][gc,age       ] GC(182) Desired survivor size 15400960 bytes, new threshold 6 (max threshold 6)
[2105.900s][info ][gc,heap      ] GC(182) ParNew: 241710K->915K(270976K)
[2105.900s][info ][gc,heap      ] GC(182) CMS: 218676K->218701K(602112K)
[2105.900s][info ][gc,metaspace ] GC(182) Metaspace: 53928K->53928K(1097728K)
[2105.900s][info ][gc           ] GC(182) Pause Young (Allocation Failure) 449M->214M(852M) 1.915ms
[2105.900s][info ][gc,cpu       ] GC(182) User=0.01s Sys=0.00s Real=0.01s
[2105.900s][info ][safepoint    ] Leaving safepoint region
[2105.900s][info ][safepoint    ] Total time for which application threads were stopped: 0.0020898 seconds, Stopping threads took: 0.0000339 seconds
[2106.900s][info ][safepoint    ] Application time: 1.0001041 seconds
[2106.901s][info ][safepoint    ] Entering safepoint region: Cleanup
[2106.901s][info ][safepoint    ] Leaving safepoint region
[2106.901s][info ][safepoint    ] Total time for which application threads were stopped: 0.0000829 seconds, Stopping threads took: 0.0000203 seconds
[2107.901s][info ][safepoint    ] Application time: 1.0001021 seconds
[2107.901s][info ][safepoint    ] Entering safepoint region: Cleanup
[2107.901s][info ][safepoint    ] Leaving safepoint region
[2107.901s][info ][safepoint    ] Total time for which application threads were stopped: 0.0001313 seconds, Stopping threads took: 0.0000443 seconds
[2108.901s][info ][safepoint    ] Application time: 1.0000926 seconds
[2108.901s][info ][safepoint    ] Entering safepoint region: Cleanup
[2108.901s][info ][safepoint    ] Leaving safepoint region
[2108.901s][info ][safepoint    ] Total time for which application threads were stopped: 0.0001188 seconds, Stopping threads took: 0.0000494 seconds
[2109.902s][info ][safepoint    ] Application time: 1.0001261 seconds
[2109.902s][info ][safepoint    ] Entering safepoint region: Cleanup
[2109.902s][info ][safepoint    ] Leaving safepoint region
[2109.902s][info ][safepoint    ] Total time for which application threads were stopped: 0.0001263 seconds, Stopping threads took: 0.0000472 seconds
[2110.902s][info ][safepoint    ] Application time: 1.0000957 seconds
[2110.902s][info ][safepoint    ] Entering safepoint region: Cleanup
[2110.902s][info ][safepoint    ] Leaving safepoint region
[2110.902s][info ][safepoint    ] Total time for which application threads were stopped: 0.0001344 seconds, Stopping threads took: 0.0000574 seconds
[2111.902s][info ][safepoint    ] Application time: 1.0000934 seconds
[2111.902s][info ][safepoint    ] Entering safepoint region: Cleanup
[2111.902s][info ][safepoint    ] Leaving safepoint region
[2111.902s][info ][safepoint    ] Total time for which application threads were stopped: 0.0000878 seconds, Stopping threads took: 0.0000165 seconds
[2112.902s][info ][safepoint    ] Application time: 1.0000905 seconds
[2112.902s][info ][safepoint    ] Entering safepoint region: Cleanup
[2112.902s][info ][safepoint    ] Leaving safepoint region
[2112.902s][info ][safepoint    ] Total time for which application threads were stopped: 0.0000791 seconds, Stopping threads took: 0.0000159 seconds
[2113.903s][info ][safepoint    ] Application time: 1.0000783 seconds
[2113.903s][info ][safepoint    ] Entering safepoint region: Cleanup
[2113.903s][info ][safepoint    ] Leaving safepoint region
[2113.903s][info ][safepoint    ] Total time for which application threads were stopped: 0.0001336 seconds, Stopping threads took: 0.0000653 seconds
[2114.897s][info ][safepoint    ] Application time: 0.9939528 seconds
[2114.897s][info ][safepoint    ] Entering safepoint region: GenCollectForAllocation
[2114.897s][info ][gc,start     ] GC(183) Pause Young (Allocation Failure)
[2114.897s][info ][gc,task      ] GC(183) Using 4 workers of 4 for evacuation
[2114.900s][debug][gc,ref       ] GC(183) Skipped phase1 of Reference Processing due to unavailable references
[2114.900s][debug][gc,ref       ] GC(183) Skipped phase2 of Reference Processing due to unavailable references
[2114.900s][debug][gc,ref       ] GC(183) Skipped phase3 of Reference Processing due to unavailable references
[2114.900s][debug][gc,ref       ] GC(183) Skipped phase4 of Reference Processing due to unavailable references
[2114.900s][debug][gc,age       ] GC(183) Desired survivor size 15400960 bytes, new threshold 6 (max threshold 6)
[2114.900s][info ][gc,heap      ] GC(183) ParNew: 241811K->914K(270976K)
[2114.900s][info ][gc,heap      ] GC(183) CMS: 218701K->218731K(602112K)
[2114.900s][info ][gc,metaspace ] GC(183) Metaspace: 53930K->53930K(1097728K)
[2114.900s][info ][gc           ] GC(183) Pause Young (Allocation Failure) 449M->214M(852M) 2.832ms
[2114.900s][info ][gc,cpu       ] GC(183) User=0.01s Sys=0.00s Real=0.00s
[2114.900s][info ][safepoint    ] Leaving safepoint region
[2114.900s][info ][safepoint    ] Total time for which application threads were stopped: 0.0029879 seconds, Stopping threads took: 0.0000169 seconds
[2115.900s][info ][safepoint    ] Application time: 1.0001014 seconds
[2115.900s][info ][safepoint    ] Entering safepoint region: Cleanup
[2115.900s][info ][safepoint    ] Leaving safepoint region
[2115.900s][info ][safepoint    ] Total time for which application threads were stopped: 0.0001210 seconds, Stopping threads took: 0.0000429 seconds
[2116.900s][info ][safepoint    ] Application time: 1.0000868 seconds
[2116.900s][info ][safepoint    ] Entering safepoint region: Cleanup
[2116.900s][info ][safepoint    ] Leaving safepoint region
[2116.900s][info ][safepoint    ] Total time for which application threads were stopped: 0.0001662 seconds, Stopping threads took: 0.0000738 seconds
[2117.900s][info ][safepoint    ] Application time: 1.0000993 seconds
[2117.900s][info ][safepoint    ] Entering safepoint region: Cleanup
[2117.901s][info ][safepoint    ] Leaving safepoint region
[2117.901s][info ][safepoint    ] Total time for which application threads were stopped: 0.0000745 seconds, Stopping threads took: 0.0000176 seconds
[2118.901s][info ][safepoint    ] Application time: 1.0000925 seconds
[2118.901s][info ][safepoint    ] Entering safepoint region: Cleanup
[2118.901s][info ][safepoint    ] Leaving safepoint region
[2118.901s][info ][safepoint    ] Total time for which application threads were stopped: 0.0003778 seconds, Stopping threads took: 0.0003089 seconds
[2119.901s][info ][safepoint    ] Application time: 1.0000920 seconds
[2119.901s][info ][safepoint    ] Entering safepoint region: Cleanup
[2119.901s][info ][safepoint    ] Leaving safepoint region
[2119.901s][info ][safepoint    ] Total time for which application threads were stopped: 0.0002108 seconds, Stopping threads took: 0.0001273 seconds
[2120.901s][info ][safepoint    ] Application time: 1.0000871 seconds
[2120.902s][info ][safepoint    ] Entering safepoint region: Cleanup
[2120.902s][info ][safepoint    ] Leaving safepoint region
[2120.902s][info ][safepoint    ] Total time for which application threads were stopped: 0.0001506 seconds, Stopping threads took: 0.0000788 seconds
[2121.902s][info ][safepoint    ] Application time: 1.0000938 seconds
[2121.902s][info ][safepoint    ] Entering safepoint region: Cleanup
[2121.902s][info ][safepoint    ] Leaving safepoint region
[2121.902s][info ][safepoint    ] Total time for which application threads were stopped: 0.0001123 seconds, Stopping threads took: 0.0000397 seconds
[2122.902s][info ][safepoint    ] Application time: 1.0000422 seconds
[2122.902s][info ][safepoint    ] Entering safepoint region: Cleanup
[2122.902s][info ][safepoint    ] Leaving safepoint region
[2122.902s][info ][safepoint    ] Total time for which application threads were stopped: 0.0000954 seconds, Stopping threads took: 0.0000234 seconds
[2123.500s][info ][safepoint    ] Application time: 0.5980134 seconds
[2123.500s][info ][safepoint    ] Entering safepoint region: GenCollectForAllocation
[2123.500s][info ][gc,start     ] GC(184) Pause Young (Allocation Failure)
[2123.500s][info ][gc,task      ] GC(184) Using 4 workers of 4 for evacuation
[2123.502s][debug][gc,ref       ] GC(184) Skipped phase1 of Reference Processing due to unavailable references
[2123.502s][debug][gc,ref       ] GC(184) Skipped phase2 of Reference Processing due to unavailable references
[2123.502s][debug][gc,ref       ] GC(184) Skipped phase3 of Reference Processing due to unavailable references
[2123.502s][debug][gc,ref       ] GC(184) Skipped phase4 of Reference Processing due to unavailable references
[2123.502s][debug][gc,age       ] GC(184) Desired survivor size 15400960 bytes, new threshold 6 (max threshold 6)
[2123.502s][info ][gc,heap      ] GC(184) ParNew: 241810K->904K(270976K)
[2123.502s][info ][gc,heap      ] GC(184) CMS: 218731K->218743K(602112K)
[2123.502s][info ][gc,metaspace ] GC(184) Metaspace: 53930K->53930K(1097728K)
[2123.502s][info ][gc           ] GC(184) Pause Young (Allocation Failure) 449M->214M(852M) 1.912ms
[2123.502s][info ][gc,cpu       ] GC(184) User=0.01s Sys=0.00s Real=0.00s
[2123.502s][info ][safepoint    ] Leaving safepoint region
[2123.502s][info ][safepoint    ] Total time for which application threads were stopped: 0.0020828 seconds, Stopping threads took: 0.0000156 seconds
[2124.502s][info ][safepoint    ] Application time: 1.0001036 seconds
[2124.502s][info ][safepoint    ] Entering safepoint region: Cleanup
[2124.503s][info ][safepoint    ] Leaving safepoint region
[2124.503s][info ][safepoint    ] Total time for which application threads were stopped: 0.0000811 seconds, Stopping threads took: 0.0000198 seconds
[2125.503s][info ][safepoint    ] Application time: 1.0000865 seconds
[2125.503s][info ][safepoint    ] Entering safepoint region: Cleanup
[2125.503s][info ][safepoint    ] Leaving safepoint region
[2125.503s][info ][safepoint    ] Total time for which application threads were stopped: 0.0001059 seconds, Stopping threads took: 0.0000382 seconds
[2126.503s][info ][safepoint    ] Application time: 1.0001228 seconds
[2126.503s][info ][safepoint    ] Entering safepoint region: Cleanup
[2126.503s][info ][safepoint    ] Leaving safepoint region
[2126.503s][info ][safepoint    ] Total time for which application threads were stopped: 0.0000769 seconds, Stopping threads took: 0.0000171 seconds
[2127.503s][info ][safepoint    ] Application time: 1.0000653 seconds
[2127.503s][info ][safepoint    ] Entering safepoint region: Cleanup
[2127.503s][info ][safepoint    ] Leaving safepoint region
[2127.503s][info ][safepoint    ] Total time for which application threads were stopped: 0.0001189 seconds, Stopping threads took: 0.0000425 seconds
[2128.503s][info ][safepoint    ] Application time: 1.0000920 seconds
[2128.503s][info ][safepoint    ] Entering safepoint region: Cleanup
[2128.503s][info ][safepoint    ] Leaving safepoint region
[2128.504s][info ][safepoint    ] Total time for which application threads were stopped: 0.0001270 seconds, Stopping threads took: 0.0000576 seconds
[2129.504s][info ][safepoint    ] Application time: 1.0000908 seconds
[2129.504s][info ][safepoint    ] Entering safepoint region: Cleanup
[2129.504s][info ][safepoint    ] Leaving safepoint region
[2129.504s][info ][safepoint    ] Total time for which application threads were stopped: 0.0001061 seconds, Stopping threads took: 0.0000427 seconds
[2130.504s][info ][safepoint    ] Application time: 1.0001031 seconds
[2130.504s][info ][safepoint    ] Entering safepoint region: Cleanup
[2130.504s][info ][safepoint    ] Leaving safepoint region
[2130.504s][info ][safepoint    ] Total time for which application threads were stopped: 0.0000675 seconds, Stopping threads took: 0.0000161 seconds
[2131.504s][info ][safepoint    ] Application time: 1.0001015 seconds
[2131.504s][info ][safepoint    ] Entering safepoint region: Cleanup
[2131.504s][info ][safepoint    ] Leaving safepoint region
[2131.504s][info ][safepoint    ] Total time for which application threads were stopped: 0.0000809 seconds, Stopping threads took: 0.0000190 seconds
[2131.698s][info ][safepoint    ] Application time: 0.1938801 seconds
[2131.698s][info ][safepoint    ] Entering safepoint region: GenCollectForAllocation
[2131.699s][info ][gc,start     ] GC(185) Pause Young (Allocation Failure)
[2131.699s][info ][gc,task      ] GC(185) Using 4 workers of 4 for evacuation
[2131.700s][debug][gc,ref       ] GC(185) Skipped phase1 of Reference Processing due to unavailable references
[2131.700s][debug][gc,ref       ] GC(185) Skipped phase2 of Reference Processing due to unavailable references
[2131.700s][debug][gc,ref       ] GC(185) Skipped phase3 of Reference Processing due to unavailable references
[2131.700s][debug][gc,ref       ] GC(185) Skipped phase4 of Reference Processing due to unavailable references
[2131.701s][debug][gc,age       ] GC(185) Desired survivor size 15400960 bytes, new threshold 6 (max threshold 6)
[2131.701s][info ][gc,heap      ] GC(185) ParNew: 241800K->887K(270976K)
[2131.701s][info ][gc,heap      ] GC(185) CMS: 218743K->218745K(602112K)
[2131.701s][info ][gc,metaspace ] GC(185) Metaspace: 53930K->53930K(1097728K)
[2131.701s][info ][gc           ] GC(185) Pause Young (Allocation Failure) 449M->214M(852M) 2.019ms
[2131.701s][info ][gc,cpu       ] GC(185) User=0.01s Sys=0.00s Real=0.01s
[2131.701s][info ][safepoint    ] Leaving safepoint region
[2131.701s][info ][safepoint    ] Total time for which application threads were stopped: 0.0025446 seconds, Stopping threads took: 0.0000160 seconds
[2132.701s][info ][safepoint    ] Application time: 1.0000942 seconds
[2132.701s][info ][safepoint    ] Entering safepoint region: Cleanup
[2132.701s][info ][safepoint    ] Leaving safepoint region
[2132.701s][info ][safepoint    ] Total time for which application threads were stopped: 0.0001081 seconds, Stopping threads took: 0.0000429 seconds
[2133.701s][info ][safepoint    ] Application time: 1.0000855 seconds
[2133.701s][info ][safepoint    ] Entering safepoint region: Cleanup
[2133.701s][info ][safepoint    ] Leaving safepoint region
[2133.701s][info ][safepoint    ] Total time for which application threads were stopped: 0.0002011 seconds, Stopping threads took: 0.0000451 seconds
[2134.701s][info ][safepoint    ] Application time: 1.0000990 seconds
[2134.701s][info ][safepoint    ] Entering safepoint region: Cleanup
[2134.702s][info ][safepoint    ] Leaving safepoint region
[2134.702s][info ][safepoint    ] Total time for which application threads were stopped: 0.0001254 seconds, Stopping threads took: 0.0000400 seconds
[2135.702s][info ][safepoint    ] Application time: 1.0000654 seconds
[2135.702s][info ][safepoint    ] Entering safepoint region: Cleanup
[2135.702s][info ][safepoint    ] Leaving safepoint region
[2135.702s][info ][safepoint    ] Total time for which application threads were stopped: 0.0001407 seconds, Stopping threads took: 0.0000686 seconds
[2136.702s][info ][safepoint    ] Application time: 1.0000862 seconds
[2136.702s][info ][safepoint    ] Entering safepoint region: Cleanup
[2136.702s][info ][safepoint    ] Leaving safepoint region
[2136.702s][info ][safepoint    ] Total time for which application threads were stopped: 0.0001218 seconds, Stopping threads took: 0.0000400 seconds
[2137.702s][info ][safepoint    ] Application time: 1.0000898 seconds
[2137.702s][info ][safepoint    ] Entering safepoint region: Cleanup
[2137.702s][info ][safepoint    ] Leaving safepoint region
[2137.702s][info ][safepoint    ] Total time for which application threads were stopped: 0.0001071 seconds, Stopping threads took: 0.0000421 seconds
[2138.702s][info ][safepoint    ] Application time: 1.0000918 seconds
[2138.703s][info ][safepoint    ] Entering safepoint region: Cleanup
[2138.703s][info ][safepoint    ] Leaving safepoint region
[2138.703s][info ][safepoint    ] Total time for which application threads were stopped: 0.0001230 seconds, Stopping threads took: 0.0000487 seconds
[2139.213s][info ][safepoint    ] Application time: 0.5100185 seconds
[2139.213s][info ][safepoint    ] Entering safepoint region: GenCollectForAllocation
[2139.213s][info ][gc,start     ] GC(186) Pause Young (Allocation Failure)
[2139.213s][info ][gc,task      ] GC(186) Using 4 workers of 4 for evacuation
[2139.214s][debug][gc,ref       ] GC(186) Skipped phase1 of Reference Processing due to unavailable references
[2139.214s][debug][gc,ref       ] GC(186) Skipped phase2 of Reference Processing due to unavailable references
[2139.214s][debug][gc,ref       ] GC(186) Skipped phase3 of Reference Processing due to unavailable references
[2139.214s][debug][gc,ref       ] GC(186) Skipped phase4 of Reference Processing due to unavailable references
[2139.215s][debug][gc,age       ] GC(186) Desired survivor size 15400960 bytes, new threshold 6 (max threshold 6)
[2139.215s][info ][gc,heap      ] GC(186) ParNew: 241783K->731K(270976K)
[2139.215s][info ][gc,heap      ] GC(186) CMS: 218745K->218767K(602112K)
[2139.215s][info ][gc,metaspace ] GC(186) Metaspace: 53934K->53934K(1097728K)
[2139.215s][info ][gc           ] GC(186) Pause Young (Allocation Failure) 449M->214M(852M) 1.864ms
[2139.215s][info ][gc,cpu       ] GC(186) User=0.01s Sys=0.00s Real=0.00s
[2139.215s][info ][safepoint    ] Leaving safepoint region
[2139.215s][info ][safepoint    ] Total time for which application threads were stopped: 0.0020206 seconds, Stopping threads took: 0.0000209 seconds
[2140.215s][info ][safepoint    ] Application time: 1.0000492 seconds
[2140.215s][info ][safepoint    ] Entering safepoint region: Cleanup
[2140.215s][info ][safepoint    ] Leaving safepoint region
[2140.215s][info ][safepoint    ] Total time for which application threads were stopped: 0.0001005 seconds, Stopping threads took: 0.0000197 seconds
[2141.215s][info ][safepoint    ] Application time: 1.0000847 seconds
[2141.215s][info ][safepoint    ] Entering safepoint region: Cleanup
[2141.215s][info ][safepoint    ] Leaving safepoint region
[2141.215s][info ][safepoint    ] Total time for which application threads were stopped: 0.0000944 seconds, Stopping threads took: 0.0000184 seconds
[2142.215s][info ][safepoint    ] Application time: 1.0001195 seconds
[2142.215s][info ][safepoint    ] Entering safepoint region: Cleanup
[2142.215s][info ][safepoint    ] Leaving safepoint region
[2142.215s][info ][safepoint    ] Total time for which application threads were stopped: 0.0000748 seconds, Stopping threads took: 0.0000181 seconds
[2143.215s][info ][safepoint    ] Application time: 1.0000905 seconds
[2143.215s][info ][safepoint    ] Entering safepoint region: Cleanup
[2143.216s][info ][safepoint    ] Leaving safepoint region
[2143.216s][info ][safepoint    ] Total time for which application threads were stopped: 0.0000781 seconds, Stopping threads took: 0.0000197 seconds
[2144.216s][info ][safepoint    ] Application time: 1.0001194 seconds
[2144.216s][info ][safepoint    ] Entering safepoint region: Cleanup
[2144.216s][info ][safepoint    ] Leaving safepoint region
[2144.216s][info ][safepoint    ] Total time for which application threads were stopped: 0.0000890 seconds, Stopping threads took: 0.0000193 seconds
[2145.216s][info ][safepoint    ] Application time: 1.0001370 seconds
[2145.216s][info ][safepoint    ] Entering safepoint region: Cleanup
[2145.216s][info ][safepoint    ] Leaving safepoint region
[2145.216s][info ][safepoint    ] Total time for which application threads were stopped: 0.0000810 seconds, Stopping threads took: 0.0000206 seconds
[2146.216s][info ][safepoint    ] Application time: 1.0000907 seconds
[2146.216s][info ][safepoint    ] Entering safepoint region: Cleanup
[2146.216s][info ][safepoint    ] Leaving safepoint region
[2146.216s][info ][safepoint    ] Total time for which application threads were stopped: 0.0001050 seconds, Stopping threads took: 0.0000206 seconds
[2147.216s][info ][safepoint    ] Application time: 1.0001079 seconds
[2147.217s][info ][safepoint    ] Entering safepoint region: Cleanup
[2147.217s][info ][safepoint    ] Leaving safepoint region
[2147.217s][info ][safepoint    ] Total time for which application threads were stopped: 0.0001020 seconds, Stopping threads took: 0.0000286 seconds
[2148.217s][info ][safepoint    ] Application time: 1.0000884 seconds
[2148.217s][info ][safepoint    ] Entering safepoint region: Cleanup
[2148.217s][info ][safepoint    ] Leaving safepoint region
[2148.217s][info ][safepoint    ] Total time for which application threads were stopped: 0.0001563 seconds, Stopping threads took: 0.0000645 seconds
[2148.516s][info ][safepoint    ] Application time: 0.2988773 seconds
[2148.516s][info ][safepoint    ] Entering safepoint region: GenCollectForAllocation
[2148.516s][info ][gc,start     ] GC(187) Pause Young (Allocation Failure)
[2148.516s][info ][gc,task      ] GC(187) Using 4 workers of 4 for evacuation
[2148.518s][debug][gc,ref       ] GC(187) Skipped phase1 of Reference Processing due to unavailable references
[2148.518s][debug][gc,ref       ] GC(187) Skipped phase2 of Reference Processing due to unavailable references
[2148.518s][debug][gc,ref       ] GC(187) Skipped phase3 of Reference Processing due to unavailable references
[2148.518s][debug][gc,ref       ] GC(187) Skipped phase4 of Reference Processing due to unavailable references
[2148.518s][debug][gc,age       ] GC(187) Desired survivor size 15400960 bytes, new threshold 6 (max threshold 6)
[2148.518s][info ][gc,heap      ] GC(187) ParNew: 241627K->880K(270976K)
[2148.518s][info ][gc,heap      ] GC(187) CMS: 218767K->218819K(602112K)
[2148.518s][info ][gc,metaspace ] GC(187) Metaspace: 53937K->53937K(1097728K)
[2148.518s][info ][gc           ] GC(187) Pause Young (Allocation Failure) 449M->214M(852M) 2.024ms
[2148.518s][info ][gc,cpu       ] GC(187) User=0.01s Sys=0.00s Real=0.00s
[2148.518s][info ][safepoint    ] Leaving safepoint region
[2148.518s][info ][safepoint    ] Total time for which application threads were stopped: 0.0021810 seconds, Stopping threads took: 0.0000212 seconds
[2149.518s][info ][safepoint    ] Application time: 1.0000882 seconds
[2149.518s][info ][safepoint    ] Entering safepoint region: Cleanup
[2149.518s][info ][safepoint    ] Leaving safepoint region
[2149.518s][info ][safepoint    ] Total time for which application threads were stopped: 0.0001075 seconds, Stopping threads took: 0.0000426 seconds
[2150.518s][info ][safepoint    ] Application time: 1.0000898 seconds
[2150.518s][info ][safepoint    ] Entering safepoint region: Cleanup
[2150.518s][info ][safepoint    ] Leaving safepoint region
[2150.518s][info ][safepoint    ] Total time for which application threads were stopped: 0.0000801 seconds, Stopping threads took: 0.0000198 seconds
[2151.519s][info ][safepoint    ] Application time: 1.0000928 seconds
[2151.519s][info ][safepoint    ] Entering safepoint region: Cleanup
[2151.519s][info ][safepoint    ] Leaving safepoint region
[2151.519s][info ][safepoint    ] Total time for which application threads were stopped: 0.0001515 seconds, Stopping threads took: 0.0000728 seconds
[2152.519s][info ][safepoint    ] Application time: 1.0000837 seconds
[2152.519s][info ][safepoint    ] Entering safepoint region: Cleanup
[2152.519s][info ][safepoint    ] Leaving safepoint region
[2152.519s][info ][safepoint    ] Total time for which application threads were stopped: 0.0000973 seconds, Stopping threads took: 0.0000322 seconds
[2153.519s][info ][safepoint    ] Application time: 1.0000567 seconds
[2153.519s][info ][safepoint    ] Entering safepoint region: Cleanup
[2153.519s][info ][safepoint    ] Leaving safepoint region
[2153.519s][info ][safepoint    ] Total time for which application threads were stopped: 0.0002203 seconds, Stopping threads took: 0.0001453 seconds
[2154.519s][info ][safepoint    ] Application time: 1.0000493 seconds
[2154.519s][info ][safepoint    ] Entering safepoint region: Cleanup
[2154.519s][info ][safepoint    ] Leaving safepoint region
[2154.519s][info ][safepoint    ] Total time for which application threads were stopped: 0.0000813 seconds, Stopping threads took: 0.0000186 seconds
[2155.520s][info ][safepoint    ] Application time: 1.0000957 seconds
[2155.520s][info ][safepoint    ] Entering safepoint region: Cleanup
[2155.520s][info ][safepoint    ] Leaving safepoint region
[2155.520s][info ][safepoint    ] Total time for which application threads were stopped: 0.0000990 seconds, Stopping threads took: 0.0000190 seconds
[2156.396s][info ][safepoint    ] Application time: 0.8760682 seconds
[2156.396s][info ][safepoint    ] Entering safepoint region: GenCollectForAllocation
[2156.396s][info ][gc,start     ] GC(188) Pause Young (Allocation Failure)
[2156.396s][info ][gc,task      ] GC(188) Using 4 workers of 4 for evacuation
[2156.398s][debug][gc,ref       ] GC(188) Skipped phase1 of Reference Processing due to unavailable references
[2156.398s][debug][gc,ref       ] GC(188) Skipped phase2 of Reference Processing due to unavailable references
[2156.398s][debug][gc,ref       ] GC(188) Skipped phase3 of Reference Processing due to unavailable references
[2156.398s][debug][gc,ref       ] GC(188) Skipped phase4 of Reference Processing due to unavailable references
[2156.398s][debug][gc,age       ] GC(188) Desired survivor size 15400960 bytes, new threshold 6 (max threshold 6)
[2156.398s][info ][gc,heap      ] GC(188) ParNew: 241776K->879K(270976K)
[2156.398s][info ][gc,heap      ] GC(188) CMS: 218819K->218819K(602112K)
[2156.398s][info ][gc,metaspace ] GC(188) Metaspace: 53937K->53937K(1097728K)
[2156.398s][info ][gc           ] GC(188) Pause Young (Allocation Failure) 449M->214M(852M) 1.930ms
[2156.398s][info ][gc,cpu       ] GC(188) User=0.01s Sys=0.00s Real=0.00s
[2156.398s][info ][safepoint    ] Leaving safepoint region
[2156.398s][info ][safepoint    ] Total time for which application threads were stopped: 0.0020888 seconds, Stopping threads took: 0.0000178 seconds
[2157.398s][info ][safepoint    ] Application time: 1.0001054 seconds
[2157.398s][info ][safepoint    ] Entering safepoint region: Cleanup
[2157.398s][info ][safepoint    ] Leaving safepoint region
[2157.398s][info ][safepoint    ] Total time for which application threads were stopped: 0.0001099 seconds, Stopping threads took: 0.0000384 seconds
[2158.398s][info ][safepoint    ] Application time: 1.0000910 seconds
[2158.398s][info ][safepoint    ] Entering safepoint region: Cleanup
[2158.398s][info ][safepoint    ] Leaving safepoint region
[2158.398s][info ][safepoint    ] Total time for which application threads were stopped: 0.0001289 seconds, Stopping threads took: 0.0000591 seconds
[2159.399s][info ][safepoint    ] Application time: 1.0009439 seconds
[2159.399s][info ][safepoint    ] Entering safepoint region: Cleanup
[2159.400s][info ][safepoint    ] Leaving safepoint region
[2159.400s][info ][safepoint    ] Total time for which application threads were stopped: 0.0001060 seconds, Stopping threads took: 0.0000397 seconds
[2160.400s][info ][safepoint    ] Application time: 1.0000949 seconds
[2160.400s][info ][safepoint    ] Entering safepoint region: Cleanup
[2160.400s][info ][safepoint    ] Leaving safepoint region
[2160.400s][info ][safepoint    ] Total time for which application threads were stopped: 0.0001087 seconds, Stopping threads took: 0.0000396 seconds
[2161.400s][info ][safepoint    ] Application time: 1.0000900 seconds
[2161.400s][info ][safepoint    ] Entering safepoint region: Cleanup
[2161.400s][info ][safepoint    ] Leaving safepoint region
[2161.400s][info ][safepoint    ] Total time for which application threads were stopped: 0.0001188 seconds, Stopping threads took: 0.0000414 seconds
[2164.798s][info ][safepoint    ] Application time: 3.3978343 seconds
[2164.798s][info ][safepoint    ] Entering safepoint region: GenCollectForAllocation
[2164.798s][info ][gc,start     ] GC(189) Pause Young (Allocation Failure)
[2164.798s][info ][gc,task      ] GC(189) Using 4 workers of 4 for evacuation
[2164.800s][debug][gc,ref       ] GC(189) Skipped phase1 of Reference Processing due to unavailable references
[2164.800s][debug][gc,ref       ] GC(189) Skipped phase2 of Reference Processing due to unavailable references
[2164.800s][debug][gc,ref       ] GC(189) Skipped phase3 of Reference Processing due to unavailable references
[2164.800s][debug][gc,ref       ] GC(189) Skipped phase4 of Reference Processing due to unavailable references
[2164.800s][debug][gc,age       ] GC(189) Desired survivor size 15400960 bytes, new threshold 6 (max threshold 6)
[2164.800s][info ][gc,heap      ] GC(189) ParNew: 241775K->884K(270976K)
[2164.800s][info ][gc,heap      ] GC(189) CMS: 218819K->218825K(602112K)
[2164.800s][info ][gc,metaspace ] GC(189) Metaspace: 53937K->53937K(1097728K)
[2164.800s][info ][gc           ] GC(189) Pause Young (Allocation Failure) 449M->214M(852M) 1.968ms
[2164.800s][info ][gc,cpu       ] GC(189) User=0.00s Sys=0.01s Real=0.00s
[2164.800s][info ][safepoint    ] Leaving safepoint region
[2164.800s][info ][safepoint    ] Total time for which application threads were stopped: 0.0021287 seconds, Stopping threads took: 0.0000229 seconds
[2170.801s][info ][safepoint    ] Application time: 6.0004586 seconds
[2170.801s][info ][safepoint    ] Entering safepoint region: Cleanup
[2170.801s][info ][safepoint    ] Leaving safepoint region
[2170.801s][info ][safepoint    ] Total time for which application threads were stopped: 0.0001152 seconds, Stopping threads took: 0.0000405 seconds
[2173.101s][info ][safepoint    ] Application time: 2.3007137 seconds
[2173.101s][info ][safepoint    ] Entering safepoint region: GenCollectForAllocation
[2173.102s][info ][gc,start     ] GC(190) Pause Young (Allocation Failure)
[2173.102s][info ][gc,task      ] GC(190) Using 4 workers of 4 for evacuation
[2173.103s][debug][gc,ref       ] GC(190) Skipped phase1 of Reference Processing due to unavailable references
[2173.103s][debug][gc,ref       ] GC(190) Skipped phase2 of Reference Processing due to unavailable references
[2173.103s][debug][gc,ref       ] GC(190) Skipped phase3 of Reference Processing due to unavailable references
[2173.103s][debug][gc,ref       ] GC(190) Skipped phase4 of Reference Processing due to unavailable references
[2173.103s][debug][gc,age       ] GC(190) Desired survivor size 15400960 bytes, new threshold 6 (max threshold 6)
[2173.103s][info ][gc,heap      ] GC(190) ParNew: 241780K->873K(270976K)
[2173.103s][info ][gc,heap      ] GC(190) CMS: 218825K->218825K(602112K)
[2173.103s][info ][gc,metaspace ] GC(190) Metaspace: 53939K->53939K(1097728K)
[2173.104s][info ][gc           ] GC(190) Pause Young (Allocation Failure) 449M->214M(852M) 1.947ms
[2173.104s][info ][gc,cpu       ] GC(190) User=0.01s Sys=0.00s Real=0.00s
[2173.104s][info ][safepoint    ] Leaving safepoint region
[2173.104s][info ][safepoint    ] Total time for which application threads were stopped: 0.0021086 seconds, Stopping threads took: 0.0000159 seconds
[2181.896s][info ][safepoint    ] Application time: 8.7925298 seconds
[2181.896s][info ][safepoint    ] Entering safepoint region: GenCollectForAllocation
[2181.896s][info ][gc,start     ] GC(191) Pause Young (Allocation Failure)
[2181.896s][info ][gc,task      ] GC(191) Using 4 workers of 4 for evacuation
[2181.898s][debug][gc,ref       ] GC(191) Skipped phase1 of Reference Processing due to unavailable references
[2181.898s][debug][gc,ref       ] GC(191) Skipped phase2 of Reference Processing due to unavailable references
[2181.898s][debug][gc,ref       ] GC(191) Skipped phase3 of Reference Processing due to unavailable references
[2181.898s][debug][gc,ref       ] GC(191) Skipped phase4 of Reference Processing due to unavailable references
[2181.898s][debug][gc,age       ] GC(191) Desired survivor size 15400960 bytes, new threshold 6 (max threshold 6)
[2181.898s][info ][gc,heap      ] GC(191) ParNew: 241769K->832K(270976K)
[2181.898s][info ][gc,heap      ] GC(191) CMS: 218825K->218826K(602112K)
[2181.898s][info ][gc,metaspace ] GC(191) Metaspace: 53939K->53939K(1097728K)
[2181.898s][info ][gc           ] GC(191) Pause Young (Allocation Failure) 449M->214M(852M) 1.917ms
[2181.898s][info ][gc,cpu       ] GC(191) User=0.00s Sys=0.01s Real=0.00s
[2181.898s][info ][safepoint    ] Leaving safepoint region
[2181.898s][info ][safepoint    ] Total time for which application threads were stopped: 0.0020735 seconds, Stopping threads took: 0.0000173 seconds
[2188.307s][info ][safepoint    ] Application time: 6.4090427 seconds
[2188.307s][info ][safepoint    ] Entering safepoint region: GenCollectForAllocation
[2188.307s][info ][gc,start     ] GC(192) Pause Young (Allocation Failure)
[2188.307s][info ][gc,task      ] GC(192) Using 4 workers of 4 for evacuation
[2188.310s][debug][gc,ref       ] GC(192) Skipped phase1 of Reference Processing due to unavailable references
[2188.310s][debug][gc,ref       ] GC(192) Skipped phase2 of Reference Processing due to unavailable references
[2188.310s][debug][gc,ref       ] GC(192) Skipped phase3 of Reference Processing due to unavailable references
[2188.310s][debug][gc,ref       ] GC(192) Skipped phase4 of Reference Processing due to unavailable references
[2188.310s][debug][gc,age       ] GC(192) Desired survivor size 15400960 bytes, new threshold 6 (max threshold 6)
[2188.310s][info ][gc,heap      ] GC(192) ParNew: 241725K->887K(270976K)
[2188.310s][info ][gc,heap      ] GC(192) CMS: 218826K->218826K(602112K)
[2188.310s][info ][gc,metaspace ] GC(192) Metaspace: 53939K->53939K(1097728K)
[2188.310s][info ][gc           ] GC(192) Pause Young (Allocation Failure) 449M->214M(852M) 2.752ms
[2188.310s][info ][gc,cpu       ] GC(192) User=0.01s Sys=0.00s Real=0.01s
[2188.310s][info ][safepoint    ] Leaving safepoint region
[2188.310s][info ][safepoint    ] Total time for which application threads were stopped: 0.0029138 seconds, Stopping threads took: 0.0000188 seconds
[2209.396s][info ][safepoint    ] Application time: 21.0858864 seconds
[2209.396s][info ][safepoint    ] Entering safepoint region: GenCollectForAllocation
[2209.396s][info ][gc,start     ] GC(193) Pause Young (Allocation Failure)
[2209.396s][info ][gc,task      ] GC(193) Using 4 workers of 4 for evacuation
[2209.398s][debug][gc,ref       ] GC(193) Skipped phase1 of Reference Processing due to unavailable references
[2209.398s][debug][gc,ref       ] GC(193) Skipped phase2 of Reference Processing due to unavailable references
[2209.398s][debug][gc,ref       ] GC(193) Skipped phase3 of Reference Processing due to unavailable references
[2209.398s][debug][gc,ref       ] GC(193) Skipped phase4 of Reference Processing due to unavailable references
[2209.398s][debug][gc,age       ] GC(193) Desired survivor size 15400960 bytes, new threshold 6 (max threshold 6)
[2209.398s][info ][gc,heap      ] GC(193) ParNew: 241783K->851K(270976K)
[2209.398s][info ][gc,heap      ] GC(193) CMS: 218826K->218826K(602112K)
[2209.398s][info ][gc,metaspace ] GC(193) Metaspace: 53939K->53939K(1097728K)
[2209.398s][info ][gc           ] GC(193) Pause Young (Allocation Failure) 449M->214M(852M) 1.822ms
[2209.398s][info ][gc,cpu       ] GC(193) User=0.00s Sys=0.01s Real=0.00s
[2209.398s][info ][safepoint    ] Leaving safepoint region
[2209.398s][info ][safepoint    ] Total time for which application threads were stopped: 0.0019993 seconds, Stopping threads took: 0.0000173 seconds
[2221.303s][info ][safepoint    ] Application time: 11.9044575 seconds
[2221.303s][info ][safepoint    ] Entering safepoint region: GenCollectForAllocation
[2221.303s][info ][gc,start     ] GC(194) Pause Young (Allocation Failure)
[2221.303s][info ][gc,task      ] GC(194) Using 4 workers of 4 for evacuation
[2221.305s][debug][gc,ref       ] GC(194) Skipped phase1 of Reference Processing due to unavailable references
[2221.305s][debug][gc,ref       ] GC(194) Skipped phase2 of Reference Processing due to unavailable references
[2221.305s][debug][gc,ref       ] GC(194) Skipped phase3 of Reference Processing due to unavailable references
[2221.305s][debug][gc,ref       ] GC(194) Skipped phase4 of Reference Processing due to unavailable references
[2221.305s][debug][gc,age       ] GC(194) Desired survivor size 15400960 bytes, new threshold 6 (max threshold 6)
[2221.305s][info ][gc,heap      ] GC(194) ParNew: 241747K->1019K(270976K)
[2221.305s][info ][gc,heap      ] GC(194) CMS: 218826K->218838K(602112K)
[2221.305s][info ][gc,metaspace ] GC(194) Metaspace: 53939K->53939K(1097728K)
[2221.305s][info ][gc           ] GC(194) Pause Young (Allocation Failure) 449M->214M(852M) 2.556ms
[2221.305s][info ][gc,cpu       ] GC(194) User=0.00s Sys=0.00s Real=0.00s
[2221.305s][info ][safepoint    ] Leaving safepoint region
[2221.305s][info ][safepoint    ] Total time for which application threads were stopped: 0.0027284 seconds, Stopping threads took: 0.0000332 seconds
[2226.306s][info ][safepoint    ] Application time: 5.0003416 seconds
[2226.306s][info ][safepoint    ] Entering safepoint region: Cleanup
[2226.306s][info ][safepoint    ] Leaving safepoint region
[2226.306s][info ][safepoint    ] Total time for which application threads were stopped: 0.0000925 seconds, Stopping threads took: 0.0000177 seconds
[2230.306s][info ][safepoint    ] Application time: 4.0003181 seconds
[2230.306s][info ][safepoint    ] Entering safepoint region: Cleanup
[2230.306s][info ][safepoint    ] Leaving safepoint region
[2230.306s][info ][safepoint    ] Total time for which application threads were stopped: 0.0000856 seconds, Stopping threads took: 0.0000205 seconds
[2231.306s][info ][safepoint    ] Application time: 1.0001079 seconds
[2231.306s][info ][safepoint    ] Entering safepoint region: Cleanup
[2231.307s][info ][safepoint    ] Leaving safepoint region
[2231.307s][info ][safepoint    ] Total time for which application threads were stopped: 0.0000819 seconds, Stopping threads took: 0.0000165 seconds
[2232.297s][info ][safepoint    ] Application time: 0.9900807 seconds
[2232.297s][info ][safepoint    ] Entering safepoint region: GenCollectForAllocation
[2232.297s][info ][gc,start     ] GC(195) Pause Young (Allocation Failure)
[2232.297s][info ][gc,task      ] GC(195) Using 4 workers of 4 for evacuation
[2232.298s][debug][gc,ref       ] GC(195) Skipped phase1 of Reference Processing due to unavailable references
[2232.298s][debug][gc,ref       ] GC(195) Skipped phase2 of Reference Processing due to unavailable references
[2232.298s][debug][gc,ref       ] GC(195) Skipped phase3 of Reference Processing due to unavailable references
[2232.298s][debug][gc,ref       ] GC(195) Skipped phase4 of Reference Processing due to unavailable references
[2232.299s][debug][gc,age       ] GC(195) Desired survivor size 15400960 bytes, new threshold 6 (max threshold 6)
[2232.299s][info ][gc,heap      ] GC(195) ParNew: 241915K->671K(270976K)
[2232.299s][info ][gc,heap      ] GC(195) CMS: 218838K->218839K(602112K)
[2232.299s][info ][gc,metaspace ] GC(195) Metaspace: 53943K->53943K(1097728K)
[2232.299s][info ][gc           ] GC(195) Pause Young (Allocation Failure) 449M->214M(852M) 1.820ms
[2232.299s][info ][gc,cpu       ] GC(195) User=0.01s Sys=0.00s Real=0.00s
[2232.299s][info ][safepoint    ] Leaving safepoint region
[2232.299s][info ][safepoint    ] Total time for which application threads were stopped: 0.0019799 seconds, Stopping threads took: 0.0000166 seconds
[2241.100s][info ][safepoint    ] Application time: 8.8013040 seconds
[2241.100s][info ][safepoint    ] Entering safepoint region: GenCollectForAllocation
[2241.100s][info ][gc,start     ] GC(196) Pause Young (Allocation Failure)
[2241.100s][info ][gc,task      ] GC(196) Using 4 workers of 4 for evacuation
[2241.102s][debug][gc,ref       ] GC(196) Skipped phase1 of Reference Processing due to unavailable references
[2241.102s][debug][gc,ref       ] GC(196) Skipped phase2 of Reference Processing due to unavailable references
[2241.102s][debug][gc,ref       ] GC(196) Skipped phase3 of Reference Processing due to unavailable references
[2241.102s][debug][gc,ref       ] GC(196) Skipped phase4 of Reference Processing due to unavailable references
[2241.102s][debug][gc,age       ] GC(196) Desired survivor size 15400960 bytes, new threshold 6 (max threshold 6)
[2241.102s][info ][gc,heap      ] GC(196) ParNew: 241567K->765K(270976K)
[2241.102s][info ][gc,heap      ] GC(196) CMS: 218839K->218851K(602112K)
[2241.102s][info ][gc,metaspace ] GC(196) Metaspace: 53944K->53944K(1097728K)
[2241.102s][info ][gc           ] GC(196) Pause Young (Allocation Failure) 449M->214M(852M) 1.846ms
[2241.102s][info ][gc,cpu       ] GC(196) User=0.00s Sys=0.00s Real=0.01s
[2241.102s][info ][safepoint    ] Leaving safepoint region
[2241.102s][info ][safepoint    ] Total time for which application threads were stopped: 0.0020189 seconds, Stopping threads took: 0.0000332 seconds
[2247.102s][info ][safepoint    ] Application time: 6.0004242 seconds
[2247.103s][info ][safepoint    ] Entering safepoint region: Cleanup
[2247.103s][info ][safepoint    ] Leaving safepoint region
[2247.103s][info ][safepoint    ] Total time for which application threads were stopped: 0.0001370 seconds, Stopping threads took: 0.0000593 seconds
[2250.400s][info ][safepoint    ] Application time: 3.2972929 seconds
[2250.400s][info ][safepoint    ] Entering safepoint region: GenCollectForAllocation
[2250.400s][info ][gc,start     ] GC(197) Pause Young (Allocation Failure)
[2250.400s][info ][gc,task      ] GC(197) Using 4 workers of 4 for evacuation
[2250.402s][debug][gc,ref       ] GC(197) Skipped phase1 of Reference Processing due to unavailable references
[2250.402s][debug][gc,ref       ] GC(197) Skipped phase2 of Reference Processing due to unavailable references
[2250.402s][debug][gc,ref       ] GC(197) Skipped phase3 of Reference Processing due to unavailable references
[2250.402s][debug][gc,ref       ] GC(197) Skipped phase4 of Reference Processing due to unavailable references
[2250.402s][debug][gc,age       ] GC(197) Desired survivor size 15400960 bytes, new threshold 6 (max threshold 6)
[2250.402s][info ][gc,heap      ] GC(197) ParNew: 241661K->797K(270976K)
[2250.402s][info ][gc,heap      ] GC(197) CMS: 218851K->218856K(602112K)
[2250.402s][info ][gc,metaspace ] GC(197) Metaspace: 53946K->53946K(1097728K)
[2250.402s][info ][gc           ] GC(197) Pause Young (Allocation Failure) 449M->214M(852M) 1.929ms
[2250.402s][info ][gc,cpu       ] GC(197) User=0.00s Sys=0.00s Real=0.01s
[2250.402s][info ][safepoint    ] Leaving safepoint region
[2250.402s][info ][safepoint    ] Total time for which application threads were stopped: 0.0021172 seconds, Stopping threads took: 0.0000429 seconds
[2258.598s][info ][safepoint    ] Application time: 8.1956277 seconds
[2258.598s][info ][safepoint    ] Entering safepoint region: GenCollectForAllocation
[2258.598s][info ][gc,start     ] GC(198) Pause Young (Allocation Failure)
[2258.598s][info ][gc,task      ] GC(198) Using 4 workers of 4 for evacuation
[2258.599s][debug][gc,ref       ] GC(198) Skipped phase1 of Reference Processing due to unavailable references
[2258.599s][debug][gc,ref       ] GC(198) Skipped phase2 of Reference Processing due to unavailable references
[2258.599s][debug][gc,ref       ] GC(198) Skipped phase3 of Reference Processing due to unavailable references
[2258.599s][debug][gc,ref       ] GC(198) Skipped phase4 of Reference Processing due to unavailable references
[2258.600s][debug][gc,age       ] GC(198) Desired survivor size 15400960 bytes, new threshold 6 (max threshold 6)
[2258.600s][info ][gc,heap      ] GC(198) ParNew: 241693K->790K(270976K)
[2258.600s][info ][gc,heap      ] GC(198) CMS: 218856K->218868K(602112K)
[2258.600s][info ][gc,metaspace ] GC(198) Metaspace: 53946K->53946K(1097728K)
[2258.600s][info ][gc           ] GC(198) Pause Young (Allocation Failure) 449M->214M(852M) 1.762ms
[2258.600s][info ][gc,cpu       ] GC(198) User=0.01s Sys=0.00s Real=0.00s
[2258.600s][info ][safepoint    ] Leaving safepoint region
[2258.600s][info ][safepoint    ] Total time for which application threads were stopped: 0.0019462 seconds, Stopping threads took: 0.0000181 seconds
[2260.600s][info ][safepoint    ] Application time: 2.0001681 seconds
[2260.600s][info ][safepoint    ] Entering safepoint region: Cleanup
[2260.600s][info ][safepoint    ] Leaving safepoint region
[2260.600s][info ][safepoint    ] Total time for which application threads were stopped: 0.0001299 seconds, Stopping threads took: 0.0000488 seconds
[2267.696s][info ][safepoint    ] Application time: 7.0962136 seconds
[2267.696s][info ][safepoint    ] Entering safepoint region: GenCollectForAllocation
[2267.696s][info ][gc,start     ] GC(199) Pause Young (Allocation Failure)
[2267.696s][info ][gc,task      ] GC(199) Using 4 workers of 4 for evacuation
[2267.698s][debug][gc,ref       ] GC(199) Skipped phase1 of Reference Processing due to unavailable references
[2267.698s][debug][gc,ref       ] GC(199) Skipped phase2 of Reference Processing due to unavailable references
[2267.698s][debug][gc,ref       ] GC(199) Skipped phase3 of Reference Processing due to unavailable references
[2267.698s][debug][gc,ref       ] GC(199) Skipped phase4 of Reference Processing due to unavailable references
[2267.698s][debug][gc,age       ] GC(199) Desired survivor size 15400960 bytes, new threshold 6 (max threshold 6)
[2267.698s][info ][gc,heap      ] GC(199) ParNew: 241686K->633K(270976K)
[2267.698s][info ][gc,heap      ] GC(199) CMS: 218868K->218887K(602112K)
[2267.698s][info ][gc,metaspace ] GC(199) Metaspace: 53946K->53946K(1097728K)
[2267.698s][info ][gc           ] GC(199) Pause Young (Allocation Failure) 449M->214M(852M) 1.874ms
[2267.698s][info ][gc,cpu       ] GC(199) User=0.00s Sys=0.00s Real=0.00s
[2267.698s][info ][safepoint    ] Leaving safepoint region
[2267.698s][info ][safepoint    ] Total time for which application threads were stopped: 0.0020372 seconds, Stopping threads took: 0.0000294 seconds
[2276.600s][info ][safepoint    ] Application time: 8.9015508 seconds
[2276.600s][info ][safepoint    ] Entering safepoint region: GenCollectForAllocation
[2276.600s][info ][gc,start     ] GC(200) Pause Young (Allocation Failure)
[2276.600s][info ][gc,task      ] GC(200) Using 4 workers of 4 for evacuation
[2276.602s][debug][gc,ref       ] GC(200) Skipped phase1 of Reference Processing due to unavailable references
[2276.602s][debug][gc,ref       ] GC(200) Skipped phase2 of Reference Processing due to unavailable references
[2276.602s][debug][gc,ref       ] GC(200) Skipped phase3 of Reference Processing due to unavailable references
[2276.602s][debug][gc,ref       ] GC(200) Skipped phase4 of Reference Processing due to unavailable references
[2276.602s][debug][gc,age       ] GC(200) Desired survivor size 15400960 bytes, new threshold 6 (max threshold 6)
[2276.602s][info ][gc,heap      ] GC(200) ParNew: 241529K->675K(270976K)
[2276.602s][info ][gc,heap      ] GC(200) CMS: 218887K->218887K(602112K)
[2276.602s][info ][gc,metaspace ] GC(200) Metaspace: 53946K->53946K(1097728K)
[2276.602s][info ][gc           ] GC(200) Pause Young (Allocation Failure) 449M->214M(852M) 1.777ms
[2276.602s][info ][gc,cpu       ] GC(200) User=0.01s Sys=0.00s Real=0.01s
[2276.602s][info ][safepoint    ] Leaving safepoint region
[2276.602s][info ][safepoint    ] Total time for which application threads were stopped: 0.0019498 seconds, Stopping threads took: 0.0000172 seconds
[2284.944s][info ][safepoint    ] Application time: 8.3417655 seconds
[2284.944s][info ][safepoint    ] Entering safepoint region: GenCollectForAllocation
[2284.944s][info ][gc,start     ] GC(201) Pause Young (Allocation Failure)
[2284.944s][info ][gc,task      ] GC(201) Using 4 workers of 4 for evacuation
[2284.945s][debug][gc,ref       ] GC(201) Skipped phase1 of Reference Processing due to unavailable references
[2284.945s][debug][gc,ref       ] GC(201) Skipped phase2 of Reference Processing due to unavailable references
[2284.945s][debug][gc,ref       ] GC(201) Skipped phase3 of Reference Processing due to unavailable references
[2284.945s][debug][gc,ref       ] GC(201) Skipped phase4 of Reference Processing due to unavailable references
[2284.946s][debug][gc,age       ] GC(201) Desired survivor size 15400960 bytes, new threshold 6 (max threshold 6)
[2284.946s][info ][gc,heap      ] GC(201) ParNew: 241571K->649K(270976K)
[2284.946s][info ][gc,heap      ] GC(201) CMS: 218887K->218889K(602112K)
[2284.946s][info ][gc,metaspace ] GC(201) Metaspace: 53946K->53946K(1097728K)
[2284.946s][info ][gc           ] GC(201) Pause Young (Allocation Failure) 449M->214M(852M) 1.827ms
[2284.946s][info ][gc,cpu       ] GC(201) User=0.01s Sys=0.00s Real=0.00s
[2284.946s][info ][safepoint    ] Leaving safepoint region
[2284.946s][info ][safepoint    ] Total time for which application threads were stopped: 0.0020067 seconds, Stopping threads took: 0.0000457 seconds
[2292.946s][info ][safepoint    ] Application time: 8.0006970 seconds
[2292.946s][info ][safepoint    ] Entering safepoint region: Cleanup
[2292.947s][info ][safepoint    ] Leaving safepoint region
[2292.947s][info ][safepoint    ] Total time for which application threads were stopped: 0.0000879 seconds, Stopping threads took: 0.0000180 seconds
[2294.008s][info ][safepoint    ] Application time: 1.0614573 seconds
[2294.008s][info ][safepoint    ] Entering safepoint region: GenCollectForAllocation
[2294.008s][info ][gc,start     ] GC(202) Pause Young (Allocation Failure)
[2294.008s][info ][gc,task      ] GC(202) Using 4 workers of 4 for evacuation
[2294.010s][debug][gc,ref       ] GC(202) Skipped phase1 of Reference Processing due to unavailable references
[2294.010s][debug][gc,ref       ] GC(202) Skipped phase2 of Reference Processing due to unavailable references
[2294.010s][debug][gc,ref       ] GC(202) Skipped phase3 of Reference Processing due to unavailable references
[2294.010s][debug][gc,ref       ] GC(202) Skipped phase4 of Reference Processing due to unavailable references
[2294.010s][debug][gc,age       ] GC(202) Desired survivor size 15400960 bytes, new threshold 6 (max threshold 6)
[2294.010s][info ][gc,heap      ] GC(202) ParNew: 241545K->685K(270976K)
[2294.010s][info ][gc,heap      ] GC(202) CMS: 218889K->218891K(602112K)
[2294.010s][info ][gc,metaspace ] GC(202) Metaspace: 53946K->53946K(1097728K)
[2294.010s][info ][gc           ] GC(202) Pause Young (Allocation Failure) 449M->214M(852M) 1.862ms
[2294.010s][info ][gc,cpu       ] GC(202) User=0.01s Sys=0.00s Real=0.01s
[2294.010s][info ][safepoint    ] Leaving safepoint region
[2294.010s][info ][safepoint    ] Total time for which application threads were stopped: 0.0020119 seconds, Stopping threads took: 0.0000176 seconds
[2302.804s][info ][safepoint    ] Application time: 8.7940599 seconds
[2302.804s][info ][safepoint    ] Entering safepoint region: GenCollectForAllocation
[2302.804s][info ][gc,start     ] GC(203) Pause Young (Allocation Failure)
[2302.804s][info ][gc,task      ] GC(203) Using 4 workers of 4 for evacuation
[2302.806s][debug][gc,ref       ] GC(203) Skipped phase1 of Reference Processing due to unavailable references
[2302.806s][debug][gc,ref       ] GC(203) Skipped phase2 of Reference Processing due to unavailable references
[2302.806s][debug][gc,ref       ] GC(203) Skipped phase3 of Reference Processing due to unavailable references
[2302.806s][debug][gc,ref       ] GC(203) Skipped phase4 of Reference Processing due to unavailable references
[2302.806s][debug][gc,age       ] GC(203) Desired survivor size 15400960 bytes, new threshold 6 (max threshold 6)
[2302.806s][info ][gc,heap      ] GC(203) ParNew: 241581K->660K(270976K)
[2302.806s][info ][gc,heap      ] GC(203) CMS: 218891K->218980K(602112K)
[2302.806s][info ][gc,metaspace ] GC(203) Metaspace: 53946K->53946K(1097728K)
[2302.806s][info ][gc           ] GC(203) Pause Young (Allocation Failure) 449M->214M(852M) 1.868ms
[2302.806s][info ][gc,cpu       ] GC(203) User=0.01s Sys=0.00s Real=0.00s
[2302.806s][info ][safepoint    ] Leaving safepoint region
[2302.806s][info ][safepoint    ] Total time for which application threads were stopped: 0.0020487 seconds, Stopping threads took: 0.0000309 seconds
[2312.023s][info ][safepoint    ] Application time: 9.2168273 seconds
[2312.025s][info ][safepoint    ] Entering safepoint region: GenCollectForAllocation
[2312.025s][info ][gc,start     ] GC(204) Pause Young (Allocation Failure)
[2312.025s][info ][gc,task      ] GC(204) Using 4 workers of 4 for evacuation
[2312.026s][debug][gc,ref       ] GC(204) Skipped phase1 of Reference Processing due to unavailable references
[2312.026s][debug][gc,ref       ] GC(204) Skipped phase2 of Reference Processing due to unavailable references
[2312.026s][debug][gc,ref       ] GC(204) Skipped phase3 of Reference Processing due to unavailable references
[2312.026s][debug][gc,ref       ] GC(204) Skipped phase4 of Reference Processing due to unavailable references
[2312.027s][debug][gc,age       ] GC(204) Desired survivor size 15400960 bytes, new threshold 6 (max threshold 6)
[2312.027s][info ][gc,heap      ] GC(204) ParNew: 241556K->669K(270976K)
[2312.027s][info ][gc,heap      ] GC(204) CMS: 218980K->218980K(602112K)
[2312.027s][info ][gc,metaspace ] GC(204) Metaspace: 53946K->53946K(1097728K)
[2312.027s][info ][gc           ] GC(204) Pause Young (Allocation Failure) 449M->214M(852M) 1.804ms
[2312.027s][info ][gc,cpu       ] GC(204) User=0.01s Sys=0.00s Real=0.00s
[2312.027s][info ][safepoint    ] Leaving safepoint region
[2312.027s][info ][safepoint    ] Total time for which application threads were stopped: 0.0035818 seconds, Stopping threads took: 0.0016382 seconds
[2318.628s][info ][safepoint    ] Application time: 6.6014328 seconds
[2318.628s][info ][safepoint    ] Entering safepoint region: GenCollectForAllocation
[2318.628s][info ][gc,start     ] GC(205) Pause Young (Allocation Failure)
[2318.628s][info ][gc,task      ] GC(205) Using 4 workers of 4 for evacuation
[2318.639s][debug][gc,ref       ] GC(205) Skipped phase1 of Reference Processing due to unavailable references
[2318.639s][debug][gc,ref       ] GC(205) Skipped phase2 of Reference Processing due to unavailable references
[2318.639s][debug][gc,ref       ] GC(205) Skipped phase3 of Reference Processing due to unavailable references
[2318.639s][debug][gc,ref       ] GC(205) Skipped phase4 of Reference Processing due to unavailable references
[2318.639s][debug][gc,age       ] GC(205) Desired survivor size 15400960 bytes, new threshold 6 (max threshold 6)
[2318.639s][info ][gc,heap      ] GC(205) ParNew: 241565K->809K(270976K)
[2318.639s][info ][gc,heap      ] GC(205) CMS: 218980K->218980K(602112K)
[2318.639s][info ][gc,metaspace ] GC(205) Metaspace: 53948K->53948K(1097728K)
[2318.639s][info ][gc           ] GC(205) Pause Young (Allocation Failure) 449M->214M(852M) 11.185ms
[2318.639s][info ][gc,cpu       ] GC(205) User=0.01s Sys=0.00s Real=0.01s
[2318.639s][info ][safepoint    ] Leaving safepoint region
[2318.639s][info ][safepoint    ] Total time for which application threads were stopped: 0.0113751 seconds, Stopping threads took: 0.0000206 seconds
[2325.809s][info ][safepoint    ] Application time: 7.1694630 seconds
[2325.809s][info ][safepoint    ] Entering safepoint region: GenCollectForAllocation
[2325.809s][info ][gc,start     ] GC(206) Pause Young (Allocation Failure)
[2325.809s][info ][gc,task      ] GC(206) Using 4 workers of 4 for evacuation
[2325.811s][debug][gc,ref       ] GC(206) Skipped phase1 of Reference Processing due to unavailable references
[2325.811s][debug][gc,ref       ] GC(206) Skipped phase2 of Reference Processing due to unavailable references
[2325.811s][debug][gc,ref       ] GC(206) Skipped phase3 of Reference Processing due to unavailable references
[2325.811s][debug][gc,ref       ] GC(206) Skipped phase4 of Reference Processing due to unavailable references
[2325.811s][debug][gc,age       ] GC(206) Desired survivor size 15400960 bytes, new threshold 6 (max threshold 6)
[2325.811s][info ][gc,heap      ] GC(206) ParNew: 241705K->872K(270976K)
[2325.811s][info ][gc,heap      ] GC(206) CMS: 218980K->218981K(602112K)
[2325.811s][info ][gc,metaspace ] GC(206) Metaspace: 53948K->53948K(1097728K)
[2325.811s][info ][gc           ] GC(206) Pause Young (Allocation Failure) 449M->214M(852M) 2.150ms
[2325.811s][info ][gc,cpu       ] GC(206) User=0.01s Sys=0.01s Real=0.00s
[2325.811s][info ][safepoint    ] Leaving safepoint region
[2325.811s][info ][safepoint    ] Total time for which application threads were stopped: 0.0023350 seconds, Stopping threads took: 0.0000205 seconds
[2335.310s][info ][safepoint    ] Application time: 9.4985146 seconds
[2335.310s][info ][safepoint    ] Entering safepoint region: GenCollectForAllocation
[2335.310s][info ][gc,start     ] GC(207) Pause Young (Allocation Failure)
[2335.310s][info ][gc,task      ] GC(207) Using 4 workers of 4 for evacuation
[2335.316s][debug][gc,ref       ] GC(207) Skipped phase1 of Reference Processing due to unavailable references
[2335.316s][debug][gc,ref       ] GC(207) Skipped phase2 of Reference Processing due to unavailable references
[2335.316s][debug][gc,ref       ] GC(207) Skipped phase3 of Reference Processing due to unavailable references
[2335.316s][debug][gc,ref       ] GC(207) Skipped phase4 of Reference Processing due to unavailable references
[2335.316s][debug][gc,age       ] GC(207) Desired survivor size 15400960 bytes, new threshold 6 (max threshold 6)
[2335.316s][info ][gc,heap      ] GC(207) ParNew: 241768K->896K(270976K)
[2335.316s][info ][gc,heap      ] GC(207) CMS: 218981K->218981K(602112K)
[2335.317s][info ][gc,metaspace ] GC(207) Metaspace: 53953K->53953K(1097728K)
[2335.317s][info ][gc           ] GC(207) Pause Young (Allocation Failure) 449M->214M(852M) 6.521ms
[2335.317s][info ][gc,cpu       ] GC(207) User=0.01s Sys=0.00s Real=0.00s
[2335.317s][info ][safepoint    ] Leaving safepoint region
[2335.317s][info ][safepoint    ] Total time for which application threads were stopped: 0.0066890 seconds, Stopping threads took: 0.0000326 seconds
[2343.500s][info ][safepoint    ] Application time: 8.1837589 seconds
[2343.500s][info ][safepoint    ] Entering safepoint region: GenCollectForAllocation
[2343.500s][info ][gc,start     ] GC(208) Pause Young (Allocation Failure)
[2343.501s][info ][gc,task      ] GC(208) Using 4 workers of 4 for evacuation
[2343.502s][debug][gc,ref       ] GC(208) Skipped phase1 of Reference Processing due to unavailable references
[2343.502s][debug][gc,ref       ] GC(208) Skipped phase2 of Reference Processing due to unavailable references
[2343.502s][debug][gc,ref       ] GC(208) Skipped phase3 of Reference Processing due to unavailable references
[2343.502s][debug][gc,ref       ] GC(208) Skipped phase4 of Reference Processing due to unavailable references
[2343.502s][debug][gc,age       ] GC(208) Desired survivor size 15400960 bytes, new threshold 6 (max threshold 6)
[2343.502s][info ][gc,heap      ] GC(208) ParNew: 241792K->727K(270976K)
[2343.502s][info ][gc,heap      ] GC(208) CMS: 218981K->218981K(602112K)
[2343.502s][info ][gc,metaspace ] GC(208) Metaspace: 53953K->53953K(1097728K)
[2343.502s][info ][gc           ] GC(208) Pause Young (Allocation Failure) 449M->214M(852M) 1.831ms
[2343.502s][info ][gc,cpu       ] GC(208) User=0.00s Sys=0.00s Real=0.00s
[2343.502s][info ][safepoint    ] Leaving safepoint region
[2343.502s][info ][safepoint    ] Total time for which application threads were stopped: 0.0019969 seconds, Stopping threads took: 0.0000315 seconds
[2352.100s][info ][safepoint    ] Application time: 8.5977559 seconds
[2352.100s][info ][safepoint    ] Entering safepoint region: GenCollectForAllocation
[2352.100s][info ][gc,start     ] GC(209) Pause Young (Allocation Failure)
[2352.100s][info ][gc,task      ] GC(209) Using 4 workers of 4 for evacuation
[2352.102s][debug][gc,ref       ] GC(209) Skipped phase1 of Reference Processing due to unavailable references
[2352.102s][debug][gc,ref       ] GC(209) Skipped phase2 of Reference Processing due to unavailable references
[2352.102s][debug][gc,ref       ] GC(209) Skipped phase3 of Reference Processing due to unavailable references
[2352.102s][debug][gc,ref       ] GC(209) Skipped phase4 of Reference Processing due to unavailable references
[2352.102s][debug][gc,age       ] GC(209) Desired survivor size 15400960 bytes, new threshold 6 (max threshold 6)
[2352.102s][info ][gc,heap      ] GC(209) ParNew: 241623K->697K(270976K)
[2352.102s][info ][gc,heap      ] GC(209) CMS: 218981K->218983K(602112K)
[2352.102s][info ][gc,metaspace ] GC(209) Metaspace: 53968K->53968K(1097728K)
[2352.102s][info ][gc           ] GC(209) Pause Young (Allocation Failure) 449M->214M(852M) 1.872ms
[2352.102s][info ][gc,cpu       ] GC(209) User=0.00s Sys=0.00s Real=0.00s
[2352.102s][info ][safepoint    ] Leaving safepoint region
[2352.102s][info ][safepoint    ] Total time for which application threads were stopped: 0.0020351 seconds, Stopping threads took: 0.0000169 seconds
[2361.100s][info ][safepoint    ] Application time: 8.9978718 seconds
[2361.100s][info ][safepoint    ] Entering safepoint region: GenCollectForAllocation
[2361.100s][info ][gc,start     ] GC(210) Pause Young (Allocation Failure)
[2361.100s][info ][gc,task      ] GC(210) Using 4 workers of 4 for evacuation
[2361.102s][debug][gc,ref       ] GC(210) Skipped phase1 of Reference Processing due to unavailable references
[2361.102s][debug][gc,ref       ] GC(210) Skipped phase2 of Reference Processing due to unavailable references
[2361.102s][debug][gc,ref       ] GC(210) Skipped phase3 of Reference Processing due to unavailable references
[2361.102s][debug][gc,ref       ] GC(210) Skipped phase4 of Reference Processing due to unavailable references
[2361.102s][debug][gc,age       ] GC(210) Desired survivor size 15400960 bytes, new threshold 6 (max threshold 6)
[2361.102s][info ][gc,heap      ] GC(210) ParNew: 241593K->706K(270976K)
[2361.102s][info ][gc,heap      ] GC(210) CMS: 218983K->218983K(602112K)
[2361.102s][info ][gc,metaspace ] GC(210) Metaspace: 53968K->53968K(1097728K)
[2361.102s][info ][gc           ] GC(210) Pause Young (Allocation Failure) 449M->214M(852M) 1.871ms
[2361.102s][info ][gc,cpu       ] GC(210) User=0.00s Sys=0.00s Real=0.01s
[2361.102s][info ][safepoint    ] Leaving safepoint region
[2361.102s][info ][safepoint    ] Total time for which application threads were stopped: 0.0020376 seconds, Stopping threads took: 0.0000316 seconds
[2370.611s][info ][safepoint    ] Application time: 9.5083796 seconds
[2370.611s][info ][safepoint    ] Entering safepoint region: GenCollectForAllocation
[2370.611s][info ][gc,start     ] GC(211) Pause Young (Allocation Failure)
[2370.611s][info ][gc,task      ] GC(211) Using 4 workers of 4 for evacuation
[2370.613s][debug][gc,ref       ] GC(211) Skipped phase1 of Reference Processing due to unavailable references
[2370.613s][debug][gc,ref       ] GC(211) Skipped phase2 of Reference Processing due to unavailable references
[2370.613s][debug][gc,ref       ] GC(211) Skipped phase3 of Reference Processing due to unavailable references
[2370.613s][debug][gc,ref       ] GC(211) Skipped phase4 of Reference Processing due to unavailable references
[2370.613s][debug][gc,age       ] GC(211) Desired survivor size 15400960 bytes, new threshold 6 (max threshold 6)
[2370.613s][info ][gc,heap      ] GC(211) ParNew: 241602K->835K(270976K)
[2370.613s][info ][gc,heap      ] GC(211) CMS: 218983K->218988K(602112K)
[2370.613s][info ][gc,metaspace ] GC(211) Metaspace: 53974K->53974K(1097728K)
[2370.613s][info ][gc           ] GC(211) Pause Young (Allocation Failure) 449M->214M(852M) 2.373ms
[2370.613s][info ][gc,cpu       ] GC(211) User=0.01s Sys=0.00s Real=0.00s
[2370.613s][info ][safepoint    ] Leaving safepoint region
[2370.613s][info ][safepoint    ] Total time for which application threads were stopped: 0.0025456 seconds, Stopping threads took: 0.0000188 seconds
[2377.303s][info ][safepoint    ] Application time: 6.6896194 seconds
[2377.303s][info ][safepoint    ] Entering safepoint region: GenCollectForAllocation
[2377.303s][info ][gc,start     ] GC(212) Pause Young (Allocation Failure)
[2377.303s][info ][gc,task      ] GC(212) Using 4 workers of 4 for evacuation
[2377.305s][debug][gc,ref       ] GC(212) Skipped phase1 of Reference Processing due to unavailable references
[2377.305s][debug][gc,ref       ] GC(212) Skipped phase2 of Reference Processing due to unavailable references
[2377.305s][debug][gc,ref       ] GC(212) Skipped phase3 of Reference Processing due to unavailable references
[2377.305s][debug][gc,ref       ] GC(212) Skipped phase4 of Reference Processing due to unavailable references
[2377.305s][debug][gc,age       ] GC(212) Desired survivor size 15400960 bytes, new threshold 6 (max threshold 6)
[2377.305s][info ][gc,heap      ] GC(212) ParNew: 241731K->814K(270976K)
[2377.305s][info ][gc,heap      ] GC(212) CMS: 218988K->219000K(602112K)
[2377.305s][info ][gc,metaspace ] GC(212) Metaspace: 53974K->53974K(1097728K)
[2377.305s][info ][gc           ] GC(212) Pause Young (Allocation Failure) 449M->214M(852M) 1.923ms
[2377.305s][info ][gc,cpu       ] GC(212) User=0.00s Sys=0.00s Real=0.00s
[2377.305s][info ][safepoint    ] Leaving safepoint region
[2377.305s][info ][safepoint    ] Total time for which application threads were stopped: 0.0020833 seconds, Stopping threads took: 0.0000189 seconds
[2385.715s][info ][safepoint    ] Application time: 8.4103263 seconds
[2385.715s][info ][safepoint    ] Entering safepoint region: GenCollectForAllocation
[2385.715s][info ][gc,start     ] GC(213) Pause Young (Allocation Failure)
[2385.715s][info ][gc,task      ] GC(213) Using 4 workers of 4 for evacuation
[2385.717s][debug][gc,ref       ] GC(213) Skipped phase1 of Reference Processing due to unavailable references
[2385.717s][debug][gc,ref       ] GC(213) Skipped phase2 of Reference Processing due to unavailable references
[2385.717s][debug][gc,ref       ] GC(213) Skipped phase3 of Reference Processing due to unavailable references
[2385.717s][debug][gc,ref       ] GC(213) Skipped phase4 of Reference Processing due to unavailable references
[2385.717s][debug][gc,age       ] GC(213) Desired survivor size 15400960 bytes, new threshold 6 (max threshold 6)
[2385.717s][info ][gc,heap      ] GC(213) ParNew: 241710K->811K(270976K)
[2385.717s][info ][gc,heap      ] GC(213) CMS: 219000K->219000K(602112K)
[2385.717s][info ][gc,metaspace ] GC(213) Metaspace: 53974K->53974K(1097728K)
[2385.717s][info ][gc           ] GC(213) Pause Young (Allocation Failure) 449M->214M(852M) 1.907ms
[2385.717s][info ][gc,cpu       ] GC(213) User=0.01s Sys=0.00s Real=0.00s
[2385.717s][info ][safepoint    ] Leaving safepoint region
[2385.717s][info ][safepoint    ] Total time for which application threads were stopped: 0.0020543 seconds, Stopping threads took: 0.0000181 seconds
[2388.718s][info ][safepoint    ] Application time: 3.0002753 seconds
[2388.718s][info ][safepoint    ] Entering safepoint region: Cleanup
[2388.718s][info ][safepoint    ] Leaving safepoint region
[2388.718s][info ][safepoint    ] Total time for which application threads were stopped: 0.0001552 seconds, Stopping threads took: 0.0000555 seconds
[2394.696s][info ][safepoint    ] Application time: 5.9777120 seconds
[2394.696s][info ][safepoint    ] Entering safepoint region: GenCollectForAllocation
[2394.696s][info ][gc,start     ] GC(214) Pause Young (Allocation Failure)
[2394.696s][info ][gc,task      ] GC(214) Using 4 workers of 4 for evacuation
[2394.698s][debug][gc,ref       ] GC(214) Skipped phase1 of Reference Processing due to unavailable references
[2394.698s][debug][gc,ref       ] GC(214) Skipped phase2 of Reference Processing due to unavailable references
[2394.698s][debug][gc,ref       ] GC(214) Skipped phase3 of Reference Processing due to unavailable references
[2394.698s][debug][gc,ref       ] GC(214) Skipped phase4 of Reference Processing due to unavailable references
[2394.698s][debug][gc,age       ] GC(214) Desired survivor size 15400960 bytes, new threshold 6 (max threshold 6)
[2394.698s][info ][gc,heap      ] GC(214) ParNew: 241707K->739K(270976K)
[2394.698s][info ][gc,heap      ] GC(214) CMS: 219000K->219036K(602112K)
[2394.698s][info ][gc,metaspace ] GC(214) Metaspace: 53974K->53974K(1097728K)
[2394.698s][info ][gc           ] GC(214) Pause Young (Allocation Failure) 449M->214M(852M) 2.254ms
[2394.698s][info ][gc,cpu       ] GC(214) User=0.00s Sys=0.00s Real=0.00s
[2394.698s][info ][safepoint    ] Leaving safepoint region
[2394.698s][info ][safepoint    ] Total time for which application threads were stopped: 0.0024427 seconds, Stopping threads took: 0.0000210 seconds
[2397.698s][info ][safepoint    ] Application time: 3.0002518 seconds
[2397.698s][info ][safepoint    ] Entering safepoint region: Cleanup
[2397.698s][info ][safepoint    ] Leaving safepoint region
[2397.698s][info ][safepoint    ] Total time for which application threads were stopped: 0.0001361 seconds, Stopping threads took: 0.0000545 seconds
[2404.699s][info ][safepoint    ] Application time: 7.0008700 seconds
[2404.699s][info ][safepoint    ] Entering safepoint region: GenCollectForAllocation
[2404.699s][info ][gc,start     ] GC(215) Pause Young (Allocation Failure)
[2404.699s][info ][gc,task      ] GC(215) Using 4 workers of 4 for evacuation
[2404.701s][debug][gc,ref       ] GC(215) Skipped phase1 of Reference Processing due to unavailable references
[2404.701s][debug][gc,ref       ] GC(215) Skipped phase2 of Reference Processing due to unavailable references
[2404.701s][debug][gc,ref       ] GC(215) Skipped phase3 of Reference Processing due to unavailable references
[2404.701s][debug][gc,ref       ] GC(215) Skipped phase4 of Reference Processing due to unavailable references
[2404.701s][debug][gc,age       ] GC(215) Desired survivor size 15400960 bytes, new threshold 6 (max threshold 6)
[2404.701s][info ][gc,heap      ] GC(215) ParNew: 241635K->685K(270976K)
[2404.701s][info ][gc,heap      ] GC(215) CMS: 219036K->219117K(602112K)
[2404.701s][info ][gc,metaspace ] GC(215) Metaspace: 53974K->53974K(1097728K)
[2404.701s][info ][gc           ] GC(215) Pause Young (Allocation Failure) 449M->214M(852M) 1.791ms
[2404.701s][info ][gc,cpu       ] GC(215) User=0.01s Sys=0.00s Real=0.01s
[2404.701s][info ][safepoint    ] Leaving safepoint region
[2404.701s][info ][safepoint    ] Total time for which application threads were stopped: 0.0019562 seconds, Stopping threads took: 0.0000334 seconds
[2412.196s][info ][safepoint    ] Application time: 7.4948577 seconds
[2412.196s][info ][safepoint    ] Entering safepoint region: GenCollectForAllocation
[2412.196s][info ][gc,start     ] GC(216) Pause Young (Allocation Failure)
[2412.196s][info ][gc,task      ] GC(216) Using 4 workers of 4 for evacuation
[2412.198s][debug][gc,ref       ] GC(216) Skipped phase1 of Reference Processing due to unavailable references
[2412.198s][debug][gc,ref       ] GC(216) Skipped phase2 of Reference Processing due to unavailable references
[2412.198s][debug][gc,ref       ] GC(216) Skipped phase3 of Reference Processing due to unavailable references
[2412.198s][debug][gc,ref       ] GC(216) Skipped phase4 of Reference Processing due to unavailable references
[2412.198s][debug][gc,age       ] GC(216) Desired survivor size 15400960 bytes, new threshold 6 (max threshold 6)
[2412.198s][info ][gc,heap      ] GC(216) ParNew: 241581K->606K(270976K)
[2412.198s][info ][gc,heap      ] GC(216) CMS: 219117K->219117K(602112K)
[2412.198s][info ][gc,metaspace ] GC(216) Metaspace: 53974K->53974K(1097728K)
[2412.198s][info ][gc           ] GC(216) Pause Young (Allocation Failure) 449M->214M(852M) 1.866ms
[2412.198s][info ][gc,cpu       ] GC(216) User=0.00s Sys=0.00s Real=0.00s
[2412.198s][info ][safepoint    ] Leaving safepoint region
[2412.198s][info ][safepoint    ] Total time for which application threads were stopped: 0.0020302 seconds, Stopping threads took: 0.0000199 seconds
[2413.198s][info ][safepoint    ] Application time: 1.0000873 seconds
[2413.198s][info ][safepoint    ] Entering safepoint region: Cleanup
[2413.198s][info ][safepoint    ] Leaving safepoint region
[2413.198s][info ][safepoint    ] Total time for which application threads were stopped: 0.0001513 seconds, Stopping threads took: 0.0000385 seconds
[2420.609s][info ][safepoint    ] Application time: 7.4108872 seconds
[2420.609s][info ][safepoint    ] Entering safepoint region: GenCollectForAllocation
[2420.610s][info ][gc,start     ] GC(217) Pause Young (Allocation Failure)
[2420.610s][info ][gc,task      ] GC(217) Using 4 workers of 4 for evacuation
[2420.612s][debug][gc,ref       ] GC(217) Skipped phase1 of Reference Processing due to unavailable references
[2420.612s][debug][gc,ref       ] GC(217) Skipped phase2 of Reference Processing due to unavailable references
[2420.612s][debug][gc,ref       ] GC(217) Skipped phase3 of Reference Processing due to unavailable references
[2420.612s][debug][gc,ref       ] GC(217) Skipped phase4 of Reference Processing due to unavailable references
[2420.612s][debug][gc,age       ] GC(217) Desired survivor size 15400960 bytes, new threshold 6 (max threshold 6)
[2420.612s][info ][gc,heap      ] GC(217) ParNew: 241502K->752K(270976K)
[2420.612s][info ][gc,heap      ] GC(217) CMS: 219117K->219118K(602112K)
[2420.612s][info ][gc,metaspace ] GC(217) Metaspace: 53980K->53980K(1097728K)
[2420.612s][info ][gc           ] GC(217) Pause Young (Allocation Failure) 449M->214M(852M) 2.438ms
[2420.612s][info ][gc,cpu       ] GC(217) User=0.01s Sys=0.00s Real=0.00s
[2420.612s][info ][safepoint    ] Leaving safepoint region
[2420.612s][info ][safepoint    ] Total time for which application threads were stopped: 0.0026249 seconds, Stopping threads took: 0.0000438 seconds
[2428.403s][info ][safepoint    ] Application time: 7.7910843 seconds
[2428.403s][info ][safepoint    ] Entering safepoint region: GenCollectForAllocation
[2428.403s][info ][gc,start     ] GC(218) Pause Young (Allocation Failure)
[2428.403s][info ][gc,task      ] GC(218) Using 4 workers of 4 for evacuation
[2428.405s][debug][gc,ref       ] GC(218) Skipped phase1 of Reference Processing due to unavailable references
[2428.405s][debug][gc,ref       ] GC(218) Skipped phase2 of Reference Processing due to unavailable references
[2428.405s][debug][gc,ref       ] GC(218) Skipped phase3 of Reference Processing due to unavailable references
[2428.405s][debug][gc,ref       ] GC(218) Skipped phase4 of Reference Processing due to unavailable references
[2428.405s][debug][gc,age       ] GC(218) Desired survivor size 15400960 bytes, new threshold 6 (max threshold 6)
[2428.405s][info ][gc,heap      ] GC(218) ParNew: 241648K->651K(270976K)
[2428.405s][info ][gc,heap      ] GC(218) CMS: 219118K->219118K(602112K)
[2428.405s][info ][gc,metaspace ] GC(218) Metaspace: 53980K->53980K(1097728K)
[2428.405s][info ][gc           ] GC(218) Pause Young (Allocation Failure) 449M->214M(852M) 1.913ms
[2428.405s][info ][gc,cpu       ] GC(218) User=0.01s Sys=0.00s Real=0.00s
[2428.405s][info ][safepoint    ] Leaving safepoint region
[2428.405s][info ][safepoint    ] Total time for which application threads were stopped: 0.0020811 seconds, Stopping threads took: 0.0000320 seconds
[2436.103s][info ][safepoint    ] Application time: 7.6973563 seconds
[2436.103s][info ][safepoint    ] Entering safepoint region: GenCollectForAllocation
[2436.103s][info ][gc,start     ] GC(219) Pause Young (Allocation Failure)
[2436.103s][info ][gc,task      ] GC(219) Using 4 workers of 4 for evacuation
[2436.104s][debug][gc,ref       ] GC(219) Skipped phase1 of Reference Processing due to unavailable references
[2436.104s][debug][gc,ref       ] GC(219) Skipped phase2 of Reference Processing due to unavailable references
[2436.104s][debug][gc,ref       ] GC(219) Skipped phase3 of Reference Processing due to unavailable references
[2436.104s][debug][gc,ref       ] GC(219) Skipped phase4 of Reference Processing due to unavailable references
[2436.105s][debug][gc,age       ] GC(219) Desired survivor size 15400960 bytes, new threshold 6 (max threshold 6)
[2436.105s][info ][gc,heap      ] GC(219) ParNew: 241547K->539K(270976K)
[2436.105s][info ][gc,heap      ] GC(219) CMS: 219118K->219118K(602112K)
[2436.105s][info ][gc,metaspace ] GC(219) Metaspace: 53980K->53980K(1097728K)
[2436.105s][info ][gc           ] GC(219) Pause Young (Allocation Failure) 449M->214M(852M) 1.785ms
[2436.105s][info ][gc,cpu       ] GC(219) User=0.00s Sys=0.00s Real=0.00s
[2436.105s][info ][safepoint    ] Leaving safepoint region
[2436.105s][info ][safepoint    ] Total time for which application threads were stopped: 0.0019542 seconds, Stopping threads took: 0.0000162 seconds
[2445.300s][info ][safepoint    ] Application time: 9.1954395 seconds
[2445.300s][info ][safepoint    ] Entering safepoint region: GenCollectForAllocation
[2445.300s][info ][gc,start     ] GC(220) Pause Young (Allocation Failure)
[2445.300s][info ][gc,task      ] GC(220) Using 4 workers of 4 for evacuation
[2445.302s][debug][gc,ref       ] GC(220) Skipped phase1 of Reference Processing due to unavailable references
[2445.302s][debug][gc,ref       ] GC(220) Skipped phase2 of Reference Processing due to unavailable references
[2445.302s][debug][gc,ref       ] GC(220) Skipped phase3 of Reference Processing due to unavailable references
[2445.302s][debug][gc,ref       ] GC(220) Skipped phase4 of Reference Processing due to unavailable references
[2445.302s][debug][gc,age       ] GC(220) Desired survivor size 15400960 bytes, new threshold 6 (max threshold 6)
[2445.302s][info ][gc,heap      ] GC(220) ParNew: 241435K->665K(270976K)
[2445.302s][info ][gc,heap      ] GC(220) CMS: 219118K->219118K(602112K)
[2445.302s][info ][gc,metaspace ] GC(220) Metaspace: 53980K->53980K(1097728K)
[2445.302s][info ][gc           ] GC(220) Pause Young (Allocation Failure) 449M->214M(852M) 1.821ms
[2445.302s][info ][gc,cpu       ] GC(220) User=0.01s Sys=0.00s Real=0.01s
[2445.302s][info ][safepoint    ] Leaving safepoint region
[2445.302s][info ][safepoint    ] Total time for which application threads were stopped: 0.0019768 seconds, Stopping threads took: 0.0000189 seconds
[2454.101s][info ][safepoint    ] Application time: 8.7990886 seconds
[2454.101s][info ][safepoint    ] Entering safepoint region: GenCollectForAllocation
[2454.101s][info ][gc,start     ] GC(221) Pause Young (Allocation Failure)
[2454.101s][info ][gc,task      ] GC(221) Using 4 workers of 4 for evacuation
[2454.103s][debug][gc,ref       ] GC(221) Skipped phase1 of Reference Processing due to unavailable references
[2454.103s][debug][gc,ref       ] GC(221) Skipped phase2 of Reference Processing due to unavailable references
[2454.103s][debug][gc,ref       ] GC(221) Skipped phase3 of Reference Processing due to unavailable references
[2454.103s][debug][gc,ref       ] GC(221) Skipped phase4 of Reference Processing due to unavailable references
[2454.103s][debug][gc,age       ] GC(221) Desired survivor size 15400960 bytes, new threshold 6 (max threshold 6)
[2454.103s][info ][gc,heap      ] GC(221) ParNew: 241561K->655K(270976K)
[2454.103s][info ][gc,heap      ] GC(221) CMS: 219118K->219119K(602112K)
[2454.103s][info ][gc,metaspace ] GC(221) Metaspace: 53991K->53991K(1097728K)
[2454.103s][info ][gc           ] GC(221) Pause Young (Allocation Failure) 449M->214M(852M) 1.977ms
[2454.103s][info ][gc,cpu       ] GC(221) User=0.00s Sys=0.00s Real=0.00s
[2454.103s][info ][safepoint    ] Leaving safepoint region
[2454.103s][info ][safepoint    ] Total time for which application threads were stopped: 0.0021484 seconds, Stopping threads took: 0.0000441 seconds
[2462.408s][info ][safepoint    ] Application time: 8.3050740 seconds
[2462.409s][info ][safepoint    ] Entering safepoint region: GenCollectForAllocation
[2462.409s][info ][gc,start     ] GC(222) Pause Young (Allocation Failure)
[2462.409s][info ][gc,task      ] GC(222) Using 4 workers of 4 for evacuation
[2462.413s][debug][gc,ref       ] GC(222) Skipped phase1 of Reference Processing due to unavailable references
[2462.413s][debug][gc,ref       ] GC(222) Skipped phase2 of Reference Processing due to unavailable references
[2462.413s][debug][gc,ref       ] GC(222) Skipped phase3 of Reference Processing due to unavailable references
[2462.413s][debug][gc,ref       ] GC(222) Skipped phase4 of Reference Processing due to unavailable references
[2462.413s][debug][gc,age       ] GC(222) Desired survivor size 15400960 bytes, new threshold 6 (max threshold 6)
[2462.413s][info ][gc,heap      ] GC(222) ParNew: 241551K->762K(270976K)
[2462.413s][info ][gc,heap      ] GC(222) CMS: 219119K->219119K(602112K)
[2462.413s][info ][gc,metaspace ] GC(222) Metaspace: 53991K->53991K(1097728K)
[2462.413s][info ][gc           ] GC(222) Pause Young (Allocation Failure) 449M->214M(852M) 4.258ms
[2462.413s][info ][gc,cpu       ] GC(222) User=0.01s Sys=0.00s Real=0.00s
[2462.413s][info ][safepoint    ] Leaving safepoint region
[2462.413s][info ][safepoint    ] Total time for which application threads were stopped: 0.0044207 seconds, Stopping threads took: 0.0000201 seconds
[2469.603s][info ][safepoint    ] Application time: 7.1898051 seconds
[2469.603s][info ][safepoint    ] Entering safepoint region: GenCollectForAllocation
[2469.603s][info ][gc,start     ] GC(223) Pause Young (Allocation Failure)
[2469.603s][info ][gc,task      ] GC(223) Using 4 workers of 4 for evacuation
[2469.605s][debug][gc,ref       ] GC(223) Skipped phase1 of Reference Processing due to unavailable references
[2469.605s][debug][gc,ref       ] GC(223) Skipped phase2 of Reference Processing due to unavailable references
[2469.605s][debug][gc,ref       ] GC(223) Skipped phase3 of Reference Processing due to unavailable references
[2469.605s][debug][gc,ref       ] GC(223) Skipped phase4 of Reference Processing due to unavailable references
[2469.605s][debug][gc,age       ] GC(223) Desired survivor size 15400960 bytes, new threshold 6 (max threshold 6)
[2469.605s][info ][gc,heap      ] GC(223) ParNew: 241658K->556K(270976K)
[2469.605s][info ][gc,heap      ] GC(223) CMS: 219119K->219128K(602112K)
[2469.605s][info ][gc,metaspace ] GC(223) Metaspace: 53992K->53992K(1097728K)
[2469.605s][info ][gc           ] GC(223) Pause Young (Allocation Failure) 449M->214M(852M) 1.910ms
[2469.605s][info ][gc,cpu       ] GC(223) User=0.00s Sys=0.00s Real=0.00s
[2469.605s][info ][safepoint    ] Leaving safepoint region
[2469.605s][info ][safepoint    ] Total time for which application threads were stopped: 0.0022021 seconds, Stopping threads took: 0.0000518 seconds
[2472.605s][info ][safepoint    ] Application time: 3.0002943 seconds
[2472.605s][info ][safepoint    ] Entering safepoint region: Cleanup
[2472.605s][info ][safepoint    ] Leaving safepoint region
[2472.605s][info ][safepoint    ] Total time for which application threads were stopped: 0.0001362 seconds, Stopping threads took: 0.0000580 seconds
[2478.703s][info ][safepoint    ] Application time: 6.0971594 seconds
[2478.703s][info ][safepoint    ] Entering safepoint region: GenCollectForAllocation
[2478.703s][info ][gc,start     ] GC(224) Pause Young (Allocation Failure)
[2478.703s][info ][gc,task      ] GC(224) Using 4 workers of 4 for evacuation
[2478.705s][debug][gc,ref       ] GC(224) Skipped phase1 of Reference Processing due to unavailable references
[2478.705s][debug][gc,ref       ] GC(224) Skipped phase2 of Reference Processing due to unavailable references
[2478.705s][debug][gc,ref       ] GC(224) Skipped phase3 of Reference Processing due to unavailable references
[2478.705s][debug][gc,ref       ] GC(224) Skipped phase4 of Reference Processing due to unavailable references
[2478.705s][debug][gc,age       ] GC(224) Desired survivor size 15400960 bytes, new threshold 6 (max threshold 6)
[2478.705s][info ][gc,heap      ] GC(224) ParNew: 241452K->603K(270976K)
[2478.705s][info ][gc,heap      ] GC(224) CMS: 219128K->219128K(602112K)
[2478.705s][info ][gc,metaspace ] GC(224) Metaspace: 53992K->53992K(1097728K)
[2478.705s][info ][gc           ] GC(224) Pause Young (Allocation Failure) 449M->214M(852M) 1.959ms
[2478.705s][info ][gc,cpu       ] GC(224) User=0.01s Sys=0.00s Real=0.00s
[2478.705s][info ][safepoint    ] Leaving safepoint region
[2478.705s][info ][safepoint    ] Total time for which application threads were stopped: 0.0021106 seconds, Stopping threads took: 0.0000181 seconds
[2487.197s][info ][safepoint    ] Application time: 8.4920241 seconds
[2487.197s][info ][safepoint    ] Entering safepoint region: GenCollectForAllocation
[2487.197s][info ][gc,start     ] GC(225) Pause Young (Allocation Failure)
[2487.197s][info ][gc,task      ] GC(225) Using 4 workers of 4 for evacuation
[2487.199s][debug][gc,ref       ] GC(225) Skipped phase1 of Reference Processing due to unavailable references
[2487.199s][debug][gc,ref       ] GC(225) Skipped phase2 of Reference Processing due to unavailable references
[2487.199s][debug][gc,ref       ] GC(225) Skipped phase3 of Reference Processing due to unavailable references
[2487.199s][debug][gc,ref       ] GC(225) Skipped phase4 of Reference Processing due to unavailable references
[2487.199s][debug][gc,age       ] GC(225) Desired survivor size 15400960 bytes, new threshold 6 (max threshold 6)
[2487.199s][info ][gc,heap      ] GC(225) ParNew: 241499K->612K(270976K)
[2487.199s][info ][gc,heap      ] GC(225) CMS: 219128K->219128K(602112K)
[2487.199s][info ][gc,metaspace ] GC(225) Metaspace: 53992K->53992K(1097728K)
[2487.199s][info ][gc           ] GC(225) Pause Young (Allocation Failure) 449M->214M(852M) 2.183ms
[2487.199s][info ][gc,cpu       ] GC(225) User=0.01s Sys=0.00s Real=0.00s
[2487.199s][info ][safepoint    ] Leaving safepoint region
[2487.199s][info ][safepoint    ] Total time for which application threads were stopped: 0.0023865 seconds, Stopping threads took: 0.0000682 seconds
[2488.199s][info ][safepoint    ] Application time: 1.0001589 seconds
[2488.200s][info ][safepoint    ] Entering safepoint region: Cleanup
[2488.200s][info ][safepoint    ] Leaving safepoint region
[2488.200s][info ][safepoint    ] Total time for which application threads were stopped: 0.0001372 seconds, Stopping threads took: 0.0000481 seconds
[2489.200s][info ][safepoint    ] Application time: 1.0001500 seconds
[2489.200s][info ][safepoint    ] Entering safepoint region: Cleanup
[2489.200s][info ][safepoint    ] Leaving safepoint region
[2489.200s][info ][safepoint    ] Total time for which application threads were stopped: 0.0000983 seconds, Stopping threads took: 0.0000217 seconds
[2494.908s][info ][safepoint    ] Application time: 5.7081993 seconds
[2494.908s][info ][safepoint    ] Entering safepoint region: GenCollectForAllocation
[2494.908s][info ][gc,start     ] GC(226) Pause Young (Allocation Failure)
[2494.908s][info ][gc,task      ] GC(226) Using 4 workers of 4 for evacuation
[2494.910s][debug][gc,ref       ] GC(226) Skipped phase1 of Reference Processing due to unavailable references
[2494.910s][debug][gc,ref       ] GC(226) Skipped phase2 of Reference Processing due to unavailable references
[2494.910s][debug][gc,ref       ] GC(226) Skipped phase3 of Reference Processing due to unavailable references
[2494.910s][debug][gc,ref       ] GC(226) Skipped phase4 of Reference Processing due to unavailable references
[2494.911s][debug][gc,age       ] GC(226) Desired survivor size 15400960 bytes, new threshold 6 (max threshold 6)
[2494.911s][info ][gc,heap      ] GC(226) ParNew: 241508K->791K(270976K)
[2494.911s][info ][gc,heap      ] GC(226) CMS: 219128K->219131K(602112K)
[2494.911s][info ][gc,metaspace ] GC(226) Metaspace: 53993K->53993K(1097728K)
[2494.911s][info ][gc           ] GC(226) Pause Young (Allocation Failure) 449M->214M(852M) 2.335ms
[2494.911s][info ][gc,cpu       ] GC(226) User=0.01s Sys=0.00s Real=0.01s
[2494.911s][info ][safepoint    ] Leaving safepoint region
[2494.911s][info ][safepoint    ] Total time for which application threads were stopped: 0.0024868 seconds, Stopping threads took: 0.0000168 seconds
[2504.100s][info ][safepoint    ] Application time: 9.1894212 seconds
[2504.100s][info ][safepoint    ] Entering safepoint region: GenCollectForAllocation
[2504.100s][info ][gc,start     ] GC(227) Pause Young (Allocation Failure)
[2504.100s][info ][gc,task      ] GC(227) Using 4 workers of 4 for evacuation
[2504.102s][debug][gc,ref       ] GC(227) Skipped phase1 of Reference Processing due to unavailable references
[2504.102s][debug][gc,ref       ] GC(227) Skipped phase2 of Reference Processing due to unavailable references
[2504.102s][debug][gc,ref       ] GC(227) Skipped phase3 of Reference Processing due to unavailable references
[2504.102s][debug][gc,ref       ] GC(227) Skipped phase4 of Reference Processing due to unavailable references
[2504.102s][debug][gc,age       ] GC(227) Desired survivor size 15400960 bytes, new threshold 6 (max threshold 6)
[2504.102s][info ][gc,heap      ] GC(227) ParNew: 241687K->768K(270976K)
[2504.102s][info ][gc,heap      ] GC(227) CMS: 219131K->219131K(602112K)
[2504.102s][info ][gc,metaspace ] GC(227) Metaspace: 53993K->53993K(1097728K)
[2504.102s][info ][gc           ] GC(227) Pause Young (Allocation Failure) 450M->214M(852M) 2.077ms
[2504.102s][info ][gc,cpu       ] GC(227) User=0.00s Sys=0.00s Real=0.01s
[2504.102s][info ][safepoint    ] Leaving safepoint region
[2504.102s][info ][safepoint    ] Total time for which application threads were stopped: 0.0022407 seconds, Stopping threads took: 0.0000405 seconds
[2512.003s][info ][safepoint    ] Application time: 7.9009598 seconds
[2512.003s][info ][safepoint    ] Entering safepoint region: GenCollectForAllocation
[2512.003s][info ][gc,start     ] GC(228) Pause Young (Allocation Failure)
[2512.004s][info ][gc,task      ] GC(228) Using 4 workers of 4 for evacuation
[2512.005s][debug][gc,ref       ] GC(228) Skipped phase1 of Reference Processing due to unavailable references
[2512.005s][debug][gc,ref       ] GC(228) Skipped phase2 of Reference Processing due to unavailable references
[2512.005s][debug][gc,ref       ] GC(228) Skipped phase3 of Reference Processing due to unavailable references
[2512.005s][debug][gc,ref       ] GC(228) Skipped phase4 of Reference Processing due to unavailable references
[2512.005s][debug][gc,age       ] GC(228) Desired survivor size 15400960 bytes, new threshold 6 (max threshold 6)
[2512.005s][info ][gc,heap      ] GC(228) ParNew: 241664K->662K(270976K)
[2512.005s][info ][gc,heap      ] GC(228) CMS: 219131K->219131K(602112K)
[2512.005s][info ][gc,metaspace ] GC(228) Metaspace: 53993K->53993K(1097728K)
[2512.005s][info ][gc           ] GC(228) Pause Young (Allocation Failure) 449M->214M(852M) 1.924ms
[2512.005s][info ][gc,cpu       ] GC(228) User=0.01s Sys=0.00s Real=0.00s
[2512.005s][info ][safepoint    ] Leaving safepoint region
[2512.005s][info ][safepoint    ] Total time for which application threads were stopped: 0.0021260 seconds, Stopping threads took: 0.0000539 seconds
[2520.503s][info ][safepoint    ] Application time: 8.4974564 seconds
[2520.503s][info ][safepoint    ] Entering safepoint region: GenCollectForAllocation
[2520.503s][info ][gc,start     ] GC(229) Pause Young (Allocation Failure)
[2520.503s][info ][gc,task      ] GC(229) Using 4 workers of 4 for evacuation
[2520.505s][debug][gc,ref       ] GC(229) Skipped phase1 of Reference Processing due to unavailable references
[2520.505s][debug][gc,ref       ] GC(229) Skipped phase2 of Reference Processing due to unavailable references
[2520.505s][debug][gc,ref       ] GC(229) Skipped phase3 of Reference Processing due to unavailable references
[2520.505s][debug][gc,ref       ] GC(229) Skipped phase4 of Reference Processing due to unavailable references
[2520.505s][debug][gc,age       ] GC(229) Desired survivor size 15400960 bytes, new threshold 6 (max threshold 6)
[2520.505s][info ][gc,heap      ] GC(229) ParNew: 241558K->810K(270976K)
[2520.505s][info ][gc,heap      ] GC(229) CMS: 219131K->219153K(602112K)
[2520.505s][info ][gc,metaspace ] GC(229) Metaspace: 53993K->53993K(1097728K)
[2520.505s][info ][gc           ] GC(229) Pause Young (Allocation Failure) 449M->214M(852M) 1.987ms
[2520.505s][info ][gc,cpu       ] GC(229) User=0.01s Sys=0.00s Real=0.00s
[2520.505s][info ][safepoint    ] Leaving safepoint region
[2520.505s][info ][safepoint    ] Total time for which application threads were stopped: 0.0021822 seconds, Stopping threads took: 0.0000407 seconds
[2528.609s][info ][safepoint    ] Application time: 8.1042532 seconds
[2528.609s][info ][safepoint    ] Entering safepoint region: GenCollectForAllocation
[2528.610s][info ][gc,start     ] GC(230) Pause Young (Allocation Failure)
[2528.610s][info ][gc,task      ] GC(230) Using 4 workers of 4 for evacuation
[2528.611s][debug][gc,ref       ] GC(230) Skipped phase1 of Reference Processing due to unavailable references
[2528.611s][debug][gc,ref       ] GC(230) Skipped phase2 of Reference Processing due to unavailable references
[2528.611s][debug][gc,ref       ] GC(230) Skipped phase3 of Reference Processing due to unavailable references
[2528.611s][debug][gc,ref       ] GC(230) Skipped phase4 of Reference Processing due to unavailable references
[2528.611s][debug][gc,age       ] GC(230) Desired survivor size 15400960 bytes, new threshold 6 (max threshold 6)
[2528.611s][info ][gc,heap      ] GC(230) ParNew: 241706K->721K(270976K)
[2528.611s][info ][gc,heap      ] GC(230) CMS: 219153K->219155K(602112K)
[2528.611s][info ][gc,metaspace ] GC(230) Metaspace: 54004K->54004K(1097728K)
[2528.611s][info ][gc           ] GC(230) Pause Young (Allocation Failure) 450M->214M(852M) 1.948ms
[2528.611s][info ][gc,cpu       ] GC(230) User=0.01s Sys=0.00s Real=0.00s
[2528.612s][info ][safepoint    ] Leaving safepoint region
[2528.612s][info ][safepoint    ] Total time for which application threads were stopped: 0.0021021 seconds, Stopping threads took: 0.0000182 seconds
[2536.095s][info ][safepoint    ] Application time: 7.4834124 seconds
[2536.095s][info ][safepoint    ] Entering safepoint region: GenCollectForAllocation
[2536.095s][info ][gc,start     ] GC(231) Pause Young (Allocation Failure)
[2536.095s][info ][gc,task      ] GC(231) Using 4 workers of 4 for evacuation
[2536.097s][debug][gc,ref       ] GC(231) Skipped phase1 of Reference Processing due to unavailable references
[2536.097s][debug][gc,ref       ] GC(231) Skipped phase2 of Reference Processing due to unavailable references
[2536.097s][debug][gc,ref       ] GC(231) Skipped phase3 of Reference Processing due to unavailable references
[2536.097s][debug][gc,ref       ] GC(231) Skipped phase4 of Reference Processing due to unavailable references
[2536.097s][debug][gc,age       ] GC(231) Desired survivor size 15400960 bytes, new threshold 6 (max threshold 6)
[2536.097s][info ][gc,heap      ] GC(231) ParNew: 241617K->732K(270976K)
[2536.097s][info ][gc,heap      ] GC(231) CMS: 219155K->219155K(602112K)
[2536.097s][info ][gc,metaspace ] GC(231) Metaspace: 54004K->54004K(1097728K)
[2536.097s][info ][gc           ] GC(231) Pause Young (Allocation Failure) 449M->214M(852M) 1.870ms
[2536.097s][info ][gc,cpu       ] GC(231) User=0.01s Sys=0.00s Real=0.00s
[2536.097s][info ][safepoint    ] Leaving safepoint region
[2536.097s][info ][safepoint    ] Total time for which application threads were stopped: 0.0020339 seconds, Stopping threads took: 0.0000335 seconds
[2544.102s][info ][safepoint    ] Application time: 8.0049412 seconds
[2544.102s][info ][safepoint    ] Entering safepoint region: GenCollectForAllocation
[2544.102s][info ][gc,start     ] GC(232) Pause Young (Allocation Failure)
[2544.102s][info ][gc,task      ] GC(232) Using 4 workers of 4 for evacuation
[2544.104s][debug][gc,ref       ] GC(232) Skipped phase1 of Reference Processing due to unavailable references
[2544.104s][debug][gc,ref       ] GC(232) Skipped phase2 of Reference Processing due to unavailable references
[2544.104s][debug][gc,ref       ] GC(232) Skipped phase3 of Reference Processing due to unavailable references
[2544.104s][debug][gc,ref       ] GC(232) Skipped phase4 of Reference Processing due to unavailable references
[2544.104s][debug][gc,age       ] GC(232) Desired survivor size 15400960 bytes, new threshold 6 (max threshold 6)
[2544.104s][info ][gc,heap      ] GC(232) ParNew: 241628K->890K(270976K)
[2544.104s][info ][gc,heap      ] GC(232) CMS: 219155K->219156K(602112K)
[2544.104s][info ][gc,metaspace ] GC(232) Metaspace: 54004K->54004K(1097728K)
[2544.104s][info ][gc           ] GC(232) Pause Young (Allocation Failure) 449M->214M(852M) 1.879ms
[2544.104s][info ][gc,cpu       ] GC(232) User=0.01s Sys=0.00s Real=0.00s
[2544.104s][info ][safepoint    ] Leaving safepoint region
[2544.104s][info ][safepoint    ] Total time for which application threads were stopped: 0.0020794 seconds, Stopping threads took: 0.0000508 seconds
[2551.102s][info ][safepoint    ] Application time: 6.9981112 seconds
[2551.102s][info ][safepoint    ] Entering safepoint region: GenCollectForAllocation
[2551.102s][info ][gc,start     ] GC(233) Pause Young (Allocation Failure)
[2551.102s][info ][gc,task      ] GC(233) Using 4 workers of 4 for evacuation
[2551.107s][debug][gc,ref       ] GC(233) Skipped phase1 of Reference Processing due to unavailable references
[2551.107s][debug][gc,ref       ] GC(233) Skipped phase2 of Reference Processing due to unavailable references
[2551.107s][debug][gc,ref       ] GC(233) Skipped phase3 of Reference Processing due to unavailable references
[2551.107s][debug][gc,ref       ] GC(233) Skipped phase4 of Reference Processing due to unavailable references
[2551.107s][debug][gc,age       ] GC(233) Desired survivor size 15400960 bytes, new threshold 6 (max threshold 6)
[2551.107s][info ][gc,heap      ] GC(233) ParNew: 241786K->1008K(270976K)
[2551.107s][info ][gc,heap      ] GC(233) CMS: 219156K->219176K(602112K)
[2551.107s][info ][gc,metaspace ] GC(233) Metaspace: 54004K->54004K(1097728K)
[2551.107s][info ][gc           ] GC(233) Pause Young (Allocation Failure) 450M->215M(852M) 4.560ms
[2551.107s][info ][gc,cpu       ] GC(233) User=0.02s Sys=0.00s Real=0.00s
[2551.107s][info ][safepoint    ] Leaving safepoint region
[2551.107s][info ][safepoint    ] Total time for which application threads were stopped: 0.0047305 seconds, Stopping threads took: 0.0000186 seconds
[2560.094s][info ][safepoint    ] Application time: 8.9866202 seconds
[2560.094s][info ][safepoint    ] Entering safepoint region: GenCollectForAllocation
[2560.094s][info ][gc,start     ] GC(234) Pause Young (Allocation Failure)
[2560.094s][info ][gc,task      ] GC(234) Using 4 workers of 4 for evacuation
[2560.096s][debug][gc,ref       ] GC(234) Skipped phase1 of Reference Processing due to unavailable references
[2560.096s][debug][gc,ref       ] GC(234) Skipped phase2 of Reference Processing due to unavailable references
[2560.096s][debug][gc,ref       ] GC(234) Skipped phase3 of Reference Processing due to unavailable references
[2560.096s][debug][gc,ref       ] GC(234) Skipped phase4 of Reference Processing due to unavailable references
[2560.096s][debug][gc,age       ] GC(234) Desired survivor size 15400960 bytes, new threshold 6 (max threshold 6)
[2560.096s][info ][gc,heap      ] GC(234) ParNew: 241904K->837K(270976K)
[2560.096s][info ][gc,heap      ] GC(234) CMS: 219176K->219176K(602112K)
[2560.096s][info ][gc,metaspace ] GC(234) Metaspace: 54005K->54005K(1097728K)
[2560.096s][info ][gc           ] GC(234) Pause Young (Allocation Failure) 450M->214M(852M) 2.151ms
[2560.096s][info ][gc,cpu       ] GC(234) User=0.01s Sys=0.00s Real=0.00s
[2560.096s][info ][safepoint    ] Leaving safepoint region
[2560.096s][info ][safepoint    ] Total time for which application threads were stopped: 0.0023621 seconds, Stopping threads took: 0.0000623 seconds
[2568.705s][info ][safepoint    ] Application time: 8.6092455 seconds
[2568.705s][info ][safepoint    ] Entering safepoint region: GenCollectForAllocation
[2568.705s][info ][gc,start     ] GC(235) Pause Young (Allocation Failure)
[2568.705s][info ][gc,task      ] GC(235) Using 4 workers of 4 for evacuation
[2568.707s][debug][gc,ref       ] GC(235) Skipped phase1 of Reference Processing due to unavailable references
[2568.707s][debug][gc,ref       ] GC(235) Skipped phase2 of Reference Processing due to unavailable references
[2568.707s][debug][gc,ref       ] GC(235) Skipped phase3 of Reference Processing due to unavailable references
[2568.707s][debug][gc,ref       ] GC(235) Skipped phase4 of Reference Processing due to unavailable references
[2568.707s][debug][gc,age       ] GC(235) Desired survivor size 15400960 bytes, new threshold 6 (max threshold 6)
[2568.707s][info ][gc,heap      ] GC(235) ParNew: 241733K->678K(270976K)
[2568.707s][info ][gc,heap      ] GC(235) CMS: 219176K->219190K(602112K)
[2568.707s][info ][gc,metaspace ] GC(235) Metaspace: 54005K->54005K(1097728K)
[2568.707s][info ][gc           ] GC(235) Pause Young (Allocation Failure) 450M->214M(852M) 1.976ms
[2568.707s][info ][gc,cpu       ] GC(235) User=0.01s Sys=0.00s Real=0.00s
[2568.707s][info ][safepoint    ] Leaving safepoint region
[2568.707s][info ][safepoint    ] Total time for which application threads were stopped: 0.0021568 seconds, Stopping threads took: 0.0000159 seconds
[2577.298s][info ][safepoint    ] Application time: 8.5904803 seconds
[2577.298s][info ][safepoint    ] Entering safepoint region: GenCollectForAllocation
[2577.298s][info ][gc,start     ] GC(236) Pause Young (Allocation Failure)
[2577.298s][info ][gc,task      ] GC(236) Using 4 workers of 4 for evacuation
[2577.300s][debug][gc,ref       ] GC(236) Skipped phase1 of Reference Processing due to unavailable references
[2577.300s][debug][gc,ref       ] GC(236) Skipped phase2 of Reference Processing due to unavailable references
[2577.300s][debug][gc,ref       ] GC(236) Skipped phase3 of Reference Processing due to unavailable references
[2577.300s][debug][gc,ref       ] GC(236) Skipped phase4 of Reference Processing due to unavailable references
[2577.300s][debug][gc,age       ] GC(236) Desired survivor size 15400960 bytes, new threshold 6 (max threshold 6)
[2577.300s][info ][gc,heap      ] GC(236) ParNew: 241574K->882K(270976K)
[2577.300s][info ][gc,heap      ] GC(236) CMS: 219190K->219190K(602112K)
[2577.300s][info ][gc,metaspace ] GC(236) Metaspace: 54006K->54006K(1097728K)
[2577.300s][info ][gc           ] GC(236) Pause Young (Allocation Failure) 449M->214M(852M) 1.899ms
[2577.300s][info ][gc,cpu       ] GC(236) User=0.00s Sys=0.00s Real=0.00s
[2577.300s][info ][safepoint    ] Leaving safepoint region
[2577.300s][info ][safepoint    ] Total time for which application threads were stopped: 0.0021284 seconds, Stopping threads took: 0.0000805 seconds
[2585.198s][info ][safepoint    ] Application time: 7.8974905 seconds
[2585.198s][info ][safepoint    ] Entering safepoint region: GenCollectForAllocation
[2585.198s][info ][gc,start     ] GC(237) Pause Young (Allocation Failure)
[2585.198s][info ][gc,task      ] GC(237) Using 4 workers of 4 for evacuation
[2585.199s][debug][gc,ref       ] GC(237) Skipped phase1 of Reference Processing due to unavailable references
[2585.199s][debug][gc,ref       ] GC(237) Skipped phase2 of Reference Processing due to unavailable references
[2585.199s][debug][gc,ref       ] GC(237) Skipped phase3 of Reference Processing due to unavailable references
[2585.199s][debug][gc,ref       ] GC(237) Skipped phase4 of Reference Processing due to unavailable references
[2585.200s][debug][gc,age       ] GC(237) Desired survivor size 15400960 bytes, new threshold 6 (max threshold 6)
[2585.200s][info ][gc,heap      ] GC(237) ParNew: 241778K->781K(270976K)
[2585.200s][info ][gc,heap      ] GC(237) CMS: 219190K->219192K(602112K)
[2585.200s][info ][gc,metaspace ] GC(237) Metaspace: 54006K->54006K(1097728K)
[2585.200s][info ][gc           ] GC(237) Pause Young (Allocation Failure) 450M->214M(852M) 1.845ms
[2585.200s][info ][gc,cpu       ] GC(237) User=0.00s Sys=0.00s Real=0.00s
[2585.200s][info ][safepoint    ] Leaving safepoint region
[2585.200s][info ][safepoint    ] Total time for which application threads were stopped: 0.0019966 seconds, Stopping threads took: 0.0000176 seconds
[2589.200s][info ][safepoint    ] Application time: 4.0003052 seconds
[2589.200s][info ][safepoint    ] Entering safepoint region: Cleanup
[2589.200s][info ][safepoint    ] Leaving safepoint region
[2589.200s][info ][safepoint    ] Total time for which application threads were stopped: 0.0000816 seconds, Stopping threads took: 0.0000176 seconds
[2596.694s][info ][safepoint    ] Application time: 7.4935314 seconds
[2596.694s][info ][safepoint    ] Entering safepoint region: GenCollectForAllocation
[2596.694s][info ][gc,start     ] GC(238) Pause Young (Allocation Failure)
[2596.694s][info ][gc,task      ] GC(238) Using 4 workers of 4 for evacuation
[2596.695s][debug][gc,ref       ] GC(238) Skipped phase1 of Reference Processing due to unavailable references
[2596.695s][debug][gc,ref       ] GC(238) Skipped phase2 of Reference Processing due to unavailable references
[2596.695s][debug][gc,ref       ] GC(238) Skipped phase3 of Reference Processing due to unavailable references
[2596.695s][debug][gc,ref       ] GC(238) Skipped phase4 of Reference Processing due to unavailable references
[2596.696s][debug][gc,age       ] GC(238) Desired survivor size 15400960 bytes, new threshold 6 (max threshold 6)
[2596.696s][info ][gc,heap      ] GC(238) ParNew: 241677K->900K(270976K)
[2596.696s][info ][gc,heap      ] GC(238) CMS: 219192K->219193K(602112K)
[2596.696s][info ][gc,metaspace ] GC(238) Metaspace: 54006K->54006K(1097728K)
[2596.696s][info ][gc           ] GC(238) Pause Young (Allocation Failure) 450M->214M(852M) 1.858ms
[2596.696s][info ][gc,cpu       ] GC(238) User=0.01s Sys=0.00s Real=0.00s
[2596.696s][info ][safepoint    ] Leaving safepoint region
[2596.696s][info ][safepoint    ] Total time for which application threads were stopped: 0.0020092 seconds, Stopping threads took: 0.0000205 seconds
[2629.698s][info ][safepoint    ] Application time: 33.0025650 seconds
[2629.698s][info ][safepoint    ] Entering safepoint region: Cleanup
[2629.698s][info ][safepoint    ] Leaving safepoint region
[2629.698s][info ][safepoint    ] Total time for which application threads were stopped: 0.0001899 seconds, Stopping threads took: 0.0000800 seconds
[2630.699s][info ][safepoint    ] Application time: 1.0001078 seconds
[2630.699s][info ][safepoint    ] Entering safepoint region: Cleanup
[2630.699s][info ][safepoint    ] Leaving safepoint region
[2630.699s][info ][safepoint    ] Total time for which application threads were stopped: 0.0000950 seconds, Stopping threads took: 0.0000174 seconds
[2656.239s][info ][safepoint    ] Application time: 25.5400186 seconds
[2656.239s][info ][safepoint    ] Entering safepoint region: GenCollectForAllocation
[2656.239s][info ][safepoint    ] Leaving safepoint region
[2656.239s][info ][safepoint    ] Total time for which application threads were stopped: 0.0001175 seconds, Stopping threads took: 0.0000208 seconds
[2656.239s][info ][safepoint    ] Application time: 0.0001034 seconds
[2656.239s][info ][safepoint    ] Entering safepoint region: GenCollectForAllocation
[2656.239s][info ][gc,start     ] GC(239) Pause Young (Allocation Failure)
[2656.239s][info ][gc,task      ] GC(239) Using 4 workers of 4 for evacuation
[2656.241s][debug][gc,ref       ] GC(239) Skipped phase1 of Reference Processing due to unavailable references
[2656.241s][debug][gc,ref       ] GC(239) Skipped phase2 of Reference Processing due to unavailable references
[2656.241s][debug][gc,ref       ] GC(239) Skipped phase3 of Reference Processing due to unavailable references
[2656.241s][debug][gc,ref       ] GC(239) Skipped phase4 of Reference Processing due to unavailable references
[2656.241s][debug][gc,age       ] GC(239) Desired survivor size 15400960 bytes, new threshold 6 (max threshold 6)
[2656.241s][info ][gc,heap      ] GC(239) ParNew: 241800K->1265K(270976K)
[2656.241s][info ][gc,heap      ] GC(239) CMS: 219193K->219193K(602112K)
[2656.241s][info ][gc,metaspace ] GC(239) Metaspace: 54006K->54006K(1097728K)
[2656.241s][info ][gc           ] GC(239) Pause Young (Allocation Failure) 450M->215M(852M) 1.933ms
[2656.241s][info ][gc,cpu       ] GC(239) User=0.01s Sys=0.00s Real=0.01s
[2656.241s][info ][safepoint    ] Leaving safepoint region
[2656.241s][info ][safepoint    ] Total time for which application threads were stopped: 0.0020458 seconds, Stopping threads took: 0.0000109 seconds
[2696.490s][info ][safepoint    ] Application time: 40.2490987 seconds
[2696.490s][info ][safepoint    ] Entering safepoint region: GenCollectForAllocation
[2696.490s][info ][gc,start     ] GC(240) Pause Young (Allocation Failure)
[2696.490s][info ][gc,task      ] GC(240) Using 4 workers of 4 for evacuation
[2696.492s][debug][gc,ref       ] GC(240) Skipped phase1 of Reference Processing due to unavailable references
[2696.492s][debug][gc,ref       ] GC(240) Skipped phase2 of Reference Processing due to unavailable references
[2696.492s][debug][gc,ref       ] GC(240) Skipped phase3 of Reference Processing due to unavailable references
[2696.492s][debug][gc,ref       ] GC(240) Skipped phase4 of Reference Processing due to unavailable references
[2696.492s][debug][gc,age       ] GC(240) Desired survivor size 15400960 bytes, new threshold 6 (max threshold 6)
[2696.492s][info ][gc,heap      ] GC(240) ParNew: 242161K->1005K(270976K)
[2696.492s][info ][gc,heap      ] GC(240) CMS: 219193K->219193K(602112K)
[2696.492s][info ][gc,metaspace ] GC(240) Metaspace: 54006K->54006K(1097728K)
[2696.492s][info ][gc           ] GC(240) Pause Young (Allocation Failure) 450M->215M(852M) 2.131ms
[2696.493s][info ][gc,cpu       ] GC(240) User=0.00s Sys=0.00s Real=0.00s
[2696.493s][info ][safepoint    ] Leaving safepoint region
[2696.493s][info ][safepoint    ] Total time for which application threads were stopped: 0.0023250 seconds, Stopping threads took: 0.0000378 seconds
[2708.494s][info ][safepoint    ] Application time: 12.0010319 seconds
[2708.494s][info ][safepoint    ] Entering safepoint region: Cleanup
[2708.494s][info ][safepoint    ] Leaving safepoint region
[2708.494s][info ][safepoint    ] Total time for which application threads were stopped: 0.0001104 seconds, Stopping threads took: 0.0000404 seconds
[2713.494s][info ][safepoint    ] Application time: 5.0003657 seconds
[2713.494s][info ][safepoint    ] Entering safepoint region: Cleanup
[2713.494s][info ][safepoint    ] Leaving safepoint region
[2713.494s][info ][safepoint    ] Total time for which application threads were stopped: 0.0001155 seconds, Stopping threads took: 0.0000178 seconds
[2718.495s][info ][safepoint    ] Application time: 5.0003498 seconds
[2718.495s][info ][safepoint    ] Entering safepoint region: Cleanup
[2718.495s][info ][safepoint    ] Leaving safepoint region
[2718.495s][info ][safepoint    ] Total time for which application threads were stopped: 0.0001124 seconds, Stopping threads took: 0.0000338 seconds
[2729.496s][info ][safepoint    ] Application time: 11.0009590 seconds
[2729.496s][info ][safepoint    ] Entering safepoint region: Cleanup
[2729.496s][info ][safepoint    ] Leaving safepoint region
[2729.496s][info ][safepoint    ] Total time for which application threads were stopped: 0.0001332 seconds, Stopping threads took: 0.0000586 seconds
[2734.999s][info ][safepoint    ] Application time: 5.5032917 seconds
[2734.999s][info ][safepoint    ] Entering safepoint region: GenCollectForAllocation
[2734.999s][info ][gc,start     ] GC(241) Pause Young (Allocation Failure)
[2734.999s][info ][gc,task      ] GC(241) Using 4 workers of 4 for evacuation
[2735.001s][debug][gc,ref       ] GC(241) Skipped phase1 of Reference Processing due to unavailable references
[2735.001s][debug][gc,ref       ] GC(241) Skipped phase2 of Reference Processing due to unavailable references
[2735.001s][debug][gc,ref       ] GC(241) Skipped phase3 of Reference Processing due to unavailable references
[2735.001s][debug][gc,ref       ] GC(241) Skipped phase4 of Reference Processing due to unavailable references
[2735.001s][debug][gc,age       ] GC(241) Desired survivor size 15400960 bytes, new threshold 6 (max threshold 6)
[2735.001s][info ][gc,heap      ] GC(241) ParNew: 241901K->1131K(270976K)
[2735.001s][info ][gc,heap      ] GC(241) CMS: 219193K->219201K(602112K)
[2735.001s][info ][gc,metaspace ] GC(241) Metaspace: 54020K->54020K(1097728K)
[2735.001s][info ][gc           ] GC(241) Pause Young (Allocation Failure) 450M->215M(852M) 1.940ms
[2735.001s][info ][gc,cpu       ] GC(241) User=0.00s Sys=0.00s Real=0.01s
[2735.001s][info ][safepoint    ] Leaving safepoint region
[2735.001s][info ][safepoint    ] Total time for which application threads were stopped: 0.0021146 seconds, Stopping threads took: 0.0000385 seconds
[2744.002s][info ][safepoint    ] Application time: 9.0006147 seconds
[2744.002s][info ][safepoint    ] Entering safepoint region: Cleanup
[2744.002s][info ][safepoint    ] Leaving safepoint region
[2744.002s][info ][safepoint    ] Total time for which application threads were stopped: 0.0000970 seconds, Stopping threads took: 0.0000172 seconds
[2753.003s][info ][safepoint    ] Application time: 9.0007707 seconds
[2753.003s][info ][safepoint    ] Entering safepoint region: Cleanup
[2753.003s][info ][safepoint    ] Leaving safepoint region
[2753.003s][info ][safepoint    ] Total time for which application threads were stopped: 0.0000882 seconds, Stopping threads took: 0.0000189 seconds
[2770.262s][info ][safepoint    ] Application time: 17.2586997 seconds
[2770.262s][info ][safepoint    ] Entering safepoint region: GenCollectForAllocation
[2770.262s][info ][safepoint    ] Leaving safepoint region
[2770.262s][info ][safepoint    ] Total time for which application threads were stopped: 0.0001847 seconds, Stopping threads took: 0.0000870 seconds
[2770.262s][info ][safepoint    ] Application time: 0.0001229 seconds
[2770.262s][info ][safepoint    ] Entering safepoint region: GenCollectFull
[2770.262s][info ][gc,start     ] GC(242) Pause Young (GCLocker Initiated GC)
[2770.262s][info ][gc,task      ] GC(242) Using 4 workers of 4 for evacuation
[2770.268s][debug][gc,ref       ] GC(242) Skipped phase1 of Reference Processing due to unavailable references
[2770.268s][debug][gc,ref       ] GC(242) Skipped phase2 of Reference Processing due to unavailable references
[2770.268s][debug][gc,ref       ] GC(242) Skipped phase3 of Reference Processing due to unavailable references
[2770.268s][debug][gc,ref       ] GC(242) Skipped phase4 of Reference Processing due to unavailable references
[2770.268s][debug][gc,age       ] GC(242) Desired survivor size 15400960 bytes, new threshold 6 (max threshold 6)
[2770.268s][info ][gc,heap      ] GC(242) ParNew: 242060K->1449K(270976K)
[2770.268s][info ][gc,heap      ] GC(242) CMS: 219201K->219201K(602112K)
[2770.269s][info ][gc,metaspace ] GC(242) Metaspace: 54021K->54021K(1097728K)
[2770.269s][info ][gc           ] GC(242) Pause Young (GCLocker Initiated GC) 450M->215M(852M) 6.232ms
[2770.269s][info ][gc,cpu       ] GC(242) User=0.01s Sys=0.00s Real=0.01s
[2770.269s][info ][safepoint    ] Leaving safepoint region
[2770.269s][info ][safepoint    ] Total time for which application threads were stopped: 0.0064553 seconds, Stopping threads took: 0.0001014 seconds
[2780.269s][info ][safepoint    ] Application time: 10.0008030 seconds
[2780.269s][info ][safepoint    ] Entering safepoint region: Cleanup
[2780.270s][info ][safepoint    ] Leaving safepoint region
[2780.270s][info ][safepoint    ] Total time for which application threads were stopped: 0.0000979 seconds, Stopping threads took: 0.0000336 seconds
[2788.270s][info ][safepoint    ] Application time: 8.0005733 seconds
[2788.270s][info ][safepoint    ] Entering safepoint region: Cleanup
[2788.270s][info ][safepoint    ] Leaving safepoint region
[2788.270s][info ][safepoint    ] Total time for which application threads were stopped: 0.0000905 seconds, Stopping threads took: 0.0000215 seconds
[2807.889s][info ][safepoint    ] Application time: 19.6188226 seconds
[2807.889s][info ][safepoint    ] Entering safepoint region: GenCollectForAllocation
[2807.889s][info ][gc,start     ] GC(243) Pause Young (Allocation Failure)
[2807.889s][info ][gc,task      ] GC(243) Using 4 workers of 4 for evacuation
[2807.891s][debug][gc,ref       ] GC(243) Skipped phase1 of Reference Processing due to unavailable references
[2807.891s][debug][gc,ref       ] GC(243) Skipped phase2 of Reference Processing due to unavailable references
[2807.891s][debug][gc,ref       ] GC(243) Skipped phase3 of Reference Processing due to unavailable references
[2807.891s][debug][gc,ref       ] GC(243) Skipped phase4 of Reference Processing due to unavailable references
[2807.892s][debug][gc,age       ] GC(243) Desired survivor size 15400960 bytes, new threshold 6 (max threshold 6)
[2807.892s][info ][gc,heap      ] GC(243) ParNew: 242345K->1918K(270976K)
[2807.892s][info ][gc,heap      ] GC(243) CMS: 219201K->219230K(602112K)
[2807.892s][info ][gc,metaspace ] GC(243) Metaspace: 54021K->54021K(1097728K)
[2807.892s][info ][gc           ] GC(243) Pause Young (Allocation Failure) 450M->215M(852M) 2.511ms
[2807.892s][info ][gc,cpu       ] GC(243) User=0.01s Sys=0.00s Real=0.00s
[2807.892s][info ][safepoint    ] Leaving safepoint region
[2807.892s][info ][safepoint    ] Total time for which application threads were stopped: 0.0026584 seconds, Stopping threads took: 0.0000149 seconds
[2809.892s][info ][safepoint    ] Application time: 2.0002046 seconds
[2809.892s][info ][safepoint    ] Entering safepoint region: Cleanup
[2809.892s][info ][safepoint    ] Leaving safepoint region
[2809.892s][info ][safepoint    ] Total time for which application threads were stopped: 0.0000995 seconds, Stopping threads took: 0.0000337 seconds
[2814.893s][info ][safepoint    ] Application time: 5.0004534 seconds
[2814.893s][info ][safepoint    ] Entering safepoint region: Cleanup
[2814.893s][info ][safepoint    ] Leaving safepoint region
[2814.893s][info ][safepoint    ] Total time for which application threads were stopped: 0.0001144 seconds, Stopping threads took: 0.0000391 seconds
[2815.893s][info ][safepoint    ] Application time: 1.0000612 seconds
[2815.893s][info ][safepoint    ] Entering safepoint region: Cleanup
[2815.893s][info ][safepoint    ] Leaving safepoint region
[2815.893s][info ][safepoint    ] Total time for which application threads were stopped: 0.0000996 seconds, Stopping threads took: 0.0000210 seconds
[2817.893s][info ][safepoint    ] Application time: 2.0001960 seconds
[2817.893s][info ][safepoint    ] Entering safepoint region: Cleanup
[2817.893s][info ][safepoint    ] Leaving safepoint region
[2817.893s][info ][safepoint    ] Total time for which application threads were stopped: 0.0002225 seconds, Stopping threads took: 0.0001155 seconds
[2818.893s][info ][safepoint    ] Application time: 1.0000958 seconds
[2818.894s][info ][safepoint    ] Entering safepoint region: Cleanup
[2818.894s][info ][safepoint    ] Leaving safepoint region
[2818.894s][info ][safepoint    ] Total time for which application threads were stopped: 0.0001596 seconds, Stopping threads took: 0.0000806 seconds
[2819.894s][info ][safepoint    ] Application time: 1.0000989 seconds
[2819.894s][info ][safepoint    ] Entering safepoint region: Cleanup
[2819.894s][info ][safepoint    ] Leaving safepoint region
[2819.894s][info ][safepoint    ] Total time for which application threads were stopped: 0.0001098 seconds, Stopping threads took: 0.0000181 seconds
[2820.894s][info ][safepoint    ] Application time: 1.0000909 seconds
[2820.894s][info ][safepoint    ] Entering safepoint region: Cleanup
[2820.894s][info ][safepoint    ] Leaving safepoint region
[2820.894s][info ][safepoint    ] Total time for which application threads were stopped: 0.0000935 seconds, Stopping threads took: 0.0000325 seconds
[2821.894s][info ][safepoint    ] Application time: 1.0000875 seconds
[2821.894s][info ][safepoint    ] Entering safepoint region: Cleanup
[2821.894s][info ][safepoint    ] Leaving safepoint region
[2821.894s][info ][safepoint    ] Total time for which application threads were stopped: 0.0000762 seconds, Stopping threads took: 0.0000172 seconds
[2822.894s][info ][safepoint    ] Application time: 1.0000968 seconds
[2822.895s][info ][safepoint    ] Entering safepoint region: Cleanup
[2822.895s][info ][safepoint    ] Leaving safepoint region
[2822.895s][info ][safepoint    ] Total time for which application threads were stopped: 0.0000879 seconds, Stopping threads took: 0.0000174 seconds
[2823.895s][info ][safepoint    ] Application time: 1.0000369 seconds
[2823.895s][info ][safepoint    ] Entering safepoint region: Cleanup
[2823.895s][info ][safepoint    ] Leaving safepoint region
[2823.895s][info ][safepoint    ] Total time for which application threads were stopped: 0.0000745 seconds, Stopping threads took: 0.0000165 seconds
[2824.895s][info ][safepoint    ] Application time: 1.0000916 seconds
[2824.895s][info ][safepoint    ] Entering safepoint region: Cleanup
[2824.895s][info ][safepoint    ] Leaving safepoint region
[2824.895s][info ][safepoint    ] Total time for which application threads were stopped: 0.0000859 seconds, Stopping threads took: 0.0000169 seconds
[2825.895s][info ][safepoint    ] Application time: 1.0000896 seconds
[2825.895s][info ][safepoint    ] Entering safepoint region: Cleanup
[2825.895s][info ][safepoint    ] Leaving safepoint region
[2825.895s][info ][safepoint    ] Total time for which application threads were stopped: 0.0000832 seconds, Stopping threads took: 0.0000188 seconds
[2826.895s][info ][safepoint    ] Application time: 1.0000387 seconds
[2826.895s][info ][safepoint    ] Entering safepoint region: Cleanup
[2826.895s][info ][safepoint    ] Leaving safepoint region
[2826.895s][info ][safepoint    ] Total time for which application threads were stopped: 0.0001326 seconds, Stopping threads took: 0.0000561 seconds
[2827.896s][info ][safepoint    ] Application time: 1.0000943 seconds
[2827.896s][info ][safepoint    ] Entering safepoint region: Cleanup
[2827.896s][info ][safepoint    ] Leaving safepoint region
[2827.896s][info ][safepoint    ] Total time for which application threads were stopped: 0.0001121 seconds, Stopping threads took: 0.0000400 seconds
[2828.896s][info ][safepoint    ] Application time: 1.0001001 seconds
[2828.896s][info ][safepoint    ] Entering safepoint region: Cleanup
[2828.896s][info ][safepoint    ] Leaving safepoint region
[2828.896s][info ][safepoint    ] Total time for which application threads were stopped: 0.0001077 seconds, Stopping threads took: 0.0000388 seconds
[2829.896s][info ][safepoint    ] Application time: 1.0000904 seconds
[2829.896s][info ][safepoint    ] Entering safepoint region: Cleanup
[2829.896s][info ][safepoint    ] Leaving safepoint region
[2829.896s][info ][safepoint    ] Total time for which application threads were stopped: 0.0001340 seconds, Stopping threads took: 0.0000565 seconds
[2830.896s][info ][safepoint    ] Application time: 1.0000698 seconds
[2830.896s][info ][safepoint    ] Entering safepoint region: Cleanup
[2830.896s][info ][safepoint    ] Leaving safepoint region
[2830.896s][info ][safepoint    ] Total time for which application threads were stopped: 0.0000976 seconds, Stopping threads took: 0.0000383 seconds
[2831.096s][info ][safepoint    ] Application time: 0.1992244 seconds
[2831.096s][info ][safepoint    ] Entering safepoint region: GenCollectForAllocation
[2831.096s][info ][gc,start     ] GC(244) Pause Young (Allocation Failure)
[2831.096s][info ][gc,task      ] GC(244) Using 4 workers of 4 for evacuation
[2831.098s][debug][gc,ref       ] GC(244) Skipped phase1 of Reference Processing due to unavailable references
[2831.098s][debug][gc,ref       ] GC(244) Skipped phase2 of Reference Processing due to unavailable references
[2831.098s][debug][gc,ref       ] GC(244) Skipped phase3 of Reference Processing due to unavailable references
[2831.098s][debug][gc,ref       ] GC(244) Skipped phase4 of Reference Processing due to unavailable references
[2831.099s][debug][gc,age       ] GC(244) Desired survivor size 15400960 bytes, new threshold 6 (max threshold 6)
[2831.099s][info ][gc,heap      ] GC(244) ParNew: 242814K->2617K(270976K)
[2831.099s][info ][gc,heap      ] GC(244) CMS: 219230K->219301K(602112K)
[2831.099s][info ][gc,metaspace ] GC(244) Metaspace: 54034K->54034K(1097728K)
[2831.099s][info ][gc           ] GC(244) Pause Young (Allocation Failure) 451M->216M(852M) 2.774ms
[2831.099s][info ][gc,cpu       ] GC(244) User=0.01s Sys=0.00s Real=0.00s
[2831.099s][info ][safepoint    ] Leaving safepoint region
[2831.099s][info ][safepoint    ] Total time for which application threads were stopped: 0.0029312 seconds, Stopping threads took: 0.0000151 seconds
[2832.099s][info ][safepoint    ] Application time: 1.0001442 seconds
[2832.099s][info ][safepoint    ] Entering safepoint region: Cleanup
[2832.099s][info ][safepoint    ] Leaving safepoint region
[2832.099s][info ][safepoint    ] Total time for which application threads were stopped: 0.0002998 seconds, Stopping threads took: 0.0002122 seconds
[2833.099s][info ][safepoint    ] Application time: 1.0001023 seconds
[2833.099s][info ][safepoint    ] Entering safepoint region: Cleanup
[2833.099s][info ][safepoint    ] Leaving safepoint region
[2833.099s][info ][safepoint    ] Total time for which application threads were stopped: 0.0001129 seconds, Stopping threads took: 0.0000373 seconds
[2834.100s][info ][safepoint    ] Application time: 1.0000711 seconds
[2834.100s][info ][safepoint    ] Entering safepoint region: Cleanup
[2834.100s][info ][safepoint    ] Leaving safepoint region
[2834.100s][info ][safepoint    ] Total time for which application threads were stopped: 0.0001139 seconds, Stopping threads took: 0.0000369 seconds
[2835.100s][info ][safepoint    ] Application time: 1.0000857 seconds
[2835.100s][info ][safepoint    ] Entering safepoint region: Cleanup
[2835.100s][info ][safepoint    ] Leaving safepoint region
[2835.100s][info ][safepoint    ] Total time for which application threads were stopped: 0.0000756 seconds, Stopping threads took: 0.0000162 seconds
[2836.100s][info ][safepoint    ] Application time: 1.0000859 seconds
[2836.100s][info ][safepoint    ] Entering safepoint region: Cleanup
[2836.100s][info ][safepoint    ] Leaving safepoint region
[2836.100s][info ][safepoint    ] Total time for which application threads were stopped: 0.0001168 seconds, Stopping threads took: 0.0000408 seconds
[2837.100s][info ][safepoint    ] Application time: 1.0000828 seconds
[2837.100s][info ][safepoint    ] Entering safepoint region: Cleanup
[2837.100s][info ][safepoint    ] Leaving safepoint region
[2837.100s][info ][safepoint    ] Total time for which application threads were stopped: 0.0001191 seconds, Stopping threads took: 0.0000576 seconds
[2838.100s][info ][safepoint    ] Application time: 1.0000873 seconds
[2838.101s][info ][safepoint    ] Entering safepoint region: Cleanup
[2838.101s][info ][safepoint    ] Leaving safepoint region
[2838.101s][info ][safepoint    ] Total time for which application threads were stopped: 0.0000735 seconds, Stopping threads took: 0.0000187 seconds
[2839.101s][info ][safepoint    ] Application time: 1.0001133 seconds
[2839.101s][info ][safepoint    ] Entering safepoint region: Cleanup
[2839.101s][info ][safepoint    ] Leaving safepoint region
[2839.101s][info ][safepoint    ] Total time for which application threads were stopped: 0.0000747 seconds, Stopping threads took: 0.0000175 seconds
[2840.101s][info ][safepoint    ] Application time: 1.0000860 seconds
[2840.101s][info ][safepoint    ] Entering safepoint region: Cleanup
[2840.101s][info ][safepoint    ] Leaving safepoint region
[2840.101s][info ][safepoint    ] Total time for which application threads were stopped: 0.0001035 seconds, Stopping threads took: 0.0000440 seconds
[2841.101s][info ][safepoint    ] Application time: 1.0000787 seconds
[2841.101s][info ][safepoint    ] Entering safepoint region: Cleanup
[2841.101s][info ][safepoint    ] Leaving safepoint region
[2841.101s][info ][safepoint    ] Total time for which application threads were stopped: 0.0000811 seconds, Stopping threads took: 0.0000181 seconds
[2842.102s][info ][safepoint    ] Application time: 1.0000937 seconds
[2842.102s][info ][safepoint    ] Entering safepoint region: Cleanup
[2842.102s][info ][safepoint    ] Leaving safepoint region
[2842.102s][info ][safepoint    ] Total time for which application threads were stopped: 0.0000869 seconds, Stopping threads took: 0.0000320 seconds
[2843.102s][info ][safepoint    ] Application time: 1.0000818 seconds
[2843.102s][info ][safepoint    ] Entering safepoint region: Cleanup
[2843.102s][info ][safepoint    ] Leaving safepoint region
[2843.102s][info ][safepoint    ] Total time for which application threads were stopped: 0.0000703 seconds, Stopping threads took: 0.0000160 seconds
[2844.102s][info ][safepoint    ] Application time: 1.0000855 seconds
[2844.102s][info ][safepoint    ] Entering safepoint region: Cleanup
[2844.102s][info ][safepoint    ] Leaving safepoint region
[2844.102s][info ][safepoint    ] Total time for which application threads were stopped: 0.0000734 seconds, Stopping threads took: 0.0000182 seconds
[2845.102s][info ][safepoint    ] Application time: 1.0000856 seconds
[2845.102s][info ][safepoint    ] Entering safepoint region: Cleanup
[2845.102s][info ][safepoint    ] Leaving safepoint region
[2845.102s][info ][safepoint    ] Total time for which application threads were stopped: 0.0000973 seconds, Stopping threads took: 0.0000184 seconds
[2846.103s][info ][safepoint    ] Application time: 1.0001043 seconds
[2846.103s][info ][safepoint    ] Entering safepoint region: Cleanup
[2846.103s][info ][safepoint    ] Leaving safepoint region
[2846.103s][info ][safepoint    ] Total time for which application threads were stopped: 0.0000765 seconds, Stopping threads took: 0.0000180 seconds
[2847.103s][info ][safepoint    ] Application time: 1.0001022 seconds
[2847.103s][info ][safepoint    ] Entering safepoint region: Cleanup
[2847.103s][info ][safepoint    ] Leaving safepoint region
[2847.103s][info ][safepoint    ] Total time for which application threads were stopped: 0.0000759 seconds, Stopping threads took: 0.0000167 seconds
[2848.103s][info ][safepoint    ] Application time: 1.0000514 seconds
[2848.103s][info ][safepoint    ] Entering safepoint region: Cleanup
[2848.103s][info ][safepoint    ] Leaving safepoint region
[2848.103s][info ][safepoint    ] Total time for which application threads were stopped: 0.0000718 seconds, Stopping threads took: 0.0000172 seconds
[2849.103s][info ][safepoint    ] Application time: 1.0000795 seconds
[2849.103s][info ][safepoint    ] Entering safepoint region: Cleanup
[2849.103s][info ][safepoint    ] Leaving safepoint region
[2849.103s][info ][safepoint    ] Total time for which application threads were stopped: 0.0000853 seconds, Stopping threads took: 0.0000308 seconds
[2850.103s][info ][safepoint    ] Application time: 1.0001024 seconds
[2850.103s][info ][safepoint    ] Entering safepoint region: Cleanup
[2850.103s][info ][safepoint    ] Leaving safepoint region
[2850.103s][info ][safepoint    ] Total time for which application threads were stopped: 0.0000698 seconds, Stopping threads took: 0.0000157 seconds
[2851.104s][info ][safepoint    ] Application time: 1.0000976 seconds
[2851.104s][info ][safepoint    ] Entering safepoint region: Cleanup
[2851.104s][info ][safepoint    ] Leaving safepoint region
[2851.104s][info ][safepoint    ] Total time for which application threads were stopped: 0.0000785 seconds, Stopping threads took: 0.0000188 seconds
[2852.104s][info ][safepoint    ] Application time: 1.0000933 seconds
[2852.104s][info ][safepoint    ] Entering safepoint region: Cleanup
[2852.104s][info ][safepoint    ] Leaving safepoint region
[2852.104s][info ][safepoint    ] Total time for which application threads were stopped: 0.0000994 seconds, Stopping threads took: 0.0000172 seconds
[2853.104s][info ][safepoint    ] Application time: 1.0000889 seconds
[2853.104s][info ][safepoint    ] Entering safepoint region: Cleanup
[2853.104s][info ][safepoint    ] Leaving safepoint region
[2853.104s][info ][safepoint    ] Total time for which application threads were stopped: 0.0001020 seconds, Stopping threads took: 0.0000171 seconds
[2854.104s][info ][safepoint    ] Application time: 1.0000926 seconds
[2854.104s][info ][safepoint    ] Entering safepoint region: Cleanup
[2854.104s][info ][safepoint    ] Leaving safepoint region
[2854.104s][info ][safepoint    ] Total time for which application threads were stopped: 0.0000744 seconds, Stopping threads took: 0.0000177 seconds
[2855.104s][info ][safepoint    ] Application time: 1.0000871 seconds
[2855.105s][info ][safepoint    ] Entering safepoint region: Cleanup
[2855.105s][info ][safepoint    ] Leaving safepoint region
[2855.105s][info ][safepoint    ] Total time for which application threads were stopped: 0.0000760 seconds, Stopping threads took: 0.0000180 seconds
[2856.105s][info ][safepoint    ] Application time: 1.0000778 seconds
[2856.105s][info ][safepoint    ] Entering safepoint region: Cleanup
[2856.105s][info ][safepoint    ] Leaving safepoint region
[2856.105s][info ][safepoint    ] Total time for which application threads were stopped: 0.0000878 seconds, Stopping threads took: 0.0000299 seconds
[2857.105s][info ][safepoint    ] Application time: 1.0000841 seconds
[2857.105s][info ][safepoint    ] Entering safepoint region: Cleanup
[2857.105s][info ][safepoint    ] Leaving safepoint region
[2857.105s][info ][safepoint    ] Total time for which application threads were stopped: 0.0001079 seconds, Stopping threads took: 0.0000495 seconds
[2858.105s][info ][safepoint    ] Application time: 1.0001176 seconds
[2858.105s][info ][safepoint    ] Entering safepoint region: Cleanup
[2858.105s][info ][safepoint    ] Leaving safepoint region
[2858.105s][info ][safepoint    ] Total time for which application threads were stopped: 0.0000747 seconds, Stopping threads took: 0.0000182 seconds
[2859.105s][info ][safepoint    ] Application time: 1.0000793 seconds
[2859.105s][info ][safepoint    ] Entering safepoint region: Cleanup
[2859.105s][info ][safepoint    ] Leaving safepoint region
[2859.105s][info ][safepoint    ] Total time for which application threads were stopped: 0.0000870 seconds, Stopping threads took: 0.0000172 seconds
[2860.106s][info ][safepoint    ] Application time: 1.0001477 seconds
[2860.106s][info ][safepoint    ] Entering safepoint region: Cleanup
[2860.106s][info ][safepoint    ] Leaving safepoint region
[2860.106s][info ][safepoint    ] Total time for which application threads were stopped: 0.0000763 seconds, Stopping threads took: 0.0000183 seconds
[2860.493s][info ][safepoint    ] Application time: 0.3876826 seconds
[2860.494s][info ][safepoint    ] Entering safepoint region: GenCollectForAllocation
[2860.494s][info ][gc,start     ] GC(245) Pause Young (Allocation Failure)
[2860.494s][info ][gc,task      ] GC(245) Using 4 workers of 4 for evacuation
[2860.496s][debug][gc,ref       ] GC(245) Skipped phase1 of Reference Processing due to unavailable references
[2860.496s][debug][gc,ref       ] GC(245) Skipped phase2 of Reference Processing due to unavailable references
[2860.496s][debug][gc,ref       ] GC(245) Skipped phase3 of Reference Processing due to unavailable references
[2860.496s][debug][gc,ref       ] GC(245) Skipped phase4 of Reference Processing due to unavailable references
[2860.497s][debug][gc,age       ] GC(245) Desired survivor size 15400960 bytes, new threshold 6 (max threshold 6)
[2860.497s][info ][gc,heap      ] GC(245) ParNew: 243513K->2746K(270976K)
[2860.497s][info ][gc,heap      ] GC(245) CMS: 219301K->219303K(602112K)
[2860.497s][info ][gc,metaspace ] GC(245) Metaspace: 54041K->54041K(1097728K)
[2860.497s][info ][gc           ] GC(245) Pause Young (Allocation Failure) 451M->216M(852M) 2.953ms
[2860.497s][info ][gc,cpu       ] GC(245) User=0.01s Sys=0.00s Real=0.00s
[2860.497s][info ][safepoint    ] Leaving safepoint region
[2860.497s][info ][safepoint    ] Total time for which application threads were stopped: 0.0031288 seconds, Stopping threads took: 0.0000249 seconds
[2861.497s][info ][safepoint    ] Application time: 1.0000917 seconds
[2861.497s][info ][safepoint    ] Entering safepoint region: Cleanup
[2861.497s][info ][safepoint    ] Leaving safepoint region
[2861.497s][info ][safepoint    ] Total time for which application threads were stopped: 0.0001017 seconds, Stopping threads took: 0.0000181 seconds
[2862.497s][info ][safepoint    ] Application time: 1.0000861 seconds
[2862.497s][info ][safepoint    ] Entering safepoint region: Cleanup
[2862.497s][info ][safepoint    ] Leaving safepoint region
[2862.497s][info ][safepoint    ] Total time for which application threads were stopped: 0.0000801 seconds, Stopping threads took: 0.0000180 seconds
[2863.497s][info ][safepoint    ] Application time: 1.0001206 seconds
[2863.497s][info ][safepoint    ] Entering safepoint region: Cleanup
[2863.497s][info ][safepoint    ] Leaving safepoint region
[2863.497s][info ][safepoint    ] Total time for which application threads were stopped: 0.0001067 seconds, Stopping threads took: 0.0000422 seconds
[2864.497s][info ][safepoint    ] Application time: 1.0001001 seconds
[2864.497s][info ][safepoint    ] Entering safepoint region: Cleanup
[2864.498s][info ][safepoint    ] Leaving safepoint region
[2864.498s][info ][safepoint    ] Total time for which application threads were stopped: 0.0000851 seconds, Stopping threads took: 0.0000172 seconds
[2865.498s][info ][safepoint    ] Application time: 1.0000944 seconds
[2865.498s][info ][safepoint    ] Entering safepoint region: Cleanup
[2865.498s][info ][safepoint    ] Leaving safepoint region
[2865.498s][info ][safepoint    ] Total time for which application threads were stopped: 0.0000755 seconds, Stopping threads took: 0.0000173 seconds
[2866.498s][info ][safepoint    ] Application time: 1.0001234 seconds
[2866.498s][info ][safepoint    ] Entering safepoint region: Cleanup
[2866.498s][info ][safepoint    ] Leaving safepoint region
[2866.498s][info ][safepoint    ] Total time for which application threads were stopped: 0.0000823 seconds, Stopping threads took: 0.0000205 seconds
[2867.498s][info ][safepoint    ] Application time: 1.0000895 seconds
[2867.498s][info ][safepoint    ] Entering safepoint region: Cleanup
[2867.498s][info ][safepoint    ] Leaving safepoint region
[2867.498s][info ][safepoint    ] Total time for which application threads were stopped: 0.0000906 seconds, Stopping threads took: 0.0000325 seconds
[2868.498s][info ][safepoint    ] Application time: 1.0000901 seconds
[2868.498s][info ][safepoint    ] Entering safepoint region: Cleanup
[2868.498s][info ][safepoint    ] Leaving safepoint region
[2868.498s][info ][safepoint    ] Total time for which application threads were stopped: 0.0000818 seconds, Stopping threads took: 0.0000199 seconds
[2869.499s][info ][safepoint    ] Application time: 1.0000956 seconds
[2869.499s][info ][safepoint    ] Entering safepoint region: Cleanup
[2869.499s][info ][safepoint    ] Leaving safepoint region
[2869.499s][info ][safepoint    ] Total time for which application threads were stopped: 0.0001297 seconds, Stopping threads took: 0.0000662 seconds
[2870.499s][info ][safepoint    ] Application time: 1.0000956 seconds
[2870.499s][info ][safepoint    ] Entering safepoint region: Cleanup
[2870.499s][info ][safepoint    ] Leaving safepoint region
[2870.499s][info ][safepoint    ] Total time for which application threads were stopped: 0.0001248 seconds, Stopping threads took: 0.0000618 seconds
[2871.499s][info ][safepoint    ] Application time: 1.0000877 seconds
[2871.499s][info ][safepoint    ] Entering safepoint region: Cleanup
[2871.499s][info ][safepoint    ] Leaving safepoint region
[2871.499s][info ][safepoint    ] Total time for which application threads were stopped: 0.0000760 seconds, Stopping threads took: 0.0000174 seconds
[2872.499s][info ][safepoint    ] Application time: 1.0000803 seconds
[2872.499s][info ][safepoint    ] Entering safepoint region: Cleanup
[2872.499s][info ][safepoint    ] Leaving safepoint region
[2872.499s][info ][safepoint    ] Total time for which application threads were stopped: 0.0000751 seconds, Stopping threads took: 0.0000167 seconds
[2873.500s][info ][safepoint    ] Application time: 1.0000907 seconds
[2873.500s][info ][safepoint    ] Entering safepoint region: Cleanup
[2873.500s][info ][safepoint    ] Leaving safepoint region
[2873.500s][info ][safepoint    ] Total time for which application threads were stopped: 0.0000745 seconds, Stopping threads took: 0.0000177 seconds
[2874.500s][info ][safepoint    ] Application time: 1.0000946 seconds
[2874.500s][info ][safepoint    ] Entering safepoint region: Cleanup
[2874.500s][info ][safepoint    ] Leaving safepoint region
[2874.500s][info ][safepoint    ] Total time for which application threads were stopped: 0.0000808 seconds, Stopping threads took: 0.0000249 seconds
[2875.500s][info ][safepoint    ] Application time: 1.0000865 seconds
[2875.500s][info ][safepoint    ] Entering safepoint region: Cleanup
[2875.500s][info ][safepoint    ] Leaving safepoint region
[2875.500s][info ][safepoint    ] Total time for which application threads were stopped: 0.0000883 seconds, Stopping threads took: 0.0000156 seconds
[2876.500s][info ][safepoint    ] Application time: 1.0000858 seconds
[2876.500s][info ][safepoint    ] Entering safepoint region: Cleanup
[2876.500s][info ][safepoint    ] Leaving safepoint region
[2876.500s][info ][safepoint    ] Total time for which application threads were stopped: 0.0000922 seconds, Stopping threads took: 0.0000175 seconds
[2877.500s][info ][safepoint    ] Application time: 1.0000892 seconds
[2877.500s][info ][safepoint    ] Entering safepoint region: Cleanup
[2877.501s][info ][safepoint    ] Leaving safepoint region
[2877.501s][info ][safepoint    ] Total time for which application threads were stopped: 0.0000780 seconds, Stopping threads took: 0.0000178 seconds
[2878.501s][info ][safepoint    ] Application time: 1.0000805 seconds
[2878.501s][info ][safepoint    ] Entering safepoint region: Cleanup
[2878.501s][info ][safepoint    ] Leaving safepoint region
[2878.501s][info ][safepoint    ] Total time for which application threads were stopped: 0.0001257 seconds, Stopping threads took: 0.0000646 seconds
[2879.501s][info ][safepoint    ] Application time: 1.0000842 seconds
[2879.501s][info ][safepoint    ] Entering safepoint region: Cleanup
[2879.501s][info ][safepoint    ] Leaving safepoint region
[2879.501s][info ][safepoint    ] Total time for which application threads were stopped: 0.0000905 seconds, Stopping threads took: 0.0000319 seconds
[2880.501s][info ][safepoint    ] Application time: 1.0000814 seconds
[2880.501s][info ][safepoint    ] Entering safepoint region: Cleanup
[2880.501s][info ][safepoint    ] Leaving safepoint region
[2880.501s][info ][safepoint    ] Total time for which application threads were stopped: 0.0000780 seconds, Stopping threads took: 0.0000186 seconds
[2881.501s][info ][safepoint    ] Application time: 1.0001249 seconds
[2881.501s][info ][safepoint    ] Entering safepoint region: Cleanup
[2881.501s][info ][safepoint    ] Leaving safepoint region
[2881.501s][info ][safepoint    ] Total time for which application threads were stopped: 0.0000723 seconds, Stopping threads took: 0.0000167 seconds
[2882.502s][info ][safepoint    ] Application time: 1.0000866 seconds
[2882.502s][info ][safepoint    ] Entering safepoint region: Cleanup
[2882.502s][info ][safepoint    ] Leaving safepoint region
[2882.502s][info ][safepoint    ] Total time for which application threads were stopped: 0.0001194 seconds, Stopping threads took: 0.0000606 seconds
[2883.502s][info ][safepoint    ] Application time: 1.0000908 seconds
[2883.502s][info ][safepoint    ] Entering safepoint region: Cleanup
[2883.502s][info ][safepoint    ] Leaving safepoint region
[2883.502s][info ][safepoint    ] Total time for which application threads were stopped: 0.0000726 seconds, Stopping threads took: 0.0000170 seconds
[2884.505s][info ][safepoint    ] Application time: 1.0032516 seconds
[2884.505s][info ][safepoint    ] Entering safepoint region: Cleanup
[2884.505s][info ][safepoint    ] Leaving safepoint region
[2884.505s][info ][safepoint    ] Total time for which application threads were stopped: 0.0001159 seconds, Stopping threads took: 0.0000351 seconds
[2885.505s][info ][safepoint    ] Application time: 1.0000953 seconds
[2885.505s][info ][safepoint    ] Entering safepoint region: Cleanup
[2885.505s][info ][safepoint    ] Leaving safepoint region
[2885.506s][info ][safepoint    ] Total time for which application threads were stopped: 0.0000744 seconds, Stopping threads took: 0.0000200 seconds
[2886.506s][info ][safepoint    ] Application time: 1.0000874 seconds
[2886.506s][info ][safepoint    ] Entering safepoint region: Cleanup
[2886.506s][info ][safepoint    ] Leaving safepoint region
[2886.506s][info ][safepoint    ] Total time for which application threads were stopped: 0.0001182 seconds, Stopping threads took: 0.0000335 seconds
[2887.506s][info ][safepoint    ] Application time: 1.0000883 seconds
[2887.506s][info ][safepoint    ] Entering safepoint region: Cleanup
[2887.506s][info ][safepoint    ] Leaving safepoint region
[2887.506s][info ][safepoint    ] Total time for which application threads were stopped: 0.0000709 seconds, Stopping threads took: 0.0000170 seconds
[2888.506s][info ][safepoint    ] Application time: 1.0000808 seconds
[2888.506s][info ][safepoint    ] Entering safepoint region: Cleanup
[2888.506s][info ][safepoint    ] Leaving safepoint region
[2888.506s][info ][safepoint    ] Total time for which application threads were stopped: 0.0001054 seconds, Stopping threads took: 0.0000187 seconds
[2889.506s][info ][safepoint    ] Application time: 1.0001043 seconds
[2889.506s][info ][safepoint    ] Entering safepoint region: Cleanup
[2889.506s][info ][safepoint    ] Leaving safepoint region
[2889.506s][info ][safepoint    ] Total time for which application threads were stopped: 0.0000878 seconds, Stopping threads took: 0.0000184 seconds
[2890.507s][info ][safepoint    ] Application time: 1.0000850 seconds
[2890.507s][info ][safepoint    ] Entering safepoint region: Cleanup
[2890.507s][info ][safepoint    ] Leaving safepoint region
[2890.507s][info ][safepoint    ] Total time for which application threads were stopped: 0.0000996 seconds, Stopping threads took: 0.0000172 seconds
[2891.507s][info ][safepoint    ] Application time: 1.0001072 seconds
[2891.507s][info ][safepoint    ] Entering safepoint region: Cleanup
[2891.507s][info ][safepoint    ] Leaving safepoint region
[2891.507s][info ][safepoint    ] Total time for which application threads were stopped: 0.0001131 seconds, Stopping threads took: 0.0000391 seconds
[2892.507s][info ][safepoint    ] Application time: 1.0000579 seconds
[2892.507s][info ][safepoint    ] Entering safepoint region: Cleanup
[2892.507s][info ][safepoint    ] Leaving safepoint region
[2892.507s][info ][safepoint    ] Total time for which application threads were stopped: 0.0000961 seconds, Stopping threads took: 0.0000191 seconds
[2893.507s][info ][safepoint    ] Application time: 1.0000852 seconds
[2893.507s][info ][safepoint    ] Entering safepoint region: Cleanup
[2893.507s][info ][safepoint    ] Leaving safepoint region
[2893.507s][info ][safepoint    ] Total time for which application threads were stopped: 0.0001204 seconds, Stopping threads took: 0.0000214 seconds
[2894.508s][info ][safepoint    ] Application time: 1.0001717 seconds
[2894.508s][info ][safepoint    ] Entering safepoint region: Cleanup
[2894.508s][info ][safepoint    ] Leaving safepoint region
[2894.508s][info ][safepoint    ] Total time for which application threads were stopped: 0.0000801 seconds, Stopping threads took: 0.0000166 seconds
[2895.508s][info ][safepoint    ] Application time: 1.0000992 seconds
[2895.508s][info ][safepoint    ] Entering safepoint region: Cleanup
[2895.508s][info ][safepoint    ] Leaving safepoint region
[2895.508s][info ][safepoint    ] Total time for which application threads were stopped: 0.0000724 seconds, Stopping threads took: 0.0000177 seconds
[2896.508s][info ][safepoint    ] Application time: 1.0000883 seconds
[2896.508s][info ][safepoint    ] Entering safepoint region: Cleanup
[2896.508s][info ][safepoint    ] Leaving safepoint region
[2896.508s][info ][safepoint    ] Total time for which application threads were stopped: 0.0000875 seconds, Stopping threads took: 0.0000309 seconds
[2897.508s][info ][safepoint    ] Application time: 1.0000712 seconds
[2897.511s][info ][safepoint    ] Entering safepoint region: Cleanup
[2897.511s][info ][safepoint    ] Leaving safepoint region
[2897.511s][info ][safepoint    ] Total time for which application threads were stopped: 0.0031397 seconds, Stopping threads took: 0.0030733 seconds
[2898.512s][info ][safepoint    ] Application time: 1.0001037 seconds
[2898.512s][info ][safepoint    ] Entering safepoint region: Cleanup
[2898.512s][info ][safepoint    ] Leaving safepoint region
[2898.512s][info ][safepoint    ] Total time for which application threads were stopped: 0.0001149 seconds, Stopping threads took: 0.0000253 seconds
[2899.512s][info ][safepoint    ] Application time: 1.0001153 seconds
[2899.512s][info ][safepoint    ] Entering safepoint region: Cleanup
[2899.512s][info ][safepoint    ] Leaving safepoint region
[2899.512s][info ][safepoint    ] Total time for which application threads were stopped: 0.0000815 seconds, Stopping threads took: 0.0000186 seconds
[2900.512s][info ][safepoint    ] Application time: 1.0000443 seconds
[2900.512s][info ][safepoint    ] Entering safepoint region: Cleanup
[2900.512s][info ][safepoint    ] Leaving safepoint region
[2900.512s][info ][safepoint    ] Total time for which application threads were stopped: 0.0000943 seconds, Stopping threads took: 0.0000308 seconds
[2900.994s][info ][safepoint    ] Application time: 0.4820798 seconds
[2900.994s][info ][safepoint    ] Entering safepoint region: GenCollectForAllocation
[2900.994s][info ][gc,start     ] GC(246) Pause Young (Allocation Failure)
[2900.994s][info ][gc,task      ] GC(246) Using 4 workers of 4 for evacuation
[2900.997s][debug][gc,ref       ] GC(246) Skipped phase1 of Reference Processing due to unavailable references
[2900.997s][debug][gc,ref       ] GC(246) Skipped phase2 of Reference Processing due to unavailable references
[2900.997s][debug][gc,ref       ] GC(246) Skipped phase3 of Reference Processing due to unavailable references
[2900.997s][debug][gc,ref       ] GC(246) Skipped phase4 of Reference Processing due to unavailable references
[2900.997s][debug][gc,age       ] GC(246) Desired survivor size 15400960 bytes, new threshold 6 (max threshold 6)
[2900.997s][info ][gc,heap      ] GC(246) ParNew: 243642K->2991K(270976K)
[2900.997s][info ][gc,heap      ] GC(246) CMS: 219303K->219344K(602112K)
[2900.997s][info ][gc,metaspace ] GC(246) Metaspace: 54052K->54052K(1097728K)
[2900.997s][info ][gc           ] GC(246) Pause Young (Allocation Failure) 452M->217M(852M) 2.857ms
[2900.997s][info ][gc,cpu       ] GC(246) User=0.01s Sys=0.00s Real=0.00s
[2900.997s][info ][safepoint    ] Leaving safepoint region
[2900.997s][info ][safepoint    ] Total time for which application threads were stopped: 0.0030080 seconds, Stopping threads took: 0.0000173 seconds
[2901.997s][info ][safepoint    ] Application time: 1.0001003 seconds
[2901.997s][info ][safepoint    ] Entering safepoint region: Cleanup
[2901.997s][info ][safepoint    ] Leaving safepoint region
[2901.998s][info ][safepoint    ] Total time for which application threads were stopped: 0.0001158 seconds, Stopping threads took: 0.0000368 seconds
[2902.998s][info ][safepoint    ] Application time: 1.0000927 seconds
[2902.998s][info ][safepoint    ] Entering safepoint region: Cleanup
[2902.998s][info ][safepoint    ] Leaving safepoint region
[2902.998s][info ][safepoint    ] Total time for which application threads were stopped: 0.0000827 seconds, Stopping threads took: 0.0000190 seconds
[2903.998s][info ][safepoint    ] Application time: 1.0000892 seconds
[2903.998s][info ][safepoint    ] Entering safepoint region: Cleanup
[2903.998s][info ][safepoint    ] Leaving safepoint region
[2903.998s][info ][safepoint    ] Total time for which application threads were stopped: 0.0001314 seconds, Stopping threads took: 0.0000653 seconds
[2904.998s][info ][safepoint    ] Application time: 1.0001162 seconds
[2904.998s][info ][safepoint    ] Entering safepoint region: Cleanup
[2904.998s][info ][safepoint    ] Leaving safepoint region
[2904.998s][info ][safepoint    ] Total time for which application threads were stopped: 0.0000753 seconds, Stopping threads took: 0.0000164 seconds
[2905.998s][info ][safepoint    ] Application time: 1.0000837 seconds
[2905.998s][info ][safepoint    ] Entering safepoint region: Cleanup
[2905.998s][info ][safepoint    ] Leaving safepoint region
[2905.998s][info ][safepoint    ] Total time for which application threads were stopped: 0.0001408 seconds, Stopping threads took: 0.0000794 seconds
[2906.999s][info ][safepoint    ] Application time: 1.0000873 seconds
[2906.999s][info ][safepoint    ] Entering safepoint region: Cleanup
[2906.999s][info ][safepoint    ] Leaving safepoint region
[2906.999s][info ][safepoint    ] Total time for which application threads were stopped: 0.0001012 seconds, Stopping threads took: 0.0000179 seconds
[2907.999s][info ][safepoint    ] Application time: 1.0000718 seconds
[2907.999s][info ][safepoint    ] Entering safepoint region: Cleanup
[2907.999s][info ][safepoint    ] Leaving safepoint region
[2907.999s][info ][safepoint    ] Total time for which application threads were stopped: 0.0000859 seconds, Stopping threads took: 0.0000217 seconds
[2908.999s][info ][safepoint    ] Application time: 1.0000623 seconds
[2908.999s][info ][safepoint    ] Entering safepoint region: Cleanup
[2908.999s][info ][safepoint    ] Leaving safepoint region
[2908.999s][info ][safepoint    ] Total time for which application threads were stopped: 0.0000811 seconds, Stopping threads took: 0.0000178 seconds
[2909.999s][info ][safepoint    ] Application time: 1.0000836 seconds
[2909.999s][info ][safepoint    ] Entering safepoint region: Cleanup
[2909.999s][info ][safepoint    ] Leaving safepoint region
[2909.999s][info ][safepoint    ] Total time for which application threads were stopped: 0.0001043 seconds, Stopping threads took: 0.0000186 seconds
[2910.999s][info ][safepoint    ] Application time: 1.0000558 seconds
[2910.999s][info ][safepoint    ] Entering safepoint region: Cleanup
[2911.000s][info ][safepoint    ] Leaving safepoint region
[2911.000s][info ][safepoint    ] Total time for which application threads were stopped: 0.0000774 seconds, Stopping threads took: 0.0000174 seconds
[2912.000s][info ][safepoint    ] Application time: 1.0001213 seconds
[2912.000s][info ][safepoint    ] Entering safepoint region: Cleanup
[2912.000s][info ][safepoint    ] Leaving safepoint region
[2912.000s][info ][safepoint    ] Total time for which application threads were stopped: 0.0000823 seconds, Stopping threads took: 0.0000188 seconds
[2913.007s][info ][safepoint    ] Application time: 1.0071767 seconds
[2913.007s][info ][safepoint    ] Entering safepoint region: Cleanup
[2913.007s][info ][safepoint    ] Leaving safepoint region
[2913.007s][info ][safepoint    ] Total time for which application threads were stopped: 0.0001003 seconds, Stopping threads took: 0.0000197 seconds
[2914.007s][info ][safepoint    ] Application time: 1.0001978 seconds
[2914.007s][info ][safepoint    ] Entering safepoint region: Cleanup
[2914.007s][info ][safepoint    ] Leaving safepoint region
[2914.007s][info ][safepoint    ] Total time for which application threads were stopped: 0.0000927 seconds, Stopping threads took: 0.0000175 seconds
[2914.016s][info ][safepoint    ] Application time: 0.0090032 seconds
[2914.016s][info ][safepoint    ] Entering safepoint region: RevokeBias
[2914.017s][info ][safepoint    ] Leaving safepoint region
[2914.017s][info ][safepoint    ] Total time for which application threads were stopped: 0.0001126 seconds, Stopping threads took: 0.0000182 seconds
[2914.038s][info ][safepoint    ] Application time: 0.0217798 seconds
[2914.038s][info ][safepoint    ] Entering safepoint region: RevokeBias
[2914.039s][info ][safepoint    ] Leaving safepoint region
[2914.039s][info ][safepoint    ] Total time for which application threads were stopped: 0.0002611 seconds, Stopping threads took: 0.0000938 seconds
[2914.039s][info ][safepoint    ] Application time: 0.0006686 seconds
[2914.039s][info ][safepoint    ] Entering safepoint region: RevokeBias
[2914.040s][info ][safepoint    ] Leaving safepoint region
[2914.040s][info ][safepoint    ] Total time for which application threads were stopped: 0.0001565 seconds, Stopping threads took: 0.0000382 seconds
[2914.040s][info ][safepoint    ] Application time: 0.0000638 seconds
[2914.040s][info ][safepoint    ] Entering safepoint region: RevokeBias
[2914.040s][info ][safepoint    ] Leaving safepoint region
[2914.040s][info ][safepoint    ] Total time for which application threads were stopped: 0.0001463 seconds, Stopping threads took: 0.0000866 seconds
[2914.041s][info ][safepoint    ] Application time: 0.0014968 seconds
[2914.041s][info ][safepoint    ] Entering safepoint region: RevokeBias
[2914.041s][info ][safepoint    ] Leaving safepoint region
[2914.041s][info ][safepoint    ] Total time for which application threads were stopped: 0.0000574 seconds, Stopping threads took: 0.0000109 seconds
[2914.041s][info ][safepoint    ] Application time: 0.0000815 seconds
[2914.042s][info ][safepoint    ] Entering safepoint region: RevokeBias
[2914.042s][info ][safepoint    ] Leaving safepoint region
[2914.042s][info ][safepoint    ] Total time for which application threads were stopped: 0.0002277 seconds, Stopping threads took: 0.0001853 seconds
[2914.042s][info ][safepoint    ] Application time: 0.0003993 seconds
[2914.042s][info ][safepoint    ] Entering safepoint region: RevokeBias
[2914.042s][info ][safepoint    ] Leaving safepoint region
[2914.042s][info ][safepoint    ] Total time for which application threads were stopped: 0.0001106 seconds, Stopping threads took: 0.0000666 seconds
[2914.042s][info ][safepoint    ] Application time: 0.0000657 seconds
[2914.042s][info ][safepoint    ] Entering safepoint region: RevokeBias
[2914.042s][info ][safepoint    ] Leaving safepoint region
[2914.042s][info ][safepoint    ] Total time for which application threads were stopped: 0.0000718 seconds, Stopping threads took: 0.0000462 seconds
[2914.043s][info ][safepoint    ] Application time: 0.0003930 seconds
[2914.043s][info ][safepoint    ] Entering safepoint region: RevokeBias
[2914.043s][info ][safepoint    ] Leaving safepoint region
[2914.043s][info ][safepoint    ] Total time for which application threads were stopped: 0.0001964 seconds, Stopping threads took: 0.0001529 seconds
[2914.043s][info ][safepoint    ] Application time: 0.0002463 seconds
[2914.043s][info ][safepoint    ] Entering safepoint region: RevokeBias
[2914.043s][info ][safepoint    ] Leaving safepoint region
[2914.043s][info ][safepoint    ] Total time for which application threads were stopped: 0.0000778 seconds, Stopping threads took: 0.0000488 seconds
[2914.049s][info ][safepoint    ] Application time: 0.0056055 seconds
[2914.049s][info ][safepoint    ] Entering safepoint region: RevokeBias
[2914.049s][info ][safepoint    ] Leaving safepoint region
[2914.049s][info ][safepoint    ] Total time for which application threads were stopped: 0.0000641 seconds, Stopping threads took: 0.0000113 seconds
[2914.050s][info ][safepoint    ] Application time: 0.0013219 seconds
[2914.050s][info ][safepoint    ] Entering safepoint region: RevokeBias
[2914.050s][info ][safepoint    ] Leaving safepoint region
[2914.050s][info ][safepoint    ] Total time for which application threads were stopped: 0.0000504 seconds, Stopping threads took: 0.0000086 seconds
[2914.051s][info ][gc,heap,exit ] Heap
[2914.051s][info ][gc,heap,exit ]  par new generation   total 270976K, used 146132K [0x0000000700000000, 0x0000000712600000, 0x0000000714cc0000)
[2914.051s][info ][gc,heap,exit ]   eden space 240896K,  59% used [0x0000000700000000, 0x0000000708bc9630, 0x000000070eb40000)
[2914.051s][info ][gc,heap,exit ]   from space 30080K,   9% used [0x00000007108a0000, 0x0000000710b8bcf0, 0x0000000712600000)
[2914.051s][info ][gc,heap,exit ]   to   space 30080K,   0% used [0x000000070eb40000, 0x000000070eb40000, 0x00000007108a0000)
[2914.051s][info ][gc,heap,exit ]  concurrent mark-sweep generation total 602112K, used 219344K [0x0000000714cc0000, 0x00000007398c0000, 0x0000000800000000)
[2914.051s][info ][gc,heap,exit ]  Metaspace       used 54105K, capacity 57136K, committed 57316K, reserved 1097728K
[2914.051s][info ][gc,heap,exit ]   class space    used 7216K, capacity 8610K, committed 8640K, reserved 1048576K
[2914.051s][info ][safepoint    ] Application time: 0.0005317 seconds
[2914.051s][info ][safepoint    ] Entering safepoint region: Halt
