[0.009s][info][gc] Using Concurrent Mark Sweep
[0.009s][info][gc,heap,coops] Heap address: 0x0000000700000000, size: 4096 MB, Compressed Oops mode: Zero based, Oop shift amount: 3
[0.054s][info][safepoint    ] Entering safepoint region: EnableBiasedLocking
[0.054s][info][safepoint    ] Leaving safepoint region
[0.054s][info][safepoint    ] Total time for which application threads were stopped: 0.0001205 seconds, Stopping threads took: 0.0000552 seconds
[0.057s][info][safepoint    ] Application time: 0.0027616 seconds
[0.057s][info][safepoint    ] Entering safepoint region: RevokeBias
[0.058s][info][safepoint    ] Leaving safepoint region
[0.058s][info][safepoint    ] Total time for which application threads were stopped: 0.0000841 seconds, Stopping threads took: 0.0000409 seconds
[0.138s][info][safepoint    ] Application time: 0.0799815 seconds
[0.138s][info][safepoint    ] Entering safepoint region: Deoptimize
[0.138s][info][safepoint    ] Leaving safepoint region
[0.138s][info][safepoint    ] Total time for which application threads were stopped: 0.0000601 seconds, Stopping threads took: 0.0000073 seconds
[1.138s][info][safepoint    ] Application time: 1.0001274 seconds
[1.138s][info][safepoint    ] Entering safepoint region: Cleanup
[1.138s][info][safepoint    ] Leaving safepoint region
[1.138s][info][safepoint    ] Total time for which application threads were stopped: 0.0001222 seconds, Stopping threads took: 0.0000106 seconds
[1.300s][info][safepoint    ] Application time: 0.1616181 seconds
[1.300s][info][safepoint    ] Entering safepoint region: Deoptimize
[1.300s][info][safepoint    ] Leaving safepoint region
[1.300s][info][safepoint    ] Total time for which application threads were stopped: 0.0001281 seconds, Stopping threads took: 0.0000073 seconds
[1.339s][info][safepoint    ] Application time: 0.0389601 seconds
[1.339s][info][safepoint    ] Entering safepoint region: Deoptimize
[1.339s][info][safepoint    ] Leaving safepoint region
[1.339s][info][safepoint    ] Total time for which application threads were stopped: 0.0001351 seconds, Stopping threads took: 0.0000072 seconds
[1.383s][info][safepoint    ] Application time: 0.0440668 seconds
[1.383s][info][safepoint    ] Entering safepoint region: Deoptimize
[1.383s][info][safepoint    ] Leaving safepoint region
[1.383s][info][safepoint    ] Total time for which application threads were stopped: 0.0001530 seconds, Stopping threads took: 0.0000074 seconds
[2.256s][info][safepoint    ] Application time: 0.8729335 seconds
[2.256s][info][safepoint    ] Entering safepoint region: Deoptimize
[2.256s][info][safepoint    ] Leaving safepoint region
[2.256s][info][safepoint    ] Total time for which application threads were stopped: 0.0001723 seconds, Stopping threads took: 0.0000074 seconds
[2.411s][info][safepoint    ] Application time: 0.1547761 seconds
[2.411s][info][safepoint    ] Entering safepoint region: Deoptimize
[2.411s][info][safepoint    ] Leaving safepoint region
[2.411s][info][safepoint    ] Total time for which application threads were stopped: 0.0002445 seconds, Stopping threads took: 0.0000078 seconds
[2.674s][info][safepoint    ] Application time: 0.2630054 seconds
[2.674s][info][safepoint    ] Entering safepoint region: ICBufferFull
[2.674s][info][safepoint    ] Leaving safepoint region
[2.674s][info][safepoint    ] Total time for which application threads were stopped: 0.0001530 seconds, Stopping threads took: 0.0000075 seconds
[2.798s][info][safepoint    ] Application time: 0.1231064 seconds
[2.798s][info][safepoint    ] Entering safepoint region: Deoptimize
[2.798s][info][safepoint    ] Leaving safepoint region
[2.798s][info][safepoint    ] Total time for which application threads were stopped: 0.0003751 seconds, Stopping threads took: 0.0000075 seconds
[2.806s][info][safepoint    ] Application time: 0.0077774 seconds
[2.806s][info][safepoint    ] Entering safepoint region: Deoptimize
[2.806s][info][safepoint    ] Leaving safepoint region
[2.806s][info][safepoint    ] Total time for which application threads were stopped: 0.0002409 seconds, Stopping threads took: 0.0000061 seconds
[2.924s][info][safepoint    ] Application time: 0.1180987 seconds
[2.924s][info][safepoint    ] Entering safepoint region: Deoptimize
[2.925s][info][safepoint    ] Leaving safepoint region
[2.925s][info][safepoint    ] Total time for which application threads were stopped: 0.0003385 seconds, Stopping threads took: 0.0000080 seconds
[3.122s][info][safepoint    ] Application time: 0.1972765 seconds
[3.122s][info][safepoint    ] Entering safepoint region: ICBufferFull
[3.122s][info][safepoint    ] Leaving safepoint region
[3.122s][info][safepoint    ] Total time for which application threads were stopped: 0.0002716 seconds, Stopping threads took: 0.0000519 seconds
[3.265s][info][safepoint    ] Application time: 0.1428482 seconds
[3.265s][info][safepoint    ] Entering safepoint region: Deoptimize
[3.266s][info][safepoint    ] Leaving safepoint region
[3.266s][info][safepoint    ] Total time for which application threads were stopped: 0.0009432 seconds, Stopping threads took: 0.0000073 seconds
[3.362s][info][safepoint    ] Application time: 0.0963289 seconds
[3.362s][info][safepoint    ] Entering safepoint region: CollectForMetadataAllocation
[3.362s][info][safepoint    ] Leaving safepoint region
[3.363s][info][safepoint    ] Total time for which application threads were stopped: 0.0001771 seconds, Stopping threads took: 0.0000080 seconds
[3.437s][info][safepoint    ] Application time: 0.0748384 seconds
[3.437s][info][safepoint    ] Entering safepoint region: GenCollectForAllocation
[3.437s][info][gc,start     ] GC(0) Pause Young (Allocation Failure)
[3.438s][info][gc,task      ] GC(0) Using 4 workers of 4 for evacuation
[3.482s][debug][gc,ref       ] GC(0) Skipped phase1 of Reference Processing due to unavailable references
[3.482s][debug][gc,ref       ] GC(0) Skipped phase3 of Reference Processing due to unavailable references
[3.482s][debug][gc,age       ] GC(0) Desired survivor size 15400960 bytes, new threshold 1 (max threshold 6)
[3.482s][info ][gc,heap      ] GC(0) ParNew: 240896K->30079K(270976K)
[3.482s][info ][gc,heap      ] GC(0) CMS: 0K->2881K(602112K)
[3.482s][info ][gc,metaspace ] GC(0) Metaspace: 20564K->20564K(1069056K)
[3.482s][info ][gc           ] GC(0) Pause Young (Allocation Failure) 235M->32M(852M) 44.493ms
[3.482s][info ][gc,cpu       ] GC(0) User=0.15s Sys=0.02s Real=0.04s
[3.482s][info ][safepoint    ] Leaving safepoint region
[3.482s][info ][safepoint    ] Total time for which application threads were stopped: 0.0446343 seconds, Stopping threads took: 0.0000071 seconds
[3.482s][info ][safepoint    ] Application time: 0.0001334 seconds
[3.482s][info ][safepoint    ] Entering safepoint region: CMS_Initial_Mark
[3.482s][info ][gc,start     ] GC(1) Pause Initial Mark
[3.489s][info ][gc           ] GC(1) Pause Initial Mark 36M->36M(852M) 7.202ms
[3.490s][info ][gc,cpu       ] GC(1) User=0.03s Sys=0.00s Real=0.00s
[3.490s][info ][safepoint    ] Leaving safepoint region
[3.490s][info ][safepoint    ] Total time for which application threads were stopped: 0.0073364 seconds, Stopping threads took: 0.0000437 seconds
[3.490s][info ][gc           ] GC(1) Concurrent Mark
[3.490s][info ][safepoint    ] Application time: 0.0009398 seconds
[3.491s][info ][safepoint    ] Entering safepoint region: RevokeBias
[3.491s][info ][safepoint    ] Leaving safepoint region
[3.491s][info ][safepoint    ] Total time for which application threads were stopped: 0.0001239 seconds, Stopping threads took: 0.0000462 seconds
[3.491s][info ][safepoint    ] Application time: 0.0000489 seconds
[3.491s][info ][safepoint    ] Entering safepoint region: RevokeBias
[3.491s][info ][safepoint    ] Leaving safepoint region
[3.491s][info ][safepoint    ] Total time for which application threads were stopped: 0.0000487 seconds, Stopping threads took: 0.0000203 seconds
[3.491s][info ][safepoint    ] Application time: 0.0000451 seconds
[3.491s][info ][safepoint    ] Entering safepoint region: RevokeBias
[3.491s][info ][safepoint    ] Leaving safepoint region
[3.491s][info ][safepoint    ] Total time for which application threads were stopped: 0.0000894 seconds, Stopping threads took: 0.0000432 seconds
[3.514s][info ][gc           ] GC(1) Concurrent Mark 24.827ms
[3.514s][info ][gc,cpu       ] GC(1) User=0.08s Sys=0.00s Real=0.03s
[3.514s][info ][gc           ] GC(1) Concurrent Preclean
[3.514s][debug][gc,ref       ] GC(1) Preclean SoftReferences 0.002ms
[3.514s][debug][gc,ref       ] GC(1) Preclean WeakReferences 0.000ms
[3.514s][debug][gc,ref       ] GC(1) Preclean FinalReferences 0.001ms
[3.514s][debug][gc,ref       ] GC(1) Preclean PhantomReferences 0.000ms
[3.515s][info ][gc           ] GC(1) Concurrent Preclean 1.017ms
[3.515s][info ][gc,cpu       ] GC(1) User=0.00s Sys=0.00s Real=0.00s
[3.515s][info ][gc           ] GC(1) Concurrent Abortable Preclean
[3.532s][info ][safepoint    ] Application time: 0.0414334 seconds
[3.532s][info ][safepoint    ] Entering safepoint region: CollectForMetadataAllocation
[3.532s][info ][safepoint    ] Leaving safepoint region
[3.532s][info ][safepoint    ] Total time for which application threads were stopped: 0.0000795 seconds, Stopping threads took: 0.0000076 seconds
[3.557s][info ][safepoint    ] Application time: 0.0242065 seconds
[3.557s][info ][safepoint    ] Entering safepoint region: CollectForMetadataAllocation
[3.557s][info ][safepoint    ] Leaving safepoint region
[3.557s][info ][safepoint    ] Total time for which application threads were stopped: 0.0000650 seconds, Stopping threads took: 0.0000071 seconds
[3.578s][info ][safepoint    ] Application time: 0.0214165 seconds
[3.578s][info ][safepoint    ] Entering safepoint region: CollectForMetadataAllocation
[3.578s][info ][safepoint    ] Leaving safepoint region
[3.578s][info ][safepoint    ] Total time for which application threads were stopped: 0.0000933 seconds, Stopping threads took: 0.0000084 seconds
[3.600s][info ][safepoint    ] Application time: 0.0212791 seconds
[3.600s][info ][safepoint    ] Entering safepoint region: CollectForMetadataAllocation
[3.600s][info ][safepoint    ] Leaving safepoint region
[3.600s][info ][safepoint    ] Total time for which application threads were stopped: 0.0000858 seconds, Stopping threads took: 0.0000080 seconds
[3.624s][info ][safepoint    ] Application time: 0.0245414 seconds
[3.627s][info ][safepoint    ] Entering safepoint region: RevokeBias
[3.627s][info ][safepoint    ] Leaving safepoint region
[3.627s][info ][safepoint    ] Total time for which application threads were stopped: 0.0028678 seconds, Stopping threads took: 0.0028051 seconds
[3.627s][info ][safepoint    ] Application time: 0.0001921 seconds
[3.627s][info ][safepoint    ] Entering safepoint region: RevokeBias
[3.627s][info ][safepoint    ] Leaving safepoint region
[3.627s][info ][safepoint    ] Total time for which application threads were stopped: 0.0001569 seconds, Stopping threads took: 0.0001178 seconds
[3.628s][info ][safepoint    ] Application time: 0.0000742 seconds
[3.628s][info ][safepoint    ] Entering safepoint region: RevokeBias
[3.628s][info ][safepoint    ] Leaving safepoint region
[3.628s][info ][safepoint    ] Total time for which application threads were stopped: 0.0000877 seconds, Stopping threads took: 0.0000449 seconds
[3.628s][info ][safepoint    ] Application time: 0.0006167 seconds
[3.628s][info ][safepoint    ] Entering safepoint region: RevokeBias
[3.628s][info ][safepoint    ] Leaving safepoint region
[3.628s][info ][safepoint    ] Total time for which application threads were stopped: 0.0001254 seconds, Stopping threads took: 0.0000713 seconds
[3.629s][info ][safepoint    ] Application time: 0.0000814 seconds
[3.629s][info ][safepoint    ] Entering safepoint region: RevokeBias
[3.629s][info ][safepoint    ] Leaving safepoint region
[3.629s][info ][safepoint    ] Total time for which application threads were stopped: 0.0001847 seconds, Stopping threads took: 0.0001219 seconds
[3.629s][info ][safepoint    ] Application time: 0.0001562 seconds
[3.629s][info ][safepoint    ] Entering safepoint region: RevokeBias
[3.629s][info ][safepoint    ] Leaving safepoint region
[3.629s][info ][safepoint    ] Total time for which application threads were stopped: 0.0000817 seconds, Stopping threads took: 0.0000236 seconds
[3.630s][info ][safepoint    ] Application time: 0.0005684 seconds
[3.630s][info ][safepoint    ] Entering safepoint region: RevokeBias
[3.630s][info ][safepoint    ] Leaving safepoint region
[3.630s][info ][safepoint    ] Total time for which application threads were stopped: 0.0001049 seconds, Stopping threads took: 0.0000497 seconds
[3.630s][info ][safepoint    ] Application time: 0.0001233 seconds
[3.630s][info ][safepoint    ] Entering safepoint region: RevokeBias
[3.630s][info ][safepoint    ] Leaving safepoint region
[3.630s][info ][safepoint    ] Total time for which application threads were stopped: 0.0000904 seconds, Stopping threads took: 0.0000486 seconds
[3.630s][info ][safepoint    ] Application time: 0.0004636 seconds
[3.630s][info ][safepoint    ] Entering safepoint region: RevokeBias
[3.630s][info ][safepoint    ] Leaving safepoint region
[3.630s][info ][safepoint    ] Total time for which application threads were stopped: 0.0001296 seconds, Stopping threads took: 0.0000741 seconds
[3.631s][info ][safepoint    ] Application time: 0.0000888 seconds
[3.631s][info ][safepoint    ] Entering safepoint region: RevokeBias
[3.631s][info ][safepoint    ] Leaving safepoint region
[3.631s][info ][safepoint    ] Total time for which application threads were stopped: 0.0000899 seconds, Stopping threads took: 0.0000338 seconds
[3.642s][info ][safepoint    ] Application time: 0.0116121 seconds
[3.642s][info ][safepoint    ] Entering safepoint region: RevokeBias
[3.643s][info ][safepoint    ] Leaving safepoint region
[3.643s][info ][safepoint    ] Total time for which application threads were stopped: 0.0002507 seconds, Stopping threads took: 0.0000799 seconds
[3.643s][info ][safepoint    ] Application time: 0.0001923 seconds
[3.643s][info ][safepoint    ] Entering safepoint region: RevokeBias
[3.643s][info ][safepoint    ] Leaving safepoint region
[3.643s][info ][safepoint    ] Total time for which application threads were stopped: 0.0004099 seconds, Stopping threads took: 0.0003383 seconds
[3.643s][info ][safepoint    ] Application time: 0.0001198 seconds
[3.643s][info ][safepoint    ] Entering safepoint region: RevokeBias
[3.644s][info ][safepoint    ] Leaving safepoint region
[3.644s][info ][safepoint    ] Total time for which application threads were stopped: 0.0001842 seconds, Stopping threads took: 0.0000963 seconds
[3.644s][info ][safepoint    ] Application time: 0.0007849 seconds
[3.644s][info ][safepoint    ] Entering safepoint region: RevokeBias
[3.645s][info ][safepoint    ] Leaving safepoint region
[3.645s][info ][safepoint    ] Total time for which application threads were stopped: 0.0002594 seconds, Stopping threads took: 0.0000248 seconds
[3.645s][info ][safepoint    ] Application time: 0.0004513 seconds
[3.645s][info ][safepoint    ] Entering safepoint region: RevokeBias
[3.645s][info ][safepoint    ] Leaving safepoint region
[3.645s][info ][safepoint    ] Total time for which application threads were stopped: 0.0001044 seconds, Stopping threads took: 0.0000294 seconds
[3.646s][info ][safepoint    ] Application time: 0.0003914 seconds
[3.646s][info ][safepoint    ] Entering safepoint region: RevokeBias
[3.646s][info ][safepoint    ] Leaving safepoint region
[3.646s][info ][safepoint    ] Total time for which application threads were stopped: 0.0001448 seconds, Stopping threads took: 0.0000538 seconds
[3.653s][info ][safepoint    ] Application time: 0.0067996 seconds
[3.653s][info ][safepoint    ] Entering safepoint region: RevokeBias
[3.653s][info ][safepoint    ] Leaving safepoint region
[3.653s][info ][safepoint    ] Total time for which application threads were stopped: 0.0000728 seconds, Stopping threads took: 0.0000245 seconds
[3.654s][info ][safepoint    ] Application time: 0.0012080 seconds
[3.654s][info ][safepoint    ] Entering safepoint region: CollectForMetadataAllocation
[3.654s][info ][safepoint    ] Leaving safepoint region
[3.654s][info ][safepoint    ] Total time for which application threads were stopped: 0.0000730 seconds, Stopping threads took: 0.0000238 seconds
[3.654s][info ][safepoint    ] Application time: 0.0000758 seconds
[3.654s][info ][safepoint    ] Entering safepoint region: CollectForMetadataAllocation
[3.654s][info ][safepoint    ] Leaving safepoint region
[3.654s][info ][safepoint    ] Total time for which application threads were stopped: 0.0000572 seconds, Stopping threads took: 0.0000398 seconds
[3.656s][info ][safepoint    ] Application time: 0.0022619 seconds
[3.656s][info ][safepoint    ] Entering safepoint region: RevokeBias
[3.656s][info ][safepoint    ] Leaving safepoint region
[3.656s][info ][safepoint    ] Total time for which application threads were stopped: 0.0001117 seconds, Stopping threads took: 0.0000608 seconds
[3.659s][info ][safepoint    ] Application time: 0.0025014 seconds
[3.659s][info ][safepoint    ] Entering safepoint region: RevokeBias
[3.659s][info ][safepoint    ] Leaving safepoint region
[3.659s][info ][safepoint    ] Total time for which application threads were stopped: 0.0001168 seconds, Stopping threads took: 0.0000677 seconds
[3.660s][info ][safepoint    ] Application time: 0.0011378 seconds
[3.660s][info ][safepoint    ] Entering safepoint region: CollectForMetadataAllocation
[3.660s][info ][safepoint    ] Leaving safepoint region
[3.660s][info ][safepoint    ] Total time for which application threads were stopped: 0.0001017 seconds, Stopping threads took: 0.0000239 seconds
[3.660s][info ][safepoint    ] Application time: 0.0000641 seconds
[3.660s][info ][safepoint    ] Entering safepoint region: CollectForMetadataAllocation
[3.661s][info ][safepoint    ] Leaving safepoint region
[3.661s][info ][safepoint    ] Total time for which application threads were stopped: 0.0000782 seconds, Stopping threads took: 0.0000553 seconds
[3.661s][info ][safepoint    ] Application time: 0.0006542 seconds
[3.661s][info ][safepoint    ] Entering safepoint region: RevokeBias
[3.661s][info ][safepoint    ] Leaving safepoint region
[3.661s][info ][safepoint    ] Total time for which application threads were stopped: 0.0001937 seconds, Stopping threads took: 0.0001587 seconds
[3.662s][info ][safepoint    ] Application time: 0.0001809 seconds
[3.662s][info ][safepoint    ] Entering safepoint region: RevokeBias
[3.662s][info ][safepoint    ] Leaving safepoint region
[3.662s][info ][safepoint    ] Total time for which application threads were stopped: 0.0000925 seconds, Stopping threads took: 0.0000495 seconds
[3.662s][info ][safepoint    ] Application time: 0.0003783 seconds
[3.662s][info ][safepoint    ] Entering safepoint region: RevokeBias
[3.662s][info ][safepoint    ] Leaving safepoint region
[3.662s][info ][safepoint    ] Total time for which application threads were stopped: 0.0000622 seconds, Stopping threads took: 0.0000079 seconds
[3.664s][info ][safepoint    ] Application time: 0.0016608 seconds
[3.664s][info ][safepoint    ] Entering safepoint region: RevokeBias
[3.664s][info ][safepoint    ] Leaving safepoint region
[3.664s][info ][safepoint    ] Total time for which application threads were stopped: 0.0002286 seconds, Stopping threads took: 0.0001618 seconds
[3.665s][info ][safepoint    ] Application time: 0.0012117 seconds
[3.665s][info ][safepoint    ] Entering safepoint region: RevokeBias
[3.665s][info ][safepoint    ] Leaving safepoint region
[3.665s][info ][safepoint    ] Total time for which application threads were stopped: 0.0001416 seconds, Stopping threads took: 0.0000928 seconds
[3.667s][info ][safepoint    ] Application time: 0.0013740 seconds
[3.667s][info ][safepoint    ] Entering safepoint region: RevokeBias
[3.667s][info ][safepoint    ] Leaving safepoint region
[3.667s][info ][safepoint    ] Total time for which application threads were stopped: 0.0000988 seconds, Stopping threads took: 0.0000439 seconds
[3.668s][info ][safepoint    ] Application time: 0.0011951 seconds
[3.668s][info ][safepoint    ] Entering safepoint region: RevokeBias
[3.668s][info ][safepoint    ] Leaving safepoint region
[3.668s][info ][safepoint    ] Total time for which application threads were stopped: 0.0001387 seconds, Stopping threads took: 0.0000859 seconds
[3.670s][info ][safepoint    ] Application time: 0.0017236 seconds
[3.670s][info ][safepoint    ] Entering safepoint region: RevokeBias
[3.670s][info ][safepoint    ] Leaving safepoint region
[3.670s][info ][safepoint    ] Total time for which application threads were stopped: 0.0002024 seconds, Stopping threads took: 0.0001212 seconds
[3.671s][info ][safepoint    ] Application time: 0.0006722 seconds
[3.671s][info ][safepoint    ] Entering safepoint region: CollectForMetadataAllocation
[3.671s][info ][safepoint    ] Leaving safepoint region
[3.671s][info ][safepoint    ] Total time for which application threads were stopped: 0.0001432 seconds, Stopping threads took: 0.0000580 seconds
[3.672s][info ][safepoint    ] Application time: 0.0004976 seconds
[3.672s][info ][safepoint    ] Entering safepoint region: RevokeBias
[3.672s][info ][safepoint    ] Leaving safepoint region
[3.672s][info ][safepoint    ] Total time for which application threads were stopped: 0.0000618 seconds, Stopping threads took: 0.0000256 seconds
[3.673s][info ][safepoint    ] Application time: 0.0009193 seconds
[3.673s][info ][safepoint    ] Entering safepoint region: RevokeBias
[3.673s][info ][safepoint    ] Leaving safepoint region
[3.673s][info ][safepoint    ] Total time for which application threads were stopped: 0.0000681 seconds, Stopping threads took: 0.0000246 seconds
[3.674s][info ][safepoint    ] Application time: 0.0010869 seconds
[3.674s][info ][safepoint    ] Entering safepoint region: RevokeBias
[3.674s][info ][safepoint    ] Leaving safepoint region
[3.674s][info ][safepoint    ] Total time for which application threads were stopped: 0.0001426 seconds, Stopping threads took: 0.0000713 seconds
[3.675s][info ][safepoint    ] Application time: 0.0006520 seconds
[3.675s][info ][safepoint    ] Entering safepoint region: RevokeBias
[3.675s][info ][safepoint    ] Leaving safepoint region
[3.675s][info ][safepoint    ] Total time for which application threads were stopped: 0.0000720 seconds, Stopping threads took: 0.0000278 seconds
[3.677s][info ][safepoint    ] Application time: 0.0020846 seconds
[3.677s][info ][safepoint    ] Entering safepoint region: RevokeBias
[3.677s][info ][safepoint    ] Leaving safepoint region
[3.677s][info ][safepoint    ] Total time for which application threads were stopped: 0.0002171 seconds, Stopping threads took: 0.0001247 seconds
[3.678s][info ][safepoint    ] Application time: 0.0011790 seconds
[3.678s][info ][safepoint    ] Entering safepoint region: RevokeBias
[3.678s][info ][safepoint    ] Leaving safepoint region
[3.678s][info ][safepoint    ] Total time for which application threads were stopped: 0.0001060 seconds, Stopping threads took: 0.0000237 seconds
[3.679s][info ][safepoint    ] Application time: 0.0007356 seconds
[3.679s][info ][safepoint    ] Entering safepoint region: RevokeBias
[3.679s][info ][safepoint    ] Leaving safepoint region
[3.679s][info ][safepoint    ] Total time for which application threads were stopped: 0.0000642 seconds, Stopping threads took: 0.0000259 seconds
[3.680s][info ][safepoint    ] Application time: 0.0010015 seconds
[3.682s][info ][safepoint    ] Entering safepoint region: CollectForMetadataAllocation
[3.682s][info ][safepoint    ] Leaving safepoint region
[3.682s][info ][safepoint    ] Total time for which application threads were stopped: 0.0018225 seconds, Stopping threads took: 0.0017774 seconds
[3.682s][info ][safepoint    ] Application time: 0.0002765 seconds
[3.682s][info ][safepoint    ] Entering safepoint region: RevokeBias
[3.682s][info ][safepoint    ] Leaving safepoint region
[3.682s][info ][safepoint    ] Total time for which application threads were stopped: 0.0000954 seconds, Stopping threads took: 0.0000254 seconds
[3.684s][info ][safepoint    ] Application time: 0.0020035 seconds
[3.684s][info ][safepoint    ] Entering safepoint region: RevokeBias
[3.685s][info ][safepoint    ] Leaving safepoint region
[3.685s][info ][safepoint    ] Total time for which application threads were stopped: 0.0001962 seconds, Stopping threads took: 0.0001387 seconds
[3.686s][info ][safepoint    ] Application time: 0.0012491 seconds
[3.686s][info ][safepoint    ] Entering safepoint region: BulkRevokeBias
[3.686s][info ][safepoint    ] Leaving safepoint region
[3.686s][info ][safepoint    ] Total time for which application threads were stopped: 0.0002296 seconds, Stopping threads took: 0.0000709 seconds
[3.695s][info ][safepoint    ] Application time: 0.0091941 seconds
[3.695s][info ][safepoint    ] Entering safepoint region: CollectForMetadataAllocation
[3.695s][info ][safepoint    ] Leaving safepoint region
[3.695s][info ][safepoint    ] Total time for which application threads were stopped: 0.0001432 seconds, Stopping threads took: 0.0000459 seconds
[3.705s][info ][safepoint    ] Application time: 0.0100106 seconds
[3.705s][info ][safepoint    ] Entering safepoint region: CollectForMetadataAllocation
[3.706s][info ][safepoint    ] Leaving safepoint region
[3.706s][info ][safepoint    ] Total time for which application threads were stopped: 0.0000986 seconds, Stopping threads took: 0.0000401 seconds
[3.708s][info ][safepoint    ] Application time: 0.0028361 seconds
[3.708s][info ][safepoint    ] Entering safepoint region: RevokeBias
[3.708s][info ][safepoint    ] Leaving safepoint region
[3.708s][info ][safepoint    ] Total time for which application threads were stopped: 0.0000793 seconds, Stopping threads took: 0.0000336 seconds
[3.713s][info ][safepoint    ] Application time: 0.0050353 seconds
[3.714s][info ][safepoint    ] Entering safepoint region: CollectForMetadataAllocation
[3.714s][info ][safepoint    ] Leaving safepoint region
[3.714s][info ][safepoint    ] Total time for which application threads were stopped: 0.0000971 seconds, Stopping threads took: 0.0000418 seconds
[3.714s][info ][safepoint    ] Application time: 0.0007109 seconds
[3.714s][info ][safepoint    ] Entering safepoint region: RevokeBias
[3.714s][info ][safepoint    ] Leaving safepoint region
[3.715s][info ][safepoint    ] Total time for which application threads were stopped: 0.0001741 seconds, Stopping threads took: 0.0000310 seconds
[3.717s][info ][safepoint    ] Application time: 0.0022199 seconds
[3.717s][info ][safepoint    ] Entering safepoint region: RevokeBias
[3.717s][info ][safepoint    ] Leaving safepoint region
[3.717s][info ][safepoint    ] Total time for which application threads were stopped: 0.0001335 seconds, Stopping threads took: 0.0000350 seconds
[3.721s][info ][safepoint    ] Application time: 0.0038505 seconds
[3.721s][info ][safepoint    ] Entering safepoint region: RevokeBias
[3.721s][info ][safepoint    ] Leaving safepoint region
[3.721s][info ][safepoint    ] Total time for which application threads were stopped: 0.0001185 seconds, Stopping threads took: 0.0000562 seconds
[3.728s][info ][safepoint    ] Application time: 0.0071705 seconds
[3.728s][info ][safepoint    ] Entering safepoint region: CollectForMetadataAllocation
[3.728s][info ][safepoint    ] Leaving safepoint region
[3.728s][info ][safepoint    ] Total time for which application threads were stopped: 0.0001193 seconds, Stopping threads took: 0.0000311 seconds
[3.734s][info ][safepoint    ] Application time: 0.0059269 seconds
[3.734s][info ][safepoint    ] Entering safepoint region: RevokeBias
[3.734s][info ][safepoint    ] Leaving safepoint region
[3.734s][info ][safepoint    ] Total time for which application threads were stopped: 0.0001056 seconds, Stopping threads took: 0.0000459 seconds
[3.740s][info ][safepoint    ] Application time: 0.0060215 seconds
[3.740s][info ][safepoint    ] Entering safepoint region: CollectForMetadataAllocation
[3.740s][info ][safepoint    ] Leaving safepoint region
[3.740s][info ][safepoint    ] Total time for which application threads were stopped: 0.0001533 seconds, Stopping threads took: 0.0000820 seconds
[3.754s][info ][safepoint    ] Application time: 0.0138344 seconds
[3.754s][info ][safepoint    ] Entering safepoint region: RevokeBias
[3.754s][info ][safepoint    ] Leaving safepoint region
[3.754s][info ][safepoint    ] Total time for which application threads were stopped: 0.0001549 seconds, Stopping threads took: 0.0000324 seconds
[3.756s][info ][safepoint    ] Application time: 0.0016250 seconds
[3.756s][info ][safepoint    ] Entering safepoint region: CollectForMetadataAllocation
[3.756s][info ][safepoint    ] Leaving safepoint region
[3.756s][info ][safepoint    ] Total time for which application threads were stopped: 0.0000930 seconds, Stopping threads took: 0.0000380 seconds
[3.757s][info ][safepoint    ] Application time: 0.0009584 seconds
[3.757s][info ][safepoint    ] Entering safepoint region: RevokeBias
[3.757s][info ][safepoint    ] Leaving safepoint region
[3.757s][info ][safepoint    ] Total time for which application threads were stopped: 0.0000918 seconds, Stopping threads took: 0.0000228 seconds
[3.758s][info ][safepoint    ] Application time: 0.0006187 seconds
[3.758s][info ][safepoint    ] Entering safepoint region: Deoptimize
[3.758s][info ][safepoint    ] Leaving safepoint region
[3.758s][info ][safepoint    ] Total time for which application threads were stopped: 0.0004001 seconds, Stopping threads took: 0.0000364 seconds
[3.781s][info ][safepoint    ] Application time: 0.0223043 seconds
[3.781s][info ][safepoint    ] Entering safepoint region: RevokeBias
[3.781s][info ][safepoint    ] Leaving safepoint region
[3.781s][info ][safepoint    ] Total time for which application threads were stopped: 0.0001346 seconds, Stopping threads took: 0.0000739 seconds
[3.781s][info ][safepoint    ] Application time: 0.0002926 seconds
[3.782s][info ][safepoint    ] Entering safepoint region: RevokeBias
[3.782s][info ][safepoint    ] Leaving safepoint region
[3.782s][info ][safepoint    ] Total time for which application threads were stopped: 0.0012428 seconds, Stopping threads took: 0.0011682 seconds
[3.783s][info ][safepoint    ] Application time: 0.0004012 seconds
[3.783s][info ][safepoint    ] Entering safepoint region: RevokeBias
[3.783s][info ][safepoint    ] Leaving safepoint region
[3.783s][info ][safepoint    ] Total time for which application threads were stopped: 0.0001352 seconds, Stopping threads took: 0.0000746 seconds
[3.784s][info ][safepoint    ] Application time: 0.0013945 seconds
[3.784s][info ][safepoint    ] Entering safepoint region: RevokeBias
[3.785s][info ][safepoint    ] Leaving safepoint region
[3.785s][info ][safepoint    ] Total time for which application threads were stopped: 0.0002445 seconds, Stopping threads took: 0.0000911 seconds
[3.785s][info ][safepoint    ] Application time: 0.0001415 seconds
[3.785s][info ][safepoint    ] Entering safepoint region: RevokeBias
[3.785s][info ][safepoint    ] Leaving safepoint region
[3.785s][info ][safepoint    ] Total time for which application threads were stopped: 0.0000951 seconds, Stopping threads took: 0.0000251 seconds
[3.786s][info ][safepoint    ] Application time: 0.0011582 seconds
[3.786s][info ][safepoint    ] Entering safepoint region: RevokeBias
[3.786s][info ][safepoint    ] Leaving safepoint region
[3.786s][info ][safepoint    ] Total time for which application threads were stopped: 0.0004401 seconds, Stopping threads took: 0.0003067 seconds
[3.787s][info ][safepoint    ] Application time: 0.0002009 seconds
[3.787s][info ][safepoint    ] Entering safepoint region: RevokeBias
[3.787s][info ][safepoint    ] Leaving safepoint region
[3.787s][info ][safepoint    ] Total time for which application threads were stopped: 0.0000833 seconds, Stopping threads took: 0.0000262 seconds
[3.788s][info ][safepoint    ] Application time: 0.0011206 seconds
[3.788s][info ][safepoint    ] Entering safepoint region: RevokeBias
[3.788s][info ][safepoint    ] Leaving safepoint region
[3.788s][info ][safepoint    ] Total time for which application threads were stopped: 0.0002019 seconds, Stopping threads took: 0.0000544 seconds
[3.791s][info ][safepoint    ] Application time: 0.0025047 seconds
[3.791s][info ][safepoint    ] Entering safepoint region: RevokeBias
[3.791s][info ][safepoint    ] Leaving safepoint region
[3.791s][info ][safepoint    ] Total time for which application threads were stopped: 0.0005283 seconds, Stopping threads took: 0.0000713 seconds
[3.806s][info ][safepoint    ] Application time: 0.0152314 seconds
[3.808s][info ][safepoint    ] Entering safepoint region: CollectForMetadataAllocation
[3.808s][info ][safepoint    ] Leaving safepoint region
[3.808s][info ][safepoint    ] Total time for which application threads were stopped: 0.0018680 seconds, Stopping threads took: 0.0017428 seconds
[3.808s][info ][safepoint    ] Application time: 0.0000653 seconds
[3.808s][info ][safepoint    ] Entering safepoint region: CollectForMetadataAllocation
[3.808s][info ][safepoint    ] Leaving safepoint region
[3.808s][info ][safepoint    ] Total time for which application threads were stopped: 0.0001207 seconds, Stopping threads took: 0.0000784 seconds
[3.811s][info ][safepoint    ] Application time: 0.0029750 seconds
[3.814s][info ][safepoint    ] Entering safepoint region: CollectForMetadataAllocation
[3.814s][info ][safepoint    ] Leaving safepoint region
[3.814s][info ][safepoint    ] Total time for which application threads were stopped: 0.0029601 seconds, Stopping threads took: 0.0029132 seconds
[3.815s][info ][safepoint    ] Application time: 0.0001272 seconds
[3.815s][info ][safepoint    ] Entering safepoint region: CollectForMetadataAllocation
[3.815s][info ][safepoint    ] Leaving safepoint region
[3.815s][info ][safepoint    ] Total time for which application threads were stopped: 0.0001819 seconds, Stopping threads took: 0.0000950 seconds
[3.816s][info ][safepoint    ] Application time: 0.0017062 seconds
[3.817s][info ][safepoint    ] Entering safepoint region: RevokeBias
[3.817s][info ][safepoint    ] Leaving safepoint region
[3.817s][info ][safepoint    ] Total time for which application threads were stopped: 0.0002137 seconds, Stopping threads took: 0.0000346 seconds
[3.817s][info ][safepoint    ] Application time: 0.0006929 seconds
[3.817s][info ][safepoint    ] Entering safepoint region: RevokeBias
[3.818s][info ][safepoint    ] Leaving safepoint region
[3.818s][info ][safepoint    ] Total time for which application threads were stopped: 0.0002398 seconds, Stopping threads took: 0.0000949 seconds
[3.823s][info ][safepoint    ] Application time: 0.0050595 seconds
[3.823s][info ][safepoint    ] Entering safepoint region: RevokeBias
[3.823s][info ][safepoint    ] Leaving safepoint region
[3.823s][info ][safepoint    ] Total time for which application threads were stopped: 0.0003215 seconds, Stopping threads took: 0.0001458 seconds
[3.824s][info ][safepoint    ] Application time: 0.0008111 seconds
[3.824s][info ][safepoint    ] Entering safepoint region: RevokeBias
[3.824s][info ][safepoint    ] Leaving safepoint region
[3.824s][info ][safepoint    ] Total time for which application threads were stopped: 0.0003080 seconds, Stopping threads took: 0.0001885 seconds
[3.824s][info ][safepoint    ] Application time: 0.0002001 seconds
[3.825s][info ][safepoint    ] Entering safepoint region: RevokeBias
[3.825s][info ][safepoint    ] Leaving safepoint region
[3.825s][info ][safepoint    ] Total time for which application threads were stopped: 0.0003393 seconds, Stopping threads took: 0.0001643 seconds
[3.825s][info ][safepoint    ] Application time: 0.0006179 seconds
[3.826s][info ][safepoint    ] Entering safepoint region: RevokeBias
[3.826s][info ][safepoint    ] Leaving safepoint region
[3.826s][info ][safepoint    ] Total time for which application threads were stopped: 0.0002921 seconds, Stopping threads took: 0.0001456 seconds
[3.828s][info ][safepoint    ] Application time: 0.0025870 seconds
[3.828s][info ][safepoint    ] Entering safepoint region: RevokeBias
[3.829s][info ][safepoint    ] Leaving safepoint region
[3.829s][info ][safepoint    ] Total time for which application threads were stopped: 0.0003453 seconds, Stopping threads took: 0.0000766 seconds
[3.829s][info ][safepoint    ] Application time: 0.0002371 seconds
[3.830s][info ][safepoint    ] Entering safepoint region: RevokeBias
[3.830s][info ][safepoint    ] Leaving safepoint region
[3.830s][info ][safepoint    ] Total time for which application threads were stopped: 0.0012646 seconds, Stopping threads took: 0.0011101 seconds
[3.830s][info ][safepoint    ] Application time: 0.0001249 seconds
[3.830s][info ][safepoint    ] Entering safepoint region: CollectForMetadataAllocation
[3.830s][info ][safepoint    ] Leaving safepoint region
[3.830s][info ][safepoint    ] Total time for which application threads were stopped: 0.0001255 seconds, Stopping threads took: 0.0000823 seconds
[3.832s][info ][safepoint    ] Application time: 0.0012922 seconds
[3.832s][info ][safepoint    ] Entering safepoint region: Deoptimize
[3.832s][info ][safepoint    ] Leaving safepoint region
[3.832s][info ][safepoint    ] Total time for which application threads were stopped: 0.0004759 seconds, Stopping threads took: 0.0001034 seconds
[3.843s][info ][safepoint    ] Application time: 0.0105125 seconds
[3.843s][info ][safepoint    ] Entering safepoint region: RevokeBias
[3.843s][info ][safepoint    ] Leaving safepoint region
[3.843s][info ][safepoint    ] Total time for which application threads were stopped: 0.0005468 seconds, Stopping threads took: 0.0003879 seconds
[3.858s][info ][safepoint    ] Application time: 0.0147379 seconds
[3.858s][info ][safepoint    ] Entering safepoint region: RevokeBias
[3.859s][info ][safepoint    ] Leaving safepoint region
[3.859s][info ][safepoint    ] Total time for which application threads were stopped: 0.0007099 seconds, Stopping threads took: 0.0001055 seconds
[3.867s][info ][safepoint    ] Application time: 0.0084954 seconds
[3.868s][info ][safepoint    ] Entering safepoint region: RevokeBias
[3.868s][info ][safepoint    ] Leaving safepoint region
[3.868s][info ][safepoint    ] Total time for which application threads were stopped: 0.0004301 seconds, Stopping threads took: 0.0001648 seconds
[3.874s][info ][safepoint    ] Application time: 0.0063985 seconds
[3.874s][info ][safepoint    ] Entering safepoint region: RevokeBias
[3.875s][info ][safepoint    ] Leaving safepoint region
[3.875s][info ][safepoint    ] Total time for which application threads were stopped: 0.0002458 seconds, Stopping threads took: 0.0001063 seconds
[3.875s][info ][safepoint    ] Application time: 0.0007016 seconds
[3.875s][info ][safepoint    ] Entering safepoint region: RevokeBias
[3.876s][info ][safepoint    ] Leaving safepoint region
[3.876s][info ][safepoint    ] Total time for which application threads were stopped: 0.0002295 seconds, Stopping threads took: 0.0000932 seconds
[3.878s][info ][safepoint    ] Application time: 0.0020850 seconds
[3.878s][info ][safepoint    ] Entering safepoint region: RevokeBias
[3.878s][info ][safepoint    ] Leaving safepoint region
[3.878s][info ][safepoint    ] Total time for which application threads were stopped: 0.0002475 seconds, Stopping threads took: 0.0001032 seconds
[3.879s][info ][safepoint    ] Application time: 0.0011001 seconds
[3.879s][info ][safepoint    ] Entering safepoint region: RevokeBias
[3.879s][info ][safepoint    ] Leaving safepoint region
[3.879s][info ][safepoint    ] Total time for which application threads were stopped: 0.0002199 seconds, Stopping threads took: 0.0000542 seconds
[3.881s][info ][safepoint    ] Application time: 0.0018392 seconds
[3.881s][info ][safepoint    ] Entering safepoint region: RevokeBias
[3.881s][info ][safepoint    ] Leaving safepoint region
[3.881s][info ][safepoint    ] Total time for which application threads were stopped: 0.0002097 seconds, Stopping threads took: 0.0000730 seconds
[3.883s][info ][safepoint    ] Application time: 0.0018698 seconds
[3.883s][info ][safepoint    ] Entering safepoint region: RevokeBias
[3.883s][info ][safepoint    ] Leaving safepoint region
[3.883s][info ][safepoint    ] Total time for which application threads were stopped: 0.0003312 seconds, Stopping threads took: 0.0001389 seconds
[3.890s][info ][safepoint    ] Application time: 0.0061623 seconds
[3.890s][info ][safepoint    ] Entering safepoint region: RevokeBias
[3.890s][info ][safepoint    ] Leaving safepoint region
[3.890s][info ][safepoint    ] Total time for which application threads were stopped: 0.0002475 seconds, Stopping threads took: 0.0001351 seconds
[3.909s][info ][safepoint    ] Application time: 0.0191901 seconds
[3.909s][info ][safepoint    ] Entering safepoint region: RevokeBias
[3.910s][info ][safepoint    ] Leaving safepoint region
[3.910s][info ][safepoint    ] Total time for which application threads were stopped: 0.0005120 seconds, Stopping threads took: 0.0001823 seconds
[3.913s][info ][safepoint    ] Application time: 0.0034702 seconds
[3.913s][info ][safepoint    ] Entering safepoint region: BulkRevokeBias
[3.914s][info ][safepoint    ] Leaving safepoint region
[3.914s][info ][safepoint    ] Total time for which application threads were stopped: 0.0011087 seconds, Stopping threads took: 0.0001029 seconds
[3.915s][info ][safepoint    ] Application time: 0.0008027 seconds
[3.915s][info ][safepoint    ] Entering safepoint region: RevokeBias
[3.915s][info ][safepoint    ] Leaving safepoint region
[3.915s][info ][safepoint    ] Total time for which application threads were stopped: 0.0002680 seconds, Stopping threads took: 0.0000973 seconds
[3.916s][info ][safepoint    ] Application time: 0.0009369 seconds
[3.916s][info ][safepoint    ] Entering safepoint region: RevokeBias
[3.917s][info ][safepoint    ] Leaving safepoint region
[3.917s][info ][safepoint    ] Total time for which application threads were stopped: 0.0003063 seconds, Stopping threads took: 0.0001264 seconds
[3.938s][info ][safepoint    ] Application time: 0.0215850 seconds
[3.938s][info ][safepoint    ] Entering safepoint region: RevokeBias
[3.939s][info ][safepoint    ] Leaving safepoint region
[3.939s][info ][safepoint    ] Total time for which application threads were stopped: 0.0006230 seconds, Stopping threads took: 0.0001151 seconds
[3.949s][info ][safepoint    ] Application time: 0.0102013 seconds
[3.950s][info ][safepoint    ] Entering safepoint region: RevokeBias
[3.951s][info ][safepoint    ] Leaving safepoint region
[3.951s][info ][safepoint    ] Total time for which application threads were stopped: 0.0015267 seconds, Stopping threads took: 0.0012311 seconds
[3.971s][info ][safepoint    ] Application time: 0.0204725 seconds
[3.971s][info ][safepoint    ] Entering safepoint region: RevokeBias
[3.972s][info ][safepoint    ] Leaving safepoint region
[3.972s][info ][safepoint    ] Total time for which application threads were stopped: 0.0003834 seconds, Stopping threads took: 0.0001316 seconds
[3.987s][info ][safepoint    ] Application time: 0.0158925 seconds
[3.991s][info ][safepoint    ] Entering safepoint region: RevokeBias
[3.991s][info ][safepoint    ] Leaving safepoint region
[3.991s][info ][safepoint    ] Total time for which application threads were stopped: 0.0034054 seconds, Stopping threads took: 0.0031805 seconds
[3.993s][info ][safepoint    ] Application time: 0.0025953 seconds
[3.994s][info ][safepoint    ] Entering safepoint region: RevokeBias
[3.995s][info ][safepoint    ] Leaving safepoint region
[3.995s][info ][safepoint    ] Total time for which application threads were stopped: 0.0011477 seconds, Stopping threads took: 0.0008942 seconds
[3.995s][info ][safepoint    ] Application time: 0.0004096 seconds
[3.998s][info ][safepoint    ] Entering safepoint region: RevokeBias
[3.998s][info ][safepoint    ] Leaving safepoint region
[3.998s][info ][safepoint    ] Total time for which application threads were stopped: 0.0030947 seconds, Stopping threads took: 0.0029375 seconds
[4.001s][info ][safepoint    ] Application time: 0.0024494 seconds
[4.001s][info ][safepoint    ] Entering safepoint region: RevokeBias
[4.001s][info ][safepoint    ] Leaving safepoint region
[4.001s][info ][safepoint    ] Total time for which application threads were stopped: 0.0002229 seconds, Stopping threads took: 0.0000842 seconds
[4.004s][info ][safepoint    ] Application time: 0.0034940 seconds
[4.004s][info ][safepoint    ] Entering safepoint region: BulkRevokeBias
[4.005s][info ][safepoint    ] Leaving safepoint region
[4.005s][info ][safepoint    ] Total time for which application threads were stopped: 0.0011086 seconds, Stopping threads took: 0.0001087 seconds
[4.071s][info ][safepoint    ] Application time: 0.0655039 seconds
[4.074s][info ][safepoint    ] Entering safepoint region: RevokeBias
[4.075s][info ][safepoint    ] Leaving safepoint region
[4.075s][info ][safepoint    ] Total time for which application threads were stopped: 0.0036379 seconds, Stopping threads took: 0.0033709 seconds
[4.095s][info ][safepoint    ] Application time: 0.0204786 seconds
[4.095s][info ][safepoint    ] Entering safepoint region: RevokeBias
[4.096s][info ][safepoint    ] Leaving safepoint region
[4.096s][info ][safepoint    ] Total time for which application threads were stopped: 0.0003522 seconds, Stopping threads took: 0.0001367 seconds
[4.097s][info ][gc           ] GC(1) Concurrent Abortable Preclean 581.346ms
[4.097s][info ][gc,cpu       ] GC(1) User=2.82s Sys=0.12s Real=0.58s
[4.097s][info ][safepoint    ] Application time: 0.0013173 seconds
[4.097s][info ][safepoint    ] Entering safepoint region: CMS_Final_Remark
[4.097s][info ][gc,start     ] GC(1) Pause Remark
[4.132s][debug][gc,phases    ] GC(1) Rescan (parallel) 34.352ms
[4.132s][debug][gc,ref       ] GC(1) Skipped phase1 of Reference Processing due to unavailable references
[4.132s][debug][gc,ref       ] GC(1) Skipped phase2 of Reference Processing due to unavailable references
[4.132s][debug][gc,ref       ] GC(1) Skipped phase3 of Reference Processing due to unavailable references
[4.132s][debug][gc,ref       ] GC(1) Skipped phase4 of Reference Processing due to unavailable references
[4.132s][debug][gc,phases    ] GC(1) Reference Processing 0.032ms
[4.132s][debug][gc,phases    ] GC(1) Weak Processing 0.029ms
[4.132s][debug][gc,phases    ] GC(1) ClassLoaderData 0.455ms
[4.132s][debug][gc,phases    ] GC(1) ProtectionDomainCacheTable 0.005ms
[4.132s][debug][gc,phases    ] GC(1) ResolvedMethodTable 0.051ms
[4.134s][debug][gc,phases    ] GC(1) Class Unloading 2.007ms
[4.136s][debug][gc,phases    ] GC(1) Scrub Symbol Table 2.033ms
[4.136s][debug][gc,phases    ] GC(1) Scrub String Table 0.184ms
[4.137s][info ][gc           ] GC(1) Pause Remark 171M->171M(852M) 39.474ms
[4.137s][info ][gc,cpu       ] GC(1) User=0.15s Sys=0.00s Real=0.04s
[4.137s][info ][safepoint    ] Leaving safepoint region
[4.137s][info ][safepoint    ] Total time for which application threads were stopped: 0.0397555 seconds, Stopping threads took: 0.0001423 seconds
[4.137s][info ][gc           ] GC(1) Concurrent Sweep
[4.137s][info ][safepoint    ] Application time: 0.0003630 seconds
[4.137s][info ][safepoint    ] Entering safepoint region: RevokeBias
[4.137s][info ][safepoint    ] Leaving safepoint region
[4.137s][info ][safepoint    ] Total time for which application threads were stopped: 0.0003218 seconds, Stopping threads took: 0.0000820 seconds
[4.139s][info ][gc           ] GC(1) Concurrent Sweep 1.874ms
[4.139s][info ][gc,cpu       ] GC(1) User=0.01s Sys=0.00s Real=0.00s
[4.139s][info ][gc           ] GC(1) Concurrent Reset
[4.152s][info ][gc           ] GC(1) Concurrent Reset 13.814ms
[4.152s][info ][gc,cpu       ] GC(1) User=0.08s Sys=0.01s Real=0.01s
[4.152s][info ][gc,heap      ] GC(1) Old: 2881K->2881K(602112K)
[4.166s][info ][safepoint    ] Application time: 0.0281627 seconds
[4.166s][info ][safepoint    ] Entering safepoint region: RevokeBias
[4.166s][info ][safepoint    ] Leaving safepoint region
[4.166s][info ][safepoint    ] Total time for which application threads were stopped: 0.0004725 seconds, Stopping threads took: 0.0002085 seconds
[4.168s][info ][safepoint    ] Application time: 0.0021264 seconds
[4.168s][info ][safepoint    ] Entering safepoint region: RevokeBias
[4.168s][info ][safepoint    ] Leaving safepoint region
[4.169s][info ][safepoint    ] Total time for which application threads were stopped: 0.0003411 seconds, Stopping threads took: 0.0001335 seconds
[4.197s][info ][safepoint    ] Application time: 0.0281883 seconds
[4.197s][info ][safepoint    ] Entering safepoint region: RevokeBias
[4.197s][info ][safepoint    ] Leaving safepoint region
[4.197s][info ][safepoint    ] Total time for which application threads were stopped: 0.0004312 seconds, Stopping threads took: 0.0001729 seconds
[4.198s][info ][safepoint    ] Application time: 0.0012418 seconds
[4.199s][info ][safepoint    ] Entering safepoint region: RevokeBias
[4.199s][info ][safepoint    ] Leaving safepoint region
[4.199s][info ][safepoint    ] Total time for which application threads were stopped: 0.0002193 seconds, Stopping threads took: 0.0000909 seconds
[4.200s][info ][safepoint    ] Application time: 0.0012219 seconds
[4.203s][info ][safepoint    ] Entering safepoint region: RevokeBias
[4.203s][info ][safepoint    ] Leaving safepoint region
[4.203s][info ][safepoint    ] Total time for which application threads were stopped: 0.0031985 seconds, Stopping threads took: 0.0030718 seconds
[4.235s][info ][safepoint    ] Application time: 0.0319209 seconds
[4.235s][info ][safepoint    ] Entering safepoint region: RevokeBias
[4.235s][info ][safepoint    ] Leaving safepoint region
[4.235s][info ][safepoint    ] Total time for which application threads were stopped: 0.0004090 seconds, Stopping threads took: 0.0001296 seconds
[4.244s][info ][safepoint    ] Application time: 0.0083891 seconds
[4.244s][info ][safepoint    ] Entering safepoint region: RevokeBias
[4.244s][info ][safepoint    ] Leaving safepoint region
[4.244s][info ][safepoint    ] Total time for which application threads were stopped: 0.0003511 seconds, Stopping threads took: 0.0001286 seconds
[4.254s][info ][safepoint    ] Application time: 0.0099935 seconds
[4.254s][info ][safepoint    ] Entering safepoint region: Deoptimize
[4.255s][info ][safepoint    ] Leaving safepoint region
[4.255s][info ][safepoint    ] Total time for which application threads were stopped: 0.0006638 seconds, Stopping threads took: 0.0000955 seconds
[4.259s][info ][safepoint    ] Application time: 0.0037916 seconds
[4.259s][info ][safepoint    ] Entering safepoint region: RevokeBias
[4.259s][info ][safepoint    ] Leaving safepoint region
[4.259s][info ][safepoint    ] Total time for which application threads were stopped: 0.0002747 seconds, Stopping threads took: 0.0001262 seconds
[4.262s][info ][safepoint    ] Application time: 0.0028075 seconds
[4.262s][info ][safepoint    ] Entering safepoint region: RevokeBias
[4.262s][info ][safepoint    ] Leaving safepoint region
[4.262s][info ][safepoint    ] Total time for which application threads were stopped: 0.0003050 seconds, Stopping threads took: 0.0001079 seconds
[4.279s][info ][safepoint    ] Application time: 0.0172815 seconds
[4.280s][info ][safepoint    ] Entering safepoint region: RevokeBias
[4.281s][info ][safepoint    ] Leaving safepoint region
[4.281s][info ][safepoint    ] Total time for which application threads were stopped: 0.0013181 seconds, Stopping threads took: 0.0008519 seconds
[4.290s][info ][safepoint    ] Application time: 0.0090147 seconds
[4.290s][info ][safepoint    ] Entering safepoint region: RevokeBias
[4.290s][info ][safepoint    ] Leaving safepoint region
[4.290s][info ][safepoint    ] Total time for which application threads were stopped: 0.0002066 seconds, Stopping threads took: 0.0001040 seconds
[4.294s][info ][safepoint    ] Application time: 0.0039797 seconds
[4.294s][info ][safepoint    ] Entering safepoint region: RevokeBias
[4.294s][info ][safepoint    ] Leaving safepoint region
[4.294s][info ][safepoint    ] Total time for which application threads were stopped: 0.0002873 seconds, Stopping threads took: 0.0001303 seconds
[4.307s][info ][safepoint    ] Application time: 0.0125377 seconds
[4.307s][info ][safepoint    ] Entering safepoint region: RevokeBias
[4.307s][info ][safepoint    ] Leaving safepoint region
[4.307s][info ][safepoint    ] Total time for which application threads were stopped: 0.0003069 seconds, Stopping threads took: 0.0001311 seconds
[4.342s][info ][safepoint    ] Application time: 0.0347193 seconds
[4.342s][info ][safepoint    ] Entering safepoint region: RevokeBias
[4.342s][info ][safepoint    ] Leaving safepoint region
[4.342s][info ][safepoint    ] Total time for which application threads were stopped: 0.0004141 seconds, Stopping threads took: 0.0002086 seconds
[4.376s][info ][safepoint    ] Application time: 0.0340982 seconds
[4.377s][info ][safepoint    ] Entering safepoint region: RevokeBias
[4.377s][info ][safepoint    ] Leaving safepoint region
[4.377s][info ][safepoint    ] Total time for which application threads were stopped: 0.0004339 seconds, Stopping threads took: 0.0001980 seconds
[4.380s][info ][safepoint    ] Application time: 0.0034504 seconds
[4.380s][info ][safepoint    ] Entering safepoint region: BulkRevokeBias
[4.381s][info ][safepoint    ] Leaving safepoint region
[4.381s][info ][safepoint    ] Total time for which application threads were stopped: 0.0008343 seconds, Stopping threads took: 0.0000896 seconds
[4.470s][info ][safepoint    ] Application time: 0.0890928 seconds
[4.470s][info ][safepoint    ] Entering safepoint region: ICBufferFull
[4.471s][info ][safepoint    ] Leaving safepoint region
[4.471s][info ][safepoint    ] Total time for which application threads were stopped: 0.0002714 seconds, Stopping threads took: 0.0000436 seconds
[4.481s][info ][safepoint    ] Application time: 0.0103432 seconds
[4.484s][info ][safepoint    ] Entering safepoint region: Deoptimize
[4.485s][info ][safepoint    ] Leaving safepoint region
[4.485s][info ][safepoint    ] Total time for which application threads were stopped: 0.0035548 seconds, Stopping threads took: 0.0029842 seconds
[4.492s][info ][safepoint    ] Application time: 0.0070148 seconds
[4.495s][info ][safepoint    ] Entering safepoint region: GenCollectForAllocation
[4.495s][info ][gc,start     ] GC(2) Pause Young (Allocation Failure)
[4.495s][info ][gc,task      ] GC(2) Using 4 workers of 4 for evacuation
[4.573s][debug][gc,ref       ] GC(2) Skipped phase1 of Reference Processing due to unavailable references
[4.574s][debug][gc,ref       ] GC(2) Skipped phase3 of Reference Processing due to unavailable references
[4.574s][debug][gc,age       ] GC(2) Desired survivor size 15400960 bytes, new threshold 1 (max threshold 6)
[4.574s][info ][gc,heap      ] GC(2) ParNew: 270975K->30080K(270976K)
[4.574s][info ][gc,heap      ] GC(2) CMS: 2881K->40859K(602112K)
[4.574s][info ][gc,metaspace ] GC(2) Metaspace: 30639K->30639K(1077248K)
[4.574s][info ][gc           ] GC(2) Pause Young (Allocation Failure) 267M->69M(852M) 79.220ms
[4.574s][info ][gc,cpu       ] GC(2) User=0.24s Sys=0.03s Real=0.07s
[4.574s][info ][safepoint    ] Leaving safepoint region
[4.574s][info ][safepoint    ] Total time for which application threads were stopped: 0.0824032 seconds, Stopping threads took: 0.0030122 seconds
[4.577s][info ][safepoint    ] Application time: 0.0033965 seconds
[4.578s][info ][safepoint    ] Entering safepoint region: Deoptimize
[4.578s][info ][safepoint    ] Leaving safepoint region
[4.578s][info ][safepoint    ] Total time for which application threads were stopped: 0.0007957 seconds, Stopping threads took: 0.0002129 seconds
[4.750s][info ][safepoint    ] Application time: 0.1715533 seconds
[4.750s][info ][safepoint    ] Entering safepoint region: Deoptimize
[4.751s][info ][safepoint    ] Leaving safepoint region
[4.751s][info ][safepoint    ] Total time for which application threads were stopped: 0.0009024 seconds, Stopping threads took: 0.0001738 seconds
[4.791s][info ][safepoint    ] Application time: 0.0402940 seconds
[4.791s][info ][safepoint    ] Entering safepoint region: RevokeBias
[4.791s][info ][safepoint    ] Leaving safepoint region
[4.791s][info ][safepoint    ] Total time for which application threads were stopped: 0.0002674 seconds, Stopping threads took: 0.0001045 seconds
[4.791s][info ][safepoint    ] Application time: 0.0001052 seconds
[4.791s][info ][safepoint    ] Entering safepoint region: RevokeBias
[4.791s][info ][safepoint    ] Leaving safepoint region
[4.791s][info ][safepoint    ] Total time for which application threads were stopped: 0.0001076 seconds, Stopping threads took: 0.0000421 seconds
[4.794s][info ][safepoint    ] Application time: 0.0020851 seconds
[4.794s][info ][safepoint    ] Entering safepoint region: RevokeBias
[4.794s][info ][safepoint    ] Leaving safepoint region
[4.794s][info ][safepoint    ] Total time for which application threads were stopped: 0.0001873 seconds, Stopping threads took: 0.0001013 seconds
[4.794s][info ][safepoint    ] Application time: 0.0000430 seconds
[4.794s][info ][safepoint    ] Entering safepoint region: RevokeBias
[4.794s][info ][safepoint    ] Leaving safepoint region
[4.794s][info ][safepoint    ] Total time for which application threads were stopped: 0.0001009 seconds, Stopping threads took: 0.0000378 seconds
[4.794s][info ][safepoint    ] Application time: 0.0000591 seconds
[4.794s][info ][safepoint    ] Entering safepoint region: RevokeBias
[4.794s][info ][safepoint    ] Leaving safepoint region
[4.794s][info ][safepoint    ] Total time for which application threads were stopped: 0.0001114 seconds, Stopping threads took: 0.0000463 seconds
[4.794s][info ][safepoint    ] Application time: 0.0000377 seconds
[4.794s][info ][safepoint    ] Entering safepoint region: RevokeBias
[4.794s][info ][safepoint    ] Leaving safepoint region
[4.794s][info ][safepoint    ] Total time for which application threads were stopped: 0.0001302 seconds, Stopping threads took: 0.0000699 seconds
[4.796s][info ][safepoint    ] Application time: 0.0014565 seconds
[4.796s][info ][safepoint    ] Entering safepoint region: RevokeBias
[4.796s][info ][safepoint    ] Leaving safepoint region
[4.796s][info ][safepoint    ] Total time for which application threads were stopped: 0.0001831 seconds, Stopping threads took: 0.0001007 seconds
[4.796s][info ][safepoint    ] Application time: 0.0001628 seconds
[4.796s][info ][safepoint    ] Entering safepoint region: RevokeBias
[4.796s][info ][safepoint    ] Leaving safepoint region
[4.796s][info ][safepoint    ] Total time for which application threads were stopped: 0.0001195 seconds, Stopping threads took: 0.0000524 seconds
[4.821s][info ][safepoint    ] Application time: 0.0250552 seconds
[4.824s][info ][safepoint    ] Entering safepoint region: RevokeBias
[4.825s][info ][safepoint    ] Leaving safepoint region
[4.825s][info ][safepoint    ] Total time for which application threads were stopped: 0.0033424 seconds, Stopping threads took: 0.0030627 seconds
[4.846s][info ][safepoint    ] Application time: 0.0217289 seconds
[4.847s][info ][safepoint    ] Entering safepoint region: GenCollectForAllocation
[4.847s][info ][gc,start     ] GC(3) Pause Young (Allocation Failure)
[4.847s][info ][gc,task      ] GC(3) Using 4 workers of 4 for evacuation
[4.922s][debug][gc,ref       ] GC(3) Skipped phase1 of Reference Processing due to unavailable references
[4.922s][debug][gc,ref       ] GC(3) Skipped phase3 of Reference Processing due to unavailable references
[4.922s][debug][gc,age       ] GC(3) Desired survivor size 15400960 bytes, new threshold 1 (max threshold 6)
[4.922s][info ][gc,heap      ] GC(3) ParNew: 270976K->30080K(270976K)
[4.922s][info ][gc,heap      ] GC(3) CMS: 40859K->73036K(602112K)
[4.922s][info ][gc,metaspace ] GC(3) Metaspace: 33569K->33569K(1079296K)
[4.922s][info ][gc           ] GC(3) Pause Young (Allocation Failure) 304M->100M(852M) 75.335ms
[4.922s][info ][gc,cpu       ] GC(3) User=0.29s Sys=0.01s Real=0.07s
[4.922s][info ][safepoint    ] Leaving safepoint region
[4.922s][info ][safepoint    ] Total time for which application threads were stopped: 0.0756253 seconds, Stopping threads took: 0.0000929 seconds
[4.922s][info ][safepoint    ] Application time: 0.0003641 seconds
[4.923s][info ][safepoint    ] Entering safepoint region: RevokeBias
[4.923s][info ][safepoint    ] Leaving safepoint region
[4.923s][info ][safepoint    ] Total time for which application threads were stopped: 0.0001922 seconds, Stopping threads took: 0.0000611 seconds
[4.923s][info ][safepoint    ] Application time: 0.0000474 seconds
[4.923s][info ][safepoint    ] Entering safepoint region: RevokeBias
[4.923s][info ][safepoint    ] Leaving safepoint region
[4.923s][info ][safepoint    ] Total time for which application threads were stopped: 0.0001135 seconds, Stopping threads took: 0.0000488 seconds
[5.062s][info ][safepoint    ] Application time: 0.1391078 seconds
[5.066s][info ][safepoint    ] Entering safepoint region: Deoptimize
[5.067s][info ][safepoint    ] Leaving safepoint region
[5.067s][info ][safepoint    ] Total time for which application threads were stopped: 0.0047977 seconds, Stopping threads took: 0.0040756 seconds
[5.070s][info ][safepoint    ] Application time: 0.0031340 seconds
[5.070s][info ][safepoint    ] Entering safepoint region: Deoptimize
[5.070s][info ][safepoint    ] Leaving safepoint region
[5.070s][info ][safepoint    ] Total time for which application threads were stopped: 0.0004587 seconds, Stopping threads took: 0.0001357 seconds
[5.073s][info ][safepoint    ] Application time: 0.0022828 seconds
[5.073s][info ][safepoint    ] Entering safepoint region: RevokeBias
[5.073s][info ][safepoint    ] Leaving safepoint region
[5.073s][info ][safepoint    ] Total time for which application threads were stopped: 0.0001916 seconds, Stopping threads took: 0.0000878 seconds
[5.078s][info ][safepoint    ] Application time: 0.0051380 seconds
[5.078s][info ][safepoint    ] Entering safepoint region: RevokeBias
[5.078s][info ][safepoint    ] Leaving safepoint region
[5.078s][info ][safepoint    ] Total time for which application threads were stopped: 0.0002547 seconds, Stopping threads took: 0.0001481 seconds
[5.081s][info ][safepoint    ] Application time: 0.0028109 seconds
[5.081s][info ][safepoint    ] Entering safepoint region: RevokeBias
[5.081s][info ][safepoint    ] Leaving safepoint region
[5.081s][info ][safepoint    ] Total time for which application threads were stopped: 0.0002308 seconds, Stopping threads took: 0.0001435 seconds
[5.082s][info ][safepoint    ] Application time: 0.0001533 seconds
[5.082s][info ][safepoint    ] Entering safepoint region: RevokeBias
[5.082s][info ][safepoint    ] Leaving safepoint region
[5.082s][info ][safepoint    ] Total time for which application threads were stopped: 0.0001992 seconds, Stopping threads took: 0.0001251 seconds
[5.082s][info ][safepoint    ] Application time: 0.0002276 seconds
[5.082s][info ][safepoint    ] Entering safepoint region: RevokeBias
[5.082s][info ][safepoint    ] Leaving safepoint region
[5.082s][info ][safepoint    ] Total time for which application threads were stopped: 0.0002336 seconds, Stopping threads took: 0.0001456 seconds
[5.083s][info ][safepoint    ] Application time: 0.0008671 seconds
[5.083s][info ][safepoint    ] Entering safepoint region: RevokeBias
[5.083s][info ][safepoint    ] Leaving safepoint region
[5.083s][info ][safepoint    ] Total time for which application threads were stopped: 0.0002498 seconds, Stopping threads took: 0.0001560 seconds
[5.098s][info ][safepoint    ] Application time: 0.0151321 seconds
[5.099s][info ][safepoint    ] Entering safepoint region: RevokeBias
[5.099s][info ][safepoint    ] Leaving safepoint region
[5.099s][info ][safepoint    ] Total time for which application threads were stopped: 0.0003079 seconds, Stopping threads took: 0.0001693 seconds
[5.137s][info ][safepoint    ] Application time: 0.0377982 seconds
[5.137s][info ][safepoint    ] Entering safepoint region: RevokeBias
[5.137s][info ][safepoint    ] Leaving safepoint region
[5.137s][info ][safepoint    ] Total time for which application threads were stopped: 0.0003189 seconds, Stopping threads took: 0.0001754 seconds
[5.174s][info ][safepoint    ] Application time: 0.0372926 seconds
[5.174s][info ][safepoint    ] Entering safepoint region: GenCollectForAllocation
[5.175s][info ][gc,start     ] GC(4) Pause Young (Allocation Failure)
[5.175s][info ][gc,task      ] GC(4) Using 4 workers of 4 for evacuation
[5.221s][debug][gc,ref       ] GC(4) Skipped phase1 of Reference Processing due to unavailable references
[5.221s][debug][gc,ref       ] GC(4) Skipped phase3 of Reference Processing due to unavailable references
[5.221s][debug][gc,age       ] GC(4) Desired survivor size 15400960 bytes, new threshold 6 (max threshold 6)
[5.221s][info ][gc,heap      ] GC(4) ParNew: 270976K->27487K(270976K)
[5.221s][info ][gc,heap      ] GC(4) CMS: 73036K->101207K(602112K)
[5.221s][info ][gc,metaspace ] GC(4) Metaspace: 35520K->35520K(1081344K)
[5.221s][info ][gc           ] GC(4) Pause Young (Allocation Failure) 335M->125M(852M) 46.244ms
[5.221s][info ][gc,cpu       ] GC(4) User=0.17s Sys=0.00s Real=0.04s
[5.221s][info ][safepoint    ] Leaving safepoint region
[5.221s][info ][safepoint    ] Total time for which application threads were stopped: 0.0465442 seconds, Stopping threads took: 0.0000722 seconds
[5.223s][info ][safepoint    ] Application time: 0.0020575 seconds
[5.223s][info ][safepoint    ] Entering safepoint region: RevokeBias
[5.223s][info ][safepoint    ] Leaving safepoint region
[5.223s][info ][safepoint    ] Total time for which application threads were stopped: 0.0002128 seconds, Stopping threads took: 0.0000497 seconds
[5.224s][info ][safepoint    ] Application time: 0.0003795 seconds
[5.224s][info ][safepoint    ] Entering safepoint region: RevokeBias
[5.224s][info ][safepoint    ] Leaving safepoint region
[5.224s][info ][safepoint    ] Total time for which application threads were stopped: 0.0001434 seconds, Stopping threads took: 0.0000578 seconds
[5.247s][info ][safepoint    ] Application time: 0.0231302 seconds
[5.250s][info ][safepoint    ] Entering safepoint region: RevokeBias
[5.250s][info ][safepoint    ] Leaving safepoint region
[5.250s][info ][safepoint    ] Total time for which application threads were stopped: 0.0031351 seconds, Stopping threads took: 0.0030005 seconds
[5.275s][info ][safepoint    ] Application time: 0.0247652 seconds
[5.275s][info ][safepoint    ] Entering safepoint region: GenCollectForAllocation
[5.275s][info ][gc,start     ] GC(5) Pause Young (Allocation Failure)
[5.275s][info ][gc,task      ] GC(5) Using 4 workers of 4 for evacuation
[5.283s][debug][gc,ref       ] GC(5) Skipped phase1 of Reference Processing due to unavailable references
[5.283s][debug][gc,ref       ] GC(5) Skipped phase3 of Reference Processing due to unavailable references
[5.283s][debug][gc,age       ] GC(5) Desired survivor size 15400960 bytes, new threshold 6 (max threshold 6)
[5.283s][info ][gc,heap      ] GC(5) ParNew: 268383K->11062K(270976K)
[5.283s][info ][gc,heap      ] GC(5) CMS: 101207K->101207K(602112K)
[5.283s][info ][gc,metaspace ] GC(5) Metaspace: 35849K->35849K(1081344K)
[5.283s][info ][gc           ] GC(5) Pause Young (Allocation Failure) 360M->109M(852M) 7.897ms
[5.283s][info ][gc,cpu       ] GC(5) User=0.04s Sys=0.00s Real=0.01s
[5.283s][info ][safepoint    ] Leaving safepoint region
[5.283s][info ][safepoint    ] Total time for which application threads were stopped: 0.0082814 seconds, Stopping threads took: 0.0001512 seconds
[5.324s][info ][safepoint    ] Application time: 0.0404493 seconds
[5.325s][info ][safepoint    ] Entering safepoint region: RevokeBias
[5.326s][info ][safepoint    ] Leaving safepoint region
[5.326s][info ][safepoint    ] Total time for which application threads were stopped: 0.0020283 seconds, Stopping threads took: 0.0019029 seconds
[5.342s][info ][safepoint    ] Application time: 0.0165006 seconds
[5.345s][info ][safepoint    ] Entering safepoint region: RevokeBias
[5.345s][info ][safepoint    ] Leaving safepoint region
[5.345s][info ][safepoint    ] Total time for which application threads were stopped: 0.0031657 seconds, Stopping threads took: 0.0030352 seconds
[5.347s][info ][safepoint    ] Application time: 0.0014910 seconds
[5.347s][info ][safepoint    ] Entering safepoint region: RevokeBias
[5.347s][info ][safepoint    ] Leaving safepoint region
[5.347s][info ][safepoint    ] Total time for which application threads were stopped: 0.0001835 seconds, Stopping threads took: 0.0001131 seconds
[5.395s][info ][safepoint    ] Application time: 0.0481074 seconds
[5.395s][info ][safepoint    ] Entering safepoint region: Deoptimize
[5.396s][info ][safepoint    ] Leaving safepoint region
[5.396s][info ][safepoint    ] Total time for which application threads were stopped: 0.0011648 seconds, Stopping threads took: 0.0002641 seconds
[5.412s][info ][safepoint    ] Application time: 0.0161172 seconds
[5.414s][info ][safepoint    ] Entering safepoint region: RevokeBias
[5.414s][info ][safepoint    ] Leaving safepoint region
[5.414s][info ][safepoint    ] Total time for which application threads were stopped: 0.0018984 seconds, Stopping threads took: 0.0017343 seconds
[5.416s][info ][safepoint    ] Application time: 0.0013369 seconds
[5.416s][info ][safepoint    ] Entering safepoint region: RevokeBias
[5.416s][info ][safepoint    ] Leaving safepoint region
[5.416s][info ][safepoint    ] Total time for which application threads were stopped: 0.0001775 seconds, Stopping threads took: 0.0000969 seconds
[5.418s][info ][safepoint    ] Application time: 0.0018362 seconds
[5.418s][info ][safepoint    ] Entering safepoint region: Deoptimize
[5.419s][info ][safepoint    ] Leaving safepoint region
[5.419s][info ][safepoint    ] Total time for which application threads were stopped: 0.0008355 seconds, Stopping threads took: 0.0000867 seconds
[5.420s][info ][safepoint    ] Application time: 0.0016130 seconds
[5.423s][info ][safepoint    ] Entering safepoint region: RevokeBias
[5.423s][info ][safepoint    ] Leaving safepoint region
[5.423s][info ][safepoint    ] Total time for which application threads were stopped: 0.0030254 seconds, Stopping threads took: 0.0029139 seconds
[5.427s][info ][safepoint    ] Application time: 0.0033465 seconds
[5.430s][info ][safepoint    ] Entering safepoint region: RevokeBias
[5.430s][info ][safepoint    ] Leaving safepoint region
[5.430s][info ][safepoint    ] Total time for which application threads were stopped: 0.0030884 seconds, Stopping threads took: 0.0029820 seconds
[5.432s][info ][safepoint    ] Application time: 0.0025668 seconds
[5.432s][info ][safepoint    ] Entering safepoint region: RevokeBias
[5.433s][info ][safepoint    ] Leaving safepoint region
[5.433s][info ][safepoint    ] Total time for which application threads were stopped: 0.0002122 seconds, Stopping threads took: 0.0001361 seconds
[5.487s][info ][safepoint    ] Application time: 0.0541573 seconds
[5.487s][info ][safepoint    ] Entering safepoint region: GenCollectForAllocation
[5.487s][info ][gc,start     ] GC(6) Pause Young (Allocation Failure)
[5.487s][info ][gc,task      ] GC(6) Using 4 workers of 4 for evacuation
[5.500s][debug][gc,ref       ] GC(6) Skipped phase1 of Reference Processing due to unavailable references
[5.500s][debug][gc,ref       ] GC(6) Skipped phase3 of Reference Processing due to unavailable references
[5.501s][debug][gc,age       ] GC(6) Desired survivor size 15400960 bytes, new threshold 3 (max threshold 6)
[5.501s][info ][gc,heap      ] GC(6) ParNew: 251958K->19450K(270976K)
[5.501s][info ][gc,heap      ] GC(6) CMS: 101207K->101207K(602112K)
[5.501s][info ][gc,metaspace ] GC(6) Metaspace: 36587K->36587K(1083392K)
[5.501s][info ][gc           ] GC(6) Pause Young (Allocation Failure) 344M->117M(852M) 13.629ms
[5.501s][info ][gc,cpu       ] GC(6) User=0.06s Sys=0.00s Real=0.01s
[5.501s][info ][safepoint    ] Leaving safepoint region
[5.501s][info ][safepoint    ] Total time for which application threads were stopped: 0.0139669 seconds, Stopping threads took: 0.0001602 seconds
[5.681s][info ][safepoint    ] Application time: 0.1807542 seconds
[5.682s][info ][safepoint    ] Entering safepoint region: GenCollectForAllocation
[5.682s][info ][gc,start     ] GC(7) Pause Young (Allocation Failure)
[5.682s][info ][gc,task      ] GC(7) Using 4 workers of 4 for evacuation
[5.700s][debug][gc,ref       ] GC(7) Skipped phase1 of Reference Processing due to unavailable references
[5.700s][debug][gc,ref       ] GC(7) Skipped phase3 of Reference Processing due to unavailable references
[5.700s][debug][gc,age       ] GC(7) Desired survivor size 15400960 bytes, new threshold 6 (max threshold 6)
[5.700s][info ][gc,heap      ] GC(7) ParNew: 260346K->18817K(270976K)
[5.700s][info ][gc,heap      ] GC(7) CMS: 101207K->109315K(602112K)
[5.700s][info ][gc,metaspace ] GC(7) Metaspace: 36592K->36592K(1083392K)
[5.700s][info ][gc           ] GC(7) Pause Young (Allocation Failure) 353M->125M(852M) 18.679ms
[5.700s][info ][gc,cpu       ] GC(7) User=0.08s Sys=0.00s Real=0.02s
[5.701s][info ][safepoint    ] Leaving safepoint region
[5.701s][info ][safepoint    ] Total time for which application threads were stopped: 0.0190361 seconds, Stopping threads took: 0.0001562 seconds
[5.869s][info ][safepoint    ] Application time: 0.1682944 seconds
[5.869s][info ][safepoint    ] Entering safepoint region: GenCollectForAllocation
[5.869s][info ][gc,start     ] GC(8) Pause Young (Allocation Failure)
[5.869s][info ][gc,task      ] GC(8) Using 4 workers of 4 for evacuation
[5.876s][debug][gc,ref       ] GC(8) Skipped phase1 of Reference Processing due to unavailable references
[5.876s][debug][gc,ref       ] GC(8) Skipped phase3 of Reference Processing due to unavailable references
[5.876s][debug][gc,age       ] GC(8) Desired survivor size 15400960 bytes, new threshold 6 (max threshold 6)
[5.876s][info ][gc,heap      ] GC(8) ParNew: 259713K->12356K(270976K)
[5.876s][info ][gc,heap      ] GC(8) CMS: 109315K->109315K(602112K)
[5.876s][info ][gc,metaspace ] GC(8) Metaspace: 36592K->36592K(1083392K)
[5.876s][info ][gc           ] GC(8) Pause Young (Allocation Failure) 360M->118M(852M) 6.845ms
[5.876s][info ][gc,cpu       ] GC(8) User=0.02s Sys=0.00s Real=0.01s
[5.876s][info ][safepoint    ] Leaving safepoint region
[5.876s][info ][safepoint    ] Total time for which application threads were stopped: 0.0074666 seconds, Stopping threads took: 0.0003598 seconds
[5.941s][info ][safepoint    ] Application time: 0.0649481 seconds
[5.941s][info ][safepoint    ] Entering safepoint region: GenCollectForAllocation
[5.942s][info ][gc,start     ] GC(9) Pause Young (Allocation Failure)
[5.942s][info ][gc,task      ] GC(9) Using 4 workers of 4 for evacuation
[5.948s][debug][gc,ref       ] GC(9) Skipped phase1 of Reference Processing due to unavailable references
[5.948s][debug][gc,ref       ] GC(9) Skipped phase3 of Reference Processing due to unavailable references
[5.948s][debug][gc,age       ] GC(9) Desired survivor size 15400960 bytes, new threshold 6 (max threshold 6)
[5.948s][info ][gc,heap      ] GC(9) ParNew: 253252K->12878K(270976K)
[5.948s][info ][gc,heap      ] GC(9) CMS: 109315K->109315K(602112K)
[5.948s][info ][gc,metaspace ] GC(9) Metaspace: 36593K->36593K(1083392K)
[5.948s][info ][gc           ] GC(9) Pause Young (Allocation Failure) 354M->119M(852M) 6.521ms
[5.948s][info ][gc,cpu       ] GC(9) User=0.04s Sys=0.00s Real=0.01s
[5.948s][info ][safepoint    ] Leaving safepoint region
[5.948s][info ][safepoint    ] Total time for which application threads were stopped: 0.0068296 seconds, Stopping threads took: 0.0001260 seconds
[5.981s][info ][safepoint    ] Application time: 0.0329782 seconds
[5.981s][info ][safepoint    ] Entering safepoint region: GenCollectForAllocation
[5.982s][info ][gc,start     ] GC(10) Pause Young (Allocation Failure)
[5.982s][info ][gc,task      ] GC(10) Using 4 workers of 4 for evacuation
[5.988s][debug][gc,ref       ] GC(10) Skipped phase1 of Reference Processing due to unavailable references
[5.989s][debug][gc,ref       ] GC(10) Skipped phase3 of Reference Processing due to unavailable references
[5.989s][debug][gc,age       ] GC(10) Desired survivor size 15400960 bytes, new threshold 6 (max threshold 6)
[5.989s][info ][gc,heap      ] GC(10) ParNew: 253774K->13110K(270976K)
[5.989s][info ][gc,heap      ] GC(10) CMS: 109315K->109315K(602112K)
[5.989s][info ][gc,metaspace ] GC(10) Metaspace: 36593K->36593K(1083392K)
[5.989s][info ][gc           ] GC(10) Pause Young (Allocation Failure) 354M->119M(852M) 7.127ms
[5.989s][info ][gc,cpu       ] GC(10) User=0.03s Sys=0.00s Real=0.01s
[5.989s][info ][safepoint    ] Leaving safepoint region
[5.989s][info ][safepoint    ] Total time for which application threads were stopped: 0.0075328 seconds, Stopping threads took: 0.0002168 seconds
[6.067s][info ][safepoint    ] Application time: 0.0787271 seconds
[6.068s][info ][safepoint    ] Entering safepoint region: GenCollectForAllocation
[6.068s][info ][gc,start     ] GC(11) Pause Young (Allocation Failure)
[6.068s][info ][gc,task      ] GC(11) Using 4 workers of 4 for evacuation
[6.083s][debug][gc,ref       ] GC(11) Skipped phase1 of Reference Processing due to unavailable references
[6.083s][debug][gc,ref       ] GC(11) Skipped phase3 of Reference Processing due to unavailable references
[6.083s][debug][gc,age       ] GC(11) Desired survivor size 15400960 bytes, new threshold 6 (max threshold 6)
[6.083s][info ][gc,heap      ] GC(11) ParNew: 254006K->13178K(270976K)
[6.083s][info ][gc,heap      ] GC(11) CMS: 109315K->109804K(602112K)
[6.083s][info ][gc,metaspace ] GC(11) Metaspace: 36593K->36593K(1083392K)
[6.083s][info ][gc           ] GC(11) Pause Young (Allocation Failure) 354M->120M(852M) 14.979ms
[6.083s][info ][gc,cpu       ] GC(11) User=0.06s Sys=0.00s Real=0.02s
[6.083s][info ][safepoint    ] Leaving safepoint region
[6.083s][info ][safepoint    ] Total time for which application threads were stopped: 0.0153579 seconds, Stopping threads took: 0.0001628 seconds
[6.121s][info ][safepoint    ] Application time: 0.0383398 seconds
[6.121s][info ][safepoint    ] Entering safepoint region: GenCollectForAllocation
[6.122s][info ][gc,start     ] GC(12) Pause Young (Allocation Failure)
[6.122s][info ][gc,task      ] GC(12) Using 4 workers of 4 for evacuation
[6.134s][debug][gc,ref       ] GC(12) Skipped phase1 of Reference Processing due to unavailable references
[6.134s][debug][gc,ref       ] GC(12) Skipped phase2 of Reference Processing due to unavailable references
[6.134s][debug][gc,ref       ] GC(12) Skipped phase3 of Reference Processing due to unavailable references
[6.134s][debug][gc,ref       ] GC(12) Skipped phase4 of Reference Processing due to unavailable references
[6.135s][debug][gc,age       ] GC(12) Desired survivor size 15400960 bytes, new threshold 6 (max threshold 6)
[6.135s][info ][gc,heap      ] GC(12) ParNew: 254074K->6893K(270976K)
[6.135s][info ][gc,heap      ] GC(12) CMS: 109804K->117806K(602112K)
[6.135s][info ][gc,metaspace ] GC(12) Metaspace: 36593K->36593K(1083392K)
[6.135s][info ][gc           ] GC(12) Pause Young (Allocation Failure) 355M->121M(852M) 13.045ms
[6.135s][info ][gc,cpu       ] GC(12) User=0.05s Sys=0.01s Real=0.02s
[6.135s][info ][safepoint    ] Leaving safepoint region
[6.135s][info ][safepoint    ] Total time for which application threads were stopped: 0.0133925 seconds, Stopping threads took: 0.0001817 seconds
[6.211s][info ][safepoint    ] Application time: 0.0766922 seconds
[6.211s][info ][safepoint    ] Entering safepoint region: GenCollectForAllocation
[6.212s][info ][gc,start     ] GC(13) Pause Young (Allocation Failure)
[6.212s][info ][gc,task      ] GC(13) Using 4 workers of 4 for evacuation
[6.215s][debug][gc,ref       ] GC(13) Skipped phase1 of Reference Processing due to unavailable references
[6.215s][debug][gc,ref       ] GC(13) Skipped phase2 of Reference Processing due to unavailable references
[6.215s][debug][gc,ref       ] GC(13) Skipped phase3 of Reference Processing due to unavailable references
[6.215s][debug][gc,ref       ] GC(13) Skipped phase4 of Reference Processing due to unavailable references
[6.215s][debug][gc,age       ] GC(13) Desired survivor size 15400960 bytes, new threshold 6 (max threshold 6)
[6.215s][info ][gc,heap      ] GC(13) ParNew: 247789K->1964K(270976K)
[6.215s][info ][gc,heap      ] GC(13) CMS: 117806K->118676K(602112K)
[6.215s][info ][gc,metaspace ] GC(13) Metaspace: 36593K->36593K(1083392K)
[6.215s][info ][gc           ] GC(13) Pause Young (Allocation Failure) 357M->117M(852M) 3.282ms
[6.215s][info ][gc,cpu       ] GC(13) User=0.01s Sys=0.00s Real=0.01s
[6.215s][info ][safepoint    ] Leaving safepoint region
[6.215s][info ][safepoint    ] Total time for which application threads were stopped: 0.0035475 seconds, Stopping threads took: 0.0000758 seconds
[6.254s][info ][safepoint    ] Application time: 0.0389771 seconds
[6.258s][info ][safepoint    ] Entering safepoint region: GenCollectForAllocation
[6.258s][info ][gc,start     ] GC(14) Pause Young (Allocation Failure)
[6.258s][info ][gc,task      ] GC(14) Using 4 workers of 4 for evacuation
[6.267s][debug][gc,ref       ] GC(14) Skipped phase1 of Reference Processing due to unavailable references
[6.267s][debug][gc,ref       ] GC(14) Skipped phase2 of Reference Processing due to unavailable references
[6.267s][debug][gc,ref       ] GC(14) Skipped phase3 of Reference Processing due to unavailable references
[6.267s][debug][gc,ref       ] GC(14) Skipped phase4 of Reference Processing due to unavailable references
[6.267s][debug][gc,age       ] GC(14) Desired survivor size 15400960 bytes, new threshold 6 (max threshold 6)
[6.267s][info ][gc,heap      ] GC(14) ParNew: 242860K->773K(270976K)
[6.267s][info ][gc,heap      ] GC(14) CMS: 118676K->118871K(602112K)
[6.267s][info ][gc,metaspace ] GC(14) Metaspace: 36593K->36593K(1083392K)
[6.267s][info ][gc           ] GC(14) Pause Young (Allocation Failure) 353M->116M(852M) 8.337ms
[6.267s][info ][gc,cpu       ] GC(14) User=0.03s Sys=0.00s Real=0.01s
[6.267s][info ][safepoint    ] Leaving safepoint region
[6.267s][info ][safepoint    ] Total time for which application threads were stopped: 0.0128915 seconds, Stopping threads took: 0.0043450 seconds
[6.318s][info ][safepoint    ] Application time: 0.0511291 seconds
[6.318s][info ][safepoint    ] Entering safepoint region: GenCollectForAllocation
[6.318s][info ][gc,start     ] GC(15) Pause Young (Allocation Failure)
[6.318s][info ][gc,task      ] GC(15) Using 4 workers of 4 for evacuation
[6.320s][debug][gc,ref       ] GC(15) Skipped phase1 of Reference Processing due to unavailable references
[6.320s][debug][gc,ref       ] GC(15) Skipped phase2 of Reference Processing due to unavailable references
[6.320s][debug][gc,ref       ] GC(15) Skipped phase3 of Reference Processing due to unavailable references
[6.320s][debug][gc,ref       ] GC(15) Skipped phase4 of Reference Processing due to unavailable references
[6.320s][debug][gc,age       ] GC(15) Desired survivor size 15400960 bytes, new threshold 6 (max threshold 6)
[6.320s][info ][gc,heap      ] GC(15) ParNew: 241669K->438K(270976K)
[6.320s][info ][gc,heap      ] GC(15) CMS: 118871K->118921K(602112K)
[6.320s][info ][gc,metaspace ] GC(15) Metaspace: 36593K->36593K(1083392K)
[6.320s][info ][gc           ] GC(15) Pause Young (Allocation Failure) 352M->116M(852M) 2.098ms
[6.320s][info ][gc,cpu       ] GC(15) User=0.01s Sys=0.00s Real=0.00s
[6.320s][info ][safepoint    ] Leaving safepoint region
[6.320s][info ][safepoint    ] Total time for which application threads were stopped: 0.0024439 seconds, Stopping threads took: 0.0001435 seconds
[6.382s][info ][safepoint    ] Application time: 0.0615991 seconds
[6.382s][info ][safepoint    ] Entering safepoint region: GenCollectForAllocation
[6.382s][info ][gc,start     ] GC(16) Pause Young (Allocation Failure)
[6.382s][info ][gc,task      ] GC(16) Using 4 workers of 4 for evacuation
[6.385s][debug][gc,ref       ] GC(16) Skipped phase1 of Reference Processing due to unavailable references
[6.385s][debug][gc,ref       ] GC(16) Skipped phase2 of Reference Processing due to unavailable references
[6.385s][debug][gc,ref       ] GC(16) Skipped phase3 of Reference Processing due to unavailable references
[6.385s][debug][gc,ref       ] GC(16) Skipped phase4 of Reference Processing due to unavailable references
[6.386s][debug][gc,age       ] GC(16) Desired survivor size 15400960 bytes, new threshold 6 (max threshold 6)
[6.386s][info ][gc,heap      ] GC(16) ParNew: 241334K->651K(270976K)
[6.386s][info ][gc,heap      ] GC(16) CMS: 118921K->118939K(602112K)
[6.386s][info ][gc,metaspace ] GC(16) Metaspace: 36593K->36593K(1083392K)
[6.386s][info ][gc           ] GC(16) Pause Young (Allocation Failure) 351M->116M(852M) 3.122ms
[6.386s][info ][gc,cpu       ] GC(16) User=0.01s Sys=0.00s Real=0.00s
[6.386s][info ][safepoint    ] Leaving safepoint region
[6.386s][info ][safepoint    ] Total time for which application threads were stopped: 0.0035313 seconds, Stopping threads took: 0.0002470 seconds
[6.437s][info ][safepoint    ] Application time: 0.0514950 seconds
[6.440s][info ][safepoint    ] Entering safepoint region: GenCollectForAllocation
[6.440s][info ][gc,start     ] GC(17) Pause Young (Allocation Failure)
[6.440s][info ][gc,task      ] GC(17) Using 4 workers of 4 for evacuation
[6.442s][debug][gc,ref       ] GC(17) Skipped phase1 of Reference Processing due to unavailable references
[6.442s][debug][gc,ref       ] GC(17) Skipped phase2 of Reference Processing due to unavailable references
[6.442s][debug][gc,ref       ] GC(17) Skipped phase3 of Reference Processing due to unavailable references
[6.442s][debug][gc,ref       ] GC(17) Skipped phase4 of Reference Processing due to unavailable references
[6.442s][debug][gc,age       ] GC(17) Desired survivor size 15400960 bytes, new threshold 6 (max threshold 6)
[6.442s][info ][gc,heap      ] GC(17) ParNew: 241547K->447K(270976K)
[6.442s][info ][gc,heap      ] GC(17) CMS: 118939K->119029K(602112K)
[6.442s][info ][gc,metaspace ] GC(17) Metaspace: 36593K->36593K(1083392K)
[6.442s][info ][gc           ] GC(17) Pause Young (Allocation Failure) 352M->116M(852M) 2.015ms
[6.442s][info ][gc,cpu       ] GC(17) User=0.00s Sys=0.00s Real=0.01s
[6.442s][info ][safepoint    ] Leaving safepoint region
[6.442s][info ][safepoint    ] Total time for which application threads were stopped: 0.0052044 seconds, Stopping threads took: 0.0030147 seconds
[6.495s][info ][safepoint    ] Application time: 0.0521387 seconds
[6.495s][info ][safepoint    ] Entering safepoint region: GenCollectForAllocation
[6.495s][info ][gc,start     ] GC(18) Pause Young (Allocation Failure)
[6.495s][info ][gc,task      ] GC(18) Using 4 workers of 4 for evacuation
[6.497s][debug][gc,ref       ] GC(18) Skipped phase1 of Reference Processing due to unavailable references
[6.497s][debug][gc,ref       ] GC(18) Skipped phase2 of Reference Processing due to unavailable references
[6.497s][debug][gc,ref       ] GC(18) Skipped phase3 of Reference Processing due to unavailable references
[6.497s][debug][gc,ref       ] GC(18) Skipped phase4 of Reference Processing due to unavailable references
[6.497s][debug][gc,age       ] GC(18) Desired survivor size 15400960 bytes, new threshold 6 (max threshold 6)
[6.497s][info ][gc,heap      ] GC(18) ParNew: 241343K->509K(270976K)
[6.497s][info ][gc,heap      ] GC(18) CMS: 119029K->119045K(602112K)
[6.497s][info ][gc,metaspace ] GC(18) Metaspace: 36593K->36593K(1083392K)
[6.497s][info ][gc           ] GC(18) Pause Young (Allocation Failure) 351M->116M(852M) 1.939ms
[6.497s][info ][gc,cpu       ] GC(18) User=0.00s Sys=0.00s Real=0.00s
[6.497s][info ][safepoint    ] Leaving safepoint region
[6.497s][info ][safepoint    ] Total time for which application threads were stopped: 0.0022108 seconds, Stopping threads took: 0.0001126 seconds
[6.552s][info ][safepoint    ] Application time: 0.0555962 seconds
[6.553s][info ][safepoint    ] Entering safepoint region: GenCollectForAllocation
[6.553s][info ][gc,start     ] GC(19) Pause Young (Allocation Failure)
[6.553s][info ][gc,task      ] GC(19) Using 4 workers of 4 for evacuation
[6.558s][debug][gc,ref       ] GC(19) Skipped phase1 of Reference Processing due to unavailable references
[6.558s][debug][gc,ref       ] GC(19) Skipped phase2 of Reference Processing due to unavailable references
[6.558s][debug][gc,ref       ] GC(19) Skipped phase3 of Reference Processing due to unavailable references
[6.558s][debug][gc,ref       ] GC(19) Skipped phase4 of Reference Processing due to unavailable references
[6.558s][debug][gc,age       ] GC(19) Desired survivor size 15400960 bytes, new threshold 6 (max threshold 6)
[6.558s][info ][gc,heap      ] GC(19) ParNew: 241405K->519K(270976K)
[6.558s][info ][gc,heap      ] GC(19) CMS: 119045K->119117K(602112K)
[6.558s][info ][gc,metaspace ] GC(19) Metaspace: 36593K->36593K(1083392K)
[6.558s][info ][gc           ] GC(19) Pause Young (Allocation Failure) 352M->116M(852M) 5.585ms
[6.558s][info ][gc,cpu       ] GC(19) User=0.01s Sys=0.00s Real=0.01s
[6.558s][info ][safepoint    ] Leaving safepoint region
[6.558s][info ][safepoint    ] Total time for which application threads were stopped: 0.0059267 seconds, Stopping threads took: 0.0001351 seconds
[6.608s][info ][safepoint    ] Application time: 0.0495483 seconds
[6.609s][info ][safepoint    ] Entering safepoint region: GenCollectForAllocation
[6.609s][info ][gc,start     ] GC(20) Pause Young (Allocation Failure)
[6.609s][info ][gc,task      ] GC(20) Using 4 workers of 4 for evacuation
[6.613s][debug][gc,ref       ] GC(20) Skipped phase1 of Reference Processing due to unavailable references
[6.613s][debug][gc,ref       ] GC(20) Skipped phase2 of Reference Processing due to unavailable references
[6.613s][debug][gc,ref       ] GC(20) Skipped phase3 of Reference Processing due to unavailable references
[6.613s][debug][gc,ref       ] GC(20) Skipped phase4 of Reference Processing due to unavailable references
[6.613s][debug][gc,age       ] GC(20) Desired survivor size 15400960 bytes, new threshold 6 (max threshold 6)
[6.613s][info ][gc,heap      ] GC(20) ParNew: 241415K->582K(270976K)
[6.613s][info ][gc,heap      ] GC(20) CMS: 119117K->119129K(602112K)
[6.613s][info ][gc,metaspace ] GC(20) Metaspace: 36593K->36593K(1083392K)
[6.613s][info ][gc           ] GC(20) Pause Young (Allocation Failure) 352M->116M(852M) 3.772ms
[6.613s][info ][gc,cpu       ] GC(20) User=0.00s Sys=0.01s Real=0.00s
[6.613s][info ][safepoint    ] Leaving safepoint region
[6.613s][info ][safepoint    ] Total time for which application threads were stopped: 0.0052568 seconds, Stopping threads took: 0.0010814 seconds
[6.676s][info ][safepoint    ] Application time: 0.0629200 seconds
[6.676s][info ][safepoint    ] Entering safepoint region: GenCollectForAllocation
[6.676s][info ][gc,start     ] GC(21) Pause Young (Allocation Failure)
[6.677s][info ][gc,task      ] GC(21) Using 4 workers of 4 for evacuation
[6.678s][debug][gc,ref       ] GC(21) Skipped phase1 of Reference Processing due to unavailable references
[6.678s][debug][gc,ref       ] GC(21) Skipped phase2 of Reference Processing due to unavailable references
[6.678s][debug][gc,ref       ] GC(21) Skipped phase3 of Reference Processing due to unavailable references
[6.678s][debug][gc,ref       ] GC(21) Skipped phase4 of Reference Processing due to unavailable references
[6.678s][debug][gc,age       ] GC(21) Desired survivor size 15400960 bytes, new threshold 6 (max threshold 6)
[6.678s][info ][gc,heap      ] GC(21) ParNew: 241478K->632K(270976K)
[6.678s][info ][gc,heap      ] GC(21) CMS: 119129K->119182K(602112K)
[6.678s][info ][gc,metaspace ] GC(21) Metaspace: 36593K->36593K(1083392K)
[6.678s][info ][gc           ] GC(21) Pause Young (Allocation Failure) 352M->117M(852M) 1.911ms
[6.678s][info ][gc,cpu       ] GC(21) User=0.00s Sys=0.00s Real=0.00s
[6.678s][info ][safepoint    ] Leaving safepoint region
[6.678s][info ][safepoint    ] Total time for which application threads were stopped: 0.0022809 seconds, Stopping threads took: 0.0002057 seconds
[6.723s][info ][safepoint    ] Application time: 0.0447556 seconds
[6.723s][info ][safepoint    ] Entering safepoint region: GenCollectForAllocation
[6.724s][info ][gc,start     ] GC(22) Pause Young (Allocation Failure)
[6.724s][info ][gc,task      ] GC(22) Using 4 workers of 4 for evacuation
[6.725s][debug][gc,ref       ] GC(22) Skipped phase1 of Reference Processing due to unavailable references
[6.725s][debug][gc,ref       ] GC(22) Skipped phase2 of Reference Processing due to unavailable references
[6.725s][debug][gc,ref       ] GC(22) Skipped phase3 of Reference Processing due to unavailable references
[6.725s][debug][gc,ref       ] GC(22) Skipped phase4 of Reference Processing due to unavailable references
[6.725s][debug][gc,age       ] GC(22) Desired survivor size 15400960 bytes, new threshold 6 (max threshold 6)
[6.725s][info ][gc,heap      ] GC(22) ParNew: 241528K->455K(270976K)
[6.725s][info ][gc,heap      ] GC(22) CMS: 119182K->119226K(602112K)
[6.725s][info ][gc,metaspace ] GC(22) Metaspace: 36593K->36593K(1083392K)
[6.725s][info ][gc           ] GC(22) Pause Young (Allocation Failure) 352M->116M(852M) 1.868ms
[6.725s][info ][gc,cpu       ] GC(22) User=0.01s Sys=0.00s Real=0.00s
[6.725s][info ][safepoint    ] Leaving safepoint region
[6.725s][info ][safepoint    ] Total time for which application threads were stopped: 0.0022540 seconds, Stopping threads took: 0.0002054 seconds
[6.775s][info ][safepoint    ] Application time: 0.0499113 seconds
[6.776s][info ][safepoint    ] Entering safepoint region: GenCollectForAllocation
[6.776s][info ][gc,start     ] GC(23) Pause Young (Allocation Failure)
[6.776s][info ][gc,task      ] GC(23) Using 4 workers of 4 for evacuation
[6.778s][debug][gc,ref       ] GC(23) Skipped phase1 of Reference Processing due to unavailable references
[6.778s][debug][gc,ref       ] GC(23) Skipped phase2 of Reference Processing due to unavailable references
[6.778s][debug][gc,ref       ] GC(23) Skipped phase3 of Reference Processing due to unavailable references
[6.778s][debug][gc,ref       ] GC(23) Skipped phase4 of Reference Processing due to unavailable references
[6.778s][debug][gc,age       ] GC(23) Desired survivor size 15400960 bytes, new threshold 6 (max threshold 6)
[6.778s][info ][gc,heap      ] GC(23) ParNew: 241351K->492K(270976K)
[6.778s][info ][gc,heap      ] GC(23) CMS: 119226K->119266K(602112K)
[6.778s][info ][gc,metaspace ] GC(23) Metaspace: 36594K->36594K(1083392K)
[6.778s][info ][gc           ] GC(23) Pause Young (Allocation Failure) 352M->116M(852M) 1.877ms
[6.778s][info ][gc,cpu       ] GC(23) User=0.01s Sys=0.00s Real=0.00s
[6.778s][info ][safepoint    ] Leaving safepoint region
[6.778s][info ][safepoint    ] Total time for which application threads were stopped: 0.0022971 seconds, Stopping threads took: 0.0002806 seconds
[6.837s][info ][safepoint    ] Application time: 0.0589334 seconds
[6.838s][info ][safepoint    ] Entering safepoint region: GenCollectForAllocation
[6.839s][info ][gc,start     ] GC(24) Pause Young (Allocation Failure)
[6.839s][info ][gc,task      ] GC(24) Using 4 workers of 4 for evacuation
[6.840s][debug][gc,ref       ] GC(24) Skipped phase1 of Reference Processing due to unavailable references
[6.840s][debug][gc,ref       ] GC(24) Skipped phase2 of Reference Processing due to unavailable references
[6.840s][debug][gc,ref       ] GC(24) Skipped phase3 of Reference Processing due to unavailable references
[6.840s][debug][gc,ref       ] GC(24) Skipped phase4 of Reference Processing due to unavailable references
[6.840s][debug][gc,age       ] GC(24) Desired survivor size 15400960 bytes, new threshold 6 (max threshold 6)
[6.840s][info ][gc,heap      ] GC(24) ParNew: 241388K->517K(270976K)
[6.840s][info ][gc,heap      ] GC(24) CMS: 119266K->119313K(602112K)
[6.840s][info ][gc,metaspace ] GC(24) Metaspace: 36594K->36594K(1083392K)
[6.840s][info ][gc           ] GC(24) Pause Young (Allocation Failure) 352M->117M(852M) 1.836ms
[6.840s][info ][gc,cpu       ] GC(24) User=0.01s Sys=0.00s Real=0.00s
[6.840s][info ][safepoint    ] Leaving safepoint region
[6.840s][info ][safepoint    ] Total time for which application threads were stopped: 0.0037352 seconds, Stopping threads took: 0.0014994 seconds
[6.880s][info ][safepoint    ] Application time: 0.0392392 seconds
[6.880s][info ][safepoint    ] Entering safepoint region: GenCollectForAllocation
[6.880s][info ][gc,start     ] GC(25) Pause Young (Allocation Failure)
[6.880s][info ][gc,task      ] GC(25) Using 4 workers of 4 for evacuation
[6.882s][debug][gc,ref       ] GC(25) Skipped phase1 of Reference Processing due to unavailable references
[6.882s][debug][gc,ref       ] GC(25) Skipped phase2 of Reference Processing due to unavailable references
[6.882s][debug][gc,ref       ] GC(25) Skipped phase3 of Reference Processing due to unavailable references
[6.882s][debug][gc,ref       ] GC(25) Skipped phase4 of Reference Processing due to unavailable references
[6.882s][debug][gc,age       ] GC(25) Desired survivor size 15400960 bytes, new threshold 6 (max threshold 6)
[6.882s][info ][gc,heap      ] GC(25) ParNew: 241413K->543K(270976K)
[6.882s][info ][gc,heap      ] GC(25) CMS: 119313K->119354K(602112K)
[6.882s][info ][gc,metaspace ] GC(25) Metaspace: 36594K->36594K(1083392K)
[6.882s][info ][gc           ] GC(25) Pause Young (Allocation Failure) 352M->117M(852M) 2.103ms
[6.882s][info ][gc,cpu       ] GC(25) User=0.01s Sys=0.00s Real=0.00s
[6.882s][info ][safepoint    ] Leaving safepoint region
[6.882s][info ][safepoint    ] Total time for which application threads were stopped: 0.0023777 seconds, Stopping threads took: 0.0000949 seconds
[6.947s][info ][safepoint    ] Application time: 0.0646782 seconds
[6.947s][info ][safepoint    ] Entering safepoint region: GenCollectForAllocation
[6.947s][info ][gc,start     ] GC(26) Pause Young (Allocation Failure)
[6.947s][info ][gc,task      ] GC(26) Using 4 workers of 4 for evacuation
[6.949s][debug][gc,ref       ] GC(26) Skipped phase1 of Reference Processing due to unavailable references
[6.949s][debug][gc,ref       ] GC(26) Skipped phase2 of Reference Processing due to unavailable references
[6.949s][debug][gc,ref       ] GC(26) Skipped phase3 of Reference Processing due to unavailable references
[6.949s][debug][gc,ref       ] GC(26) Skipped phase4 of Reference Processing due to unavailable references
[6.949s][debug][gc,age       ] GC(26) Desired survivor size 15400960 bytes, new threshold 6 (max threshold 6)
[6.949s][info ][gc,heap      ] GC(26) ParNew: 241439K->540K(270976K)
[6.949s][info ][gc,heap      ] GC(26) CMS: 119354K->119390K(602112K)
[6.949s][info ][gc,metaspace ] GC(26) Metaspace: 36594K->36594K(1083392K)
[6.949s][info ][gc           ] GC(26) Pause Young (Allocation Failure) 352M->117M(852M) 1.831ms
[6.949s][info ][gc,cpu       ] GC(26) User=0.01s Sys=0.00s Real=0.00s
[6.949s][info ][safepoint    ] Leaving safepoint region
[6.949s][info ][safepoint    ] Total time for which application threads were stopped: 0.0022119 seconds, Stopping threads took: 0.0001354 seconds
[6.995s][info ][safepoint    ] Application time: 0.0455497 seconds
[6.995s][info ][safepoint    ] Entering safepoint region: GenCollectForAllocation
[6.995s][info ][gc,start     ] GC(27) Pause Young (Allocation Failure)
[6.995s][info ][gc,task      ] GC(27) Using 4 workers of 4 for evacuation
[6.997s][debug][gc,ref       ] GC(27) Skipped phase1 of Reference Processing due to unavailable references
[6.997s][debug][gc,ref       ] GC(27) Skipped phase2 of Reference Processing due to unavailable references
[6.997s][debug][gc,ref       ] GC(27) Skipped phase3 of Reference Processing due to unavailable references
[6.997s][debug][gc,ref       ] GC(27) Skipped phase4 of Reference Processing due to unavailable references
[6.997s][debug][gc,age       ] GC(27) Desired survivor size 15400960 bytes, new threshold 6 (max threshold 6)
[6.997s][info ][gc,heap      ] GC(27) ParNew: 241436K->570K(270976K)
[6.997s][info ][gc,heap      ] GC(27) CMS: 119390K->119463K(602112K)
[6.997s][info ][gc,metaspace ] GC(27) Metaspace: 36594K->36594K(1083392K)
[6.997s][info ][gc           ] GC(27) Pause Young (Allocation Failure) 352M->117M(852M) 1.955ms
[6.997s][info ][gc,cpu       ] GC(27) User=0.01s Sys=0.01s Real=0.00s
[6.997s][info ][safepoint    ] Leaving safepoint region
[6.997s][info ][safepoint    ] Total time for which application threads were stopped: 0.0023402 seconds, Stopping threads took: 0.0002034 seconds
[7.053s][info ][safepoint    ] Application time: 0.0557355 seconds
[7.053s][info ][safepoint    ] Entering safepoint region: GenCollectForAllocation
[7.053s][info ][gc,start     ] GC(28) Pause Young (Allocation Failure)
[7.053s][info ][gc,task      ] GC(28) Using 4 workers of 4 for evacuation
[7.055s][debug][gc,ref       ] GC(28) Skipped phase1 of Reference Processing due to unavailable references
[7.055s][debug][gc,ref       ] GC(28) Skipped phase2 of Reference Processing due to unavailable references
[7.055s][debug][gc,ref       ] GC(28) Skipped phase3 of Reference Processing due to unavailable references
[7.055s][debug][gc,ref       ] GC(28) Skipped phase4 of Reference Processing due to unavailable references
[7.056s][debug][gc,age       ] GC(28) Desired survivor size 15400960 bytes, new threshold 6 (max threshold 6)
[7.056s][info ][gc,heap      ] GC(28) ParNew: 241466K->563K(270976K)
[7.056s][info ][gc,heap      ] GC(28) CMS: 119463K->119491K(602112K)
[7.056s][info ][gc,metaspace ] GC(28) Metaspace: 36594K->36594K(1083392K)
[7.056s][info ][gc           ] GC(28) Pause Young (Allocation Failure) 352M->117M(852M) 2.622ms
[7.056s][info ][gc,cpu       ] GC(28) User=0.00s Sys=0.00s Real=0.01s
[7.056s][info ][safepoint    ] Leaving safepoint region
[7.056s][info ][safepoint    ] Total time for which application threads were stopped: 0.0029611 seconds, Stopping threads took: 0.0001338 seconds
[7.113s][info ][safepoint    ] Application time: 0.0569036 seconds
[7.116s][info ][safepoint    ] Entering safepoint region: GenCollectForAllocation
[7.116s][info ][gc,start     ] GC(29) Pause Young (Allocation Failure)
[7.116s][info ][gc,task      ] GC(29) Using 4 workers of 4 for evacuation
[7.126s][debug][gc,ref       ] GC(29) Skipped phase1 of Reference Processing due to unavailable references
[7.126s][debug][gc,ref       ] GC(29) Skipped phase2 of Reference Processing due to unavailable references
[7.126s][debug][gc,ref       ] GC(29) Skipped phase3 of Reference Processing due to unavailable references
[7.126s][debug][gc,ref       ] GC(29) Skipped phase4 of Reference Processing due to unavailable references
[7.126s][debug][gc,age       ] GC(29) Desired survivor size 15400960 bytes, new threshold 6 (max threshold 6)
[7.127s][info ][gc,heap      ] GC(29) ParNew: 241459K->572K(270976K)
[7.127s][info ][gc,heap      ] GC(29) CMS: 119491K->119546K(602112K)
[7.127s][info ][gc,metaspace ] GC(29) Metaspace: 36594K->36594K(1083392K)
[7.127s][info ][gc           ] GC(29) Pause Young (Allocation Failure) 352M->117M(852M) 10.551ms
[7.127s][info ][gc,cpu       ] GC(29) User=0.03s Sys=0.00s Real=0.01s
[7.127s][info ][safepoint    ] Leaving safepoint region
[7.127s][info ][safepoint    ] Total time for which application threads were stopped: 0.0138409 seconds, Stopping threads took: 0.0031145 seconds
[7.164s][info ][safepoint    ] Application time: 0.0375986 seconds
[7.164s][info ][safepoint    ] Entering safepoint region: GenCollectForAllocation
[7.165s][info ][gc,start     ] GC(30) Pause Young (Allocation Failure)
[7.165s][info ][gc,task      ] GC(30) Using 4 workers of 4 for evacuation
[7.168s][debug][gc,ref       ] GC(30) Skipped phase1 of Reference Processing due to unavailable references
[7.168s][debug][gc,ref       ] GC(30) Skipped phase2 of Reference Processing due to unavailable references
[7.168s][debug][gc,ref       ] GC(30) Skipped phase3 of Reference Processing due to unavailable references
[7.168s][debug][gc,ref       ] GC(30) Skipped phase4 of Reference Processing due to unavailable references
[7.168s][debug][gc,age       ] GC(30) Desired survivor size 15400960 bytes, new threshold 6 (max threshold 6)
[7.168s][info ][gc,heap      ] GC(30) ParNew: 241468K->679K(270976K)
[7.168s][info ][gc,heap      ] GC(30) CMS: 119546K->119598K(602112K)
[7.168s][info ][gc,metaspace ] GC(30) Metaspace: 36594K->36594K(1083392K)
[7.168s][info ][gc           ] GC(30) Pause Young (Allocation Failure) 352M->117M(852M) 3.166ms
[7.168s][info ][gc,cpu       ] GC(30) User=0.01s Sys=0.00s Real=0.00s
[7.168s][info ][safepoint    ] Leaving safepoint region
[7.168s][info ][safepoint    ] Total time for which application threads were stopped: 0.0035157 seconds, Stopping threads took: 0.0001857 seconds
[7.237s][info ][safepoint    ] Application time: 0.0695241 seconds
[7.237s][info ][safepoint    ] Entering safepoint region: GenCollectForAllocation
[7.238s][info ][gc,start     ] GC(31) Pause Young (Allocation Failure)
[7.238s][info ][gc,task      ] GC(31) Using 4 workers of 4 for evacuation
[7.239s][debug][gc,ref       ] GC(31) Skipped phase1 of Reference Processing due to unavailable references
[7.239s][debug][gc,ref       ] GC(31) Skipped phase2 of Reference Processing due to unavailable references
[7.239s][debug][gc,ref       ] GC(31) Skipped phase3 of Reference Processing due to unavailable references
[7.239s][debug][gc,ref       ] GC(31) Skipped phase4 of Reference Processing due to unavailable references
[7.239s][debug][gc,age       ] GC(31) Desired survivor size 15400960 bytes, new threshold 6 (max threshold 6)
[7.239s][info ][gc,heap      ] GC(31) ParNew: 241575K->517K(270976K)
[7.239s][info ][gc,heap      ] GC(31) CMS: 119598K->119628K(602112K)
[7.239s][info ][gc,metaspace ] GC(31) Metaspace: 36594K->36594K(1083392K)
[7.239s][info ][gc           ] GC(31) Pause Young (Allocation Failure) 352M->117M(852M) 1.829ms
[7.239s][info ][gc,cpu       ] GC(31) User=0.01s Sys=0.00s Real=0.00s
[7.239s][info ][safepoint    ] Leaving safepoint region
[7.239s][info ][safepoint    ] Total time for which application threads were stopped: 0.0021226 seconds, Stopping threads took: 0.0001189 seconds
[7.282s][info ][safepoint    ] Application time: 0.0430088 seconds
[7.283s][info ][safepoint    ] Entering safepoint region: GenCollectForAllocation
[7.283s][info ][gc,start     ] GC(32) Pause Young (Allocation Failure)
[7.283s][info ][gc,task      ] GC(32) Using 4 workers of 4 for evacuation
[7.285s][debug][gc,ref       ] GC(32) Skipped phase1 of Reference Processing due to unavailable references
[7.285s][debug][gc,ref       ] GC(32) Skipped phase2 of Reference Processing due to unavailable references
[7.285s][debug][gc,ref       ] GC(32) Skipped phase3 of Reference Processing due to unavailable references
[7.285s][debug][gc,ref       ] GC(32) Skipped phase4 of Reference Processing due to unavailable references
[7.285s][debug][gc,age       ] GC(32) Desired survivor size 15400960 bytes, new threshold 6 (max threshold 6)
[7.285s][info ][gc,heap      ] GC(32) ParNew: 241413K->536K(270976K)
[7.285s][info ][gc,heap      ] GC(32) CMS: 119628K->119700K(602112K)
[7.285s][info ][gc,metaspace ] GC(32) Metaspace: 36594K->36594K(1083392K)
[7.285s][info ][gc           ] GC(32) Pause Young (Allocation Failure) 352M->117M(852M) 2.092ms
[7.285s][info ][gc,cpu       ] GC(32) User=0.01s Sys=0.00s Real=0.00s
[7.285s][info ][safepoint    ] Leaving safepoint region
[7.285s][info ][safepoint    ] Total time for which application threads were stopped: 0.0023709 seconds, Stopping threads took: 0.0001168 seconds
[7.350s][info ][safepoint    ] Application time: 0.0646896 seconds
[7.350s][info ][safepoint    ] Entering safepoint region: GenCollectForAllocation
[7.350s][info ][gc,start     ] GC(33) Pause Young (Allocation Failure)
[7.350s][info ][gc,task      ] GC(33) Using 4 workers of 4 for evacuation
[7.351s][debug][gc,ref       ] GC(33) Skipped phase1 of Reference Processing due to unavailable references
[7.352s][debug][gc,ref       ] GC(33) Skipped phase2 of Reference Processing due to unavailable references
[7.352s][debug][gc,ref       ] GC(33) Skipped phase3 of Reference Processing due to unavailable references
[7.352s][debug][gc,ref       ] GC(33) Skipped phase4 of Reference Processing due to unavailable references
[7.352s][debug][gc,age       ] GC(33) Desired survivor size 15400960 bytes, new threshold 6 (max threshold 6)
[7.352s][info ][gc,heap      ] GC(33) ParNew: 241432K->538K(270976K)
[7.352s][info ][gc,heap      ] GC(33) CMS: 119700K->119737K(602112K)
[7.352s][info ][gc,metaspace ] GC(33) Metaspace: 36594K->36594K(1083392K)
[7.352s][info ][gc           ] GC(33) Pause Young (Allocation Failure) 352M->117M(852M) 1.886ms
[7.352s][info ][gc,cpu       ] GC(33) User=0.01s Sys=0.00s Real=0.00s
[7.352s][info ][safepoint    ] Leaving safepoint region
[7.352s][info ][safepoint    ] Total time for which application threads were stopped: 0.0020994 seconds, Stopping threads took: 0.0000733 seconds
[7.402s][info ][safepoint    ] Application time: 0.0501790 seconds
[7.402s][info ][safepoint    ] Entering safepoint region: GenCollectForAllocation
[7.402s][info ][gc,start     ] GC(34) Pause Young (Allocation Failure)
[7.403s][info ][gc,task      ] GC(34) Using 4 workers of 4 for evacuation
[7.407s][debug][gc,ref       ] GC(34) Skipped phase1 of Reference Processing due to unavailable references
[7.407s][debug][gc,ref       ] GC(34) Skipped phase2 of Reference Processing due to unavailable references
[7.407s][debug][gc,ref       ] GC(34) Skipped phase3 of Reference Processing due to unavailable references
[7.407s][debug][gc,ref       ] GC(34) Skipped phase4 of Reference Processing due to unavailable references
[7.407s][debug][gc,age       ] GC(34) Desired survivor size 15400960 bytes, new threshold 6 (max threshold 6)
[7.407s][info ][gc,heap      ] GC(34) ParNew: 241434K->554K(270976K)
[7.407s][info ][gc,heap      ] GC(34) CMS: 119737K->119796K(602112K)
[7.407s][info ][gc,metaspace ] GC(34) Metaspace: 36594K->36594K(1083392K)
[7.407s][info ][gc           ] GC(34) Pause Young (Allocation Failure) 352M->117M(852M) 4.991ms
[7.407s][info ][gc,cpu       ] GC(34) User=0.02s Sys=0.00s Real=0.00s
[7.407s][info ][safepoint    ] Leaving safepoint region
[7.407s][info ][safepoint    ] Total time for which application threads were stopped: 0.0055718 seconds, Stopping threads took: 0.0003712 seconds
[7.467s][info ][safepoint    ] Application time: 0.0596592 seconds
[7.467s][info ][safepoint    ] Entering safepoint region: GenCollectForAllocation
[7.468s][info ][gc,start     ] GC(35) Pause Young (Allocation Failure)
[7.468s][info ][gc,task      ] GC(35) Using 4 workers of 4 for evacuation
[7.469s][debug][gc,ref       ] GC(35) Skipped phase1 of Reference Processing due to unavailable references
[7.469s][debug][gc,ref       ] GC(35) Skipped phase2 of Reference Processing due to unavailable references
[7.469s][debug][gc,ref       ] GC(35) Skipped phase3 of Reference Processing due to unavailable references
[7.469s][debug][gc,ref       ] GC(35) Skipped phase4 of Reference Processing due to unavailable references
[7.469s][debug][gc,age       ] GC(35) Desired survivor size 15400960 bytes, new threshold 6 (max threshold 6)
[7.470s][info ][gc,heap      ] GC(35) ParNew: 241450K->649K(270976K)
[7.470s][info ][gc,heap      ] GC(35) CMS: 119796K->119841K(602112K)
[7.470s][info ][gc,metaspace ] GC(35) Metaspace: 36612K->36612K(1083392K)
[7.470s][info ][gc           ] GC(35) Pause Young (Allocation Failure) 352M->117M(852M) 1.931ms
[7.470s][info ][gc,cpu       ] GC(35) User=0.01s Sys=0.00s Real=0.00s
[7.470s][info ][safepoint    ] Leaving safepoint region
[7.470s][info ][safepoint    ] Total time for which application threads were stopped: 0.0024050 seconds, Stopping threads took: 0.0003127 seconds
[7.521s][info ][safepoint    ] Application time: 0.0511590 seconds
[7.522s][info ][safepoint    ] Entering safepoint region: GenCollectForAllocation
[7.522s][info ][gc,start     ] GC(36) Pause Young (Allocation Failure)
[7.522s][info ][gc,task      ] GC(36) Using 4 workers of 4 for evacuation
[7.524s][debug][gc,ref       ] GC(36) Skipped phase1 of Reference Processing due to unavailable references
[7.524s][debug][gc,ref       ] GC(36) Skipped phase2 of Reference Processing due to unavailable references
[7.524s][debug][gc,ref       ] GC(36) Skipped phase3 of Reference Processing due to unavailable references
[7.524s][debug][gc,ref       ] GC(36) Skipped phase4 of Reference Processing due to unavailable references
[7.524s][debug][gc,age       ] GC(36) Desired survivor size 15400960 bytes, new threshold 6 (max threshold 6)
[7.524s][info ][gc,heap      ] GC(36) ParNew: 241545K->575K(270976K)
[7.524s][info ][gc,heap      ] GC(36) CMS: 119841K->119868K(602112K)
[7.524s][info ][gc,metaspace ] GC(36) Metaspace: 36621K->36621K(1083392K)
[7.524s][info ][gc           ] GC(36) Pause Young (Allocation Failure) 352M->117M(852M) 1.910ms
[7.524s][info ][gc,cpu       ] GC(36) User=0.01s Sys=0.00s Real=0.00s
[7.524s][info ][safepoint    ] Leaving safepoint region
[7.524s][info ][safepoint    ] Total time for which application threads were stopped: 0.0035417 seconds, Stopping threads took: 0.0014567 seconds
[7.571s][info ][safepoint    ] Application time: 0.0468744 seconds
[7.571s][info ][safepoint    ] Entering safepoint region: GenCollectForAllocation
[7.572s][info ][gc,start     ] GC(37) Pause Young (Allocation Failure)
[7.572s][info ][gc,task      ] GC(37) Using 4 workers of 4 for evacuation
[7.573s][debug][gc,ref       ] GC(37) Skipped phase1 of Reference Processing due to unavailable references
[7.573s][debug][gc,ref       ] GC(37) Skipped phase2 of Reference Processing due to unavailable references
[7.573s][debug][gc,ref       ] GC(37) Skipped phase3 of Reference Processing due to unavailable references
[7.573s][debug][gc,ref       ] GC(37) Skipped phase4 of Reference Processing due to unavailable references
[7.574s][debug][gc,age       ] GC(37) Desired survivor size 15400960 bytes, new threshold 6 (max threshold 6)
[7.574s][info ][gc,heap      ] GC(37) ParNew: 241471K->541K(270976K)
[7.574s][info ][gc,heap      ] GC(37) CMS: 119868K->119940K(602112K)
[7.574s][info ][gc,metaspace ] GC(37) Metaspace: 36621K->36621K(1083392K)
[7.574s][info ][gc           ] GC(37) Pause Young (Allocation Failure) 352M->117M(852M) 2.099ms
[7.574s][info ][gc,cpu       ] GC(37) User=0.01s Sys=0.00s Real=0.00s
[7.574s][info ][safepoint    ] Leaving safepoint region
[7.574s][info ][safepoint    ] Total time for which application threads were stopped: 0.0024266 seconds, Stopping threads took: 0.0001393 seconds
[7.636s][info ][safepoint    ] Application time: 0.0619151 seconds
[7.636s][info ][safepoint    ] Entering safepoint region: GenCollectForAllocation
[7.636s][info ][gc,start     ] GC(38) Pause Young (Allocation Failure)
[7.636s][info ][gc,task      ] GC(38) Using 4 workers of 4 for evacuation
[7.638s][debug][gc,ref       ] GC(38) Skipped phase1 of Reference Processing due to unavailable references
[7.638s][debug][gc,ref       ] GC(38) Skipped phase2 of Reference Processing due to unavailable references
[7.638s][debug][gc,ref       ] GC(38) Skipped phase3 of Reference Processing due to unavailable references
[7.638s][debug][gc,ref       ] GC(38) Skipped phase4 of Reference Processing due to unavailable references
[7.638s][debug][gc,age       ] GC(38) Desired survivor size 15400960 bytes, new threshold 6 (max threshold 6)
[7.638s][info ][gc,heap      ] GC(38) ParNew: 241437K->633K(270976K)
[7.638s][info ][gc,heap      ] GC(38) CMS: 119940K->119966K(602112K)
[7.638s][info ][gc,metaspace ] GC(38) Metaspace: 36621K->36621K(1083392K)
[7.638s][info ][gc           ] GC(38) Pause Young (Allocation Failure) 352M->117M(852M) 1.841ms
[7.638s][info ][gc,cpu       ] GC(38) User=0.01s Sys=0.00s Real=0.00s
[7.638s][info ][safepoint    ] Leaving safepoint region
[7.638s][info ][safepoint    ] Total time for which application threads were stopped: 0.0020914 seconds, Stopping threads took: 0.0000853 seconds
[7.687s][info ][safepoint    ] Application time: 0.0488904 seconds
[7.687s][info ][safepoint    ] Entering safepoint region: GenCollectForAllocation
[7.687s][info ][gc,start     ] GC(39) Pause Young (Allocation Failure)
[7.687s][info ][gc,task      ] GC(39) Using 4 workers of 4 for evacuation
[7.689s][debug][gc,ref       ] GC(39) Skipped phase1 of Reference Processing due to unavailable references
[7.689s][debug][gc,ref       ] GC(39) Skipped phase2 of Reference Processing due to unavailable references
[7.689s][debug][gc,ref       ] GC(39) Skipped phase3 of Reference Processing due to unavailable references
[7.689s][debug][gc,ref       ] GC(39) Skipped phase4 of Reference Processing due to unavailable references
[7.690s][debug][gc,age       ] GC(39) Desired survivor size 15400960 bytes, new threshold 6 (max threshold 6)
[7.690s][info ][gc,heap      ] GC(39) ParNew: 241529K->586K(270976K)
[7.690s][info ][gc,heap      ] GC(39) CMS: 119966K->120039K(602112K)
[7.690s][info ][gc,metaspace ] GC(39) Metaspace: 36621K->36621K(1083392K)
[7.690s][info ][gc           ] GC(39) Pause Young (Allocation Failure) 353M->117M(852M) 2.248ms
[7.690s][info ][gc,cpu       ] GC(39) User=0.01s Sys=0.00s Real=0.00s
[7.690s][info ][safepoint    ] Leaving safepoint region
[7.690s][info ][safepoint    ] Total time for which application threads were stopped: 0.0029931 seconds, Stopping threads took: 0.0005669 seconds
[7.769s][info ][safepoint    ] Application time: 0.0789033 seconds
[7.770s][info ][safepoint    ] Entering safepoint region: GenCollectForAllocation
[7.771s][info ][gc,start     ] GC(40) Pause Young (Allocation Failure)
[7.771s][info ][gc,task      ] GC(40) Using 4 workers of 4 for evacuation
[7.774s][debug][gc,ref       ] GC(40) Skipped phase1 of Reference Processing due to unavailable references
[7.774s][debug][gc,ref       ] GC(40) Skipped phase2 of Reference Processing due to unavailable references
[7.774s][debug][gc,ref       ] GC(40) Skipped phase3 of Reference Processing due to unavailable references
[7.774s][debug][gc,ref       ] GC(40) Skipped phase4 of Reference Processing due to unavailable references
[7.774s][debug][gc,age       ] GC(40) Desired survivor size 15400960 bytes, new threshold 6 (max threshold 6)
[7.774s][info ][gc,heap      ] GC(40) ParNew: 241482K->550K(270976K)
[7.774s][info ][gc,heap      ] GC(40) CMS: 120039K->120076K(602112K)
[7.774s][info ][gc,metaspace ] GC(40) Metaspace: 36621K->36621K(1083392K)
[7.774s][info ][gc           ] GC(40) Pause Young (Allocation Failure) 353M->117M(852M) 3.844ms
[7.774s][info ][gc,cpu       ] GC(40) User=0.00s Sys=0.00s Real=0.01s
[7.774s][info ][safepoint    ] Leaving safepoint region
[7.774s][info ][safepoint    ] Total time for which application threads were stopped: 0.0058308 seconds, Stopping threads took: 0.0018250 seconds
[7.816s][info ][safepoint    ] Application time: 0.0411710 seconds
[7.819s][info ][safepoint    ] Entering safepoint region: GenCollectForAllocation
[7.819s][info ][gc,start     ] GC(41) Pause Young (Allocation Failure)
[7.819s][info ][gc,task      ] GC(41) Using 4 workers of 4 for evacuation
[7.821s][debug][gc,ref       ] GC(41) Skipped phase1 of Reference Processing due to unavailable references
[7.821s][debug][gc,ref       ] GC(41) Skipped phase2 of Reference Processing due to unavailable references
[7.821s][debug][gc,ref       ] GC(41) Skipped phase3 of Reference Processing due to unavailable references
[7.821s][debug][gc,ref       ] GC(41) Skipped phase4 of Reference Processing due to unavailable references
[7.821s][debug][gc,age       ] GC(41) Desired survivor size 15400960 bytes, new threshold 6 (max threshold 6)
[7.821s][info ][gc,heap      ] GC(41) ParNew: 241446K->581K(270976K)
[7.821s][info ][gc,heap      ] GC(41) CMS: 120076K->120136K(602112K)
[7.821s][info ][gc,metaspace ] GC(41) Metaspace: 36621K->36621K(1083392K)
[7.821s][info ][gc           ] GC(41) Pause Young (Allocation Failure) 353M->117M(852M) 2.382ms
[7.821s][info ][gc,cpu       ] GC(41) User=0.01s Sys=0.00s Real=0.00s
[7.821s][info ][safepoint    ] Leaving safepoint region
[7.821s][info ][safepoint    ] Total time for which application threads were stopped: 0.0055294 seconds, Stopping threads took: 0.0030074 seconds
[7.890s][info ][safepoint    ] Application time: 0.0685171 seconds
[7.890s][info ][safepoint    ] Entering safepoint region: GenCollectForAllocation
[7.890s][info ][gc,start     ] GC(42) Pause Young (Allocation Failure)
[7.890s][info ][gc,task      ] GC(42) Using 4 workers of 4 for evacuation
[7.892s][debug][gc,ref       ] GC(42) Skipped phase1 of Reference Processing due to unavailable references
[7.892s][debug][gc,ref       ] GC(42) Skipped phase2 of Reference Processing due to unavailable references
[7.892s][debug][gc,ref       ] GC(42) Skipped phase3 of Reference Processing due to unavailable references
[7.892s][debug][gc,ref       ] GC(42) Skipped phase4 of Reference Processing due to unavailable references
[7.892s][debug][gc,age       ] GC(42) Desired survivor size 15400960 bytes, new threshold 6 (max threshold 6)
[7.892s][info ][gc,heap      ] GC(42) ParNew: 241477K->541K(270976K)
[7.892s][info ][gc,heap      ] GC(42) CMS: 120136K->120172K(602112K)
[7.892s][info ][gc,metaspace ] GC(42) Metaspace: 36621K->36621K(1083392K)
[7.892s][info ][gc           ] GC(42) Pause Young (Allocation Failure) 353M->117M(852M) 1.946ms
[7.892s][info ][gc,cpu       ] GC(42) User=0.01s Sys=0.00s Real=0.00s
[7.892s][info ][safepoint    ] Leaving safepoint region
[7.892s][info ][safepoint    ] Total time for which application threads were stopped: 0.0023420 seconds, Stopping threads took: 0.0002447 seconds
[7.941s][info ][safepoint    ] Application time: 0.0487163 seconds
[7.941s][info ][safepoint    ] Entering safepoint region: GenCollectForAllocation
[7.941s][info ][gc,start     ] GC(43) Pause Young (Allocation Failure)
[7.941s][info ][gc,task      ] GC(43) Using 4 workers of 4 for evacuation
[7.943s][debug][gc,ref       ] GC(43) Skipped phase1 of Reference Processing due to unavailable references
[7.943s][debug][gc,ref       ] GC(43) Skipped phase2 of Reference Processing due to unavailable references
[7.943s][debug][gc,ref       ] GC(43) Skipped phase3 of Reference Processing due to unavailable references
[7.943s][debug][gc,ref       ] GC(43) Skipped phase4 of Reference Processing due to unavailable references
[7.943s][debug][gc,age       ] GC(43) Desired survivor size 15400960 bytes, new threshold 6 (max threshold 6)
[7.943s][info ][gc,heap      ] GC(43) ParNew: 241437K->686K(270976K)
[7.943s][info ][gc,heap      ] GC(43) CMS: 120172K->120223K(602112K)
[7.943s][info ][gc,metaspace ] GC(43) Metaspace: 36621K->36621K(1083392K)
[7.943s][info ][gc           ] GC(43) Pause Young (Allocation Failure) 353M->118M(852M) 1.941ms
[7.943s][info ][gc,cpu       ] GC(43) User=0.00s Sys=0.00s Real=0.01s
[7.943s][info ][safepoint    ] Leaving safepoint region
[7.943s][info ][safepoint    ] Total time for which application threads were stopped: 0.0022723 seconds, Stopping threads took: 0.0001481 seconds
[8.013s][info ][safepoint    ] Application time: 0.0697267 seconds
[8.019s][info ][safepoint    ] Entering safepoint region: GenCollectForAllocation
[8.019s][info ][gc,start     ] GC(44) Pause Young (Allocation Failure)
[8.019s][info ][gc,task      ] GC(44) Using 4 workers of 4 for evacuation
[8.022s][debug][gc,ref       ] GC(44) Skipped phase1 of Reference Processing due to unavailable references
[8.022s][debug][gc,ref       ] GC(44) Skipped phase2 of Reference Processing due to unavailable references
[8.022s][debug][gc,ref       ] GC(44) Skipped phase3 of Reference Processing due to unavailable references
[8.022s][debug][gc,ref       ] GC(44) Skipped phase4 of Reference Processing due to unavailable references
[8.022s][debug][gc,age       ] GC(44) Desired survivor size 15400960 bytes, new threshold 6 (max threshold 6)
[8.022s][info ][gc,heap      ] GC(44) ParNew: 241582K->485K(270976K)
[8.022s][info ][gc,heap      ] GC(44) CMS: 120223K->120279K(602112K)
[8.022s][info ][gc,metaspace ] GC(44) Metaspace: 36621K->36621K(1083392K)
[8.022s][info ][gc           ] GC(44) Pause Young (Allocation Failure) 353M->117M(852M) 2.464ms
[8.022s][info ][gc,cpu       ] GC(44) User=0.01s Sys=0.00s Real=0.00s
[8.022s][info ][safepoint    ] Leaving safepoint region
[8.022s][info ][safepoint    ] Total time for which application threads were stopped: 0.0089964 seconds, Stopping threads took: 0.0063782 seconds
[8.071s][info ][safepoint    ] Application time: 0.0490483 seconds
[8.071s][info ][safepoint    ] Entering safepoint region: GenCollectForAllocation
[8.071s][info ][gc,start     ] GC(45) Pause Young (Allocation Failure)
[8.071s][info ][gc,task      ] GC(45) Using 4 workers of 4 for evacuation
[8.073s][debug][gc,ref       ] GC(45) Skipped phase1 of Reference Processing due to unavailable references
[8.073s][debug][gc,ref       ] GC(45) Skipped phase2 of Reference Processing due to unavailable references
[8.073s][debug][gc,ref       ] GC(45) Skipped phase3 of Reference Processing due to unavailable references
[8.073s][debug][gc,ref       ] GC(45) Skipped phase4 of Reference Processing due to unavailable references
[8.073s][debug][gc,age       ] GC(45) Desired survivor size 15400960 bytes, new threshold 6 (max threshold 6)
[8.073s][info ][gc,heap      ] GC(45) ParNew: 241381K->624K(270976K)
[8.073s][info ][gc,heap      ] GC(45) CMS: 120279K->120311K(602112K)
[8.073s][info ][gc,metaspace ] GC(45) Metaspace: 36622K->36622K(1083392K)
[8.073s][info ][gc           ] GC(45) Pause Young (Allocation Failure) 353M->118M(852M) 1.880ms
[8.073s][info ][gc,cpu       ] GC(45) User=0.01s Sys=0.00s Real=0.00s
[8.073s][info ][safepoint    ] Leaving safepoint region
[8.073s][info ][safepoint    ] Total time for which application threads were stopped: 0.0023034 seconds, Stopping threads took: 0.0002621 seconds
[8.126s][info ][safepoint    ] Application time: 0.0524969 seconds
[8.126s][info ][safepoint    ] Entering safepoint region: GenCollectForAllocation
[8.126s][info ][gc,start     ] GC(46) Pause Young (Allocation Failure)
[8.126s][info ][gc,task      ] GC(46) Using 4 workers of 4 for evacuation
[8.128s][debug][gc,ref       ] GC(46) Skipped phase1 of Reference Processing due to unavailable references
[8.128s][debug][gc,ref       ] GC(46) Skipped phase2 of Reference Processing due to unavailable references
[8.128s][debug][gc,ref       ] GC(46) Skipped phase3 of Reference Processing due to unavailable references
[8.128s][debug][gc,ref       ] GC(46) Skipped phase4 of Reference Processing due to unavailable references
[8.128s][debug][gc,age       ] GC(46) Desired survivor size 15400960 bytes, new threshold 6 (max threshold 6)
[8.128s][info ][gc,heap      ] GC(46) ParNew: 241520K->509K(270976K)
[8.128s][info ][gc,heap      ] GC(46) CMS: 120311K->120390K(602112K)
[8.128s][info ][gc,metaspace ] GC(46) Metaspace: 36622K->36622K(1083392K)
[8.128s][info ][gc           ] GC(46) Pause Young (Allocation Failure) 353M->118M(852M) 1.898ms
[8.128s][info ][gc,cpu       ] GC(46) User=0.01s Sys=0.00s Real=0.00s
[8.128s][info ][safepoint    ] Leaving safepoint region
[8.128s][info ][safepoint    ] Total time for which application threads were stopped: 0.0023692 seconds, Stopping threads took: 0.0002814 seconds
[8.173s][info ][safepoint    ] Application time: 0.0449927 seconds
[8.173s][info ][safepoint    ] Entering safepoint region: GenCollectForAllocation
[8.173s][info ][gc,start     ] GC(47) Pause Young (Allocation Failure)
[8.173s][info ][gc,task      ] GC(47) Using 4 workers of 4 for evacuation
[8.175s][debug][gc,ref       ] GC(47) Skipped phase1 of Reference Processing due to unavailable references
[8.175s][debug][gc,ref       ] GC(47) Skipped phase2 of Reference Processing due to unavailable references
[8.175s][debug][gc,ref       ] GC(47) Skipped phase3 of Reference Processing due to unavailable references
[8.175s][debug][gc,ref       ] GC(47) Skipped phase4 of Reference Processing due to unavailable references
[8.175s][debug][gc,age       ] GC(47) Desired survivor size 15400960 bytes, new threshold 6 (max threshold 6)
[8.175s][info ][gc,heap      ] GC(47) ParNew: 241405K->588K(270976K)
[8.175s][info ][gc,heap      ] GC(47) CMS: 120390K->120410K(602112K)
[8.175s][info ][gc,metaspace ] GC(47) Metaspace: 36622K->36622K(1083392K)
[8.175s][info ][gc           ] GC(47) Pause Young (Allocation Failure) 353M->118M(852M) 1.890ms
[8.175s][info ][gc,cpu       ] GC(47) User=0.01s Sys=0.00s Real=0.01s
[8.175s][info ][safepoint    ] Leaving safepoint region
[8.175s][info ][safepoint    ] Total time for which application threads were stopped: 0.0021488 seconds, Stopping threads took: 0.0000903 seconds
[8.240s][info ][safepoint    ] Application time: 0.0642621 seconds
[8.240s][info ][safepoint    ] Entering safepoint region: GenCollectForAllocation
[8.240s][info ][gc,start     ] GC(48) Pause Young (Allocation Failure)
[8.240s][info ][gc,task      ] GC(48) Using 4 workers of 4 for evacuation
[8.242s][debug][gc,ref       ] GC(48) Skipped phase1 of Reference Processing due to unavailable references
[8.242s][debug][gc,ref       ] GC(48) Skipped phase2 of Reference Processing due to unavailable references
[8.242s][debug][gc,ref       ] GC(48) Skipped phase3 of Reference Processing due to unavailable references
[8.242s][debug][gc,ref       ] GC(48) Skipped phase4 of Reference Processing due to unavailable references
[8.242s][debug][gc,age       ] GC(48) Desired survivor size 15400960 bytes, new threshold 6 (max threshold 6)
[8.242s][info ][gc,heap      ] GC(48) ParNew: 241484K->728K(270976K)
[8.242s][info ][gc,heap      ] GC(48) CMS: 120410K->120488K(602112K)
[8.242s][info ][gc,metaspace ] GC(48) Metaspace: 36625K->36625K(1083392K)
[8.242s][info ][gc           ] GC(48) Pause Young (Allocation Failure) 353M->118M(852M) 2.190ms
[8.242s][info ][gc,cpu       ] GC(48) User=0.01s Sys=0.00s Real=0.00s
[8.242s][info ][safepoint    ] Leaving safepoint region
[8.242s][info ][safepoint    ] Total time for which application threads were stopped: 0.0025272 seconds, Stopping threads took: 0.0001478 seconds
[8.286s][info ][safepoint    ] Application time: 0.0436084 seconds
[8.286s][info ][safepoint    ] Entering safepoint region: GenCollectForAllocation
[8.286s][info ][gc,start     ] GC(49) Pause Young (Allocation Failure)
[8.286s][info ][gc,task      ] GC(49) Using 4 workers of 4 for evacuation
[8.288s][debug][gc,ref       ] GC(49) Skipped phase1 of Reference Processing due to unavailable references
[8.288s][debug][gc,ref       ] GC(49) Skipped phase2 of Reference Processing due to unavailable references
[8.288s][debug][gc,ref       ] GC(49) Skipped phase3 of Reference Processing due to unavailable references
[8.288s][debug][gc,ref       ] GC(49) Skipped phase4 of Reference Processing due to unavailable references
[8.288s][debug][gc,age       ] GC(49) Desired survivor size 15400960 bytes, new threshold 6 (max threshold 6)
[8.288s][info ][gc,heap      ] GC(49) ParNew: 241624K->518K(270976K)
[8.288s][info ][gc,heap      ] GC(49) CMS: 120488K->120514K(602112K)
[8.288s][info ][gc,metaspace ] GC(49) Metaspace: 36625K->36625K(1083392K)
[8.288s][info ][gc           ] GC(49) Pause Young (Allocation Failure) 353M->118M(852M) 1.754ms
[8.288s][info ][gc,cpu       ] GC(49) User=0.01s Sys=0.00s Real=0.00s
[8.288s][info ][safepoint    ] Leaving safepoint region
[8.288s][info ][safepoint    ] Total time for which application threads were stopped: 0.0020696 seconds, Stopping threads took: 0.0001534 seconds
[8.344s][info ][safepoint    ] Application time: 0.0564655 seconds
[8.345s][info ][safepoint    ] Entering safepoint region: GenCollectForAllocation
[8.345s][info ][gc,start     ] GC(50) Pause Young (Allocation Failure)
[8.345s][info ][gc,task      ] GC(50) Using 4 workers of 4 for evacuation
[8.347s][debug][gc,ref       ] GC(50) Skipped phase1 of Reference Processing due to unavailable references
[8.347s][debug][gc,ref       ] GC(50) Skipped phase2 of Reference Processing due to unavailable references
[8.347s][debug][gc,ref       ] GC(50) Skipped phase3 of Reference Processing due to unavailable references
[8.347s][debug][gc,ref       ] GC(50) Skipped phase4 of Reference Processing due to unavailable references
[8.347s][debug][gc,age       ] GC(50) Desired survivor size 15400960 bytes, new threshold 6 (max threshold 6)
[8.347s][info ][gc,heap      ] GC(50) ParNew: 241414K->661K(270976K)
[8.347s][info ][gc,heap      ] GC(50) CMS: 120514K->120591K(602112K)
[8.347s][info ][gc,metaspace ] GC(50) Metaspace: 36625K->36625K(1083392K)
[8.347s][info ][gc           ] GC(50) Pause Young (Allocation Failure) 353M->118M(852M) 2.012ms
[8.347s][info ][gc,cpu       ] GC(50) User=0.01s Sys=0.00s Real=0.00s
[8.347s][info ][safepoint    ] Leaving safepoint region
[8.347s][info ][safepoint    ] Total time for which application threads were stopped: 0.0023659 seconds, Stopping threads took: 0.0001932 seconds
[8.396s][info ][safepoint    ] Application time: 0.0496434 seconds
[8.397s][info ][safepoint    ] Entering safepoint region: GenCollectForAllocation
[8.397s][info ][gc,start     ] GC(51) Pause Young (Allocation Failure)
[8.397s][info ][gc,task      ] GC(51) Using 4 workers of 4 for evacuation
[8.399s][debug][gc,ref       ] GC(51) Skipped phase1 of Reference Processing due to unavailable references
[8.399s][debug][gc,ref       ] GC(51) Skipped phase2 of Reference Processing due to unavailable references
[8.399s][debug][gc,ref       ] GC(51) Skipped phase3 of Reference Processing due to unavailable references
[8.399s][debug][gc,ref       ] GC(51) Skipped phase4 of Reference Processing due to unavailable references
[8.399s][debug][gc,age       ] GC(51) Desired survivor size 15400960 bytes, new threshold 6 (max threshold 6)
[8.399s][info ][gc,heap      ] GC(51) ParNew: 241557K->601K(270976K)
[8.399s][info ][gc,heap      ] GC(51) CMS: 120591K->120650K(602112K)
[8.399s][info ][gc,metaspace ] GC(51) Metaspace: 36625K->36625K(1083392K)
[8.399s][info ][gc           ] GC(51) Pause Young (Allocation Failure) 353M->118M(852M) 2.011ms
[8.399s][info ][gc,cpu       ] GC(51) User=0.00s Sys=0.00s Real=0.00s
[8.399s][info ][safepoint    ] Leaving safepoint region
[8.399s][info ][safepoint    ] Total time for which application threads were stopped: 0.0023268 seconds, Stopping threads took: 0.0001621 seconds
[8.451s][info ][safepoint    ] Application time: 0.0521482 seconds
[8.451s][info ][safepoint    ] Entering safepoint region: GenCollectForAllocation
[8.451s][info ][gc,start     ] GC(52) Pause Young (Allocation Failure)
[8.451s][info ][gc,task      ] GC(52) Using 4 workers of 4 for evacuation
[8.453s][debug][gc,ref       ] GC(52) Skipped phase1 of Reference Processing due to unavailable references
[8.453s][debug][gc,ref       ] GC(52) Skipped phase2 of Reference Processing due to unavailable references
[8.453s][debug][gc,ref       ] GC(52) Skipped phase3 of Reference Processing due to unavailable references
[8.453s][debug][gc,ref       ] GC(52) Skipped phase4 of Reference Processing due to unavailable references
[8.453s][debug][gc,age       ] GC(52) Desired survivor size 15400960 bytes, new threshold 6 (max threshold 6)
[8.453s][info ][gc,heap      ] GC(52) ParNew: 241497K->613K(270976K)
[8.453s][info ][gc,heap      ] GC(52) CMS: 120650K->120712K(602112K)
[8.453s][info ][gc,metaspace ] GC(52) Metaspace: 36625K->36625K(1083392K)
[8.453s][info ][gc           ] GC(52) Pause Young (Allocation Failure) 353M->118M(852M) 2.070ms
[8.453s][info ][gc,cpu       ] GC(52) User=0.01s Sys=0.00s Real=0.00s
[8.453s][info ][safepoint    ] Leaving safepoint region
[8.453s][info ][safepoint    ] Total time for which application threads were stopped: 0.0024065 seconds, Stopping threads took: 0.0001132 seconds
[8.514s][info ][safepoint    ] Application time: 0.0602376 seconds
[8.514s][info ][safepoint    ] Entering safepoint region: GenCollectForAllocation
[8.514s][info ][gc,start     ] GC(53) Pause Young (Allocation Failure)
[8.514s][info ][gc,task      ] GC(53) Using 4 workers of 4 for evacuation
[8.516s][debug][gc,ref       ] GC(53) Skipped phase1 of Reference Processing due to unavailable references
[8.516s][debug][gc,ref       ] GC(53) Skipped phase2 of Reference Processing due to unavailable references
[8.516s][debug][gc,ref       ] GC(53) Skipped phase3 of Reference Processing due to unavailable references
[8.516s][debug][gc,ref       ] GC(53) Skipped phase4 of Reference Processing due to unavailable references
[8.516s][debug][gc,age       ] GC(53) Desired survivor size 15400960 bytes, new threshold 6 (max threshold 6)
[8.516s][info ][gc,heap      ] GC(53) ParNew: 241509K->505K(270976K)
[8.516s][info ][gc,heap      ] GC(53) CMS: 120712K->120738K(602112K)
[8.516s][info ][gc,metaspace ] GC(53) Metaspace: 36625K->36625K(1083392K)
[8.516s][info ][gc           ] GC(53) Pause Young (Allocation Failure) 353M->118M(852M) 1.930ms
[8.516s][info ][gc,cpu       ] GC(53) User=0.01s Sys=0.00s Real=0.01s
[8.516s][info ][safepoint    ] Leaving safepoint region
[8.516s][info ][safepoint    ] Total time for which application threads were stopped: 0.0023094 seconds, Stopping threads took: 0.0002151 seconds
[8.558s][info ][safepoint    ] Application time: 0.0423416 seconds
[8.558s][info ][safepoint    ] Entering safepoint region: GenCollectForAllocation
[8.559s][info ][gc,start     ] GC(54) Pause Young (Allocation Failure)
[8.559s][info ][gc,task      ] GC(54) Using 4 workers of 4 for evacuation
[8.561s][debug][gc,ref       ] GC(54) Skipped phase1 of Reference Processing due to unavailable references
[8.561s][debug][gc,ref       ] GC(54) Skipped phase2 of Reference Processing due to unavailable references
[8.561s][debug][gc,ref       ] GC(54) Skipped phase3 of Reference Processing due to unavailable references
[8.561s][debug][gc,ref       ] GC(54) Skipped phase4 of Reference Processing due to unavailable references
[8.561s][debug][gc,age       ] GC(54) Desired survivor size 15400960 bytes, new threshold 6 (max threshold 6)
[8.561s][info ][gc,heap      ] GC(54) ParNew: 241401K->531K(270976K)
[8.561s][info ][gc,heap      ] GC(54) CMS: 120738K->120816K(602112K)
[8.561s][info ][gc,metaspace ] GC(54) Metaspace: 36625K->36625K(1083392K)
[8.561s][info ][gc           ] GC(54) Pause Young (Allocation Failure) 353M->118M(852M) 2.102ms
[8.561s][info ][gc,cpu       ] GC(54) User=0.01s Sys=0.00s Real=0.00s
[8.561s][info ][safepoint    ] Leaving safepoint region
[8.561s][info ][safepoint    ] Total time for which application threads were stopped: 0.0024031 seconds, Stopping threads took: 0.0001103 seconds
[8.617s][info ][safepoint    ] Application time: 0.0564230 seconds
[8.617s][info ][safepoint    ] Entering safepoint region: GenCollectForAllocation
[8.618s][info ][gc,start     ] GC(55) Pause Young (Allocation Failure)
[8.618s][info ][gc,task      ] GC(55) Using 4 workers of 4 for evacuation
[8.622s][debug][gc,ref       ] GC(55) Skipped phase1 of Reference Processing due to unavailable references
[8.623s][debug][gc,ref       ] GC(55) Skipped phase2 of Reference Processing due to unavailable references
[8.623s][debug][gc,ref       ] GC(55) Skipped phase3 of Reference Processing due to unavailable references
[8.623s][debug][gc,ref       ] GC(55) Skipped phase4 of Reference Processing due to unavailable references
[8.623s][debug][gc,age       ] GC(55) Desired survivor size 15400960 bytes, new threshold 6 (max threshold 6)
[8.623s][info ][gc,heap      ] GC(55) ParNew: 241427K->511K(270976K)
[8.623s][info ][gc,heap      ] GC(55) CMS: 120816K->120864K(602112K)
[8.623s][info ][gc,metaspace ] GC(55) Metaspace: 36625K->36625K(1083392K)
[8.623s][info ][gc           ] GC(55) Pause Young (Allocation Failure) 353M->118M(852M) 5.099ms
[8.623s][info ][gc,cpu       ] GC(55) User=0.01s Sys=0.00s Real=0.01s
[8.623s][info ][safepoint    ] Leaving safepoint region
[8.623s][info ][safepoint    ] Total time for which application threads were stopped: 0.0054089 seconds, Stopping threads took: 0.0001346 seconds
[8.667s][info ][safepoint    ] Application time: 0.0441321 seconds
[8.667s][info ][safepoint    ] Entering safepoint region: GenCollectForAllocation
[8.667s][info ][gc,start     ] GC(56) Pause Young (Allocation Failure)
[8.667s][info ][gc,task      ] GC(56) Using 4 workers of 4 for evacuation
[8.669s][debug][gc,ref       ] GC(56) Skipped phase1 of Reference Processing due to unavailable references
[8.669s][debug][gc,ref       ] GC(56) Skipped phase2 of Reference Processing due to unavailable references
[8.669s][debug][gc,ref       ] GC(56) Skipped phase3 of Reference Processing due to unavailable references
[8.669s][debug][gc,ref       ] GC(56) Skipped phase4 of Reference Processing due to unavailable references
[8.669s][debug][gc,age       ] GC(56) Desired survivor size 15400960 bytes, new threshold 6 (max threshold 6)
[8.669s][info ][gc,heap      ] GC(56) ParNew: 241407K->513K(270976K)
[8.669s][info ][gc,heap      ] GC(56) CMS: 120864K->120915K(602112K)
[8.669s][info ][gc,metaspace ] GC(56) Metaspace: 36625K->36625K(1083392K)
[8.669s][info ][gc           ] GC(56) Pause Young (Allocation Failure) 353M->118M(852M) 1.946ms
[8.669s][info ][gc,cpu       ] GC(56) User=0.01s Sys=0.00s Real=0.00s
[8.669s][info ][safepoint    ] Leaving safepoint region
[8.669s][info ][safepoint    ] Total time for which application threads were stopped: 0.0023377 seconds, Stopping threads took: 0.0002284 seconds
[8.722s][info ][safepoint    ] Application time: 0.0530040 seconds
[8.722s][info ][safepoint    ] Entering safepoint region: GenCollectForAllocation
[8.723s][info ][gc,start     ] GC(57) Pause Young (Allocation Failure)
[8.723s][info ][gc,task      ] GC(57) Using 4 workers of 4 for evacuation
[8.725s][debug][gc,ref       ] GC(57) Skipped phase1 of Reference Processing due to unavailable references
[8.725s][debug][gc,ref       ] GC(57) Skipped phase2 of Reference Processing due to unavailable references
[8.725s][debug][gc,ref       ] GC(57) Skipped phase3 of Reference Processing due to unavailable references
[8.725s][debug][gc,ref       ] GC(57) Skipped phase4 of Reference Processing due to unavailable references
[8.725s][debug][gc,age       ] GC(57) Desired survivor size 15400960 bytes, new threshold 6 (max threshold 6)
[8.725s][info ][gc,heap      ] GC(57) ParNew: 241409K->734K(270976K)
[8.725s][info ][gc,heap      ] GC(57) CMS: 120915K->120981K(602112K)
[8.725s][info ][gc,metaspace ] GC(57) Metaspace: 36625K->36625K(1083392K)
[8.725s][info ][gc           ] GC(57) Pause Young (Allocation Failure) 353M->118M(852M) 2.202ms
[8.725s][info ][gc,cpu       ] GC(57) User=0.00s Sys=0.00s Real=0.00s
[8.725s][info ][safepoint    ] Leaving safepoint region
[8.725s][info ][safepoint    ] Total time for which application threads were stopped: 0.0026324 seconds, Stopping threads took: 0.0002559 seconds
[8.778s][info ][safepoint    ] Application time: 0.0532195 seconds
[8.778s][info ][safepoint    ] Entering safepoint region: GenCollectForAllocation
[8.778s][info ][gc,start     ] GC(58) Pause Young (Allocation Failure)
[8.778s][info ][gc,task      ] GC(58) Using 4 workers of 4 for evacuation
[8.780s][debug][gc,ref       ] GC(58) Skipped phase1 of Reference Processing due to unavailable references
[8.780s][debug][gc,ref       ] GC(58) Skipped phase2 of Reference Processing due to unavailable references
[8.780s][debug][gc,ref       ] GC(58) Skipped phase3 of Reference Processing due to unavailable references
[8.780s][debug][gc,ref       ] GC(58) Skipped phase4 of Reference Processing due to unavailable references
[8.780s][debug][gc,age       ] GC(58) Desired survivor size 15400960 bytes, new threshold 6 (max threshold 6)
[8.780s][info ][gc,heap      ] GC(58) ParNew: 241630K->591K(270976K)
[8.780s][info ][gc,heap      ] GC(58) CMS: 120981K->121028K(602112K)
[8.780s][info ][gc,metaspace ] GC(58) Metaspace: 36625K->36625K(1083392K)
[8.780s][info ][gc           ] GC(58) Pause Young (Allocation Failure) 354M->118M(852M) 2.036ms
[8.781s][info ][gc,cpu       ] GC(58) User=0.00s Sys=0.00s Real=0.00s
[8.781s][info ][safepoint    ] Leaving safepoint region
[8.781s][info ][safepoint    ] Total time for which application threads were stopped: 0.0024103 seconds, Stopping threads took: 0.0001868 seconds
[8.827s][info ][safepoint    ] Application time: 0.0468579 seconds
[8.828s][info ][safepoint    ] Entering safepoint region: GenCollectForAllocation
[8.828s][info ][gc,start     ] GC(59) Pause Young (Allocation Failure)
[8.828s][info ][gc,task      ] GC(59) Using 4 workers of 4 for evacuation
[8.830s][debug][gc,ref       ] GC(59) Skipped phase1 of Reference Processing due to unavailable references
[8.830s][debug][gc,ref       ] GC(59) Skipped phase2 of Reference Processing due to unavailable references
[8.830s][debug][gc,ref       ] GC(59) Skipped phase3 of Reference Processing due to unavailable references
[8.830s][debug][gc,ref       ] GC(59) Skipped phase4 of Reference Processing due to unavailable references
[8.830s][debug][gc,age       ] GC(59) Desired survivor size 15400960 bytes, new threshold 6 (max threshold 6)
[8.830s][info ][gc,heap      ] GC(59) ParNew: 241487K->692K(270976K)
[8.830s][info ][gc,heap      ] GC(59) CMS: 121028K->121101K(602112K)
[8.830s][info ][gc,metaspace ] GC(59) Metaspace: 36625K->36625K(1083392K)
[8.830s][info ][gc           ] GC(59) Pause Young (Allocation Failure) 354M->118M(852M) 2.236ms
[8.830s][info ][gc,cpu       ] GC(59) User=0.01s Sys=0.00s Real=0.00s
[8.830s][info ][safepoint    ] Leaving safepoint region
[8.830s][info ][safepoint    ] Total time for which application threads were stopped: 0.0025433 seconds, Stopping threads took: 0.0001372 seconds
[8.882s][info ][safepoint    ] Application time: 0.0516318 seconds
[8.882s][info ][safepoint    ] Entering safepoint region: GenCollectForAllocation
[8.882s][info ][gc,start     ] GC(60) Pause Young (Allocation Failure)
[8.882s][info ][gc,task      ] GC(60) Using 4 workers of 4 for evacuation
[8.884s][debug][gc,ref       ] GC(60) Skipped phase1 of Reference Processing due to unavailable references
[8.884s][debug][gc,ref       ] GC(60) Skipped phase2 of Reference Processing due to unavailable references
[8.884s][debug][gc,ref       ] GC(60) Skipped phase3 of Reference Processing due to unavailable references
[8.884s][debug][gc,ref       ] GC(60) Skipped phase4 of Reference Processing due to unavailable references
[8.884s][debug][gc,age       ] GC(60) Desired survivor size 15400960 bytes, new threshold 6 (max threshold 6)
[8.884s][info ][gc,heap      ] GC(60) ParNew: 241588K->627K(270976K)
[8.884s][info ][gc,heap      ] GC(60) CMS: 121101K->121132K(602112K)
[8.884s][info ][gc,metaspace ] GC(60) Metaspace: 36625K->36625K(1083392K)
[8.884s][info ][gc           ] GC(60) Pause Young (Allocation Failure) 354M->118M(852M) 2.154ms
[8.884s][info ][gc,cpu       ] GC(60) User=0.01s Sys=0.00s Real=0.01s
[8.884s][info ][safepoint    ] Leaving safepoint region
[8.884s][info ][safepoint    ] Total time for which application threads were stopped: 0.0025487 seconds, Stopping threads took: 0.0002315 seconds
[8.940s][info ][safepoint    ] Application time: 0.0554167 seconds
[8.940s][info ][safepoint    ] Entering safepoint region: GenCollectForAllocation
[8.940s][info ][gc,start     ] GC(61) Pause Young (Allocation Failure)
[8.940s][info ][gc,task      ] GC(61) Using 4 workers of 4 for evacuation
[8.942s][debug][gc,ref       ] GC(61) Skipped phase1 of Reference Processing due to unavailable references
[8.942s][debug][gc,ref       ] GC(61) Skipped phase2 of Reference Processing due to unavailable references
[8.942s][debug][gc,ref       ] GC(61) Skipped phase3 of Reference Processing due to unavailable references
[8.942s][debug][gc,ref       ] GC(61) Skipped phase4 of Reference Processing due to unavailable references
[8.942s][debug][gc,age       ] GC(61) Desired survivor size 15400960 bytes, new threshold 6 (max threshold 6)
[8.942s][info ][gc,heap      ] GC(61) ParNew: 241523K->804K(270976K)
[8.942s][info ][gc,heap      ] GC(61) CMS: 121132K->121203K(602112K)
[8.942s][info ][gc,metaspace ] GC(61) Metaspace: 36625K->36625K(1083392K)
[8.942s][info ][gc           ] GC(61) Pause Young (Allocation Failure) 354M->119M(852M) 2.123ms
[8.942s][info ][gc,cpu       ] GC(61) User=0.01s Sys=0.00s Real=0.01s
[8.942s][info ][safepoint    ] Leaving safepoint region
[8.942s][info ][safepoint    ] Total time for which application threads were stopped: 0.0025537 seconds, Stopping threads took: 0.0001908 seconds
[9.006s][info ][safepoint    ] Application time: 0.0638353 seconds
[9.006s][info ][safepoint    ] Entering safepoint region: GenCollectForAllocation
[9.006s][info ][gc,start     ] GC(62) Pause Young (Allocation Failure)
[9.006s][info ][gc,task      ] GC(62) Using 4 workers of 4 for evacuation
[9.008s][debug][gc,ref       ] GC(62) Skipped phase1 of Reference Processing due to unavailable references
[9.008s][debug][gc,ref       ] GC(62) Skipped phase2 of Reference Processing due to unavailable references
[9.008s][debug][gc,ref       ] GC(62) Skipped phase3 of Reference Processing due to unavailable references
[9.008s][debug][gc,ref       ] GC(62) Skipped phase4 of Reference Processing due to unavailable references
[9.008s][debug][gc,age       ] GC(62) Desired survivor size 15400960 bytes, new threshold 6 (max threshold 6)
[9.009s][info ][gc,heap      ] GC(62) ParNew: 241700K->578K(270976K)
[9.009s][info ][gc,heap      ] GC(62) CMS: 121203K->121268K(602112K)
[9.009s][info ][gc,metaspace ] GC(62) Metaspace: 36625K->36625K(1083392K)
[9.009s][info ][gc           ] GC(62) Pause Young (Allocation Failure) 354M->118M(852M) 2.132ms
[9.009s][info ][gc,cpu       ] GC(62) User=0.01s Sys=0.00s Real=0.00s
[9.009s][info ][safepoint    ] Leaving safepoint region
[9.009s][info ][safepoint    ] Total time for which application threads were stopped: 0.0024606 seconds, Stopping threads took: 0.0001629 seconds
[9.065s][info ][safepoint    ] Application time: 0.0560336 seconds
[9.065s][info ][safepoint    ] Entering safepoint region: GenCollectForAllocation
[9.065s][info ][gc,start     ] GC(63) Pause Young (Allocation Failure)
[9.065s][info ][gc,task      ] GC(63) Using 4 workers of 4 for evacuation
[9.067s][debug][gc,ref       ] GC(63) Skipped phase1 of Reference Processing due to unavailable references
[9.067s][debug][gc,ref       ] GC(63) Skipped phase2 of Reference Processing due to unavailable references
[9.067s][debug][gc,ref       ] GC(63) Skipped phase3 of Reference Processing due to unavailable references
[9.067s][debug][gc,ref       ] GC(63) Skipped phase4 of Reference Processing due to unavailable references
[9.067s][debug][gc,age       ] GC(63) Desired survivor size 15400960 bytes, new threshold 6 (max threshold 6)
[9.067s][info ][gc,heap      ] GC(63) ParNew: 241474K->733K(270976K)
[9.067s][info ][gc,heap      ] GC(63) CMS: 121268K->121328K(602112K)
[9.067s][info ][gc,metaspace ] GC(63) Metaspace: 36625K->36625K(1083392K)
[9.067s][info ][gc           ] GC(63) Pause Young (Allocation Failure) 354M->119M(852M) 2.044ms
[9.067s][info ][gc,cpu       ] GC(63) User=0.01s Sys=0.00s Real=0.00s
[9.067s][info ][safepoint    ] Leaving safepoint region
[9.067s][info ][safepoint    ] Total time for which application threads were stopped: 0.0022924 seconds, Stopping threads took: 0.0000990 seconds
[9.126s][info ][safepoint    ] Application time: 0.0586542 seconds
[9.129s][info ][safepoint    ] Entering safepoint region: GenCollectForAllocation
[9.129s][info ][gc,start     ] GC(64) Pause Young (Allocation Failure)
[9.129s][info ][gc,task      ] GC(64) Using 4 workers of 4 for evacuation
[9.131s][debug][gc,ref       ] GC(64) Skipped phase1 of Reference Processing due to unavailable references
[9.131s][debug][gc,ref       ] GC(64) Skipped phase2 of Reference Processing due to unavailable references
[9.131s][debug][gc,ref       ] GC(64) Skipped phase3 of Reference Processing due to unavailable references
[9.131s][debug][gc,ref       ] GC(64) Skipped phase4 of Reference Processing due to unavailable references
[9.131s][debug][gc,age       ] GC(64) Desired survivor size 15400960 bytes, new threshold 6 (max threshold 6)
[9.131s][info ][gc,heap      ] GC(64) ParNew: 241629K->799K(270976K)
[9.131s][info ][gc,heap      ] GC(64) CMS: 121328K->121397K(602112K)
[9.131s][info ][gc,metaspace ] GC(64) Metaspace: 36625K->36625K(1083392K)
[9.131s][info ][gc           ] GC(64) Pause Young (Allocation Failure) 354M->119M(852M) 2.000ms
[9.131s][info ][gc,cpu       ] GC(64) User=0.01s Sys=0.00s Real=0.00s
[9.131s][info ][safepoint    ] Leaving safepoint region
[9.131s][info ][safepoint    ] Total time for which application threads were stopped: 0.0053482 seconds, Stopping threads took: 0.0031530 seconds
[9.185s][info ][safepoint    ] Application time: 0.0538035 seconds
[9.185s][info ][safepoint    ] Entering safepoint region: GenCollectForAllocation
[9.185s][info ][gc,start     ] GC(65) Pause Young (Allocation Failure)
[9.185s][info ][gc,task      ] GC(65) Using 4 workers of 4 for evacuation
[9.187s][debug][gc,ref       ] GC(65) Skipped phase1 of Reference Processing due to unavailable references
[9.187s][debug][gc,ref       ] GC(65) Skipped phase2 of Reference Processing due to unavailable references
[9.187s][debug][gc,ref       ] GC(65) Skipped phase3 of Reference Processing due to unavailable references
[9.187s][debug][gc,ref       ] GC(65) Skipped phase4 of Reference Processing due to unavailable references
[9.187s][debug][gc,age       ] GC(65) Desired survivor size 15400960 bytes, new threshold 6 (max threshold 6)
[9.187s][info ][gc,heap      ] GC(65) ParNew: 241695K->721K(270976K)
[9.187s][info ][gc,heap      ] GC(65) CMS: 121397K->121459K(602112K)
[9.187s][info ][gc,metaspace ] GC(65) Metaspace: 36625K->36625K(1083392K)
[9.187s][info ][gc           ] GC(65) Pause Young (Allocation Failure) 354M->119M(852M) 2.154ms
[9.187s][info ][gc,cpu       ] GC(65) User=0.01s Sys=0.00s Real=0.00s
[9.187s][info ][safepoint    ] Leaving safepoint region
[9.187s][info ][safepoint    ] Total time for which application threads were stopped: 0.0024134 seconds, Stopping threads took: 0.0000968 seconds
[9.232s][info ][safepoint    ] Application time: 0.0449023 seconds
[9.232s][info ][safepoint    ] Entering safepoint region: GenCollectForAllocation
[9.233s][info ][gc,start     ] GC(66) Pause Young (Allocation Failure)
[9.233s][info ][gc,task      ] GC(66) Using 4 workers of 4 for evacuation
[9.235s][debug][gc,ref       ] GC(66) Skipped phase1 of Reference Processing due to unavailable references
[9.235s][debug][gc,ref       ] GC(66) Skipped phase2 of Reference Processing due to unavailable references
[9.235s][debug][gc,ref       ] GC(66) Skipped phase3 of Reference Processing due to unavailable references
[9.235s][debug][gc,ref       ] GC(66) Skipped phase4 of Reference Processing due to unavailable references
[9.235s][debug][gc,age       ] GC(66) Desired survivor size 15400960 bytes, new threshold 6 (max threshold 6)
[9.235s][info ][gc,heap      ] GC(66) ParNew: 241617K->977K(270976K)
[9.235s][info ][gc,heap      ] GC(66) CMS: 121459K->121528K(602112K)
[9.235s][info ][gc,metaspace ] GC(66) Metaspace: 36629K->36629K(1083392K)
[9.235s][info ][gc           ] GC(66) Pause Young (Allocation Failure) 354M->119M(852M) 2.332ms
[9.235s][info ][gc,cpu       ] GC(66) User=0.01s Sys=0.00s Real=0.01s
[9.235s][info ][safepoint    ] Leaving safepoint region
[9.235s][info ][safepoint    ] Total time for which application threads were stopped: 0.0026701 seconds, Stopping threads took: 0.0001812 seconds
[9.287s][info ][safepoint    ] Application time: 0.0525568 seconds
[9.288s][info ][safepoint    ] Entering safepoint region: GenCollectForAllocation
[9.288s][info ][gc,start     ] GC(67) Pause Young (Allocation Failure)
[9.288s][info ][gc,task      ] GC(67) Using 4 workers of 4 for evacuation
[9.291s][debug][gc,ref       ] GC(67) Skipped phase1 of Reference Processing due to unavailable references
[9.291s][debug][gc,ref       ] GC(67) Skipped phase2 of Reference Processing due to unavailable references
[9.291s][debug][gc,ref       ] GC(67) Skipped phase3 of Reference Processing due to unavailable references
[9.291s][debug][gc,ref       ] GC(67) Skipped phase4 of Reference Processing due to unavailable references
[9.291s][debug][gc,age       ] GC(67) Desired survivor size 15400960 bytes, new threshold 6 (max threshold 6)
[9.291s][info ][gc,heap      ] GC(67) ParNew: 241873K->1119K(270976K)
[9.291s][info ][gc,heap      ] GC(67) CMS: 121528K->121598K(602112K)
[9.291s][info ][gc,metaspace ] GC(67) Metaspace: 36629K->36629K(1083392K)
[9.291s][info ][gc           ] GC(67) Pause Young (Allocation Failure) 354M->119M(852M) 2.960ms
[9.291s][info ][gc,cpu       ] GC(67) User=0.01s Sys=0.00s Real=0.00s
[9.291s][info ][safepoint    ] Leaving safepoint region
[9.291s][info ][safepoint    ] Total time for which application threads were stopped: 0.0032531 seconds, Stopping threads took: 0.0001015 seconds
[9.348s][info ][safepoint    ] Application time: 0.0571532 seconds
[9.348s][info ][safepoint    ] Entering safepoint region: GenCollectForAllocation
[9.349s][info ][gc,start     ] GC(68) Pause Young (Allocation Failure)
[9.349s][info ][gc,task      ] GC(68) Using 4 workers of 4 for evacuation
[9.352s][debug][gc,ref       ] GC(68) Skipped phase1 of Reference Processing due to unavailable references
[9.352s][debug][gc,ref       ] GC(68) Skipped phase2 of Reference Processing due to unavailable references
[9.352s][debug][gc,ref       ] GC(68) Skipped phase3 of Reference Processing due to unavailable references
[9.352s][debug][gc,ref       ] GC(68) Skipped phase4 of Reference Processing due to unavailable references
[9.353s][debug][gc,age       ] GC(68) Desired survivor size 15400960 bytes, new threshold 6 (max threshold 6)
[9.353s][info ][gc,heap      ] GC(68) ParNew: 242015K->2045K(270976K)
[9.353s][info ][gc,heap      ] GC(68) CMS: 121598K->121664K(602112K)
[9.353s][info ][gc,metaspace ] GC(68) Metaspace: 36629K->36629K(1083392K)
[9.353s][info ][gc           ] GC(68) Pause Young (Allocation Failure) 355M->120M(852M) 4.097ms
[9.353s][info ][gc,cpu       ] GC(68) User=0.02s Sys=0.00s Real=0.00s
[9.353s][info ][safepoint    ] Leaving safepoint region
[9.353s][info ][safepoint    ] Total time for which application threads were stopped: 0.0047423 seconds, Stopping threads took: 0.0004428 seconds
[9.404s][info ][safepoint    ] Application time: 0.0509709 seconds
[9.405s][info ][safepoint    ] Entering safepoint region: GenCollectForAllocation
[9.405s][info ][gc,start     ] GC(69) Pause Young (Allocation Failure)
[9.405s][info ][gc,task      ] GC(69) Using 4 workers of 4 for evacuation
[9.411s][debug][gc,ref       ] GC(69) Skipped phase1 of Reference Processing due to unavailable references
[9.411s][debug][gc,ref       ] GC(69) Skipped phase2 of Reference Processing due to unavailable references
[9.411s][debug][gc,ref       ] GC(69) Skipped phase3 of Reference Processing due to unavailable references
[9.411s][debug][gc,ref       ] GC(69) Skipped phase4 of Reference Processing due to unavailable references
[9.411s][debug][gc,age       ] GC(69) Desired survivor size 15400960 bytes, new threshold 6 (max threshold 6)
[9.411s][info ][gc,heap      ] GC(69) ParNew: 242941K->2010K(270976K)
[9.411s][info ][gc,heap      ] GC(69) CMS: 121664K->121727K(602112K)
[9.411s][info ][gc,metaspace ] GC(69) Metaspace: 36629K->36629K(1083392K)
[9.411s][info ][gc           ] GC(69) Pause Young (Allocation Failure) 356M->120M(852M) 5.888ms
[9.411s][info ][gc,cpu       ] GC(69) User=0.02s Sys=0.00s Real=0.00s
[9.411s][info ][safepoint    ] Leaving safepoint region
[9.411s][info ][safepoint    ] Total time for which application threads were stopped: 0.0073630 seconds, Stopping threads took: 0.0013132 seconds
[9.461s][info ][safepoint    ] Application time: 0.0497180 seconds
[9.461s][info ][safepoint    ] Entering safepoint region: GenCollectForAllocation
[9.461s][info ][gc,start     ] GC(70) Pause Young (Allocation Failure)
[9.461s][info ][gc,task      ] GC(70) Using 4 workers of 4 for evacuation
[9.465s][debug][gc,ref       ] GC(70) Skipped phase1 of Reference Processing due to unavailable references
[9.465s][debug][gc,ref       ] GC(70) Skipped phase2 of Reference Processing due to unavailable references
[9.465s][debug][gc,ref       ] GC(70) Skipped phase3 of Reference Processing due to unavailable references
[9.465s][debug][gc,ref       ] GC(70) Skipped phase4 of Reference Processing due to unavailable references
[9.465s][debug][gc,age       ] GC(70) Desired survivor size 15400960 bytes, new threshold 6 (max threshold 6)
[9.465s][info ][gc,heap      ] GC(70) ParNew: 242906K->2648K(270976K)
[9.465s][info ][gc,heap      ] GC(70) CMS: 121727K->121806K(602112K)
[9.465s][info ][gc,metaspace ] GC(70) Metaspace: 36629K->36629K(1083392K)
[9.465s][info ][gc           ] GC(70) Pause Young (Allocation Failure) 356M->121M(852M) 3.610ms
[9.465s][info ][gc,cpu       ] GC(70) User=0.01s Sys=0.00s Real=0.01s
[9.465s][info ][safepoint    ] Leaving safepoint region
[9.465s][info ][safepoint    ] Total time for which application threads were stopped: 0.0039376 seconds, Stopping threads took: 0.0001356 seconds
[9.513s][info ][safepoint    ] Application time: 0.0478015 seconds
[9.513s][info ][safepoint    ] Entering safepoint region: GenCollectForAllocation
[9.513s][info ][gc,start     ] GC(71) Pause Young (Allocation Failure)
[9.513s][info ][gc,task      ] GC(71) Using 4 workers of 4 for evacuation
[9.516s][debug][gc,ref       ] GC(71) Skipped phase1 of Reference Processing due to unavailable references
[9.517s][debug][gc,ref       ] GC(71) Skipped phase2 of Reference Processing due to unavailable references
[9.517s][debug][gc,ref       ] GC(71) Skipped phase3 of Reference Processing due to unavailable references
[9.517s][debug][gc,ref       ] GC(71) Skipped phase4 of Reference Processing due to unavailable references
[9.517s][debug][gc,age       ] GC(71) Desired survivor size 15400960 bytes, new threshold 6 (max threshold 6)
[9.517s][info ][gc,heap      ] GC(71) ParNew: 243544K->1936K(270976K)
[9.517s][info ][gc,heap      ] GC(71) CMS: 121806K->121887K(602112K)
[9.517s][info ][gc,metaspace ] GC(71) Metaspace: 36629K->36629K(1083392K)
[9.517s][info ][gc           ] GC(71) Pause Young (Allocation Failure) 356M->120M(852M) 3.756ms
[9.517s][info ][gc,cpu       ] GC(71) User=0.01s Sys=0.00s Real=0.01s
[9.517s][info ][safepoint    ] Leaving safepoint region
[9.517s][info ][safepoint    ] Total time for which application threads were stopped: 0.0040420 seconds, Stopping threads took: 0.0001206 seconds
[9.590s][info ][safepoint    ] Application time: 0.0735116 seconds
[9.590s][info ][safepoint    ] Entering safepoint region: GenCollectForAllocation
[9.590s][info ][gc,start     ] GC(72) Pause Young (Allocation Failure)
[9.590s][info ][gc,task      ] GC(72) Using 4 workers of 4 for evacuation
[9.594s][debug][gc,ref       ] GC(72) Skipped phase1 of Reference Processing due to unavailable references
[9.594s][debug][gc,ref       ] GC(72) Skipped phase2 of Reference Processing due to unavailable references
[9.594s][debug][gc,ref       ] GC(72) Skipped phase3 of Reference Processing due to unavailable references
[9.594s][debug][gc,ref       ] GC(72) Skipped phase4 of Reference Processing due to unavailable references
[9.594s][debug][gc,age       ] GC(72) Desired survivor size 15400960 bytes, new threshold 6 (max threshold 6)
[9.594s][info ][gc,heap      ] GC(72) ParNew: 242832K->2137K(270976K)
[9.594s][info ][gc,heap      ] GC(72) CMS: 121887K->122159K(602112K)
[9.594s][info ][gc,metaspace ] GC(72) Metaspace: 36629K->36629K(1083392K)
[9.594s][info ][gc           ] GC(72) Pause Young (Allocation Failure) 356M->121M(852M) 4.142ms
[9.595s][info ][gc,cpu       ] GC(72) User=0.02s Sys=0.00s Real=0.01s
[9.595s][info ][safepoint    ] Leaving safepoint region
[9.595s][info ][safepoint    ] Total time for which application threads were stopped: 0.0042965 seconds, Stopping threads took: 0.0000137 seconds
[9.656s][info ][safepoint    ] Application time: 0.0614977 seconds
[9.656s][info ][safepoint    ] Entering safepoint region: GenCollectForAllocation
[9.656s][info ][gc,start     ] GC(73) Pause Young (Allocation Failure)
[9.656s][info ][gc,task      ] GC(73) Using 4 workers of 4 for evacuation
[9.659s][debug][gc,ref       ] GC(73) Skipped phase1 of Reference Processing due to unavailable references
[9.659s][debug][gc,ref       ] GC(73) Skipped phase2 of Reference Processing due to unavailable references
[9.659s][debug][gc,ref       ] GC(73) Skipped phase3 of Reference Processing due to unavailable references
[9.659s][debug][gc,ref       ] GC(73) Skipped phase4 of Reference Processing due to unavailable references
[9.659s][debug][gc,age       ] GC(73) Desired survivor size 15400960 bytes, new threshold 6 (max threshold 6)
[9.659s][info ][gc,heap      ] GC(73) ParNew: 243033K->2458K(270976K)
[9.659s][info ][gc,heap      ] GC(73) CMS: 122159K->122229K(602112K)
[9.659s][info ][gc,metaspace ] GC(73) Metaspace: 36629K->36629K(1083392K)
[9.659s][info ][gc           ] GC(73) Pause Young (Allocation Failure) 356M->121M(852M) 2.981ms
[9.659s][info ][gc,cpu       ] GC(73) User=0.01s Sys=0.00s Real=0.00s
[9.659s][info ][safepoint    ] Leaving safepoint region
[9.659s][info ][safepoint    ] Total time for which application threads were stopped: 0.0033279 seconds, Stopping threads took: 0.0001984 seconds
[9.727s][info ][safepoint    ] Application time: 0.0671363 seconds
[9.727s][info ][safepoint    ] Entering safepoint region: GenCollectForAllocation
[9.727s][info ][gc,start     ] GC(74) Pause Young (Allocation Failure)
[9.727s][info ][gc,task      ] GC(74) Using 4 workers of 4 for evacuation
[9.731s][debug][gc,ref       ] GC(74) Skipped phase1 of Reference Processing due to unavailable references
[9.731s][debug][gc,ref       ] GC(74) Skipped phase2 of Reference Processing due to unavailable references
[9.731s][debug][gc,ref       ] GC(74) Skipped phase3 of Reference Processing due to unavailable references
[9.731s][debug][gc,ref       ] GC(74) Skipped phase4 of Reference Processing due to unavailable references
[9.731s][debug][gc,age       ] GC(74) Desired survivor size 15400960 bytes, new threshold 6 (max threshold 6)
[9.731s][info ][gc,heap      ] GC(74) ParNew: 243354K->878K(270976K)
[9.731s][info ][gc,heap      ] GC(74) CMS: 122229K->123211K(602112K)
[9.731s][info ][gc,metaspace ] GC(74) Metaspace: 36629K->36629K(1083392K)
[9.731s][info ][gc           ] GC(74) Pause Young (Allocation Failure) 357M->121M(852M) 4.168ms
[9.731s][info ][gc,cpu       ] GC(74) User=0.02s Sys=0.00s Real=0.00s
[9.731s][info ][safepoint    ] Leaving safepoint region
[9.731s][info ][safepoint    ] Total time for which application threads were stopped: 0.0044842 seconds, Stopping threads took: 0.0001446 seconds
[9.797s][info ][safepoint    ] Application time: 0.0661988 seconds
[9.797s][info ][safepoint    ] Entering safepoint region: GenCollectForAllocation
[9.798s][info ][gc,start     ] GC(75) Pause Young (Allocation Failure)
[9.798s][info ][gc,task      ] GC(75) Using 4 workers of 4 for evacuation
[9.801s][debug][gc,ref       ] GC(75) Skipped phase1 of Reference Processing due to unavailable references
[9.801s][debug][gc,ref       ] GC(75) Skipped phase2 of Reference Processing due to unavailable references
[9.801s][debug][gc,ref       ] GC(75) Skipped phase3 of Reference Processing due to unavailable references
[9.801s][debug][gc,ref       ] GC(75) Skipped phase4 of Reference Processing due to unavailable references
[9.801s][debug][gc,age       ] GC(75) Desired survivor size 15400960 bytes, new threshold 6 (max threshold 6)
[9.801s][info ][gc,heap      ] GC(75) ParNew: 241774K->1220K(270976K)
[9.801s][info ][gc,heap      ] GC(75) CMS: 123211K->123295K(602112K)
[9.801s][info ][gc,metaspace ] GC(75) Metaspace: 36629K->36629K(1083392K)
[9.801s][info ][gc           ] GC(75) Pause Young (Allocation Failure) 356M->121M(852M) 3.441ms
[9.801s][info ][gc,cpu       ] GC(75) User=0.01s Sys=0.00s Real=0.00s
[9.801s][info ][safepoint    ] Leaving safepoint region
[9.801s][info ][safepoint    ] Total time for which application threads were stopped: 0.0038133 seconds, Stopping threads took: 0.0001551 seconds
[9.847s][info ][safepoint    ] Application time: 0.0460345 seconds
[9.847s][info ][safepoint    ] Entering safepoint region: GenCollectForAllocation
[9.848s][info ][gc,start     ] GC(76) Pause Young (Allocation Failure)
[9.848s][info ][gc,task      ] GC(76) Using 4 workers of 4 for evacuation
[9.851s][debug][gc,ref       ] GC(76) Skipped phase1 of Reference Processing due to unavailable references
[9.851s][debug][gc,ref       ] GC(76) Skipped phase2 of Reference Processing due to unavailable references
[9.851s][debug][gc,ref       ] GC(76) Skipped phase3 of Reference Processing due to unavailable references
[9.851s][debug][gc,ref       ] GC(76) Skipped phase4 of Reference Processing due to unavailable references
[9.851s][debug][gc,age       ] GC(76) Desired survivor size 15400960 bytes, new threshold 6 (max threshold 6)
[9.851s][info ][gc,heap      ] GC(76) ParNew: 242116K->1808K(270976K)
[9.851s][info ][gc,heap      ] GC(76) CMS: 123295K->123374K(602112K)
[9.851s][info ][gc,metaspace ] GC(76) Metaspace: 36629K->36629K(1083392K)
[9.851s][info ][gc           ] GC(76) Pause Young (Allocation Failure) 356M->122M(852M) 3.249ms
[9.851s][info ][gc,cpu       ] GC(76) User=0.01s Sys=0.00s Real=0.00s
[9.851s][info ][safepoint    ] Leaving safepoint region
[9.851s][info ][safepoint    ] Total time for which application threads were stopped: 0.0036180 seconds, Stopping threads took: 0.0002166 seconds
[9.908s][info ][safepoint    ] Application time: 0.0576867 seconds
[9.909s][info ][safepoint    ] Entering safepoint region: GenCollectForAllocation
[9.909s][info ][gc,start     ] GC(77) Pause Young (Allocation Failure)
[9.909s][info ][gc,task      ] GC(77) Using 4 workers of 4 for evacuation
[9.913s][debug][gc,ref       ] GC(77) Skipped phase1 of Reference Processing due to unavailable references
[9.913s][debug][gc,ref       ] GC(77) Skipped phase2 of Reference Processing due to unavailable references
[9.913s][debug][gc,ref       ] GC(77) Skipped phase3 of Reference Processing due to unavailable references
[9.913s][debug][gc,ref       ] GC(77) Skipped phase4 of Reference Processing due to unavailable references
[9.913s][debug][gc,age       ] GC(77) Desired survivor size 15400960 bytes, new threshold 6 (max threshold 6)
[9.913s][info ][gc,heap      ] GC(77) ParNew: 242704K->2634K(270976K)
[9.913s][info ][gc,heap      ] GC(77) CMS: 123374K->123443K(602112K)
[9.913s][info ][gc,metaspace ] GC(77) Metaspace: 36629K->36629K(1083392K)
[9.913s][info ][gc           ] GC(77) Pause Young (Allocation Failure) 357M->123M(852M) 4.186ms
[9.913s][info ][gc,cpu       ] GC(77) User=0.01s Sys=0.00s Real=0.00s
[9.913s][info ][safepoint    ] Leaving safepoint region
[9.913s][info ][safepoint    ] Total time for which application threads were stopped: 0.0044913 seconds, Stopping threads took: 0.0001239 seconds
[9.977s][info ][safepoint    ] Application time: 0.0636392 seconds
[9.977s][info ][safepoint    ] Entering safepoint region: GenCollectForAllocation
[9.977s][info ][gc,start     ] GC(78) Pause Young (Allocation Failure)
[9.977s][info ][gc,task      ] GC(78) Using 4 workers of 4 for evacuation
[9.981s][debug][gc,ref       ] GC(78) Skipped phase1 of Reference Processing due to unavailable references
[9.981s][debug][gc,ref       ] GC(78) Skipped phase2 of Reference Processing due to unavailable references
[9.981s][debug][gc,ref       ] GC(78) Skipped phase3 of Reference Processing due to unavailable references
[9.981s][debug][gc,ref       ] GC(78) Skipped phase4 of Reference Processing due to unavailable references
[9.981s][debug][gc,age       ] GC(78) Desired survivor size 15400960 bytes, new threshold 6 (max threshold 6)
[9.981s][info ][gc,heap      ] GC(78) ParNew: 243530K->3909K(270976K)
[9.981s][info ][gc,heap      ] GC(78) CMS: 123443K->123550K(602112K)
[9.981s][info ][gc,metaspace ] GC(78) Metaspace: 36629K->36629K(1083392K)
[9.981s][info ][gc           ] GC(78) Pause Young (Allocation Failure) 358M->124M(852M) 4.551ms
[9.981s][info ][gc,cpu       ] GC(78) User=0.02s Sys=0.00s Real=0.00s
[9.981s][info ][safepoint    ] Leaving safepoint region
[9.981s][info ][safepoint    ] Total time for which application threads were stopped: 0.0047871 seconds, Stopping threads took: 0.0000876 seconds
[10.052s][info ][safepoint    ] Application time: 0.0702420 seconds
[10.052s][info ][safepoint    ] Entering safepoint region: GenCollectForAllocation
[10.052s][info ][gc,start     ] GC(79) Pause Young (Allocation Failure)
[10.052s][info ][gc,task      ] GC(79) Using 4 workers of 4 for evacuation
[10.057s][debug][gc,ref       ] GC(79) Skipped phase1 of Reference Processing due to unavailable references
[10.057s][debug][gc,ref       ] GC(79) Skipped phase2 of Reference Processing due to unavailable references
[10.057s][debug][gc,ref       ] GC(79) Skipped phase3 of Reference Processing due to unavailable references
[10.057s][debug][gc,ref       ] GC(79) Skipped phase4 of Reference Processing due to unavailable references
[10.058s][debug][gc,age       ] GC(79) Desired survivor size 15400960 bytes, new threshold 6 (max threshold 6)
[10.058s][info ][gc,heap      ] GC(79) ParNew: 244805K->4082K(270976K)
[10.058s][info ][gc,heap      ] GC(79) CMS: 123550K->123619K(602112K)
[10.058s][info ][gc,metaspace ] GC(79) Metaspace: 36629K->36629K(1083392K)
[10.058s][info ][gc           ] GC(79) Pause Young (Allocation Failure) 359M->124M(852M) 5.636ms
[10.058s][info ][gc,cpu       ] GC(79) User=0.02s Sys=0.01s Real=0.01s
[10.058s][info ][safepoint    ] Leaving safepoint region
[10.058s][info ][safepoint    ] Total time for which application threads were stopped: 0.0058987 seconds, Stopping threads took: 0.0000939 seconds
[10.121s][info ][safepoint    ] Application time: 0.0630478 seconds
[10.121s][info ][safepoint    ] Entering safepoint region: GenCollectForAllocation
[10.121s][info ][gc,start     ] GC(80) Pause Young (Allocation Failure)
[10.121s][info ][gc,task      ] GC(80) Using 4 workers of 4 for evacuation
[10.127s][debug][gc,ref       ] GC(80) Skipped phase1 of Reference Processing due to unavailable references
[10.127s][debug][gc,ref       ] GC(80) Skipped phase2 of Reference Processing due to unavailable references
[10.127s][debug][gc,ref       ] GC(80) Skipped phase3 of Reference Processing due to unavailable references
[10.127s][debug][gc,ref       ] GC(80) Skipped phase4 of Reference Processing due to unavailable references
[10.127s][debug][gc,age       ] GC(80) Desired survivor size 15400960 bytes, new threshold 6 (max threshold 6)
[10.127s][info ][gc,heap      ] GC(80) ParNew: 244978K->5446K(270976K)
[10.127s][info ][gc,heap      ] GC(80) CMS: 123619K->123802K(602112K)
[10.127s][info ][gc,metaspace ] GC(80) Metaspace: 36629K->36629K(1083392K)
[10.127s][info ][gc           ] GC(80) Pause Young (Allocation Failure) 359M->126M(852M) 5.908ms
[10.127s][info ][gc,cpu       ] GC(80) User=0.00s Sys=0.01s Real=0.01s
[10.127s][info ][safepoint    ] Leaving safepoint region
[10.127s][info ][safepoint    ] Total time for which application threads were stopped: 0.0066144 seconds, Stopping threads took: 0.0003292 seconds
[10.170s][info ][safepoint    ] Application time: 0.0422271 seconds
[10.170s][info ][safepoint    ] Entering safepoint region: ICBufferFull
[10.171s][info ][safepoint    ] Leaving safepoint region
[10.171s][info ][safepoint    ] Total time for which application threads were stopped: 0.0009067 seconds, Stopping threads took: 0.0006863 seconds
[10.215s][info ][safepoint    ] Application time: 0.0447926 seconds
[10.218s][info ][safepoint    ] Entering safepoint region: GenCollectForAllocation
[10.218s][info ][gc,start     ] GC(81) Pause Young (Allocation Failure)
[10.218s][info ][gc,task      ] GC(81) Using 4 workers of 4 for evacuation
[10.229s][debug][gc,ref       ] GC(81) Skipped phase1 of Reference Processing due to unavailable references
[10.229s][debug][gc,ref       ] GC(81) Skipped phase2 of Reference Processing due to unavailable references
[10.229s][debug][gc,ref       ] GC(81) Skipped phase3 of Reference Processing due to unavailable references
[10.229s][debug][gc,ref       ] GC(81) Skipped phase4 of Reference Processing due to unavailable references
[10.229s][debug][gc,age       ] GC(81) Desired survivor size 15400960 bytes, new threshold 6 (max threshold 6)
[10.229s][info ][gc,heap      ] GC(81) ParNew: 246342K->8735K(270976K)
[10.229s][info ][gc,heap      ] GC(81) CMS: 123802K->124229K(602112K)
[10.229s][info ][gc,metaspace ] GC(81) Metaspace: 36629K->36629K(1083392K)
[10.229s][info ][gc           ] GC(81) Pause Young (Allocation Failure) 361M->129M(852M) 10.525ms
[10.229s][info ][gc,cpu       ] GC(81) User=0.04s Sys=0.00s Real=0.01s
[10.229s][info ][safepoint    ] Leaving safepoint region
[10.229s][info ][safepoint    ] Total time for which application threads were stopped: 0.0135799 seconds, Stopping threads took: 0.0028628 seconds
[10.284s][info ][safepoint    ] Application time: 0.0545196 seconds
[10.284s][info ][safepoint    ] Entering safepoint region: GenCollectForAllocation
[10.284s][info ][gc,start     ] GC(82) Pause Young (Allocation Failure)
[10.284s][info ][gc,task      ] GC(82) Using 4 workers of 4 for evacuation
[10.292s][debug][gc,ref       ] GC(82) Skipped phase1 of Reference Processing due to unavailable references
[10.292s][debug][gc,ref       ] GC(82) Skipped phase2 of Reference Processing due to unavailable references
[10.292s][debug][gc,ref       ] GC(82) Skipped phase3 of Reference Processing due to unavailable references
[10.292s][debug][gc,ref       ] GC(82) Skipped phase4 of Reference Processing due to unavailable references
[10.292s][debug][gc,age       ] GC(82) Desired survivor size 15400960 bytes, new threshold 6 (max threshold 6)
[10.292s][info ][gc,heap      ] GC(82) ParNew: 249631K->11853K(270976K)
[10.292s][info ][gc,heap      ] GC(82) CMS: 124229K->124813K(602112K)
[10.292s][info ][gc,metaspace ] GC(82) Metaspace: 36629K->36629K(1083392K)
[10.292s][info ][gc           ] GC(82) Pause Young (Allocation Failure) 365M->133M(852M) 8.003ms
[10.292s][info ][gc,cpu       ] GC(82) User=0.03s Sys=0.00s Real=0.00s
[10.292s][info ][safepoint    ] Leaving safepoint region
[10.292s][info ][safepoint    ] Total time for which application threads were stopped: 0.0082483 seconds, Stopping threads took: 0.0000788 seconds
[10.361s][info ][safepoint    ] Application time: 0.0689558 seconds
[10.361s][info ][safepoint    ] Entering safepoint region: GenCollectForAllocation
[10.361s][info ][gc,start     ] GC(83) Pause Young (Allocation Failure)
[10.361s][info ][gc,task      ] GC(83) Using 4 workers of 4 for evacuation
[10.369s][debug][gc,ref       ] GC(83) Skipped phase1 of Reference Processing due to unavailable references
[10.370s][debug][gc,ref       ] GC(83) Skipped phase2 of Reference Processing due to unavailable references
[10.370s][debug][gc,ref       ] GC(83) Skipped phase3 of Reference Processing due to unavailable references
[10.370s][debug][gc,ref       ] GC(83) Skipped phase4 of Reference Processing due to unavailable references
[10.370s][debug][gc,age       ] GC(83) Desired survivor size 15400960 bytes, new threshold 6 (max threshold 6)
[10.370s][info ][gc,heap      ] GC(83) ParNew: 252749K->8134K(270976K)
[10.370s][info ][gc,heap      ] GC(83) CMS: 124813K->125628K(602112K)
[10.370s][info ][gc,metaspace ] GC(83) Metaspace: 36629K->36629K(1083392K)
[10.370s][info ][gc           ] GC(83) Pause Young (Allocation Failure) 368M->130M(852M) 8.526ms
[10.370s][info ][gc,cpu       ] GC(83) User=0.03s Sys=0.00s Real=0.01s
[10.370s][info ][safepoint    ] Leaving safepoint region
[10.370s][info ][safepoint    ] Total time for which application threads were stopped: 0.0089444 seconds, Stopping threads took: 0.0002436 seconds
[10.443s][info ][safepoint    ] Application time: 0.0727591 seconds
[10.446s][info ][safepoint    ] Entering safepoint region: GenCollectForAllocation
[10.446s][info ][gc,start     ] GC(84) Pause Young (Allocation Failure)
[10.446s][info ][gc,task      ] GC(84) Using 4 workers of 4 for evacuation
[10.455s][debug][gc,ref       ] GC(84) Skipped phase1 of Reference Processing due to unavailable references
[10.455s][debug][gc,ref       ] GC(84) Skipped phase2 of Reference Processing due to unavailable references
[10.455s][debug][gc,ref       ] GC(84) Skipped phase3 of Reference Processing due to unavailable references
[10.455s][debug][gc,ref       ] GC(84) Skipped phase4 of Reference Processing due to unavailable references
[10.455s][debug][gc,age       ] GC(84) Desired survivor size 15400960 bytes, new threshold 6 (max threshold 6)
[10.455s][info ][gc,heap      ] GC(84) ParNew: 249030K->8546K(270976K)
[10.455s][info ][gc,heap      ] GC(84) CMS: 125628K->126089K(602112K)
[10.455s][info ][gc,metaspace ] GC(84) Metaspace: 36629K->36629K(1083392K)
[10.455s][info ][gc           ] GC(84) Pause Young (Allocation Failure) 365M->131M(852M) 9.759ms
[10.455s][info ][gc,cpu       ] GC(84) User=0.03s Sys=0.00s Real=0.01s
[10.456s][info ][safepoint    ] Leaving safepoint region
[10.456s][info ][safepoint    ] Total time for which application threads were stopped: 0.0129615 seconds, Stopping threads took: 0.0030198 seconds
[10.530s][info ][safepoint    ] Application time: 0.0744582 seconds
[10.530s][info ][safepoint    ] Entering safepoint region: GenCollectForAllocation
[10.530s][info ][gc,start     ] GC(85) Pause Young (Allocation Failure)
[10.530s][info ][gc,task      ] GC(85) Using 4 workers of 4 for evacuation
[10.537s][debug][gc,ref       ] GC(85) Skipped phase1 of Reference Processing due to unavailable references
[10.537s][debug][gc,ref       ] GC(85) Skipped phase2 of Reference Processing due to unavailable references
[10.537s][debug][gc,ref       ] GC(85) Skipped phase3 of Reference Processing due to unavailable references
[10.537s][debug][gc,ref       ] GC(85) Skipped phase4 of Reference Processing due to unavailable references
[10.537s][debug][gc,age       ] GC(85) Desired survivor size 15400960 bytes, new threshold 6 (max threshold 6)
[10.537s][info ][gc,heap      ] GC(85) ParNew: 249442K->8797K(270976K)
[10.537s][info ][gc,heap      ] GC(85) CMS: 126089K->126535K(602112K)
[10.537s][info ][gc,metaspace ] GC(85) Metaspace: 36629K->36629K(1083392K)
[10.538s][info ][gc           ] GC(85) Pause Young (Allocation Failure) 366M->132M(852M) 7.235ms
[10.538s][info ][gc,cpu       ] GC(85) User=0.03s Sys=0.00s Real=0.01s
[10.538s][info ][safepoint    ] Leaving safepoint region
[10.538s][info ][safepoint    ] Total time for which application threads were stopped: 0.0075474 seconds, Stopping threads took: 0.0001330 seconds
[10.614s][info ][safepoint    ] Application time: 0.0763618 seconds
[10.614s][info ][safepoint    ] Entering safepoint region: GenCollectForAllocation
[10.614s][info ][gc,start     ] GC(86) Pause Young (Allocation Failure)
[10.614s][info ][gc,task      ] GC(86) Using 4 workers of 4 for evacuation
[10.623s][debug][gc,ref       ] GC(86) Skipped phase1 of Reference Processing due to unavailable references
[10.623s][debug][gc,ref       ] GC(86) Skipped phase2 of Reference Processing due to unavailable references
[10.623s][debug][gc,ref       ] GC(86) Skipped phase3 of Reference Processing due to unavailable references
[10.623s][debug][gc,ref       ] GC(86) Skipped phase4 of Reference Processing due to unavailable references
[10.623s][debug][gc,age       ] GC(86) Desired survivor size 15400960 bytes, new threshold 6 (max threshold 6)
[10.623s][info ][gc,heap      ] GC(86) ParNew: 249693K->8560K(270976K)
[10.623s][info ][gc,heap      ] GC(86) CMS: 126535K->126723K(602112K)
[10.623s][info ][gc,metaspace ] GC(86) Metaspace: 36629K->36629K(1083392K)
[10.623s][info ][gc           ] GC(86) Pause Young (Allocation Failure) 367M->132M(852M) 8.742ms
[10.623s][info ][gc,cpu       ] GC(86) User=0.03s Sys=0.00s Real=0.01s
[10.623s][info ][safepoint    ] Leaving safepoint region
[10.623s][info ][safepoint    ] Total time for which application threads were stopped: 0.0091027 seconds, Stopping threads took: 0.0001688 seconds
[10.703s][info ][safepoint    ] Application time: 0.0804293 seconds
[10.704s][info ][safepoint    ] Entering safepoint region: GenCollectForAllocation
[10.704s][info ][gc,start     ] GC(87) Pause Young (Allocation Failure)
[10.704s][info ][gc,task      ] GC(87) Using 4 workers of 4 for evacuation
[10.715s][debug][gc,ref       ] GC(87) Skipped phase1 of Reference Processing due to unavailable references
[10.715s][debug][gc,ref       ] GC(87) Skipped phase2 of Reference Processing due to unavailable references
[10.715s][debug][gc,ref       ] GC(87) Skipped phase3 of Reference Processing due to unavailable references
[10.715s][debug][gc,ref       ] GC(87) Skipped phase4 of Reference Processing due to unavailable references
[10.715s][debug][gc,age       ] GC(87) Desired survivor size 15400960 bytes, new threshold 6 (max threshold 6)
[10.715s][info ][gc,heap      ] GC(87) ParNew: 249456K->5682K(270976K)
[10.715s][info ][gc,heap      ] GC(87) CMS: 126723K->131771K(602112K)
[10.715s][info ][gc,metaspace ] GC(87) Metaspace: 36629K->36629K(1083392K)
[10.715s][info ][gc           ] GC(87) Pause Young (Allocation Failure) 367M->134M(852M) 11.199ms
[10.715s][info ][gc,cpu       ] GC(87) User=0.04s Sys=0.00s Real=0.01s
[10.715s][info ][safepoint    ] Leaving safepoint region
[10.715s][info ][safepoint    ] Total time for which application threads were stopped: 0.0114670 seconds, Stopping threads took: 0.0001234 seconds
[10.809s][info ][safepoint    ] Application time: 0.0937392 seconds
[10.809s][info ][safepoint    ] Entering safepoint region: GenCollectForAllocation
[10.809s][info ][gc,start     ] GC(88) Pause Young (Allocation Failure)
[10.809s][info ][gc,task      ] GC(88) Using 4 workers of 4 for evacuation
[10.812s][debug][gc,ref       ] GC(88) Skipped phase1 of Reference Processing due to unavailable references
[10.812s][debug][gc,ref       ] GC(88) Skipped phase2 of Reference Processing due to unavailable references
[10.812s][debug][gc,ref       ] GC(88) Skipped phase3 of Reference Processing due to unavailable references
[10.812s][debug][gc,ref       ] GC(88) Skipped phase4 of Reference Processing due to unavailable references
[10.812s][debug][gc,age       ] GC(88) Desired survivor size 15400960 bytes, new threshold 6 (max threshold 6)
[10.812s][info ][gc,heap      ] GC(88) ParNew: 246578K->1629K(270976K)
[10.812s][info ][gc,heap      ] GC(88) CMS: 131771K->131911K(602112K)
[10.812s][info ][gc,metaspace ] GC(88) Metaspace: 36629K->36629K(1083392K)
[10.812s][info ][gc           ] GC(88) Pause Young (Allocation Failure) 369M->130M(852M) 2.811ms
[10.812s][info ][gc,cpu       ] GC(88) User=0.01s Sys=0.00s Real=0.00s
[10.812s][info ][safepoint    ] Leaving safepoint region
[10.812s][info ][safepoint    ] Total time for which application threads were stopped: 0.0031491 seconds, Stopping threads took: 0.0002046 seconds
[10.866s][info ][safepoint    ] Application time: 0.0542653 seconds
[10.866s][info ][safepoint    ] Entering safepoint region: RevokeBias
[10.866s][info ][safepoint    ] Leaving safepoint region
[10.866s][info ][safepoint    ] Total time for which application threads were stopped: 0.0002587 seconds, Stopping threads took: 0.0000779 seconds
[10.869s][info ][safepoint    ] Application time: 0.0021501 seconds
[10.869s][info ][safepoint    ] Entering safepoint region: RevokeBias
[10.869s][info ][safepoint    ] Leaving safepoint region
[10.869s][info ][safepoint    ] Total time for which application threads were stopped: 0.0001841 seconds, Stopping threads took: 0.0001277 seconds
[10.869s][info ][safepoint    ] Application time: 0.0000902 seconds
[10.872s][info ][safepoint    ] Entering safepoint region: RevokeBias
[10.872s][info ][safepoint    ] Leaving safepoint region
[10.872s][info ][safepoint    ] Total time for which application threads were stopped: 0.0031312 seconds, Stopping threads took: 0.0030682 seconds
[10.873s][info ][safepoint    ] Application time: 0.0004328 seconds
[10.873s][info ][safepoint    ] Entering safepoint region: RevokeBias
[10.873s][info ][safepoint    ] Leaving safepoint region
[10.873s][info ][safepoint    ] Total time for which application threads were stopped: 0.0001225 seconds, Stopping threads took: 0.0000513 seconds
[10.873s][info ][safepoint    ] Application time: 0.0002620 seconds
[10.873s][info ][safepoint    ] Entering safepoint region: RevokeBias
[10.873s][info ][safepoint    ] Leaving safepoint region
[10.873s][info ][safepoint    ] Total time for which application threads were stopped: 0.0001290 seconds, Stopping threads took: 0.0000480 seconds
[10.873s][info ][safepoint    ] Application time: 0.0000901 seconds
[10.873s][info ][safepoint    ] Entering safepoint region: RevokeBias
[10.874s][info ][safepoint    ] Leaving safepoint region
[10.874s][info ][safepoint    ] Total time for which application threads were stopped: 0.0003904 seconds, Stopping threads took: 0.0000924 seconds
[10.884s][info ][safepoint    ] Application time: 0.0105261 seconds
[10.884s][info ][safepoint    ] Entering safepoint region: RevokeBias
[10.884s][info ][safepoint    ] Leaving safepoint region
[10.884s][info ][safepoint    ] Total time for which application threads were stopped: 0.0001862 seconds, Stopping threads took: 0.0000721 seconds
[10.981s][info ][safepoint    ] Application time: 0.0966498 seconds
[10.981s][info ][safepoint    ] Entering safepoint region: RevokeBias
[10.981s][info ][safepoint    ] Leaving safepoint region
[10.981s][info ][safepoint    ] Total time for which application threads were stopped: 0.0001497 seconds, Stopping threads took: 0.0000663 seconds
[11.328s][info ][safepoint    ] Application time: 0.3472452 seconds
[11.328s][info ][safepoint    ] Entering safepoint region: GenCollectForAllocation
[11.329s][info ][gc,start     ] GC(89) Pause Young (Allocation Failure)
[11.329s][info ][gc,task      ] GC(89) Using 4 workers of 4 for evacuation
[11.337s][debug][gc,ref       ] GC(89) Skipped phase1 of Reference Processing due to unavailable references
[11.337s][debug][gc,ref       ] GC(89) Skipped phase3 of Reference Processing due to unavailable references
[11.337s][debug][gc,age       ] GC(89) Desired survivor size 15400960 bytes, new threshold 6 (max threshold 6)
[11.337s][info ][gc,heap      ] GC(89) ParNew: 242525K->11132K(270976K)
[11.337s][info ][gc,heap      ] GC(89) CMS: 131911K->132050K(602112K)
[11.337s][info ][gc,metaspace ] GC(89) Metaspace: 37138K->37138K(1083392K)
[11.337s][info ][gc           ] GC(89) Pause Young (Allocation Failure) 365M->139M(852M) 8.686ms
[11.337s][info ][gc,cpu       ] GC(89) User=0.03s Sys=0.00s Real=0.01s
[11.337s][info ][safepoint    ] Leaving safepoint region
[11.337s][info ][safepoint    ] Total time for which application threads were stopped: 0.0088583 seconds, Stopping threads took: 0.0000138 seconds
[11.570s][info ][safepoint    ] Application time: 0.2324177 seconds
[11.570s][info ][safepoint    ] Entering safepoint region: ICBufferFull
[11.570s][info ][safepoint    ] Leaving safepoint region
[11.570s][info ][safepoint    ] Total time for which application threads were stopped: 0.0001983 seconds, Stopping threads took: 0.0000480 seconds
[11.671s][info ][safepoint    ] Application time: 0.1005942 seconds
[11.671s][info ][safepoint    ] Entering safepoint region: Deoptimize
[11.671s][info ][safepoint    ] Leaving safepoint region
[11.671s][info ][safepoint    ] Total time for which application threads were stopped: 0.0006971 seconds, Stopping threads took: 0.0000135 seconds
[11.681s][info ][safepoint    ] Application time: 0.0098456 seconds
[11.681s][info ][safepoint    ] Entering safepoint region: RevokeBias
[11.681s][info ][safepoint    ] Leaving safepoint region
[11.681s][info ][safepoint    ] Total time for which application threads were stopped: 0.0000631 seconds, Stopping threads took: 0.0000121 seconds
[11.682s][info ][safepoint    ] Application time: 0.0007249 seconds
[11.682s][info ][safepoint    ] Entering safepoint region: RevokeBias
[11.682s][info ][safepoint    ] Leaving safepoint region
[11.682s][info ][safepoint    ] Total time for which application threads were stopped: 0.0000398 seconds, Stopping threads took: 0.0000099 seconds
[11.682s][info ][safepoint    ] Application time: 0.0000465 seconds
[11.682s][info ][safepoint    ] Entering safepoint region: RevokeBias
[11.682s][info ][safepoint    ] Leaving safepoint region
[11.682s][info ][safepoint    ] Total time for which application threads were stopped: 0.0000231 seconds, Stopping threads took: 0.0000063 seconds
[11.683s][info ][safepoint    ] Application time: 0.0005532 seconds
[11.683s][info ][safepoint    ] Entering safepoint region: Deoptimize
[11.683s][info ][safepoint    ] Leaving safepoint region
[11.683s][info ][safepoint    ] Total time for which application threads were stopped: 0.0006098 seconds, Stopping threads took: 0.0000098 seconds
[11.713s][info ][safepoint    ] Application time: 0.0292242 seconds
[11.713s][info ][safepoint    ] Entering safepoint region: Deoptimize
[11.713s][info ][safepoint    ] Leaving safepoint region
[11.713s][info ][safepoint    ] Total time for which application threads were stopped: 0.0006548 seconds, Stopping threads took: 0.0000139 seconds
[11.737s][info ][safepoint    ] Application time: 0.0236607 seconds
[11.737s][info ][safepoint    ] Entering safepoint region: RevokeBias
[11.737s][info ][safepoint    ] Leaving safepoint region
[11.737s][info ][safepoint    ] Total time for which application threads were stopped: 0.0000720 seconds, Stopping threads took: 0.0000140 seconds
[11.803s][info ][safepoint    ] Application time: 0.0656804 seconds
[11.803s][info ][safepoint    ] Entering safepoint region: Deoptimize
[11.806s][info ][safepoint    ] Leaving safepoint region
[11.806s][info ][safepoint    ] Total time for which application threads were stopped: 0.0032109 seconds, Stopping threads took: 0.0000326 seconds
[11.816s][info ][safepoint    ] Application time: 0.0104147 seconds
[11.816s][info ][safepoint    ] Entering safepoint region: RevokeBias
[11.816s][info ][safepoint    ] Leaving safepoint region
[11.816s][info ][safepoint    ] Total time for which application threads were stopped: 0.0001019 seconds, Stopping threads took: 0.0000255 seconds
[11.844s][info ][safepoint    ] Application time: 0.0280673 seconds
[11.845s][info ][safepoint    ] Entering safepoint region: RevokeBias
[11.845s][info ][safepoint    ] Leaving safepoint region
[11.845s][info ][safepoint    ] Total time for which application threads were stopped: 0.0001442 seconds, Stopping threads took: 0.0000606 seconds
[11.845s][info ][safepoint    ] Application time: 0.0000471 seconds
[11.845s][info ][safepoint    ] Entering safepoint region: RevokeBias
[11.845s][info ][safepoint    ] Leaving safepoint region
[11.845s][info ][safepoint    ] Total time for which application threads were stopped: 0.0000312 seconds, Stopping threads took: 0.0000060 seconds
[12.128s][info ][safepoint    ] Application time: 0.2833274 seconds
[12.128s][info ][safepoint    ] Entering safepoint region: ICBufferFull
[12.128s][info ][safepoint    ] Leaving safepoint region
[12.128s][info ][safepoint    ] Total time for which application threads were stopped: 0.0002463 seconds, Stopping threads took: 0.0000838 seconds
[12.282s][info ][safepoint    ] Application time: 0.1534843 seconds
[12.282s][info ][safepoint    ] Entering safepoint region: RevokeBias
[12.282s][info ][safepoint    ] Leaving safepoint region
[12.282s][info ][safepoint    ] Total time for which application threads were stopped: 0.0001702 seconds, Stopping threads took: 0.0000758 seconds
[12.298s][info ][safepoint    ] Application time: 0.0164203 seconds
[12.299s][info ][safepoint    ] Entering safepoint region: Deoptimize
[12.299s][info ][safepoint    ] Leaving safepoint region
[12.299s][info ][safepoint    ] Total time for which application threads were stopped: 0.0008663 seconds, Stopping threads took: 0.0001061 seconds
[12.303s][info ][safepoint    ] Application time: 0.0037408 seconds
[12.303s][info ][safepoint    ] Entering safepoint region: RevokeBias
[12.303s][info ][safepoint    ] Leaving safepoint region
[12.303s][info ][safepoint    ] Total time for which application threads were stopped: 0.0001765 seconds, Stopping threads took: 0.0001035 seconds
[12.414s][info ][safepoint    ] Application time: 0.1105938 seconds
[12.414s][info ][safepoint    ] Entering safepoint region: Deoptimize
[12.415s][info ][safepoint    ] Leaving safepoint region
[12.415s][info ][safepoint    ] Total time for which application threads were stopped: 0.0013037 seconds, Stopping threads took: 0.0003533 seconds
[12.429s][info ][safepoint    ] Application time: 0.0141742 seconds
[12.429s][info ][safepoint    ] Entering safepoint region: Deoptimize
[12.430s][info ][safepoint    ] Leaving safepoint region
[12.430s][info ][safepoint    ] Total time for which application threads were stopped: 0.0009544 seconds, Stopping threads took: 0.0000607 seconds
[12.485s][info ][safepoint    ] Application time: 0.0547323 seconds
[12.485s][info ][safepoint    ] Entering safepoint region: RevokeBias
[12.485s][info ][safepoint    ] Leaving safepoint region
[12.485s][info ][safepoint    ] Total time for which application threads were stopped: 0.0001545 seconds, Stopping threads took: 0.0000370 seconds
[12.488s][info ][safepoint    ] Application time: 0.0031697 seconds
[12.489s][info ][safepoint    ] Entering safepoint region: BulkRevokeBias
[12.489s][info ][safepoint    ] Leaving safepoint region
[12.489s][info ][safepoint    ] Total time for which application threads were stopped: 0.0002589 seconds, Stopping threads took: 0.0000735 seconds
[13.064s][info ][safepoint    ] Application time: 0.5757115 seconds
[13.065s][info ][safepoint    ] Entering safepoint region: GenCollectForAllocation
[13.065s][info ][gc,start     ] GC(90) Pause Young (Allocation Failure)
[13.065s][info ][gc,task      ] GC(90) Using 4 workers of 4 for evacuation
[13.088s][debug][gc,ref       ] GC(90) Skipped phase1 of Reference Processing due to unavailable references
[13.088s][debug][gc,ref       ] GC(90) Skipped phase3 of Reference Processing due to unavailable references
[13.088s][debug][gc,age       ] GC(90) Desired survivor size 15400960 bytes, new threshold 1 (max threshold 6)
[13.088s][info ][gc,heap      ] GC(90) ParNew: 252028K->30080K(270976K)
[13.088s][info ][gc,heap      ] GC(90) CMS: 132050K->136877K(602112K)
[13.088s][info ][gc,metaspace ] GC(90) Metaspace: 42251K->42251K(1087488K)
[13.088s][info ][gc           ] GC(90) Pause Young (Allocation Failure) 375M->163M(852M) 23.274ms
[13.088s][info ][gc,cpu       ] GC(90) User=0.09s Sys=0.01s Real=0.02s
[13.088s][info ][safepoint    ] Leaving safepoint region
[13.088s][info ][safepoint    ] Total time for which application threads were stopped: 0.0235238 seconds, Stopping threads took: 0.0000291 seconds
[14.088s][info ][safepoint    ] Application time: 1.0001235 seconds
[14.088s][info ][safepoint    ] Entering safepoint region: Cleanup
[14.088s][info ][safepoint    ] Leaving safepoint region
[14.088s][info ][safepoint    ] Total time for which application threads were stopped: 0.0001369 seconds, Stopping threads took: 0.0000167 seconds
[15.088s][info ][safepoint    ] Application time: 1.0000885 seconds
[15.089s][info ][safepoint    ] Entering safepoint region: Cleanup
[15.089s][info ][safepoint    ] Leaving safepoint region
[15.089s][info ][safepoint    ] Total time for which application threads were stopped: 0.0000736 seconds, Stopping threads took: 0.0000166 seconds
[16.089s][info ][safepoint    ] Application time: 1.0000819 seconds
[16.089s][info ][safepoint    ] Entering safepoint region: Cleanup
[16.089s][info ][safepoint    ] Leaving safepoint region
[16.089s][info ][safepoint    ] Total time for which application threads were stopped: 0.0000664 seconds, Stopping threads took: 0.0000170 seconds
[17.089s][info ][safepoint    ] Application time: 1.0001490 seconds
[17.089s][info ][safepoint    ] Entering safepoint region: Cleanup
[17.089s][info ][safepoint    ] Leaving safepoint region
[17.089s][info ][safepoint    ] Total time for which application threads were stopped: 0.0000701 seconds, Stopping threads took: 0.0000173 seconds
[18.089s][info ][safepoint    ] Application time: 1.0000849 seconds
[18.089s][info ][safepoint    ] Entering safepoint region: Cleanup
[18.089s][info ][safepoint    ] Leaving safepoint region
[18.089s][info ][safepoint    ] Total time for which application threads were stopped: 0.0000843 seconds, Stopping threads took: 0.0000176 seconds
[19.089s][info ][safepoint    ] Application time: 1.0000890 seconds
[19.089s][info ][safepoint    ] Entering safepoint region: Cleanup
[19.089s][info ][safepoint    ] Leaving safepoint region
[19.089s][info ][safepoint    ] Total time for which application threads were stopped: 0.0000915 seconds, Stopping threads took: 0.0000171 seconds
[20.090s][info ][safepoint    ] Application time: 1.0000847 seconds
[20.090s][info ][safepoint    ] Entering safepoint region: Cleanup
[20.090s][info ][safepoint    ] Leaving safepoint region
[20.090s][info ][safepoint    ] Total time for which application threads were stopped: 0.0000815 seconds, Stopping threads took: 0.0000174 seconds
[21.090s][info ][safepoint    ] Application time: 1.0000796 seconds
[21.090s][info ][safepoint    ] Entering safepoint region: Cleanup
[21.090s][info ][safepoint    ] Leaving safepoint region
[21.090s][info ][safepoint    ] Total time for which application threads were stopped: 0.0000697 seconds, Stopping threads took: 0.0000173 seconds
[22.090s][info ][safepoint    ] Application time: 1.0001161 seconds
[22.090s][info ][safepoint    ] Entering safepoint region: Cleanup
[22.090s][info ][safepoint    ] Leaving safepoint region
[22.090s][info ][safepoint    ] Total time for which application threads were stopped: 0.0000855 seconds, Stopping threads took: 0.0000174 seconds
[22.179s][info ][safepoint    ] Application time: 0.0884413 seconds
[22.179s][info ][safepoint    ] Entering safepoint region: CollectForMetadataAllocation
[22.179s][info ][safepoint    ] Leaving safepoint region
[22.179s][info ][safepoint    ] Total time for which application threads were stopped: 0.0001099 seconds, Stopping threads took: 0.0000141 seconds
[22.182s][info ][safepoint    ] Application time: 0.0036827 seconds
[22.182s][info ][safepoint    ] Entering safepoint region: RevokeBias
[22.183s][info ][safepoint    ] Leaving safepoint region
[22.183s][info ][safepoint    ] Total time for which application threads were stopped: 0.0001125 seconds, Stopping threads took: 0.0000394 seconds
[22.189s][info ][safepoint    ] Application time: 0.0062984 seconds
[22.189s][info ][safepoint    ] Entering safepoint region: RevokeBias
[22.189s][info ][safepoint    ] Leaving safepoint region
[22.189s][info ][safepoint    ] Total time for which application threads were stopped: 0.0000766 seconds, Stopping threads took: 0.0000112 seconds
[22.189s][info ][safepoint    ] Application time: 0.0004153 seconds
[22.189s][info ][safepoint    ] Entering safepoint region: RevokeBias
[22.189s][info ][safepoint    ] Leaving safepoint region
[22.189s][info ][safepoint    ] Total time for which application threads were stopped: 0.0000329 seconds, Stopping threads took: 0.0000068 seconds
[22.193s][info ][safepoint    ] Application time: 0.0033537 seconds
[22.193s][info ][safepoint    ] Entering safepoint region: CollectForMetadataAllocation
[22.193s][info ][safepoint    ] Leaving safepoint region
[22.193s][info ][safepoint    ] Total time for which application threads were stopped: 0.0000911 seconds, Stopping threads took: 0.0000109 seconds
[22.205s][info ][safepoint    ] Application time: 0.0120866 seconds
[22.205s][info ][safepoint    ] Entering safepoint region: CollectForMetadataAllocation
[22.205s][info ][safepoint    ] Leaving safepoint region
[22.205s][info ][safepoint    ] Total time for which application threads were stopped: 0.0001605 seconds, Stopping threads took: 0.0000145 seconds
[22.221s][info ][safepoint    ] Application time: 0.0162285 seconds
[22.221s][info ][safepoint    ] Entering safepoint region: CollectForMetadataAllocation
[22.222s][info ][safepoint    ] Leaving safepoint region
[22.222s][info ][safepoint    ] Total time for which application threads were stopped: 0.0000975 seconds, Stopping threads took: 0.0000150 seconds
[22.231s][info ][safepoint    ] Application time: 0.0096169 seconds
[22.233s][info ][safepoint    ] Entering safepoint region: Deoptimize
[22.235s][info ][safepoint    ] Leaving safepoint region
[22.235s][info ][safepoint    ] Total time for which application threads were stopped: 0.0024984 seconds, Stopping threads took: 0.0000205 seconds
[22.238s][info ][safepoint    ] Application time: 0.0026746 seconds
[22.238s][info ][safepoint    ] Entering safepoint region: RevokeBias
[22.238s][info ][safepoint    ] Leaving safepoint region
[22.238s][info ][safepoint    ] Total time for which application threads were stopped: 0.0000695 seconds, Stopping threads took: 0.0000125 seconds
[22.245s][info ][safepoint    ] Application time: 0.0071909 seconds
[22.245s][info ][safepoint    ] Entering safepoint region: CollectForMetadataAllocation
[22.245s][info ][safepoint    ] Leaving safepoint region
[22.245s][info ][safepoint    ] Total time for which application threads were stopped: 0.0000969 seconds, Stopping threads took: 0.0000132 seconds
[22.258s][info ][safepoint    ] Application time: 0.0127001 seconds
[22.258s][info ][safepoint    ] Entering safepoint region: RevokeBias
[22.258s][info ][safepoint    ] Leaving safepoint region
[22.258s][info ][safepoint    ] Total time for which application threads were stopped: 0.0000970 seconds, Stopping threads took: 0.0000147 seconds
[22.520s][info ][safepoint    ] Application time: 0.2620623 seconds
[22.520s][info ][safepoint    ] Entering safepoint region: CollectForMetadataAllocation
[22.520s][info ][safepoint    ] Leaving safepoint region
[22.520s][info ][safepoint    ] Total time for which application threads were stopped: 0.0001876 seconds, Stopping threads took: 0.0000770 seconds
[22.536s][info ][safepoint    ] Application time: 0.0157277 seconds
[22.536s][info ][safepoint    ] Entering safepoint region: RevokeBias
[22.536s][info ][safepoint    ] Leaving safepoint region
[22.536s][info ][safepoint    ] Total time for which application threads were stopped: 0.0001188 seconds, Stopping threads took: 0.0000133 seconds
[22.538s][info ][safepoint    ] Application time: 0.0011388 seconds
[22.538s][info ][safepoint    ] Entering safepoint region: RevokeBias
[22.538s][info ][safepoint    ] Leaving safepoint region
[22.538s][info ][safepoint    ] Total time for which application threads were stopped: 0.0000777 seconds, Stopping threads took: 0.0000102 seconds
[22.543s][info ][safepoint    ] Application time: 0.0052665 seconds
[22.543s][info ][safepoint    ] Entering safepoint region: CollectForMetadataAllocation
[22.543s][info ][safepoint    ] Leaving safepoint region
[22.543s][info ][safepoint    ] Total time for which application threads were stopped: 0.0001543 seconds, Stopping threads took: 0.0000682 seconds
[22.571s][info ][safepoint    ] Application time: 0.0275538 seconds
[22.571s][info ][safepoint    ] Entering safepoint region: Deoptimize
[22.572s][info ][safepoint    ] Leaving safepoint region
[22.572s][info ][safepoint    ] Total time for which application threads were stopped: 0.0009509 seconds, Stopping threads took: 0.0000271 seconds
[22.572s][info ][safepoint    ] Application time: 0.0008659 seconds
[22.572s][info ][safepoint    ] Entering safepoint region: RevokeBias
[22.573s][info ][safepoint    ] Leaving safepoint region
[22.573s][info ][safepoint    ] Total time for which application threads were stopped: 0.0000686 seconds, Stopping threads took: 0.0000086 seconds
[22.573s][info ][safepoint    ] Application time: 0.0000495 seconds
[22.573s][info ][safepoint    ] Entering safepoint region: RevokeBias
[22.573s][info ][safepoint    ] Leaving safepoint region
[22.573s][info ][safepoint    ] Total time for which application threads were stopped: 0.0000293 seconds, Stopping threads took: 0.0000061 seconds
[22.573s][info ][safepoint    ] Application time: 0.0000363 seconds
[22.573s][info ][safepoint    ] Entering safepoint region: RevokeBias
[22.573s][info ][safepoint    ] Leaving safepoint region
[22.573s][info ][safepoint    ] Total time for which application threads were stopped: 0.0000265 seconds, Stopping threads took: 0.0000054 seconds
[22.573s][info ][safepoint    ] Application time: 0.0000282 seconds
[22.573s][info ][safepoint    ] Entering safepoint region: RevokeBias
[22.573s][info ][safepoint    ] Leaving safepoint region
[22.573s][info ][safepoint    ] Total time for which application threads were stopped: 0.0000261 seconds, Stopping threads took: 0.0000055 seconds
[22.576s][info ][safepoint    ] Application time: 0.0032022 seconds
[22.576s][info ][safepoint    ] Entering safepoint region: CollectForMetadataAllocation
[22.576s][info ][safepoint    ] Leaving safepoint region
[22.576s][info ][safepoint    ] Total time for which application threads were stopped: 0.0000911 seconds, Stopping threads took: 0.0000110 seconds
[22.578s][info ][safepoint    ] Application time: 0.0022038 seconds
[22.578s][info ][safepoint    ] Entering safepoint region: RevokeBias
[22.578s][info ][safepoint    ] Leaving safepoint region
[22.578s][info ][safepoint    ] Total time for which application threads were stopped: 0.0000398 seconds, Stopping threads took: 0.0000086 seconds
[22.584s][info ][safepoint    ] Application time: 0.0055677 seconds
[22.584s][info ][safepoint    ] Entering safepoint region: RevokeBias
[22.584s][info ][safepoint    ] Leaving safepoint region
[22.584s][info ][safepoint    ] Total time for which application threads were stopped: 0.0000444 seconds, Stopping threads took: 0.0000102 seconds
[22.597s][info ][safepoint    ] Application time: 0.0129170 seconds
[22.597s][info ][safepoint    ] Entering safepoint region: CollectForMetadataAllocation
[22.597s][info ][safepoint    ] Leaving safepoint region
[22.597s][info ][safepoint    ] Total time for which application threads were stopped: 0.0000899 seconds, Stopping threads took: 0.0000133 seconds
[22.604s][info ][safepoint    ] Application time: 0.0066466 seconds
[22.604s][info ][safepoint    ] Entering safepoint region: CollectForMetadataAllocation
[22.604s][info ][safepoint    ] Leaving safepoint region
[22.604s][info ][safepoint    ] Total time for which application threads were stopped: 0.0001449 seconds, Stopping threads took: 0.0000123 seconds
[22.605s][info ][safepoint    ] Application time: 0.0011882 seconds
[22.605s][info ][safepoint    ] Entering safepoint region: RevokeBias
[22.605s][info ][safepoint    ] Leaving safepoint region
[22.605s][info ][safepoint    ] Total time for which application threads were stopped: 0.0000374 seconds, Stopping threads took: 0.0000082 seconds
[22.605s][info ][safepoint    ] Application time: 0.0000772 seconds
[22.605s][info ][safepoint    ] Entering safepoint region: RevokeBias
[22.605s][info ][safepoint    ] Leaving safepoint region
[22.605s][info ][safepoint    ] Total time for which application threads were stopped: 0.0000262 seconds, Stopping threads took: 0.0000059 seconds
[22.624s][info ][safepoint    ] Application time: 0.0183762 seconds
[22.624s][info ][safepoint    ] Entering safepoint region: CollectForMetadataAllocation
[22.624s][info ][safepoint    ] Leaving safepoint region
[22.624s][info ][safepoint    ] Total time for which application threads were stopped: 0.0001324 seconds, Stopping threads took: 0.0000509 seconds
[22.644s][info ][safepoint    ] Application time: 0.0205972 seconds
[22.644s][info ][safepoint    ] Entering safepoint region: Deoptimize
[22.645s][info ][safepoint    ] Leaving safepoint region
[22.645s][info ][safepoint    ] Total time for which application threads were stopped: 0.0009104 seconds, Stopping threads took: 0.0000293 seconds
[22.652s][info ][safepoint    ] Application time: 0.0071051 seconds
[22.652s][info ][safepoint    ] Entering safepoint region: CollectForMetadataAllocation
[22.653s][info ][safepoint    ] Leaving safepoint region
[22.653s][info ][safepoint    ] Total time for which application threads were stopped: 0.0000856 seconds, Stopping threads took: 0.0000117 seconds
[22.661s][info ][safepoint    ] Application time: 0.0082359 seconds
[22.661s][info ][safepoint    ] Entering safepoint region: CollectForMetadataAllocation
[22.661s][info ][safepoint    ] Leaving safepoint region
[22.661s][info ][safepoint    ] Total time for which application threads were stopped: 0.0000765 seconds, Stopping threads took: 0.0000113 seconds
[22.666s][info ][safepoint    ] Application time: 0.0046640 seconds
[22.666s][info ][safepoint    ] Entering safepoint region: CollectForMetadataAllocation
[22.666s][info ][safepoint    ] Leaving safepoint region
[22.666s][info ][safepoint    ] Total time for which application threads were stopped: 0.0000573 seconds, Stopping threads took: 0.0000103 seconds
[22.687s][info ][safepoint    ] Application time: 0.0218187 seconds
[22.687s][info ][safepoint    ] Entering safepoint region: Deoptimize
[22.688s][info ][safepoint    ] Leaving safepoint region
[22.688s][info ][safepoint    ] Total time for which application threads were stopped: 0.0008581 seconds, Stopping threads took: 0.0000120 seconds
[22.694s][info ][safepoint    ] Application time: 0.0057303 seconds
[22.694s][info ][safepoint    ] Entering safepoint region: CollectForMetadataAllocation
[22.694s][info ][safepoint    ] Leaving safepoint region
[22.694s][info ][safepoint    ] Total time for which application threads were stopped: 0.0000704 seconds, Stopping threads took: 0.0000108 seconds
[22.700s][info ][safepoint    ] Application time: 0.0054751 seconds
[22.700s][info ][safepoint    ] Entering safepoint region: CollectForMetadataAllocation
[22.700s][info ][safepoint    ] Leaving safepoint region
[22.700s][info ][safepoint    ] Total time for which application threads were stopped: 0.0000752 seconds, Stopping threads took: 0.0000132 seconds
[22.707s][info ][safepoint    ] Application time: 0.0074879 seconds
[22.707s][info ][safepoint    ] Entering safepoint region: CollectForMetadataAllocation
[22.707s][info ][safepoint    ] Leaving safepoint region
[22.707s][info ][safepoint    ] Total time for which application threads were stopped: 0.0000732 seconds, Stopping threads took: 0.0000119 seconds
[22.728s][info ][safepoint    ] Application time: 0.0205536 seconds
[22.728s][info ][safepoint    ] Entering safepoint region: CollectForMetadataAllocation
[22.728s][info ][safepoint    ] Leaving safepoint region
[22.728s][info ][safepoint    ] Total time for which application threads were stopped: 0.0001427 seconds, Stopping threads took: 0.0000530 seconds
[22.746s][info ][safepoint    ] Application time: 0.0176097 seconds
[22.746s][info ][safepoint    ] Entering safepoint region: CollectForMetadataAllocation
[22.746s][info ][safepoint    ] Leaving safepoint region
[22.746s][info ][safepoint    ] Total time for which application threads were stopped: 0.0001235 seconds, Stopping threads took: 0.0000485 seconds
[22.765s][info ][safepoint    ] Application time: 0.0191958 seconds
[22.765s][info ][safepoint    ] Entering safepoint region: CollectForMetadataAllocation
[22.765s][info ][safepoint    ] Leaving safepoint region
[22.765s][info ][safepoint    ] Total time for which application threads were stopped: 0.0001224 seconds, Stopping threads took: 0.0000140 seconds
[22.796s][info ][safepoint    ] Application time: 0.0303499 seconds
[22.796s][info ][safepoint    ] Entering safepoint region: RevokeBias
[22.796s][info ][safepoint    ] Leaving safepoint region
[22.796s][info ][safepoint    ] Total time for which application threads were stopped: 0.0002252 seconds, Stopping threads took: 0.0001297 seconds
[22.796s][info ][safepoint    ] Application time: 0.0005863 seconds
[22.796s][info ][safepoint    ] Entering safepoint region: CollectForMetadataAllocation
[22.796s][info ][safepoint    ] Leaving safepoint region
[22.796s][info ][safepoint    ] Total time for which application threads were stopped: 0.0000619 seconds, Stopping threads took: 0.0000107 seconds
[22.882s][info ][safepoint    ] Application time: 0.0852385 seconds
[22.882s][info ][safepoint    ] Entering safepoint region: Deoptimize
[22.883s][info ][safepoint    ] Leaving safepoint region
[22.883s][info ][safepoint    ] Total time for which application threads were stopped: 0.0013825 seconds, Stopping threads took: 0.0000199 seconds
[22.883s][info ][safepoint    ] Application time: 0.0003718 seconds
[22.884s][info ][safepoint    ] Entering safepoint region: Deoptimize
[22.884s][info ][safepoint    ] Leaving safepoint region
[22.884s][info ][safepoint    ] Total time for which application threads were stopped: 0.0006688 seconds, Stopping threads took: 0.0001236 seconds
[22.885s][info ][safepoint    ] Application time: 0.0012701 seconds
[22.886s][info ][safepoint    ] Entering safepoint region: RevokeBias
[22.886s][info ][safepoint    ] Leaving safepoint region
[22.886s][info ][safepoint    ] Total time for which application threads were stopped: 0.0000836 seconds, Stopping threads took: 0.0000121 seconds
[22.886s][info ][safepoint    ] Application time: 0.0003508 seconds
[22.886s][info ][safepoint    ] Entering safepoint region: Deoptimize
[22.887s][info ][safepoint    ] Leaving safepoint region
[22.887s][info ][safepoint    ] Total time for which application threads were stopped: 0.0008023 seconds, Stopping threads took: 0.0000069 seconds
[22.891s][info ][safepoint    ] Application time: 0.0044762 seconds
[22.891s][info ][safepoint    ] Entering safepoint region: RevokeBias
[22.891s][info ][safepoint    ] Leaving safepoint region
[22.891s][info ][safepoint    ] Total time for which application threads were stopped: 0.0000746 seconds, Stopping threads took: 0.0000105 seconds
[22.893s][info ][safepoint    ] Application time: 0.0015622 seconds
[22.893s][info ][safepoint    ] Entering safepoint region: RevokeBias
[22.893s][info ][safepoint    ] Leaving safepoint region
[22.893s][info ][safepoint    ] Total time for which application threads were stopped: 0.0000416 seconds, Stopping threads took: 0.0000104 seconds
[22.898s][info ][safepoint    ] Application time: 0.0054312 seconds
[22.898s][info ][safepoint    ] Entering safepoint region: CollectForMetadataAllocation
[22.898s][info ][safepoint    ] Leaving safepoint region
[22.898s][info ][safepoint    ] Total time for which application threads were stopped: 0.0000828 seconds, Stopping threads took: 0.0000252 seconds
[22.913s][info ][safepoint    ] Application time: 0.0141812 seconds
[22.913s][info ][safepoint    ] Entering safepoint region: CollectForMetadataAllocation
[22.913s][info ][safepoint    ] Leaving safepoint region
[22.913s][info ][safepoint    ] Total time for which application threads were stopped: 0.0000863 seconds, Stopping threads took: 0.0000141 seconds
[22.913s][info ][safepoint    ] Application time: 0.0006997 seconds
[22.914s][info ][safepoint    ] Entering safepoint region: Deoptimize
[22.914s][info ][safepoint    ] Leaving safepoint region
[22.914s][info ][safepoint    ] Total time for which application threads were stopped: 0.0008733 seconds, Stopping threads took: 0.0000105 seconds
[22.978s][info ][safepoint    ] Application time: 0.0640828 seconds
[22.978s][info ][safepoint    ] Entering safepoint region: CollectForMetadataAllocation
[22.979s][info ][safepoint    ] Leaving safepoint region
[22.979s][info ][safepoint    ] Total time for which application threads were stopped: 0.0001710 seconds, Stopping threads took: 0.0000157 seconds
[22.991s][info ][safepoint    ] Application time: 0.0121993 seconds
[22.991s][info ][safepoint    ] Entering safepoint region: Deoptimize
[22.992s][info ][safepoint    ] Leaving safepoint region
[22.992s][info ][safepoint    ] Total time for which application threads were stopped: 0.0009348 seconds, Stopping threads took: 0.0000628 seconds
[23.004s][info ][safepoint    ] Application time: 0.0123561 seconds
[23.004s][info ][safepoint    ] Entering safepoint region: CollectForMetadataAllocation
[23.004s][info ][safepoint    ] Leaving safepoint region
[23.004s][info ][safepoint    ] Total time for which application threads were stopped: 0.0001491 seconds, Stopping threads took: 0.0000438 seconds
[23.004s][info ][safepoint    ] Application time: 0.0000919 seconds
[23.004s][info ][safepoint    ] Entering safepoint region: CollectForMetadataAllocation
[23.005s][info ][safepoint    ] Leaving safepoint region
[23.005s][info ][safepoint    ] Total time for which application threads were stopped: 0.0000660 seconds, Stopping threads took: 0.0000397 seconds
[23.036s][info ][safepoint    ] Application time: 0.0319210 seconds
[23.037s][info ][safepoint    ] Entering safepoint region: Deoptimize
[23.037s][info ][safepoint    ] Leaving safepoint region
[23.038s][info ][safepoint    ] Total time for which application threads were stopped: 0.0010281 seconds, Stopping threads took: 0.0000679 seconds
[23.086s][info ][safepoint    ] Application time: 0.0481167 seconds
[23.086s][info ][safepoint    ] Entering safepoint region: CMS_Initial_Mark
[23.086s][info ][gc,start     ] GC(91) Pause Initial Mark
[23.099s][info ][gc           ] GC(91) Pause Initial Mark 221M->221M(852M) 12.950ms
[23.099s][info ][gc,cpu       ] GC(91) User=0.06s Sys=0.01s Real=0.01s
[23.099s][info ][safepoint    ] Leaving safepoint region
[23.099s][info ][safepoint    ] Total time for which application threads were stopped: 0.0132275 seconds, Stopping threads took: 0.0000657 seconds
[23.099s][info ][gc           ] GC(91) Concurrent Mark
[23.109s][info ][safepoint    ] Application time: 0.0105690 seconds
[23.110s][info ][safepoint    ] Entering safepoint region: CollectForMetadataAllocation
[23.110s][info ][safepoint    ] Leaving safepoint region
[23.110s][info ][safepoint    ] Total time for which application threads were stopped: 0.0001564 seconds, Stopping threads took: 0.0000673 seconds
[23.131s][info ][safepoint    ] Application time: 0.0209359 seconds
[23.131s][info ][safepoint    ] Entering safepoint region: RevokeBias
[23.131s][info ][safepoint    ] Leaving safepoint region
[23.131s][info ][safepoint    ] Total time for which application threads were stopped: 0.0007954 seconds, Stopping threads took: 0.0007071 seconds
[23.137s][info ][safepoint    ] Application time: 0.0058657 seconds
[23.137s][info ][safepoint    ] Entering safepoint region: CollectForMetadataAllocation
[23.138s][info ][safepoint    ] Leaving safepoint region
[23.138s][info ][safepoint    ] Total time for which application threads were stopped: 0.0002616 seconds, Stopping threads took: 0.0000466 seconds
[23.148s][info ][safepoint    ] Application time: 0.0107952 seconds
[23.148s][info ][safepoint    ] Entering safepoint region: RevokeBias
[23.149s][info ][safepoint    ] Leaving safepoint region
[23.149s][info ][safepoint    ] Total time for which application threads were stopped: 0.0001564 seconds, Stopping threads took: 0.0000611 seconds
[23.223s][info ][safepoint    ] Application time: 0.0747602 seconds
[23.223s][info ][safepoint    ] Entering safepoint region: ICBufferFull
[23.224s][info ][safepoint    ] Leaving safepoint region
[23.224s][info ][safepoint    ] Total time for which application threads were stopped: 0.0002019 seconds, Stopping threads took: 0.0000142 seconds
[23.257s][info ][safepoint    ] Application time: 0.0334641 seconds
[23.257s][info ][safepoint    ] Entering safepoint region: CollectForMetadataAllocation
[23.257s][info ][safepoint    ] Leaving safepoint region
[23.257s][info ][safepoint    ] Total time for which application threads were stopped: 0.0002559 seconds, Stopping threads took: 0.0000921 seconds
[23.320s][info ][gc           ] GC(91) Concurrent Mark 221.098ms
[23.320s][info ][gc,cpu       ] GC(91) User=0.92s Sys=0.07s Real=0.22s
[23.320s][info ][gc           ] GC(91) Concurrent Preclean
[23.320s][debug][gc,ref       ] GC(91) Preclean SoftReferences 0.001ms
[23.320s][debug][gc,ref       ] GC(91) Preclean WeakReferences 0.011ms
[23.320s][debug][gc,ref       ] GC(91) Preclean FinalReferences 0.001ms
[23.320s][debug][gc,ref       ] GC(91) Preclean PhantomReferences 0.002ms
[23.323s][info ][gc           ] GC(91) Concurrent Preclean 2.863ms
[23.323s][info ][gc,cpu       ] GC(91) User=0.01s Sys=0.00s Real=0.01s
[23.323s][info ][gc           ] GC(91) Concurrent Abortable Preclean
[24.257s][info ][safepoint    ] Application time: 1.0000959 seconds
[24.257s][info ][safepoint    ] Entering safepoint region: Cleanup
[24.258s][info ][safepoint    ] Leaving safepoint region
[24.258s][info ][safepoint    ] Total time for which application threads were stopped: 0.0001608 seconds, Stopping threads took: 0.0000163 seconds
[25.258s][info ][safepoint    ] Application time: 1.0000769 seconds
[25.258s][info ][safepoint    ] Entering safepoint region: Cleanup
[25.258s][info ][safepoint    ] Leaving safepoint region
[25.258s][info ][safepoint    ] Total time for which application threads were stopped: 0.0001457 seconds, Stopping threads took: 0.0000158 seconds
[26.258s][info ][safepoint    ] Application time: 1.0000906 seconds
[26.258s][info ][safepoint    ] Entering safepoint region: Cleanup
[26.258s][info ][safepoint    ] Leaving safepoint region
[26.258s][info ][safepoint    ] Total time for which application threads were stopped: 0.0002410 seconds, Stopping threads took: 0.0000393 seconds
[27.258s][info ][safepoint    ] Application time: 1.0000948 seconds
[27.258s][info ][safepoint    ] Entering safepoint region: Cleanup
[27.259s][info ][safepoint    ] Leaving safepoint region
[27.259s][info ][safepoint    ] Total time for which application threads were stopped: 0.0002084 seconds, Stopping threads took: 0.0000482 seconds
[27.886s][info ][safepoint    ] Application time: 0.6274984 seconds
[27.886s][info ][safepoint    ] Entering safepoint region: RevokeBias
[27.886s][info ][safepoint    ] Leaving safepoint region
[27.886s][info ][safepoint    ] Total time for which application threads were stopped: 0.0001402 seconds, Stopping threads took: 0.0000433 seconds
[27.886s][info ][safepoint    ] Application time: 0.0001914 seconds
[27.886s][info ][safepoint    ] Entering safepoint region: RevokeBias
[27.887s][info ][safepoint    ] Leaving safepoint region
[27.887s][info ][safepoint    ] Total time for which application threads were stopped: 0.0000311 seconds, Stopping threads took: 0.0000084 seconds
[28.452s][info ][gc           ] GC(91) Concurrent Abortable Preclean 5129.312ms
[28.452s][info ][gc,cpu       ] GC(91) User=5.33s Sys=0.25s Real=5.12s
[28.452s][info ][safepoint    ] Application time: 0.5658511 seconds
[28.452s][info ][safepoint    ] Entering safepoint region: CMS_Final_Remark
[28.453s][info ][gc,start     ] GC(91) Pause Remark
[28.472s][debug][gc,phases    ] GC(91) Rescan (parallel) 19.203ms
[28.472s][debug][gc,ref       ] GC(91) Skipped phase1 of Reference Processing due to unavailable references
[28.472s][debug][gc,ref       ] GC(91) Skipped phase2 of Reference Processing due to unavailable references
[28.472s][debug][gc,ref       ] GC(91) Skipped phase3 of Reference Processing due to unavailable references
[28.472s][debug][gc,ref       ] GC(91) Skipped phase4 of Reference Processing due to unavailable references
[28.472s][debug][gc,phases    ] GC(91) Reference Processing 0.034ms
[28.472s][debug][gc,phases    ] GC(91) Weak Processing 0.095ms
[28.474s][debug][gc,phases    ] GC(91) ClassLoaderData 1.938ms
[28.474s][debug][gc,phases    ] GC(91) Dictionary 0.106ms
[28.474s][debug][gc,phases    ] GC(91) ProtectionDomainCacheTable 0.006ms
[28.474s][debug][gc,phases    ] GC(91) ResolvedMethodTable 0.160ms
[28.511s][debug][gc,phases    ] GC(91) Class Unloading 38.791ms
[28.517s][debug][gc,phases    ] GC(91) Scrub Symbol Table 5.729ms
[28.517s][debug][gc,phases    ] GC(91) Scrub String Table 0.498ms
[28.518s][info ][gc           ] GC(91) Pause Remark 283M->283M(852M) 65.166ms
[28.518s][info ][gc,cpu       ] GC(91) User=0.11s Sys=0.01s Real=0.07s
[28.518s][info ][safepoint    ] Leaving safepoint region
[28.518s][info ][safepoint    ] Total time for which application threads were stopped: 0.0653477 seconds, Stopping threads took: 0.0000164 seconds
[28.518s][info ][gc           ] GC(91) Concurrent Sweep
[28.583s][info ][gc           ] GC(91) Concurrent Sweep 65.672ms
[28.584s][info ][gc,cpu       ] GC(91) User=0.09s Sys=0.00s Real=0.07s
[28.584s][info ][gc           ] GC(91) Concurrent Reset
[28.592s][info ][gc           ] GC(91) Concurrent Reset 8.562ms
[28.592s][info ][gc,cpu       ] GC(91) User=0.01s Sys=0.00s Real=0.00s
[28.592s][info ][gc,heap      ] GC(91) Old: 136877K->133341K(602112K)
[29.193s][info ][safepoint    ] Application time: 0.6756376 seconds
[29.193s][info ][safepoint    ] Entering safepoint region: ICBufferFull
[29.194s][info ][safepoint    ] Leaving safepoint region
[29.194s][info ][safepoint    ] Total time for which application threads were stopped: 0.0003370 seconds, Stopping threads took: 0.0000156 seconds
[30.194s][info ][safepoint    ] Application time: 1.0000882 seconds
[30.194s][info ][safepoint    ] Entering safepoint region: Cleanup
[30.194s][info ][safepoint    ] Leaving safepoint region
[30.194s][info ][safepoint    ] Total time for which application threads were stopped: 0.0001526 seconds, Stopping threads took: 0.0000338 seconds
[31.194s][info ][safepoint    ] Application time: 1.0000388 seconds
[31.194s][info ][safepoint    ] Entering safepoint region: Cleanup
[31.194s][info ][safepoint    ] Leaving safepoint region
[31.194s][info ][safepoint    ] Total time for which application threads were stopped: 0.0001299 seconds, Stopping threads took: 0.0000196 seconds
[32.194s][info ][safepoint    ] Application time: 1.0000887 seconds
[32.194s][info ][safepoint    ] Entering safepoint region: Cleanup
[32.195s][info ][safepoint    ] Leaving safepoint region
[32.195s][info ][safepoint    ] Total time for which application threads were stopped: 0.0001274 seconds, Stopping threads took: 0.0000378 seconds
[32.887s][info ][safepoint    ] Application time: 0.6922523 seconds
[32.887s][info ][safepoint    ] Entering safepoint region: RevokeBias
[32.887s][info ][safepoint    ] Leaving safepoint region
[32.887s][info ][safepoint    ] Total time for which application threads were stopped: 0.0000898 seconds, Stopping threads took: 0.0000171 seconds
[32.888s][info ][safepoint    ] Application time: 0.0011432 seconds
[32.888s][info ][safepoint    ] Entering safepoint region: RevokeBias
[32.888s][info ][safepoint    ] Leaving safepoint region
[32.888s][info ][safepoint    ] Total time for which application threads were stopped: 0.0000462 seconds, Stopping threads took: 0.0000105 seconds
[32.888s][info ][safepoint    ] Application time: 0.0000541 seconds
[32.888s][info ][safepoint    ] Entering safepoint region: RevokeBias
[32.888s][info ][safepoint    ] Leaving safepoint region
[32.888s][info ][safepoint    ] Total time for which application threads were stopped: 0.0000264 seconds, Stopping threads took: 0.0000065 seconds
[32.888s][info ][safepoint    ] Application time: 0.0001159 seconds
[32.888s][info ][safepoint    ] Entering safepoint region: RevokeBias
[32.888s][info ][safepoint    ] Leaving safepoint region
[32.888s][info ][safepoint    ] Total time for which application threads were stopped: 0.0000244 seconds, Stopping threads took: 0.0000060 seconds
[32.889s][info ][safepoint    ] Application time: 0.0001394 seconds
[32.889s][info ][safepoint    ] Entering safepoint region: RevokeBias
[32.889s][info ][safepoint    ] Leaving safepoint region
[32.889s][info ][safepoint    ] Total time for which application threads were stopped: 0.0000253 seconds, Stopping threads took: 0.0000058 seconds
[33.889s][info ][safepoint    ] Application time: 1.0000847 seconds
[33.889s][info ][safepoint    ] Entering safepoint region: Cleanup
[33.889s][info ][safepoint    ] Leaving safepoint region
[33.889s][info ][safepoint    ] Total time for which application threads were stopped: 0.0001132 seconds, Stopping threads took: 0.0000309 seconds
[34.889s][info ][safepoint    ] Application time: 1.0000835 seconds
[34.889s][info ][safepoint    ] Entering safepoint region: Cleanup
[34.889s][info ][safepoint    ] Leaving safepoint region
[34.889s][info ][safepoint    ] Total time for which application threads were stopped: 0.0000755 seconds, Stopping threads took: 0.0000174 seconds
[35.889s][info ][safepoint    ] Application time: 1.0000869 seconds
[35.889s][info ][safepoint    ] Entering safepoint region: Cleanup
[35.889s][info ][safepoint    ] Leaving safepoint region
[35.889s][info ][safepoint    ] Total time for which application threads were stopped: 0.0001748 seconds, Stopping threads took: 0.0000154 seconds
[36.890s][info ][safepoint    ] Application time: 1.0001207 seconds
[36.890s][info ][safepoint    ] Entering safepoint region: Cleanup
[36.890s][info ][safepoint    ] Leaving safepoint region
[36.890s][info ][safepoint    ] Total time for which application threads were stopped: 0.0001666 seconds, Stopping threads took: 0.0000174 seconds
[37.890s][info ][safepoint    ] Application time: 1.0001151 seconds
[37.890s][info ][safepoint    ] Entering safepoint region: Cleanup
[37.890s][info ][safepoint    ] Leaving safepoint region
[37.890s][info ][safepoint    ] Total time for which application threads were stopped: 0.0001167 seconds, Stopping threads took: 0.0000180 seconds
[38.890s][info ][safepoint    ] Application time: 1.0000941 seconds
[38.890s][info ][safepoint    ] Entering safepoint region: Cleanup
[38.890s][info ][safepoint    ] Leaving safepoint region
[38.890s][info ][safepoint    ] Total time for which application threads were stopped: 0.0001634 seconds, Stopping threads took: 0.0000175 seconds
[39.890s][info ][safepoint    ] Application time: 1.0000482 seconds
[39.890s][info ][safepoint    ] Entering safepoint region: Cleanup
[39.890s][info ][safepoint    ] Leaving safepoint region
[39.890s][info ][safepoint    ] Total time for which application threads were stopped: 0.0000867 seconds, Stopping threads took: 0.0000177 seconds
[40.891s][info ][safepoint    ] Application time: 1.0000870 seconds
[40.891s][info ][safepoint    ] Entering safepoint region: Cleanup
[40.891s][info ][safepoint    ] Leaving safepoint region
[40.891s][info ][safepoint    ] Total time for which application threads were stopped: 0.0001075 seconds, Stopping threads took: 0.0000177 seconds
[41.891s][info ][safepoint    ] Application time: 1.0000767 seconds
[41.891s][info ][safepoint    ] Entering safepoint region: Cleanup
[41.891s][info ][safepoint    ] Leaving safepoint region
[41.891s][info ][safepoint    ] Total time for which application threads were stopped: 0.0001556 seconds, Stopping threads took: 0.0000159 seconds
[42.891s][info ][safepoint    ] Application time: 1.0001144 seconds
[42.891s][info ][safepoint    ] Entering safepoint region: Cleanup
[42.891s][info ][safepoint    ] Leaving safepoint region
[42.891s][info ][safepoint    ] Total time for which application threads were stopped: 0.0001578 seconds, Stopping threads took: 0.0000156 seconds
[43.891s][info ][safepoint    ] Application time: 1.0001182 seconds
[43.891s][info ][safepoint    ] Entering safepoint region: Cleanup
[43.892s][info ][safepoint    ] Leaving safepoint region
[43.892s][info ][safepoint    ] Total time for which application threads were stopped: 0.0001330 seconds, Stopping threads took: 0.0000188 seconds
[44.892s][info ][safepoint    ] Application time: 1.0000925 seconds
[44.892s][info ][safepoint    ] Entering safepoint region: Cleanup
[44.892s][info ][safepoint    ] Leaving safepoint region
[44.892s][info ][safepoint    ] Total time for which application threads were stopped: 0.0001046 seconds, Stopping threads took: 0.0000175 seconds
[45.892s][info ][safepoint    ] Application time: 1.0001073 seconds
[45.892s][info ][safepoint    ] Entering safepoint region: Cleanup
[45.892s][info ][safepoint    ] Leaving safepoint region
[45.892s][info ][safepoint    ] Total time for which application threads were stopped: 0.0001129 seconds, Stopping threads took: 0.0000428 seconds
[46.185s][info ][safepoint    ] Application time: 0.2927073 seconds
[46.185s][info ][safepoint    ] Entering safepoint region: RevokeBias
[46.185s][info ][safepoint    ] Leaving safepoint region
[46.185s][info ][safepoint    ] Total time for which application threads were stopped: 0.0001469 seconds, Stopping threads took: 0.0000422 seconds
[46.185s][info ][safepoint    ] Application time: 0.0004510 seconds
[46.185s][info ][safepoint    ] Entering safepoint region: RevokeBias
[46.186s][info ][safepoint    ] Leaving safepoint region
[46.186s][info ][safepoint    ] Total time for which application threads were stopped: 0.0000472 seconds, Stopping threads took: 0.0000084 seconds
[46.336s][info ][safepoint    ] Application time: 0.1507172 seconds
[46.336s][info ][safepoint    ] Entering safepoint region: RevokeBias
[46.336s][info ][safepoint    ] Leaving safepoint region
[46.336s][info ][safepoint    ] Total time for which application threads were stopped: 0.0001435 seconds, Stopping threads took: 0.0000356 seconds
[47.240s][info ][safepoint    ] Application time: 0.9036530 seconds
[47.240s][info ][safepoint    ] Entering safepoint region: RevokeBias
[47.240s][info ][safepoint    ] Leaving safepoint region
[47.240s][info ][safepoint    ] Total time for which application threads were stopped: 0.0001073 seconds, Stopping threads took: 0.0000156 seconds
[47.240s][info ][safepoint    ] Application time: 0.0000602 seconds
[47.240s][info ][safepoint    ] Entering safepoint region: RevokeBias
[47.240s][info ][safepoint    ] Leaving safepoint region
[47.240s][info ][safepoint    ] Total time for which application threads were stopped: 0.0000366 seconds, Stopping threads took: 0.0000064 seconds
[47.248s][info ][safepoint    ] Application time: 0.0074902 seconds
[47.248s][info ][safepoint    ] Entering safepoint region: RevokeBias
[47.248s][info ][safepoint    ] Leaving safepoint region
[47.248s][info ][safepoint    ] Total time for which application threads were stopped: 0.0000602 seconds, Stopping threads took: 0.0000115 seconds
[47.251s][info ][safepoint    ] Application time: 0.0030083 seconds
[47.251s][info ][safepoint    ] Entering safepoint region: RevokeBias
[47.251s][info ][safepoint    ] Leaving safepoint region
[47.251s][info ][safepoint    ] Total time for which application threads were stopped: 0.0000501 seconds, Stopping threads took: 0.0000110 seconds
[47.251s][info ][safepoint    ] Application time: 0.0000532 seconds
[47.251s][info ][safepoint    ] Entering safepoint region: RevokeBias
[47.251s][info ][safepoint    ] Leaving safepoint region
[47.251s][info ][safepoint    ] Total time for which application threads were stopped: 0.0000279 seconds, Stopping threads took: 0.0000068 seconds
[47.253s][info ][safepoint    ] Application time: 0.0016619 seconds
[47.253s][info ][safepoint    ] Entering safepoint region: RevokeBias
[47.253s][info ][safepoint    ] Leaving safepoint region
[47.253s][info ][safepoint    ] Total time for which application threads were stopped: 0.0000420 seconds, Stopping threads took: 0.0000102 seconds
[47.253s][info ][safepoint    ] Application time: 0.0004040 seconds
[47.253s][info ][safepoint    ] Entering safepoint region: RevokeBias
[47.253s][info ][safepoint    ] Leaving safepoint region
[47.253s][info ][safepoint    ] Total time for which application threads were stopped: 0.0000384 seconds, Stopping threads took: 0.0000085 seconds
[47.253s][info ][safepoint    ] Application time: 0.0001031 seconds
[47.253s][info ][safepoint    ] Entering safepoint region: RevokeBias
[47.253s][info ][safepoint    ] Leaving safepoint region
[47.253s][info ][safepoint    ] Total time for which application threads were stopped: 0.0001045 seconds, Stopping threads took: 0.0000746 seconds
[47.254s][info ][safepoint    ] Application time: 0.0000685 seconds
[47.254s][info ][safepoint    ] Entering safepoint region: RevokeBias
[47.254s][info ][safepoint    ] Leaving safepoint region
[47.254s][info ][safepoint    ] Total time for which application threads were stopped: 0.0000268 seconds, Stopping threads took: 0.0000061 seconds
[47.254s][info ][safepoint    ] Application time: 0.0000664 seconds
[47.254s][info ][safepoint    ] Entering safepoint region: RevokeBias
[47.254s][info ][safepoint    ] Leaving safepoint region
[47.254s][info ][safepoint    ] Total time for which application threads were stopped: 0.0000758 seconds, Stopping threads took: 0.0000445 seconds
[47.254s][info ][safepoint    ] Application time: 0.0000479 seconds
[47.254s][info ][safepoint    ] Entering safepoint region: RevokeBias
[47.254s][info ][safepoint    ] Leaving safepoint region
[47.254s][info ][safepoint    ] Total time for which application threads were stopped: 0.0000269 seconds, Stopping threads took: 0.0000062 seconds
[47.254s][info ][safepoint    ] Application time: 0.0000825 seconds
[47.254s][info ][safepoint    ] Entering safepoint region: RevokeBias
[47.254s][info ][safepoint    ] Leaving safepoint region
[47.254s][info ][safepoint    ] Total time for which application threads were stopped: 0.0000263 seconds, Stopping threads took: 0.0000061 seconds
[47.254s][info ][safepoint    ] Application time: 0.0000740 seconds
[47.254s][info ][safepoint    ] Entering safepoint region: RevokeBias
[47.254s][info ][safepoint    ] Leaving safepoint region
[47.254s][info ][safepoint    ] Total time for which application threads were stopped: 0.0000369 seconds, Stopping threads took: 0.0000160 seconds
[47.254s][info ][safepoint    ] Application time: 0.0000676 seconds
[47.254s][info ][safepoint    ] Entering safepoint region: RevokeBias
[47.254s][info ][safepoint    ] Leaving safepoint region
[47.254s][info ][safepoint    ] Total time for which application threads were stopped: 0.0000651 seconds, Stopping threads took: 0.0000319 seconds
[47.254s][info ][safepoint    ] Application time: 0.0000647 seconds
[47.254s][info ][safepoint    ] Entering safepoint region: RevokeBias
[47.254s][info ][safepoint    ] Leaving safepoint region
[47.254s][info ][safepoint    ] Total time for which application threads were stopped: 0.0000272 seconds, Stopping threads took: 0.0000062 seconds
[47.254s][info ][safepoint    ] Application time: 0.0000487 seconds
[47.254s][info ][safepoint    ] Entering safepoint region: RevokeBias
[47.254s][info ][safepoint    ] Leaving safepoint region
[47.254s][info ][safepoint    ] Total time for which application threads were stopped: 0.0000259 seconds, Stopping threads took: 0.0000060 seconds
[47.254s][info ][safepoint    ] Application time: 0.0000365 seconds
[47.254s][info ][safepoint    ] Entering safepoint region: RevokeBias
[47.255s][info ][safepoint    ] Leaving safepoint region
[47.255s][info ][safepoint    ] Total time for which application threads were stopped: 0.0000251 seconds, Stopping threads took: 0.0000058 seconds
[47.255s][info ][safepoint    ] Application time: 0.0000435 seconds
[47.255s][info ][safepoint    ] Entering safepoint region: RevokeBias
[47.255s][info ][safepoint    ] Leaving safepoint region
[47.255s][info ][safepoint    ] Total time for which application threads were stopped: 0.0000635 seconds, Stopping threads took: 0.0000427 seconds
[47.255s][info ][safepoint    ] Application time: 0.0000744 seconds
[47.255s][info ][safepoint    ] Entering safepoint region: RevokeBias
[47.255s][info ][safepoint    ] Leaving safepoint region
[47.255s][info ][safepoint    ] Total time for which application threads were stopped: 0.0000421 seconds, Stopping threads took: 0.0000216 seconds
[47.255s][info ][safepoint    ] Application time: 0.0000440 seconds
[47.255s][info ][safepoint    ] Entering safepoint region: RevokeBias
[47.255s][info ][safepoint    ] Leaving safepoint region
[47.255s][info ][safepoint    ] Total time for which application threads were stopped: 0.0000442 seconds, Stopping threads took: 0.0000237 seconds
[47.255s][info ][safepoint    ] Application time: 0.0000500 seconds
[47.255s][info ][safepoint    ] Entering safepoint region: RevokeBias
[47.255s][info ][safepoint    ] Leaving safepoint region
[47.255s][info ][safepoint    ] Total time for which application threads were stopped: 0.0000252 seconds, Stopping threads took: 0.0000059 seconds
[47.255s][info ][safepoint    ] Application time: 0.0000680 seconds
[47.255s][info ][safepoint    ] Entering safepoint region: RevokeBias
[47.255s][info ][safepoint    ] Leaving safepoint region
[47.255s][info ][safepoint    ] Total time for which application threads were stopped: 0.0000692 seconds, Stopping threads took: 0.0000480 seconds
[47.255s][info ][safepoint    ] Application time: 0.0000522 seconds
[47.255s][info ][safepoint    ] Entering safepoint region: RevokeBias
[47.255s][info ][safepoint    ] Leaving safepoint region
[47.255s][info ][safepoint    ] Total time for which application threads were stopped: 0.0000638 seconds, Stopping threads took: 0.0000336 seconds
[47.255s][info ][safepoint    ] Application time: 0.0000539 seconds
[47.255s][info ][safepoint    ] Entering safepoint region: RevokeBias
[47.255s][info ][safepoint    ] Leaving safepoint region
[47.255s][info ][safepoint    ] Total time for which application threads were stopped: 0.0000361 seconds, Stopping threads took: 0.0000142 seconds
[47.255s][info ][safepoint    ] Application time: 0.0000613 seconds
[47.255s][info ][safepoint    ] Entering safepoint region: RevokeBias
[47.255s][info ][safepoint    ] Leaving safepoint region
[47.255s][info ][safepoint    ] Total time for which application threads were stopped: 0.0000351 seconds, Stopping threads took: 0.0000087 seconds
[47.255s][info ][safepoint    ] Application time: 0.0000463 seconds
[47.256s][info ][safepoint    ] Entering safepoint region: BulkRevokeBias
[47.256s][info ][safepoint    ] Leaving safepoint region
[47.256s][info ][safepoint    ] Total time for which application threads were stopped: 0.0001890 seconds, Stopping threads took: 0.0000478 seconds
[47.257s][info ][safepoint    ] Application time: 0.0013960 seconds
[47.257s][info ][safepoint    ] Entering safepoint region: RevokeBias
[47.257s][info ][safepoint    ] Leaving safepoint region
[47.257s][info ][safepoint    ] Total time for which application threads were stopped: 0.0000622 seconds, Stopping threads took: 0.0000100 seconds
[47.257s][info ][safepoint    ] Application time: 0.0003248 seconds
[47.258s][info ][safepoint    ] Entering safepoint region: RevokeBias
[47.258s][info ][safepoint    ] Leaving safepoint region
[47.258s][info ][safepoint    ] Total time for which application threads were stopped: 0.0000766 seconds, Stopping threads took: 0.0000393 seconds
[47.271s][info ][safepoint    ] Application time: 0.0134565 seconds
[47.271s][info ][safepoint    ] Entering safepoint region: RevokeBias
[47.271s][info ][safepoint    ] Leaving safepoint region
[47.271s][info ][safepoint    ] Total time for which application threads were stopped: 0.0000969 seconds, Stopping threads took: 0.0000146 seconds
[47.367s][info ][safepoint    ] Application time: 0.0959717 seconds
[47.367s][info ][safepoint    ] Entering safepoint region: RevokeBias
[47.367s][info ][safepoint    ] Leaving safepoint region
[47.367s][info ][safepoint    ] Total time for which application threads were stopped: 0.0001723 seconds, Stopping threads took: 0.0000590 seconds
[47.393s][info ][safepoint    ] Application time: 0.0257570 seconds
[47.393s][info ][safepoint    ] Entering safepoint region: RevokeBias
[47.393s][info ][safepoint    ] Leaving safepoint region
[47.393s][info ][safepoint    ] Total time for which application threads were stopped: 0.0001258 seconds, Stopping threads took: 0.0000522 seconds
[47.505s][info ][safepoint    ] Application time: 0.1113563 seconds
[47.505s][info ][safepoint    ] Entering safepoint region: GenCollectForAllocation
[47.505s][info ][gc,start     ] GC(92) Pause Young (Allocation Failure)
[47.505s][info ][gc,task      ] GC(92) Using 4 workers of 4 for evacuation
[47.536s][debug][gc,ref       ] GC(92) Skipped phase1 of Reference Processing due to unavailable references
[47.536s][debug][gc,age       ] GC(92) Desired survivor size 15400960 bytes, new threshold 6 (max threshold 6)
[47.536s][info ][gc,heap      ] GC(92) ParNew: 270976K->24556K(270976K)
[47.536s][info ][gc,heap      ] GC(92) CMS: 133341K->172139K(602112K)
[47.536s][info ][gc,metaspace ] GC(92) Metaspace: 51870K->51870K(1095680K)
[47.536s][info ][gc           ] GC(92) Pause Young (Allocation Failure) 394M->192M(852M) 31.404ms
[47.536s][info ][gc,cpu       ] GC(92) User=0.11s Sys=0.00s Real=0.03s
[47.536s][info ][safepoint    ] Leaving safepoint region
[47.536s][info ][safepoint    ] Total time for which application threads were stopped: 0.0317730 seconds, Stopping threads took: 0.0000755 seconds
[48.537s][info ][safepoint    ] Application time: 1.0000974 seconds
[48.537s][info ][safepoint    ] Entering safepoint region: Cleanup
[48.537s][info ][safepoint    ] Leaving safepoint region
[48.537s][info ][safepoint    ] Total time for which application threads were stopped: 0.0001717 seconds, Stopping threads took: 0.0000186 seconds
[49.537s][info ][safepoint    ] Application time: 1.0000974 seconds
[49.537s][info ][safepoint    ] Entering safepoint region: Cleanup
[49.537s][info ][safepoint    ] Leaving safepoint region
[49.537s][info ][safepoint    ] Total time for which application threads were stopped: 0.0001087 seconds, Stopping threads took: 0.0000191 seconds
[50.537s][info ][safepoint    ] Application time: 1.0000933 seconds
[50.537s][info ][safepoint    ] Entering safepoint region: Cleanup
[50.537s][info ][safepoint    ] Leaving safepoint region
[50.537s][info ][safepoint    ] Total time for which application threads were stopped: 0.0000972 seconds, Stopping threads took: 0.0000172 seconds
[51.537s][info ][safepoint    ] Application time: 1.0001237 seconds
[51.537s][info ][safepoint    ] Entering safepoint region: Cleanup
[51.537s][info ][safepoint    ] Leaving safepoint region
[51.537s][info ][safepoint    ] Total time for which application threads were stopped: 0.0001030 seconds, Stopping threads took: 0.0000166 seconds
[52.366s][info ][safepoint    ] Application time: 0.8286689 seconds
[52.366s][info ][safepoint    ] Entering safepoint region: RevokeBias
[52.366s][info ][safepoint    ] Leaving safepoint region
[52.366s][info ][safepoint    ] Total time for which application threads were stopped: 0.0001154 seconds, Stopping threads took: 0.0000185 seconds
[53.366s][info ][safepoint    ] Application time: 1.0001258 seconds
[53.366s][info ][safepoint    ] Entering safepoint region: Cleanup
[53.367s][info ][safepoint    ] Leaving safepoint region
[53.367s][info ][safepoint    ] Total time for which application threads were stopped: 0.0000964 seconds, Stopping threads took: 0.0000175 seconds
[54.367s][info ][safepoint    ] Application time: 1.0001182 seconds
[54.367s][info ][safepoint    ] Entering safepoint region: Cleanup
[54.367s][info ][safepoint    ] Leaving safepoint region
[54.367s][info ][safepoint    ] Total time for which application threads were stopped: 0.0000911 seconds, Stopping threads took: 0.0000183 seconds
[55.367s][info ][safepoint    ] Application time: 1.0000890 seconds
[55.367s][info ][safepoint    ] Entering safepoint region: Cleanup
[55.367s][info ][safepoint    ] Leaving safepoint region
[55.367s][info ][safepoint    ] Total time for which application threads were stopped: 0.0001485 seconds, Stopping threads took: 0.0000185 seconds
[56.367s][info ][safepoint    ] Application time: 1.0000866 seconds
[56.367s][info ][safepoint    ] Entering safepoint region: Cleanup
[56.367s][info ][safepoint    ] Leaving safepoint region
[56.367s][info ][safepoint    ] Total time for which application threads were stopped: 0.0001083 seconds, Stopping threads took: 0.0000175 seconds
[57.366s][info ][safepoint    ] Application time: 0.9991425 seconds
[57.367s][info ][safepoint    ] Entering safepoint region: RevokeBias
[57.367s][info ][safepoint    ] Leaving safepoint region
[57.367s][info ][safepoint    ] Total time for which application threads were stopped: 0.0001181 seconds, Stopping threads took: 0.0000180 seconds
[57.367s][info ][safepoint    ] Application time: 0.0003374 seconds
[57.367s][info ][safepoint    ] Entering safepoint region: RevokeBias
[57.367s][info ][safepoint    ] Leaving safepoint region
[57.367s][info ][safepoint    ] Total time for which application threads were stopped: 0.0000516 seconds, Stopping threads took: 0.0000263 seconds
[57.367s][info ][safepoint    ] Application time: 0.0000852 seconds
[57.367s][info ][safepoint    ] Entering safepoint region: RevokeBias
[57.367s][info ][safepoint    ] Leaving safepoint region
[57.367s][info ][safepoint    ] Total time for which application threads were stopped: 0.0000586 seconds, Stopping threads took: 0.0000375 seconds
[57.367s][info ][safepoint    ] Application time: 0.0000660 seconds
[57.367s][info ][safepoint    ] Entering safepoint region: RevokeBias
[57.367s][info ][safepoint    ] Leaving safepoint region
[57.367s][info ][safepoint    ] Total time for which application threads were stopped: 0.0000549 seconds, Stopping threads took: 0.0000355 seconds
[57.367s][info ][safepoint    ] Application time: 0.0001071 seconds
[57.368s][info ][safepoint    ] Entering safepoint region: RevokeBias
[57.368s][info ][safepoint    ] Leaving safepoint region
[57.368s][info ][safepoint    ] Total time for which application threads were stopped: 0.0000871 seconds, Stopping threads took: 0.0000649 seconds
[58.368s][info ][safepoint    ] Application time: 1.0001133 seconds
[58.368s][info ][safepoint    ] Entering safepoint region: Cleanup
[58.368s][info ][safepoint    ] Leaving safepoint region
[58.368s][info ][safepoint    ] Total time for which application threads were stopped: 0.0001016 seconds, Stopping threads took: 0.0000158 seconds
[59.368s][info ][safepoint    ] Application time: 1.0001225 seconds
[59.368s][info ][safepoint    ] Entering safepoint region: Cleanup
[59.368s][info ][safepoint    ] Leaving safepoint region
[59.368s][info ][safepoint    ] Total time for which application threads were stopped: 0.0000890 seconds, Stopping threads took: 0.0000158 seconds
[60.368s][info ][safepoint    ] Application time: 1.0002049 seconds
[60.368s][info ][safepoint    ] Entering safepoint region: Cleanup
[60.368s][info ][safepoint    ] Leaving safepoint region
[60.368s][info ][safepoint    ] Total time for which application threads were stopped: 0.0000820 seconds, Stopping threads took: 0.0000173 seconds
[61.369s][info ][safepoint    ] Application time: 1.0001209 seconds
[61.369s][info ][safepoint    ] Entering safepoint region: Cleanup
[61.369s][info ][safepoint    ] Leaving safepoint region
[61.369s][info ][safepoint    ] Total time for which application threads were stopped: 0.0001005 seconds, Stopping threads took: 0.0000359 seconds
[62.369s][info ][safepoint    ] Application time: 1.0001124 seconds
[62.369s][info ][safepoint    ] Entering safepoint region: Cleanup
[62.369s][info ][safepoint    ] Leaving safepoint region
[62.369s][info ][safepoint    ] Total time for which application threads were stopped: 0.0001095 seconds, Stopping threads took: 0.0000175 seconds
[63.369s][info ][safepoint    ] Application time: 1.0000901 seconds
[63.369s][info ][safepoint    ] Entering safepoint region: Cleanup
[63.369s][info ][safepoint    ] Leaving safepoint region
[63.369s][info ][safepoint    ] Total time for which application threads were stopped: 0.0000958 seconds, Stopping threads took: 0.0000171 seconds
[64.369s][info ][safepoint    ] Application time: 1.0000873 seconds
[64.369s][info ][safepoint    ] Entering safepoint region: Cleanup
[64.369s][info ][safepoint    ] Leaving safepoint region
[64.369s][info ][safepoint    ] Total time for which application threads were stopped: 0.0000876 seconds, Stopping threads took: 0.0000182 seconds
[65.369s][info ][safepoint    ] Application time: 1.0000813 seconds
[65.370s][info ][safepoint    ] Entering safepoint region: Cleanup
[65.370s][info ][safepoint    ] Leaving safepoint region
[65.370s][info ][safepoint    ] Total time for which application threads were stopped: 0.0000889 seconds, Stopping threads took: 0.0000179 seconds
[66.370s][info ][safepoint    ] Application time: 1.0000808 seconds
[66.370s][info ][safepoint    ] Entering safepoint region: Cleanup
[66.370s][info ][safepoint    ] Leaving safepoint region
[66.370s][info ][safepoint    ] Total time for which application threads were stopped: 0.0000813 seconds, Stopping threads took: 0.0000181 seconds
[67.370s][info ][safepoint    ] Application time: 1.0000960 seconds
[67.370s][info ][safepoint    ] Entering safepoint region: Cleanup
[67.370s][info ][safepoint    ] Leaving safepoint region
[67.370s][info ][safepoint    ] Total time for which application threads were stopped: 0.0001015 seconds, Stopping threads took: 0.0000272 seconds
[68.370s][info ][safepoint    ] Application time: 1.0000737 seconds
[68.370s][info ][safepoint    ] Entering safepoint region: Cleanup
[68.370s][info ][safepoint    ] Leaving safepoint region
[68.370s][info ][safepoint    ] Total time for which application threads were stopped: 0.0000888 seconds, Stopping threads took: 0.0000241 seconds
[69.370s][info ][safepoint    ] Application time: 1.0000634 seconds
[69.370s][info ][safepoint    ] Entering safepoint region: Cleanup
[69.371s][info ][safepoint    ] Leaving safepoint region
[69.371s][info ][safepoint    ] Total time for which application threads were stopped: 0.0000911 seconds, Stopping threads took: 0.0000170 seconds
[70.371s][info ][safepoint    ] Application time: 1.0001177 seconds
[70.371s][info ][safepoint    ] Entering safepoint region: Cleanup
[70.371s][info ][safepoint    ] Leaving safepoint region
[70.371s][info ][safepoint    ] Total time for which application threads were stopped: 0.0000934 seconds, Stopping threads took: 0.0000187 seconds
[71.371s][info ][safepoint    ] Application time: 1.0001204 seconds
[71.371s][info ][safepoint    ] Entering safepoint region: Cleanup
[71.371s][info ][safepoint    ] Leaving safepoint region
[71.371s][info ][safepoint    ] Total time for which application threads were stopped: 0.0000929 seconds, Stopping threads took: 0.0000177 seconds
[72.371s][info ][safepoint    ] Application time: 1.0000783 seconds
[72.371s][info ][safepoint    ] Entering safepoint region: Cleanup
[72.371s][info ][safepoint    ] Leaving safepoint region
[72.371s][info ][safepoint    ] Total time for which application threads were stopped: 0.0000983 seconds, Stopping threads took: 0.0000171 seconds
[73.371s][info ][safepoint    ] Application time: 1.0000806 seconds
[73.371s][info ][safepoint    ] Entering safepoint region: Cleanup
[73.372s][info ][safepoint    ] Leaving safepoint region
[73.372s][info ][safepoint    ] Total time for which application threads were stopped: 0.0002347 seconds, Stopping threads took: 0.0000712 seconds
[74.372s][info ][safepoint    ] Application time: 1.0001156 seconds
[74.372s][info ][safepoint    ] Entering safepoint region: Cleanup
[74.372s][info ][safepoint    ] Leaving safepoint region
[74.372s][info ][safepoint    ] Total time for which application threads were stopped: 0.0001299 seconds, Stopping threads took: 0.0000420 seconds
[75.372s][info ][safepoint    ] Application time: 1.0000885 seconds
[75.372s][info ][safepoint    ] Entering safepoint region: Cleanup
[75.372s][info ][safepoint    ] Leaving safepoint region
[75.372s][info ][safepoint    ] Total time for which application threads were stopped: 0.0000852 seconds, Stopping threads took: 0.0000179 seconds
[76.372s][info ][safepoint    ] Application time: 1.0000864 seconds
[76.372s][info ][safepoint    ] Entering safepoint region: Cleanup
[76.372s][info ][safepoint    ] Leaving safepoint region
[76.372s][info ][safepoint    ] Total time for which application threads were stopped: 0.0000823 seconds, Stopping threads took: 0.0000184 seconds
[77.372s][info ][safepoint    ] Application time: 1.0000833 seconds
[77.372s][info ][safepoint    ] Entering safepoint region: Cleanup
[77.373s][info ][safepoint    ] Leaving safepoint region
[77.373s][info ][safepoint    ] Total time for which application threads were stopped: 0.0000796 seconds, Stopping threads took: 0.0000185 seconds
[78.373s][info ][safepoint    ] Application time: 1.0001092 seconds
[78.373s][info ][safepoint    ] Entering safepoint region: Cleanup
[78.373s][info ][safepoint    ] Leaving safepoint region
[78.373s][info ][safepoint    ] Total time for which application threads were stopped: 0.0000799 seconds, Stopping threads took: 0.0000162 seconds
[79.373s][info ][safepoint    ] Application time: 1.0000832 seconds
[79.373s][info ][safepoint    ] Entering safepoint region: Cleanup
[79.373s][info ][safepoint    ] Leaving safepoint region
[79.373s][info ][safepoint    ] Total time for which application threads were stopped: 0.0000764 seconds, Stopping threads took: 0.0000150 seconds
[80.373s][info ][safepoint    ] Application time: 1.0000836 seconds
[80.373s][info ][safepoint    ] Entering safepoint region: Cleanup
[80.373s][info ][safepoint    ] Leaving safepoint region
[80.373s][info ][safepoint    ] Total time for which application threads were stopped: 0.0001027 seconds, Stopping threads took: 0.0000188 seconds
[81.373s][info ][safepoint    ] Application time: 1.0001137 seconds
[81.373s][info ][safepoint    ] Entering safepoint region: Cleanup
[81.373s][info ][safepoint    ] Leaving safepoint region
[81.373s][info ][safepoint    ] Total time for which application threads were stopped: 0.0000747 seconds, Stopping threads took: 0.0000158 seconds
[82.374s][info ][safepoint    ] Application time: 1.0000854 seconds
[82.374s][info ][safepoint    ] Entering safepoint region: Cleanup
[82.374s][info ][safepoint    ] Leaving safepoint region
[82.374s][info ][safepoint    ] Total time for which application threads were stopped: 0.0000726 seconds, Stopping threads took: 0.0000159 seconds
[83.374s][info ][safepoint    ] Application time: 1.0001263 seconds
[83.374s][info ][safepoint    ] Entering safepoint region: Cleanup
[83.374s][info ][safepoint    ] Leaving safepoint region
[83.374s][info ][safepoint    ] Total time for which application threads were stopped: 0.0000773 seconds, Stopping threads took: 0.0000160 seconds
[84.374s][info ][safepoint    ] Application time: 1.0000651 seconds
[84.374s][info ][safepoint    ] Entering safepoint region: Cleanup
[84.374s][info ][safepoint    ] Leaving safepoint region
[84.374s][info ][safepoint    ] Total time for which application threads were stopped: 0.0001041 seconds, Stopping threads took: 0.0000167 seconds
[84.719s][info ][safepoint    ] Application time: 0.3451197 seconds
[84.719s][info ][safepoint    ] Entering safepoint region: GenCollectForAllocation
[84.719s][info ][gc,start     ] GC(93) Pause Young (Allocation Failure)
[84.719s][info ][gc,task      ] GC(93) Using 4 workers of 4 for evacuation
[84.727s][debug][gc,ref       ] GC(93) Skipped phase1 of Reference Processing due to unavailable references
[84.727s][debug][gc,age       ] GC(93) Desired survivor size 15400960 bytes, new threshold 1 (max threshold 6)
[84.727s][info ][gc,heap      ] GC(93) ParNew: 265452K->29124K(270976K)
[84.727s][info ][gc,heap      ] GC(93) CMS: 172139K->172139K(602112K)
[84.727s][info ][gc,metaspace ] GC(93) Metaspace: 52314K->52314K(1097728K)
[84.727s][info ][gc           ] GC(93) Pause Young (Allocation Failure) 427M->196M(852M) 7.356ms
[84.727s][info ][gc,cpu       ] GC(93) User=0.03s Sys=0.00s Real=0.01s
[84.727s][info ][safepoint    ] Leaving safepoint region
[84.727s][info ][safepoint    ] Total time for which application threads were stopped: 0.0075417 seconds, Stopping threads took: 0.0000314 seconds
[85.727s][info ][safepoint    ] Application time: 1.0000916 seconds
[85.727s][info ][safepoint    ] Entering safepoint region: Cleanup
[85.727s][info ][safepoint    ] Leaving safepoint region
[85.727s][info ][safepoint    ] Total time for which application threads were stopped: 0.0001108 seconds, Stopping threads took: 0.0000157 seconds
[86.727s][info ][safepoint    ] Application time: 1.0001174 seconds
[86.727s][info ][safepoint    ] Entering safepoint region: Cleanup
[86.727s][info ][safepoint    ] Leaving safepoint region
[86.727s][info ][safepoint    ] Total time for which application threads were stopped: 0.0001008 seconds, Stopping threads took: 0.0000158 seconds
[87.727s][info ][safepoint    ] Application time: 1.0000895 seconds
[87.727s][info ][safepoint    ] Entering safepoint region: Cleanup
[87.728s][info ][safepoint    ] Leaving safepoint region
[87.728s][info ][safepoint    ] Total time for which application threads were stopped: 0.0000846 seconds, Stopping threads took: 0.0000162 seconds
[88.728s][info ][safepoint    ] Application time: 1.0001117 seconds
[88.728s][info ][safepoint    ] Entering safepoint region: Cleanup
[88.728s][info ][safepoint    ] Leaving safepoint region
[88.728s][info ][safepoint    ] Total time for which application threads were stopped: 0.0000917 seconds, Stopping threads took: 0.0000176 seconds
[89.728s][info ][safepoint    ] Application time: 1.0000810 seconds
[89.728s][info ][safepoint    ] Entering safepoint region: Cleanup
[89.728s][info ][safepoint    ] Leaving safepoint region
[89.728s][info ][safepoint    ] Total time for which application threads were stopped: 0.0000963 seconds, Stopping threads took: 0.0000168 seconds
[90.728s][info ][safepoint    ] Application time: 1.0000785 seconds
[90.728s][info ][safepoint    ] Entering safepoint region: Cleanup
[90.728s][info ][safepoint    ] Leaving safepoint region
[90.728s][info ][safepoint    ] Total time for which application threads were stopped: 0.0001738 seconds, Stopping threads took: 0.0000675 seconds
[91.728s][info ][safepoint    ] Application time: 1.0000957 seconds
[91.729s][info ][safepoint    ] Entering safepoint region: Cleanup
[91.729s][info ][safepoint    ] Leaving safepoint region
[91.729s][info ][safepoint    ] Total time for which application threads were stopped: 0.0001207 seconds, Stopping threads took: 0.0000203 seconds
[92.729s][info ][safepoint    ] Application time: 1.0000893 seconds
[92.729s][info ][safepoint    ] Entering safepoint region: Cleanup
[92.729s][info ][safepoint    ] Leaving safepoint region
[92.729s][info ][safepoint    ] Total time for which application threads were stopped: 0.0000927 seconds, Stopping threads took: 0.0000180 seconds
[93.729s][info ][safepoint    ] Application time: 1.0000831 seconds
[93.729s][info ][safepoint    ] Entering safepoint region: Cleanup
[93.729s][info ][safepoint    ] Leaving safepoint region
[93.729s][info ][safepoint    ] Total time for which application threads were stopped: 0.0000798 seconds, Stopping threads took: 0.0000165 seconds
[94.729s][info ][safepoint    ] Application time: 1.0000551 seconds
[94.729s][info ][safepoint    ] Entering safepoint region: Cleanup
[94.729s][info ][safepoint    ] Leaving safepoint region
[94.729s][info ][safepoint    ] Total time for which application threads were stopped: 0.0001163 seconds, Stopping threads took: 0.0000582 seconds
[95.729s][info ][safepoint    ] Application time: 1.0000970 seconds
[95.729s][info ][safepoint    ] Entering safepoint region: Cleanup
[95.730s][info ][safepoint    ] Leaving safepoint region
[95.730s][info ][safepoint    ] Total time for which application threads were stopped: 0.0000943 seconds, Stopping threads took: 0.0000177 seconds
[96.730s][info ][safepoint    ] Application time: 1.0000912 seconds
[96.730s][info ][safepoint    ] Entering safepoint region: Cleanup
[96.730s][info ][safepoint    ] Leaving safepoint region
[96.730s][info ][safepoint    ] Total time for which application threads were stopped: 0.0001464 seconds, Stopping threads took: 0.0000291 seconds
[97.730s][info ][safepoint    ] Application time: 1.0000875 seconds
[97.730s][info ][safepoint    ] Entering safepoint region: Cleanup
[97.730s][info ][safepoint    ] Leaving safepoint region
[97.730s][info ][safepoint    ] Total time for which application threads were stopped: 0.0001380 seconds, Stopping threads took: 0.0000315 seconds
[98.730s][info ][safepoint    ] Application time: 1.0000891 seconds
[98.730s][info ][safepoint    ] Entering safepoint region: Cleanup
[98.730s][info ][safepoint    ] Leaving safepoint region
[98.730s][info ][safepoint    ] Total time for which application threads were stopped: 0.0000801 seconds, Stopping threads took: 0.0000164 seconds
[99.730s][info ][safepoint    ] Application time: 1.0001155 seconds
[99.730s][info ][safepoint    ] Entering safepoint region: Cleanup
[99.731s][info ][safepoint    ] Leaving safepoint region
[99.731s][info ][safepoint    ] Total time for which application threads were stopped: 0.0000888 seconds, Stopping threads took: 0.0000184 seconds
[100.731s][info ][safepoint    ] Application time: 1.0000873 seconds
[100.731s][info ][safepoint    ] Entering safepoint region: Cleanup
[100.731s][info ][safepoint    ] Leaving safepoint region
[100.731s][info ][safepoint    ] Total time for which application threads were stopped: 0.0000699 seconds, Stopping threads took: 0.0000142 seconds
[101.731s][info ][safepoint    ] Application time: 1.0000565 seconds
[101.731s][info ][safepoint    ] Entering safepoint region: Cleanup
[101.731s][info ][safepoint    ] Leaving safepoint region
[101.731s][info ][safepoint    ] Total time for which application threads were stopped: 0.0000912 seconds, Stopping threads took: 0.0000188 seconds
[102.731s][info ][safepoint    ] Application time: 1.0000917 seconds
[102.731s][info ][safepoint    ] Entering safepoint region: Cleanup
[102.731s][info ][safepoint    ] Leaving safepoint region
[102.731s][info ][safepoint    ] Total time for which application threads were stopped: 0.0000882 seconds, Stopping threads took: 0.0000168 seconds
[103.731s][info ][safepoint    ] Application time: 1.0000769 seconds
[103.731s][info ][safepoint    ] Entering safepoint region: Cleanup
[103.731s][info ][safepoint    ] Leaving safepoint region
[103.731s][info ][safepoint    ] Total time for which application threads were stopped: 0.0001071 seconds, Stopping threads took: 0.0000156 seconds
[103.984s][info ][safepoint    ] Application time: 0.2522456 seconds
[103.984s][info ][safepoint    ] Entering safepoint region: ICBufferFull
[103.984s][info ][safepoint    ] Leaving safepoint region
[103.984s][info ][safepoint    ] Total time for which application threads were stopped: 0.0001873 seconds, Stopping threads took: 0.0000140 seconds
[103.986s][info ][safepoint    ] Application time: 0.0022971 seconds
[103.986s][info ][safepoint    ] Entering safepoint region: ICBufferFull
[103.986s][info ][safepoint    ] Leaving safepoint region
[103.986s][info ][safepoint    ] Total time for which application threads were stopped: 0.0001684 seconds, Stopping threads took: 0.0000102 seconds
[104.986s][info ][safepoint    ] Application time: 1.0000895 seconds
[104.987s][info ][safepoint    ] Entering safepoint region: Cleanup
[104.987s][info ][safepoint    ] Leaving safepoint region
[104.987s][info ][safepoint    ] Total time for which application threads were stopped: 0.0000881 seconds, Stopping threads took: 0.0000163 seconds
[105.987s][info ][safepoint    ] Application time: 1.0000681 seconds
[105.987s][info ][safepoint    ] Entering safepoint region: Cleanup
[105.987s][info ][safepoint    ] Leaving safepoint region
[105.987s][info ][safepoint    ] Total time for which application threads were stopped: 0.0001309 seconds, Stopping threads took: 0.0000685 seconds
[106.987s][info ][safepoint    ] Application time: 1.0000906 seconds
[106.987s][info ][safepoint    ] Entering safepoint region: Cleanup
[106.987s][info ][safepoint    ] Leaving safepoint region
[106.987s][info ][safepoint    ] Total time for which application threads were stopped: 0.0000959 seconds, Stopping threads took: 0.0000187 seconds
[107.987s][info ][safepoint    ] Application time: 1.0000862 seconds
[107.987s][info ][safepoint    ] Entering safepoint region: Cleanup
[107.987s][info ][safepoint    ] Leaving safepoint region
[107.987s][info ][safepoint    ] Total time for which application threads were stopped: 0.0001743 seconds, Stopping threads took: 0.0000526 seconds
[109.988s][info ][safepoint    ] Application time: 2.0001467 seconds
[109.988s][info ][safepoint    ] Entering safepoint region: Cleanup
[109.988s][info ][safepoint    ] Leaving safepoint region
[109.988s][info ][safepoint    ] Total time for which application threads were stopped: 0.0000827 seconds, Stopping threads took: 0.0000158 seconds
[111.988s][info ][safepoint    ] Application time: 2.0001439 seconds
[111.988s][info ][safepoint    ] Entering safepoint region: Cleanup
[111.988s][info ][safepoint    ] Leaving safepoint region
[111.988s][info ][safepoint    ] Total time for which application threads were stopped: 0.0001776 seconds, Stopping threads took: 0.0000453 seconds
[113.988s][info ][safepoint    ] Application time: 2.0001264 seconds
[113.988s][info ][safepoint    ] Entering safepoint region: Cleanup
[113.988s][info ][safepoint    ] Leaving safepoint region
[113.988s][info ][safepoint    ] Total time for which application threads were stopped: 0.0000810 seconds, Stopping threads took: 0.0000163 seconds
[115.989s][info ][safepoint    ] Application time: 2.0001890 seconds
[115.989s][info ][safepoint    ] Entering safepoint region: Cleanup
[115.989s][info ][safepoint    ] Leaving safepoint region
[115.989s][info ][safepoint    ] Total time for which application threads were stopped: 0.0000786 seconds, Stopping threads took: 0.0000179 seconds
[116.989s][info ][safepoint    ] Application time: 1.0000422 seconds
[116.989s][info ][safepoint    ] Entering safepoint region: Cleanup
[116.989s][info ][safepoint    ] Leaving safepoint region
[116.989s][info ][safepoint    ] Total time for which application threads were stopped: 0.0001086 seconds, Stopping threads took: 0.0000177 seconds
[118.990s][info ][safepoint    ] Application time: 2.0012003 seconds
[118.990s][info ][safepoint    ] Entering safepoint region: Cleanup
[118.990s][info ][safepoint    ] Leaving safepoint region
[118.990s][info ][safepoint    ] Total time for which application threads were stopped: 0.0001133 seconds, Stopping threads took: 0.0000192 seconds
[122.991s][info ][safepoint    ] Application time: 4.0002908 seconds
[122.991s][info ][safepoint    ] Entering safepoint region: Cleanup
[122.991s][info ][safepoint    ] Leaving safepoint region
[122.991s][info ][safepoint    ] Total time for which application threads were stopped: 0.0000917 seconds, Stopping threads took: 0.0000307 seconds
[123.991s][info ][safepoint    ] Application time: 1.0000743 seconds
[123.991s][info ][safepoint    ] Entering safepoint region: Cleanup
[123.991s][info ][safepoint    ] Leaving safepoint region
[123.991s][info ][safepoint    ] Total time for which application threads were stopped: 0.0000785 seconds, Stopping threads took: 0.0000160 seconds
[124.991s][info ][safepoint    ] Application time: 1.0000880 seconds
[124.991s][info ][safepoint    ] Entering safepoint region: Cleanup
[124.991s][info ][safepoint    ] Leaving safepoint region
[124.991s][info ][safepoint    ] Total time for which application threads were stopped: 0.0000830 seconds, Stopping threads took: 0.0000177 seconds
[125.991s][info ][safepoint    ] Application time: 1.0000676 seconds
[125.991s][info ][safepoint    ] Entering safepoint region: Cleanup
[125.991s][info ][safepoint    ] Leaving safepoint region
[125.991s][info ][safepoint    ] Total time for which application threads were stopped: 0.0000823 seconds, Stopping threads took: 0.0000187 seconds
[126.991s][info ][safepoint    ] Application time: 1.0000924 seconds
[126.991s][info ][safepoint    ] Entering safepoint region: Cleanup
[126.991s][info ][safepoint    ] Leaving safepoint region
[126.991s][info ][safepoint    ] Total time for which application threads were stopped: 0.0000765 seconds, Stopping threads took: 0.0000168 seconds
[131.992s][info ][safepoint    ] Application time: 5.0003486 seconds
[131.992s][info ][safepoint    ] Entering safepoint region: Cleanup
[131.992s][info ][safepoint    ] Leaving safepoint region
[131.992s][info ][safepoint    ] Total time for which application threads were stopped: 0.0000952 seconds, Stopping threads took: 0.0000182 seconds
[132.992s][info ][safepoint    ] Application time: 1.0000890 seconds
[132.992s][info ][safepoint    ] Entering safepoint region: Cleanup
[132.992s][info ][safepoint    ] Leaving safepoint region
[132.992s][info ][safepoint    ] Total time for which application threads were stopped: 0.0001156 seconds, Stopping threads took: 0.0000448 seconds
[133.992s][info ][safepoint    ] Application time: 1.0000855 seconds
[133.992s][info ][safepoint    ] Entering safepoint region: Cleanup
[133.992s][info ][safepoint    ] Leaving safepoint region
[133.992s][info ][safepoint    ] Total time for which application threads were stopped: 0.0001240 seconds, Stopping threads took: 0.0000430 seconds
[135.993s][info ][safepoint    ] Application time: 2.0001870 seconds
[135.993s][info ][safepoint    ] Entering safepoint region: Cleanup
[135.993s][info ][safepoint    ] Leaving safepoint region
[135.993s][info ][safepoint    ] Total time for which application threads were stopped: 0.0001559 seconds, Stopping threads took: 0.0000430 seconds
[138.492s][info ][safepoint    ] Application time: 2.4995206 seconds
[138.492s][info ][safepoint    ] Entering safepoint region: GenCollectForAllocation
[138.493s][info ][gc,start     ] GC(94) Pause Young (Allocation Failure)
[138.493s][info ][gc,task      ] GC(94) Using 4 workers of 4 for evacuation
[138.507s][debug][gc,ref       ] GC(94) Skipped phase1 of Reference Processing due to unavailable references
[138.507s][debug][gc,ref       ] GC(94) Skipped phase3 of Reference Processing due to unavailable references
[138.507s][debug][gc,age       ] GC(94) Desired survivor size 15400960 bytes, new threshold 6 (max threshold 6)
[138.507s][info ][gc,heap      ] GC(94) ParNew: 270020K->4817K(270976K)
[138.507s][info ][gc,heap      ] GC(94) CMS: 172139K->195363K(602112K)
[138.507s][info ][gc,metaspace ] GC(94) Metaspace: 52417K->52417K(1097728K)
[138.507s][info ][gc           ] GC(94) Pause Young (Allocation Failure) 431M->195M(852M) 14.252ms
[138.507s][info ][gc,cpu       ] GC(94) User=0.04s Sys=0.01s Real=0.02s
[138.507s][info ][safepoint    ] Leaving safepoint region
[138.507s][info ][safepoint    ] Total time for which application threads were stopped: 0.0144141 seconds, Stopping threads took: 0.0000175 seconds
[139.507s][info ][safepoint    ] Application time: 1.0000905 seconds
[139.507s][info ][safepoint    ] Entering safepoint region: Cleanup
[139.507s][info ][safepoint    ] Leaving safepoint region
[139.507s][info ][safepoint    ] Total time for which application threads were stopped: 0.0000889 seconds, Stopping threads took: 0.0000165 seconds
[140.354s][info ][safepoint    ] Application time: 0.8472131 seconds
[140.354s][info ][safepoint    ] Entering safepoint region: Deoptimize
[140.359s][info ][safepoint    ] Leaving safepoint region
[140.359s][info ][safepoint    ] Total time for which application threads were stopped: 0.0046778 seconds, Stopping threads took: 0.0000136 seconds
[141.359s][info ][safepoint    ] Application time: 1.0001004 seconds
[141.359s][info ][safepoint    ] Entering safepoint region: Cleanup
[141.359s][info ][safepoint    ] Leaving safepoint region
[141.359s][info ][safepoint    ] Total time for which application threads were stopped: 0.0001696 seconds, Stopping threads took: 0.0000173 seconds
[142.359s][info ][safepoint    ] Application time: 1.0000967 seconds
[142.359s][info ][safepoint    ] Entering safepoint region: Cleanup
[142.360s][info ][safepoint    ] Leaving safepoint region
[142.360s][info ][safepoint    ] Total time for which application threads were stopped: 0.0001110 seconds, Stopping threads took: 0.0000154 seconds
[143.360s][info ][safepoint    ] Application time: 1.0001107 seconds
[143.360s][info ][safepoint    ] Entering safepoint region: Cleanup
[143.360s][info ][safepoint    ] Leaving safepoint region
[143.360s][info ][safepoint    ] Total time for which application threads were stopped: 0.0000907 seconds, Stopping threads took: 0.0000164 seconds
[144.360s][info ][safepoint    ] Application time: 1.0001207 seconds
[144.360s][info ][safepoint    ] Entering safepoint region: Cleanup
[144.360s][info ][safepoint    ] Leaving safepoint region
[144.360s][info ][safepoint    ] Total time for which application threads were stopped: 0.0000994 seconds, Stopping threads took: 0.0000179 seconds
[145.360s][info ][safepoint    ] Application time: 1.0001147 seconds
[145.360s][info ][safepoint    ] Entering safepoint region: Cleanup
[145.360s][info ][safepoint    ] Leaving safepoint region
[145.360s][info ][safepoint    ] Total time for which application threads were stopped: 0.0000756 seconds, Stopping threads took: 0.0000171 seconds
[147.361s][info ][safepoint    ] Application time: 2.0002410 seconds
[147.361s][info ][safepoint    ] Entering safepoint region: Cleanup
[147.361s][info ][safepoint    ] Leaving safepoint region
[147.361s][info ][safepoint    ] Total time for which application threads were stopped: 0.0000815 seconds, Stopping threads took: 0.0000184 seconds
[149.314s][info ][safepoint    ] Application time: 1.9532460 seconds
[149.314s][info ][safepoint    ] Entering safepoint region: RevokeBias
[149.314s][info ][safepoint    ] Leaving safepoint region
[149.314s][info ][safepoint    ] Total time for which application threads were stopped: 0.0000970 seconds, Stopping threads took: 0.0000159 seconds
[149.315s][info ][safepoint    ] Application time: 0.0004355 seconds
[149.315s][info ][safepoint    ] Entering safepoint region: RevokeBias
[149.315s][info ][safepoint    ] Leaving safepoint region
[149.315s][info ][safepoint    ] Total time for which application threads were stopped: 0.0000570 seconds, Stopping threads took: 0.0000120 seconds
[149.506s][info ][safepoint    ] Application time: 0.1918107 seconds
[149.506s][info ][safepoint    ] Entering safepoint region: RevokeBias
[149.507s][info ][safepoint    ] Leaving safepoint region
[149.507s][info ][safepoint    ] Total time for which application threads were stopped: 0.0001150 seconds, Stopping threads took: 0.0000150 seconds
[150.507s][info ][safepoint    ] Application time: 1.0001071 seconds
[150.507s][info ][safepoint    ] Entering safepoint region: Cleanup
[150.507s][info ][safepoint    ] Leaving safepoint region
[150.507s][info ][safepoint    ] Total time for which application threads were stopped: 0.0000738 seconds, Stopping threads took: 0.0000169 seconds
[150.692s][info ][safepoint    ] Application time: 0.1850436 seconds
[150.692s][info ][safepoint    ] Entering safepoint region: RevokeBias
[150.692s][info ][safepoint    ] Leaving safepoint region
[150.692s][info ][safepoint    ] Total time for which application threads were stopped: 0.0000783 seconds, Stopping threads took: 0.0000170 seconds
[150.694s][info ][safepoint    ] Application time: 0.0021353 seconds
[150.694s][info ][safepoint    ] Entering safepoint region: RevokeBias
[150.694s][info ][safepoint    ] Leaving safepoint region
[150.694s][info ][safepoint    ] Total time for which application threads were stopped: 0.0000747 seconds, Stopping threads took: 0.0000373 seconds
[150.694s][info ][safepoint    ] Application time: 0.0000647 seconds
[150.694s][info ][safepoint    ] Entering safepoint region: RevokeBias
[150.694s][info ][safepoint    ] Leaving safepoint region
[150.694s][info ][safepoint    ] Total time for which application threads were stopped: 0.0000284 seconds, Stopping threads took: 0.0000073 seconds
[150.694s][info ][safepoint    ] Application time: 0.0000553 seconds
[150.694s][info ][safepoint    ] Entering safepoint region: RevokeBias
[150.694s][info ][safepoint    ] Leaving safepoint region
[150.694s][info ][safepoint    ] Total time for which application threads were stopped: 0.0000262 seconds, Stopping threads took: 0.0000064 seconds
[150.694s][info ][safepoint    ] Application time: 0.0000448 seconds
[150.694s][info ][safepoint    ] Entering safepoint region: RevokeBias
[150.694s][info ][safepoint    ] Leaving safepoint region
[150.695s][info ][safepoint    ] Total time for which application threads were stopped: 0.0000264 seconds, Stopping threads took: 0.0000066 seconds
[150.695s][info ][safepoint    ] Application time: 0.0000502 seconds
[150.695s][info ][safepoint    ] Entering safepoint region: RevokeBias
[150.695s][info ][safepoint    ] Leaving safepoint region
[150.695s][info ][safepoint    ] Total time for which application threads were stopped: 0.0000260 seconds, Stopping threads took: 0.0000064 seconds
[150.695s][info ][safepoint    ] Application time: 0.0000715 seconds
[150.695s][info ][safepoint    ] Entering safepoint region: RevokeBias
[150.695s][info ][safepoint    ] Leaving safepoint region
[150.695s][info ][safepoint    ] Total time for which application threads were stopped: 0.0000261 seconds, Stopping threads took: 0.0000064 seconds
[150.695s][info ][safepoint    ] Application time: 0.0000569 seconds
[150.695s][info ][safepoint    ] Entering safepoint region: RevokeBias
[150.695s][info ][safepoint    ] Leaving safepoint region
[150.695s][info ][safepoint    ] Total time for which application threads were stopped: 0.0000267 seconds, Stopping threads took: 0.0000061 seconds
[150.695s][info ][safepoint    ] Application time: 0.0000627 seconds
[150.695s][info ][safepoint    ] Entering safepoint region: RevokeBias
[150.695s][info ][safepoint    ] Leaving safepoint region
[150.695s][info ][safepoint    ] Total time for which application threads were stopped: 0.0000453 seconds, Stopping threads took: 0.0000109 seconds
[150.695s][info ][safepoint    ] Application time: 0.0000485 seconds
[150.695s][info ][safepoint    ] Entering safepoint region: RevokeBias
[150.695s][info ][safepoint    ] Leaving safepoint region
[150.695s][info ][safepoint    ] Total time for which application threads were stopped: 0.0000291 seconds, Stopping threads took: 0.0000074 seconds
[150.695s][info ][safepoint    ] Application time: 0.0001015 seconds
[150.695s][info ][safepoint    ] Entering safepoint region: RevokeBias
[150.695s][info ][safepoint    ] Leaving safepoint region
[150.695s][info ][safepoint    ] Total time for which application threads were stopped: 0.0000346 seconds, Stopping threads took: 0.0000082 seconds
[150.696s][info ][safepoint    ] Application time: 0.0000670 seconds
[150.696s][info ][safepoint    ] Entering safepoint region: RevokeBias
[150.696s][info ][safepoint    ] Leaving safepoint region
[150.696s][info ][safepoint    ] Total time for which application threads were stopped: 0.0000426 seconds, Stopping threads took: 0.0000107 seconds
[150.696s][info ][safepoint    ] Application time: 0.0000743 seconds
[150.696s][info ][safepoint    ] Entering safepoint region: RevokeBias
[150.696s][info ][safepoint    ] Leaving safepoint region
[150.696s][info ][safepoint    ] Total time for which application threads were stopped: 0.0000293 seconds, Stopping threads took: 0.0000067 seconds
[150.696s][info ][safepoint    ] Application time: 0.0000655 seconds
[150.696s][info ][safepoint    ] Entering safepoint region: RevokeBias
[150.696s][info ][safepoint    ] Leaving safepoint region
[150.696s][info ][safepoint    ] Total time for which application threads were stopped: 0.0000285 seconds, Stopping threads took: 0.0000066 seconds
[150.696s][info ][safepoint    ] Application time: 0.0000464 seconds
[150.696s][info ][safepoint    ] Entering safepoint region: RevokeBias
[150.696s][info ][safepoint    ] Leaving safepoint region
[150.696s][info ][safepoint    ] Total time for which application threads were stopped: 0.0000279 seconds, Stopping threads took: 0.0000064 seconds
[150.696s][info ][safepoint    ] Application time: 0.0000487 seconds
[150.696s][info ][safepoint    ] Entering safepoint region: RevokeBias
[150.696s][info ][safepoint    ] Leaving safepoint region
[150.696s][info ][safepoint    ] Total time for which application threads were stopped: 0.0000282 seconds, Stopping threads took: 0.0000066 seconds
[150.696s][info ][safepoint    ] Application time: 0.0000437 seconds
[150.696s][info ][safepoint    ] Entering safepoint region: RevokeBias
[150.696s][info ][safepoint    ] Leaving safepoint region
[150.696s][info ][safepoint    ] Total time for which application threads were stopped: 0.0000272 seconds, Stopping threads took: 0.0000063 seconds
[150.696s][info ][safepoint    ] Application time: 0.0000437 seconds
[150.696s][info ][safepoint    ] Entering safepoint region: RevokeBias
[150.696s][info ][safepoint    ] Leaving safepoint region
[150.696s][info ][safepoint    ] Total time for which application threads were stopped: 0.0000279 seconds, Stopping threads took: 0.0000066 seconds
[150.696s][info ][safepoint    ] Application time: 0.0000739 seconds
[150.696s][info ][safepoint    ] Entering safepoint region: RevokeBias
[150.696s][info ][safepoint    ] Leaving safepoint region
[150.696s][info ][safepoint    ] Total time for which application threads were stopped: 0.0000789 seconds, Stopping threads took: 0.0000500 seconds
[150.696s][info ][safepoint    ] Application time: 0.0000688 seconds
[150.696s][info ][safepoint    ] Entering safepoint region: RevokeBias
[150.696s][info ][safepoint    ] Leaving safepoint region
[150.696s][info ][safepoint    ] Total time for which application threads were stopped: 0.0000355 seconds, Stopping threads took: 0.0000086 seconds
[150.696s][info ][safepoint    ] Application time: 0.0000666 seconds
[150.697s][info ][safepoint    ] Entering safepoint region: BulkRevokeBias
[150.697s][info ][safepoint    ] Leaving safepoint region
[150.697s][info ][safepoint    ] Total time for which application threads were stopped: 0.0003725 seconds, Stopping threads took: 0.0000069 seconds
[150.709s][info ][safepoint    ] Application time: 0.0123829 seconds
[150.709s][info ][safepoint    ] Entering safepoint region: RevokeBias
[150.709s][info ][safepoint    ] Leaving safepoint region
[150.709s][info ][safepoint    ] Total time for which application threads were stopped: 0.0001654 seconds, Stopping threads took: 0.0000619 seconds
[150.916s][info ][safepoint    ] Application time: 0.2060957 seconds
[150.916s][info ][safepoint    ] Entering safepoint region: RevokeBias
[150.916s][info ][safepoint    ] Leaving safepoint region
[150.916s][info ][safepoint    ] Total time for which application threads were stopped: 0.0002749 seconds, Stopping threads took: 0.0000157 seconds
[150.943s][info ][safepoint    ] Application time: 0.0274683 seconds
[150.943s][info ][safepoint    ] Entering safepoint region: RevokeBias
[150.943s][info ][safepoint    ] Leaving safepoint region
[150.943s][info ][safepoint    ] Total time for which application threads were stopped: 0.0000911 seconds, Stopping threads took: 0.0000162 seconds
[151.944s][info ][safepoint    ] Application time: 1.0001187 seconds
[151.944s][info ][safepoint    ] Entering safepoint region: Cleanup
[151.944s][info ][safepoint    ] Leaving safepoint region
[151.944s][info ][safepoint    ] Total time for which application threads were stopped: 0.0001268 seconds, Stopping threads took: 0.0000166 seconds
[152.944s][info ][safepoint    ] Application time: 1.0001147 seconds
[152.944s][info ][safepoint    ] Entering safepoint region: Cleanup
[152.944s][info ][safepoint    ] Leaving safepoint region
[152.944s][info ][safepoint    ] Total time for which application threads were stopped: 0.0001300 seconds, Stopping threads took: 0.0000417 seconds
[153.944s][info ][safepoint    ] Application time: 1.0000913 seconds
[153.944s][info ][safepoint    ] Entering safepoint region: Cleanup
[153.944s][info ][safepoint    ] Leaving safepoint region
[153.944s][info ][safepoint    ] Total time for which application threads were stopped: 0.0001991 seconds, Stopping threads took: 0.0000415 seconds
[154.944s][info ][safepoint    ] Application time: 1.0001191 seconds
[154.945s][info ][safepoint    ] Entering safepoint region: Cleanup
[154.945s][info ][safepoint    ] Leaving safepoint region
[154.945s][info ][safepoint    ] Total time for which application threads were stopped: 0.0001423 seconds, Stopping threads took: 0.0000171 seconds
[155.915s][info ][safepoint    ] Application time: 0.9701573 seconds
[155.915s][info ][safepoint    ] Entering safepoint region: RevokeBias
[155.915s][info ][safepoint    ] Leaving safepoint region
[155.915s][info ][safepoint    ] Total time for which application threads were stopped: 0.0000847 seconds, Stopping threads took: 0.0000176 seconds
[155.915s][info ][safepoint    ] Application time: 0.0000651 seconds
[155.915s][info ][safepoint    ] Entering safepoint region: RevokeBias
[155.915s][info ][safepoint    ] Leaving safepoint region
[155.915s][info ][safepoint    ] Total time for which application threads were stopped: 0.0000274 seconds, Stopping threads took: 0.0000066 seconds
[155.915s][info ][safepoint    ] Application time: 0.0003313 seconds
[155.915s][info ][safepoint    ] Entering safepoint region: RevokeBias
[155.915s][info ][safepoint    ] Leaving safepoint region
[155.915s][info ][safepoint    ] Total time for which application threads were stopped: 0.0000585 seconds, Stopping threads took: 0.0000105 seconds
[155.916s][info ][safepoint    ] Application time: 0.0000442 seconds
[155.916s][info ][safepoint    ] Entering safepoint region: RevokeBias
[155.916s][info ][safepoint    ] Leaving safepoint region
[155.916s][info ][safepoint    ] Total time for which application threads were stopped: 0.0000283 seconds, Stopping threads took: 0.0000070 seconds
[155.916s][info ][safepoint    ] Application time: 0.0000707 seconds
[155.916s][info ][safepoint    ] Entering safepoint region: RevokeBias
[155.916s][info ][safepoint    ] Leaving safepoint region
[155.916s][info ][safepoint    ] Total time for which application threads were stopped: 0.0001506 seconds, Stopping threads took: 0.0000113 seconds
[155.916s][info ][safepoint    ] Application time: 0.0002047 seconds
[155.916s][info ][safepoint    ] Entering safepoint region: RevokeBias
[155.916s][info ][safepoint    ] Leaving safepoint region
[155.916s][info ][safepoint    ] Total time for which application threads were stopped: 0.0000373 seconds, Stopping threads took: 0.0000088 seconds
[156.916s][info ][safepoint    ] Application time: 1.0001125 seconds
[156.916s][info ][safepoint    ] Entering safepoint region: Cleanup
[156.916s][info ][safepoint    ] Leaving safepoint region
[156.916s][info ][safepoint    ] Total time for which application threads were stopped: 0.0000724 seconds, Stopping threads took: 0.0000175 seconds
[157.916s][info ][safepoint    ] Application time: 1.0000977 seconds
[157.916s][info ][safepoint    ] Entering safepoint region: Cleanup
[157.917s][info ][safepoint    ] Leaving safepoint region
[157.917s][info ][safepoint    ] Total time for which application threads were stopped: 0.0001043 seconds, Stopping threads took: 0.0000443 seconds
[158.333s][info ][safepoint    ] Application time: 0.4163672 seconds
[158.333s][info ][safepoint    ] Entering safepoint region: RevokeBias
[158.333s][info ][safepoint    ] Leaving safepoint region
[158.333s][info ][safepoint    ] Total time for which application threads were stopped: 0.0000934 seconds, Stopping threads took: 0.0000162 seconds
[158.333s][info ][safepoint    ] Application time: 0.0002757 seconds
[158.333s][info ][safepoint    ] Entering safepoint region: RevokeBias
[158.333s][info ][safepoint    ] Leaving safepoint region
[158.333s][info ][safepoint    ] Total time for which application threads were stopped: 0.0000358 seconds, Stopping threads took: 0.0000072 seconds
[158.391s][info ][safepoint    ] Application time: 0.0576742 seconds
[158.391s][info ][safepoint    ] Entering safepoint region: RevokeBias
[158.391s][info ][safepoint    ] Leaving safepoint region
[158.391s][info ][safepoint    ] Total time for which application threads were stopped: 0.0000959 seconds, Stopping threads took: 0.0000168 seconds
[158.645s][info ][safepoint    ] Application time: 0.2542373 seconds
[158.645s][info ][safepoint    ] Entering safepoint region: RevokeBias
[158.646s][info ][safepoint    ] Leaving safepoint region
[158.646s][info ][safepoint    ] Total time for which application threads were stopped: 0.0000903 seconds, Stopping threads took: 0.0000159 seconds
[158.648s][info ][safepoint    ] Application time: 0.0026322 seconds
[158.648s][info ][safepoint    ] Entering safepoint region: RevokeBias
[158.648s][info ][safepoint    ] Leaving safepoint region
[158.648s][info ][safepoint    ] Total time for which application threads were stopped: 0.0000504 seconds, Stopping threads took: 0.0000112 seconds
[158.648s][info ][safepoint    ] Application time: 0.0000734 seconds
[158.648s][info ][safepoint    ] Entering safepoint region: RevokeBias
[158.648s][info ][safepoint    ] Leaving safepoint region
[158.648s][info ][safepoint    ] Total time for which application threads were stopped: 0.0000529 seconds, Stopping threads took: 0.0000291 seconds
[158.648s][info ][safepoint    ] Application time: 0.0000554 seconds
[158.648s][info ][safepoint    ] Entering safepoint region: RevokeBias
[158.649s][info ][safepoint    ] Leaving safepoint region
[158.649s][info ][safepoint    ] Total time for which application threads were stopped: 0.0000857 seconds, Stopping threads took: 0.0000597 seconds
[158.649s][info ][safepoint    ] Application time: 0.0000856 seconds
[158.649s][info ][safepoint    ] Entering safepoint region: RevokeBias
[158.649s][info ][safepoint    ] Leaving safepoint region
[158.649s][info ][safepoint    ] Total time for which application threads were stopped: 0.0001118 seconds, Stopping threads took: 0.0000847 seconds
[158.650s][info ][safepoint    ] Application time: 0.0011549 seconds
[158.650s][info ][safepoint    ] Entering safepoint region: RevokeBias
[158.650s][info ][safepoint    ] Leaving safepoint region
[158.650s][info ][safepoint    ] Total time for which application threads were stopped: 0.0000372 seconds, Stopping threads took: 0.0000092 seconds
[158.650s][info ][safepoint    ] Application time: 0.0000581 seconds
[158.650s][info ][safepoint    ] Entering safepoint region: RevokeBias
[158.650s][info ][safepoint    ] Leaving safepoint region
[158.650s][info ][safepoint    ] Total time for which application threads were stopped: 0.0000283 seconds, Stopping threads took: 0.0000068 seconds
[158.650s][info ][safepoint    ] Application time: 0.0001907 seconds
[158.650s][info ][safepoint    ] Entering safepoint region: RevokeBias
[158.650s][info ][safepoint    ] Leaving safepoint region
[158.650s][info ][safepoint    ] Total time for which application threads were stopped: 0.0000365 seconds, Stopping threads took: 0.0000081 seconds
[158.650s][info ][safepoint    ] Application time: 0.0000447 seconds
[158.650s][info ][safepoint    ] Entering safepoint region: RevokeBias
[158.650s][info ][safepoint    ] Leaving safepoint region
[158.650s][info ][safepoint    ] Total time for which application threads were stopped: 0.0000274 seconds, Stopping threads took: 0.0000064 seconds
[158.650s][info ][safepoint    ] Application time: 0.0000680 seconds
[158.650s][info ][safepoint    ] Entering safepoint region: RevokeBias
[158.650s][info ][safepoint    ] Leaving safepoint region
[158.650s][info ][safepoint    ] Total time for which application threads were stopped: 0.0000272 seconds, Stopping threads took: 0.0000063 seconds
[158.651s][info ][safepoint    ] Application time: 0.0001186 seconds
[158.651s][info ][safepoint    ] Entering safepoint region: RevokeBias
[158.651s][info ][safepoint    ] Leaving safepoint region
[158.651s][info ][safepoint    ] Total time for which application threads were stopped: 0.0000306 seconds, Stopping threads took: 0.0000072 seconds
[158.651s][info ][safepoint    ] Application time: 0.0000472 seconds
[158.651s][info ][safepoint    ] Entering safepoint region: RevokeBias
[158.651s][info ][safepoint    ] Leaving safepoint region
[158.651s][info ][safepoint    ] Total time for which application threads were stopped: 0.0000274 seconds, Stopping threads took: 0.0000064 seconds
[158.651s][info ][safepoint    ] Application time: 0.0000474 seconds
[158.651s][info ][safepoint    ] Entering safepoint region: RevokeBias
[158.651s][info ][safepoint    ] Leaving safepoint region
[158.651s][info ][safepoint    ] Total time for which application threads were stopped: 0.0000268 seconds, Stopping threads took: 0.0000061 seconds
[158.651s][info ][safepoint    ] Application time: 0.0000417 seconds
[158.651s][info ][safepoint    ] Entering safepoint region: RevokeBias
[158.651s][info ][safepoint    ] Leaving safepoint region
[158.651s][info ][safepoint    ] Total time for which application threads were stopped: 0.0000588 seconds, Stopping threads took: 0.0000348 seconds
[158.651s][info ][safepoint    ] Application time: 0.0000514 seconds
[158.651s][info ][safepoint    ] Entering safepoint region: RevokeBias
[158.651s][info ][safepoint    ] Leaving safepoint region
[158.651s][info ][safepoint    ] Total time for which application threads were stopped: 0.0001087 seconds, Stopping threads took: 0.0000855 seconds
[158.651s][info ][safepoint    ] Application time: 0.0000944 seconds
[158.651s][info ][safepoint    ] Entering safepoint region: RevokeBias
[158.651s][info ][safepoint    ] Leaving safepoint region
[158.651s][info ][safepoint    ] Total time for which application threads were stopped: 0.0000465 seconds, Stopping threads took: 0.0000238 seconds
[158.651s][info ][safepoint    ] Application time: 0.0000493 seconds
[158.651s][info ][safepoint    ] Entering safepoint region: RevokeBias
[158.651s][info ][safepoint    ] Leaving safepoint region
[158.651s][info ][safepoint    ] Total time for which application threads were stopped: 0.0000429 seconds, Stopping threads took: 0.0000213 seconds
[158.651s][info ][safepoint    ] Application time: 0.0000818 seconds
[158.651s][info ][safepoint    ] Entering safepoint region: RevokeBias
[158.651s][info ][safepoint    ] Leaving safepoint region
[158.651s][info ][safepoint    ] Total time for which application threads were stopped: 0.0000297 seconds, Stopping threads took: 0.0000073 seconds
[158.652s][info ][safepoint    ] Application time: 0.0000551 seconds
[158.652s][info ][safepoint    ] Entering safepoint region: RevokeBias
[158.652s][info ][safepoint    ] Leaving safepoint region
[158.652s][info ][safepoint    ] Total time for which application threads were stopped: 0.0000650 seconds, Stopping threads took: 0.0000433 seconds
[158.652s][info ][safepoint    ] Application time: 0.0000678 seconds
[158.652s][info ][safepoint    ] Entering safepoint region: RevokeBias
[158.652s][info ][safepoint    ] Leaving safepoint region
[158.652s][info ][safepoint    ] Total time for which application threads were stopped: 0.0000497 seconds, Stopping threads took: 0.0000246 seconds
[158.652s][info ][safepoint    ] Application time: 0.0000883 seconds
[158.652s][info ][safepoint    ] Entering safepoint region: BulkRevokeBias
[158.652s][info ][safepoint    ] Leaving safepoint region
[158.652s][info ][safepoint    ] Total time for which application threads were stopped: 0.0001645 seconds, Stopping threads took: 0.0000064 seconds
[158.667s][info ][safepoint    ] Application time: 0.0152614 seconds
[158.667s][info ][safepoint    ] Entering safepoint region: RevokeBias
[158.667s][info ][safepoint    ] Leaving safepoint region
[158.667s][info ][safepoint    ] Total time for which application threads were stopped: 0.0002012 seconds, Stopping threads took: 0.0000636 seconds
[158.757s][info ][safepoint    ] Application time: 0.0894433 seconds
[158.757s][info ][safepoint    ] Entering safepoint region: RevokeBias
[158.757s][info ][safepoint    ] Leaving safepoint region
[158.757s][info ][safepoint    ] Total time for which application threads were stopped: 0.0000876 seconds, Stopping threads took: 0.0000168 seconds
[158.793s][info ][safepoint    ] Application time: 0.0359114 seconds
[158.793s][info ][safepoint    ] Entering safepoint region: RevokeBias
[158.793s][info ][safepoint    ] Leaving safepoint region
[158.793s][info ][safepoint    ] Total time for which application threads were stopped: 0.0001116 seconds, Stopping threads took: 0.0000302 seconds
[158.867s][info ][safepoint    ] Application time: 0.0735932 seconds
[158.867s][info ][safepoint    ] Entering safepoint region: GenCollectForAllocation
[158.867s][info ][gc,start     ] GC(95) Pause Young (Allocation Failure)
[158.867s][info ][gc,task      ] GC(95) Using 4 workers of 4 for evacuation
[158.875s][debug][gc,ref       ] GC(95) Skipped phase1 of Reference Processing due to unavailable references
[158.875s][debug][gc,age       ] GC(95) Desired survivor size 15400960 bytes, new threshold 1 (max threshold 6)
[158.875s][info ][gc,heap      ] GC(95) ParNew: 245713K->25925K(270976K)
[158.875s][info ][gc,heap      ] GC(95) CMS: 195363K->195363K(602112K)
[158.875s][info ][gc,metaspace ] GC(95) Metaspace: 52656K->52656K(1097728K)
[158.875s][info ][gc           ] GC(95) Pause Young (Allocation Failure) 430M->216M(852M) 7.925ms
[158.875s][info ][gc,cpu       ] GC(95) User=0.03s Sys=0.00s Real=0.01s
[158.875s][info ][safepoint    ] Leaving safepoint region
[158.875s][info ][safepoint    ] Total time for which application threads were stopped: 0.0083054 seconds, Stopping threads took: 0.0001158 seconds
[159.875s][info ][safepoint    ] Application time: 1.0000908 seconds
[159.875s][info ][safepoint    ] Entering safepoint region: Cleanup
[159.875s][info ][safepoint    ] Leaving safepoint region
[159.875s][info ][safepoint    ] Total time for which application threads were stopped: 0.0001003 seconds, Stopping threads took: 0.0000188 seconds
[160.875s][info ][safepoint    ] Application time: 1.0000874 seconds
[160.875s][info ][safepoint    ] Entering safepoint region: Cleanup
[160.876s][info ][safepoint    ] Leaving safepoint region
[160.876s][info ][safepoint    ] Total time for which application threads were stopped: 0.0000739 seconds, Stopping threads took: 0.0000177 seconds
[161.876s][info ][safepoint    ] Application time: 1.0001111 seconds
[161.876s][info ][safepoint    ] Entering safepoint region: Cleanup
[161.876s][info ][safepoint    ] Leaving safepoint region
[161.876s][info ][safepoint    ] Total time for which application threads were stopped: 0.0000831 seconds, Stopping threads took: 0.0000175 seconds
[162.876s][info ][safepoint    ] Application time: 1.0000906 seconds
[162.876s][info ][safepoint    ] Entering safepoint region: Cleanup
[162.876s][info ][safepoint    ] Leaving safepoint region
[162.876s][info ][safepoint    ] Total time for which application threads were stopped: 0.0001667 seconds, Stopping threads took: 0.0000472 seconds
[163.756s][info ][safepoint    ] Application time: 0.8803248 seconds
[163.756s][info ][safepoint    ] Entering safepoint region: RevokeBias
[163.757s][info ][safepoint    ] Leaving safepoint region
[163.757s][info ][safepoint    ] Total time for which application threads were stopped: 0.0001062 seconds, Stopping threads took: 0.0000164 seconds
[164.757s][info ][safepoint    ] Application time: 1.0000909 seconds
[164.757s][info ][safepoint    ] Entering safepoint region: Cleanup
[164.757s][info ][safepoint    ] Leaving safepoint region
[164.757s][info ][safepoint    ] Total time for which application threads were stopped: 0.0001059 seconds, Stopping threads took: 0.0000175 seconds
[165.757s][info ][safepoint    ] Application time: 1.0001135 seconds
[165.757s][info ][safepoint    ] Entering safepoint region: Cleanup
[165.757s][info ][safepoint    ] Leaving safepoint region
[165.757s][info ][safepoint    ] Total time for which application threads were stopped: 0.0001249 seconds, Stopping threads took: 0.0000327 seconds
[166.757s][info ][safepoint    ] Application time: 1.0001142 seconds
[166.757s][info ][safepoint    ] Entering safepoint region: Cleanup
[166.757s][info ][safepoint    ] Leaving safepoint region
[166.757s][info ][safepoint    ] Total time for which application threads were stopped: 0.0000917 seconds, Stopping threads took: 0.0000179 seconds
[167.757s][info ][safepoint    ] Application time: 1.0001189 seconds
[167.758s][info ][safepoint    ] Entering safepoint region: Cleanup
[167.758s][info ][safepoint    ] Leaving safepoint region
[167.758s][info ][safepoint    ] Total time for which application threads were stopped: 0.0000872 seconds, Stopping threads took: 0.0000182 seconds
[168.757s][info ][safepoint    ] Application time: 0.9992183 seconds
[168.757s][info ][safepoint    ] Entering safepoint region: RevokeBias
[168.757s][info ][safepoint    ] Leaving safepoint region
[168.757s][info ][safepoint    ] Total time for which application threads were stopped: 0.0000939 seconds, Stopping threads took: 0.0000176 seconds
[168.757s][info ][safepoint    ] Application time: 0.0005130 seconds
[168.757s][info ][safepoint    ] Entering safepoint region: RevokeBias
[168.758s][info ][safepoint    ] Leaving safepoint region
[168.758s][info ][safepoint    ] Total time for which application threads were stopped: 0.0000514 seconds, Stopping threads took: 0.0000087 seconds
[168.758s][info ][safepoint    ] Application time: 0.0000477 seconds
[168.758s][info ][safepoint    ] Entering safepoint region: RevokeBias
[168.758s][info ][safepoint    ] Leaving safepoint region
[168.758s][info ][safepoint    ] Total time for which application threads were stopped: 0.0000263 seconds, Stopping threads took: 0.0000063 seconds
[168.758s][info ][safepoint    ] Application time: 0.0000637 seconds
[168.758s][info ][safepoint    ] Entering safepoint region: RevokeBias
[168.758s][info ][safepoint    ] Leaving safepoint region
[168.758s][info ][safepoint    ] Total time for which application threads were stopped: 0.0000331 seconds, Stopping threads took: 0.0000062 seconds
[168.758s][info ][safepoint    ] Application time: 0.0001229 seconds
[168.758s][info ][safepoint    ] Entering safepoint region: RevokeBias
[168.758s][info ][safepoint    ] Leaving safepoint region
[168.758s][info ][safepoint    ] Total time for which application threads were stopped: 0.0000252 seconds, Stopping threads took: 0.0000062 seconds
[169.758s][info ][safepoint    ] Application time: 1.0000886 seconds
[169.758s][info ][safepoint    ] Entering safepoint region: Cleanup
[169.758s][info ][safepoint    ] Leaving safepoint region
[169.758s][info ][safepoint    ] Total time for which application threads were stopped: 0.0001080 seconds, Stopping threads took: 0.0000387 seconds
[170.758s][info ][safepoint    ] Application time: 1.0001090 seconds
[170.758s][info ][safepoint    ] Entering safepoint region: Cleanup
[170.758s][info ][safepoint    ] Leaving safepoint region
[170.758s][info ][safepoint    ] Total time for which application threads were stopped: 0.0000856 seconds, Stopping threads took: 0.0000185 seconds
[171.759s][info ][safepoint    ] Application time: 1.0001303 seconds
[171.759s][info ][safepoint    ] Entering safepoint region: Cleanup
[171.759s][info ][safepoint    ] Leaving safepoint region
[171.759s][info ][safepoint    ] Total time for which application threads were stopped: 0.0000844 seconds, Stopping threads took: 0.0000186 seconds
[172.759s][info ][safepoint    ] Application time: 1.0000890 seconds
[172.759s][info ][safepoint    ] Entering safepoint region: Cleanup
[172.759s][info ][safepoint    ] Leaving safepoint region
[172.759s][info ][safepoint    ] Total time for which application threads were stopped: 0.0000969 seconds, Stopping threads took: 0.0000167 seconds
[173.759s][info ][safepoint    ] Application time: 1.0000823 seconds
[173.759s][info ][safepoint    ] Entering safepoint region: Cleanup
[173.759s][info ][safepoint    ] Leaving safepoint region
[173.759s][info ][safepoint    ] Total time for which application threads were stopped: 0.0000837 seconds, Stopping threads took: 0.0000196 seconds
[174.759s][info ][safepoint    ] Application time: 1.0001139 seconds
[174.759s][info ][safepoint    ] Entering safepoint region: Cleanup
[174.759s][info ][safepoint    ] Leaving safepoint region
[174.759s][info ][safepoint    ] Total time for which application threads were stopped: 0.0000823 seconds, Stopping threads took: 0.0000185 seconds
[175.759s][info ][safepoint    ] Application time: 1.0001126 seconds
[175.759s][info ][safepoint    ] Entering safepoint region: Cleanup
[175.760s][info ][safepoint    ] Leaving safepoint region
[175.760s][info ][safepoint    ] Total time for which application threads were stopped: 0.0000751 seconds, Stopping threads took: 0.0000193 seconds
[176.760s][info ][safepoint    ] Application time: 1.0000911 seconds
[176.760s][info ][safepoint    ] Entering safepoint region: Cleanup
[176.760s][info ][safepoint    ] Leaving safepoint region
[176.760s][info ][safepoint    ] Total time for which application threads were stopped: 0.0001223 seconds, Stopping threads took: 0.0000205 seconds
[177.760s][info ][safepoint    ] Application time: 1.0000882 seconds
[177.760s][info ][safepoint    ] Entering safepoint region: Cleanup
[177.760s][info ][safepoint    ] Leaving safepoint region
[177.760s][info ][safepoint    ] Total time for which application threads were stopped: 0.0000867 seconds, Stopping threads took: 0.0000190 seconds
[178.760s][info ][safepoint    ] Application time: 1.0000758 seconds
[178.760s][info ][safepoint    ] Entering safepoint region: Cleanup
[178.760s][info ][safepoint    ] Leaving safepoint region
[178.760s][info ][safepoint    ] Total time for which application threads were stopped: 0.0000928 seconds, Stopping threads took: 0.0000305 seconds
[179.262s][info ][safepoint    ] Application time: 0.5018287 seconds
[179.262s][info ][safepoint    ] Entering safepoint region: RevokeBias
[179.262s][info ][safepoint    ] Leaving safepoint region
[179.262s][info ][safepoint    ] Total time for which application threads were stopped: 0.0001307 seconds, Stopping threads took: 0.0000393 seconds
[179.263s][info ][safepoint    ] Application time: 0.0003223 seconds
[179.263s][info ][safepoint    ] Entering safepoint region: RevokeBias
[179.263s][info ][safepoint    ] Leaving safepoint region
[179.263s][info ][safepoint    ] Total time for which application threads were stopped: 0.0000396 seconds, Stopping threads took: 0.0000084 seconds
[179.293s][info ][safepoint    ] Application time: 0.0303574 seconds
[179.293s][info ][safepoint    ] Entering safepoint region: RevokeBias
[179.293s][info ][safepoint    ] Leaving safepoint region
[179.293s][info ][safepoint    ] Total time for which application threads were stopped: 0.0001013 seconds, Stopping threads took: 0.0000168 seconds
[179.543s][info ][safepoint    ] Application time: 0.2498584 seconds
[179.543s][info ][safepoint    ] Entering safepoint region: RevokeBias
[179.543s][info ][safepoint    ] Leaving safepoint region
[179.543s][info ][safepoint    ] Total time for which application threads were stopped: 0.0001046 seconds, Stopping threads took: 0.0000477 seconds
[179.556s][info ][safepoint    ] Application time: 0.0125815 seconds
[179.556s][info ][safepoint    ] Entering safepoint region: RevokeBias
[179.556s][info ][safepoint    ] Leaving safepoint region
[179.556s][info ][safepoint    ] Total time for which application threads were stopped: 0.0001054 seconds, Stopping threads took: 0.0000165 seconds
[179.678s][info ][safepoint    ] Application time: 0.1221283 seconds
[179.678s][info ][safepoint    ] Entering safepoint region: RevokeBias
[179.678s][info ][safepoint    ] Leaving safepoint region
[179.678s][info ][safepoint    ] Total time for which application threads were stopped: 0.0001043 seconds, Stopping threads took: 0.0000171 seconds
[179.693s][info ][safepoint    ] Application time: 0.0148443 seconds
[179.693s][info ][safepoint    ] Entering safepoint region: RevokeBias
[179.693s][info ][safepoint    ] Leaving safepoint region
[179.693s][info ][safepoint    ] Total time for which application threads were stopped: 0.0000594 seconds, Stopping threads took: 0.0000121 seconds
[179.734s][info ][safepoint    ] Application time: 0.0414174 seconds
[179.735s][info ][safepoint    ] Entering safepoint region: GenCollectForAllocation
[179.735s][info ][gc,start     ] GC(96) Pause Young (Allocation Failure)
[179.735s][info ][gc,task      ] GC(96) Using 4 workers of 4 for evacuation
[179.746s][debug][gc,ref       ] GC(96) Skipped phase1 of Reference Processing due to unavailable references
[179.746s][debug][gc,age       ] GC(96) Desired survivor size 15400960 bytes, new threshold 1 (max threshold 6)
[179.746s][info ][gc,heap      ] GC(96) ParNew: 266821K->28201K(270976K)
[179.746s][info ][gc,heap      ] GC(96) CMS: 195363K->215433K(602112K)
[179.746s][info ][gc,metaspace ] GC(96) Metaspace: 52777K->52777K(1097728K)
[179.746s][info ][gc           ] GC(96) Pause Young (Allocation Failure) 451M->237M(852M) 11.544ms
[179.746s][info ][gc,cpu       ] GC(96) User=0.04s Sys=0.00s Real=0.01s
[179.746s][info ][safepoint    ] Leaving safepoint region
[179.746s][info ][safepoint    ] Total time for which application threads were stopped: 0.0117646 seconds, Stopping threads took: 0.0000337 seconds
[180.746s][info ][safepoint    ] Application time: 1.0001000 seconds
[180.746s][info ][safepoint    ] Entering safepoint region: Cleanup
[180.747s][info ][safepoint    ] Leaving safepoint region
[180.747s][info ][safepoint    ] Total time for which application threads were stopped: 0.0000953 seconds, Stopping threads took: 0.0000188 seconds
[181.747s][info ][safepoint    ] Application time: 1.0001149 seconds
[181.747s][info ][safepoint    ] Entering safepoint region: Cleanup
[181.747s][info ][safepoint    ] Leaving safepoint region
[181.747s][info ][safepoint    ] Total time for which application threads were stopped: 0.0000998 seconds, Stopping threads took: 0.0000351 seconds
[182.747s][info ][safepoint    ] Application time: 1.0000897 seconds
[182.747s][info ][safepoint    ] Entering safepoint region: Cleanup
[182.747s][info ][safepoint    ] Leaving safepoint region
[182.747s][info ][safepoint    ] Total time for which application threads were stopped: 0.0000811 seconds, Stopping threads took: 0.0000181 seconds
[183.747s][info ][safepoint    ] Application time: 1.0001126 seconds
[183.747s][info ][safepoint    ] Entering safepoint region: Cleanup
[183.747s][info ][safepoint    ] Leaving safepoint region
[183.747s][info ][safepoint    ] Total time for which application threads were stopped: 0.0001119 seconds, Stopping threads took: 0.0000354 seconds
[184.677s][info ][safepoint    ] Application time: 0.9300953 seconds
[184.677s][info ][safepoint    ] Entering safepoint region: RevokeBias
[184.677s][info ][safepoint    ] Leaving safepoint region
[184.677s][info ][safepoint    ] Total time for which application threads were stopped: 0.0000885 seconds, Stopping threads took: 0.0000183 seconds
[185.678s][info ][safepoint    ] Application time: 1.0001037 seconds
[185.678s][info ][safepoint    ] Entering safepoint region: Cleanup
[185.678s][info ][safepoint    ] Leaving safepoint region
[185.678s][info ][safepoint    ] Total time for which application threads were stopped: 0.0002283 seconds, Stopping threads took: 0.0000785 seconds
[186.678s][info ][safepoint    ] Application time: 1.0001225 seconds
[186.678s][info ][safepoint    ] Entering safepoint region: Cleanup
[186.678s][info ][safepoint    ] Leaving safepoint region
[186.678s][info ][safepoint    ] Total time for which application threads were stopped: 0.0000818 seconds, Stopping threads took: 0.0000174 seconds
[187.678s][info ][safepoint    ] Application time: 1.0000795 seconds
[187.678s][info ][safepoint    ] Entering safepoint region: Cleanup
[187.678s][info ][safepoint    ] Leaving safepoint region
[187.678s][info ][safepoint    ] Total time for which application threads were stopped: 0.0000860 seconds, Stopping threads took: 0.0000191 seconds
[188.678s][info ][safepoint    ] Application time: 1.0000805 seconds
[188.678s][info ][safepoint    ] Entering safepoint region: Cleanup
[188.679s][info ][safepoint    ] Leaving safepoint region
[188.679s][info ][safepoint    ] Total time for which application threads were stopped: 0.0000969 seconds, Stopping threads took: 0.0000300 seconds
[189.678s][info ][safepoint    ] Application time: 0.9991844 seconds
[189.678s][info ][safepoint    ] Entering safepoint region: RevokeBias
[189.678s][info ][safepoint    ] Leaving safepoint region
[189.678s][info ][safepoint    ] Total time for which application threads were stopped: 0.0000838 seconds, Stopping threads took: 0.0000182 seconds
[189.678s][info ][safepoint    ] Application time: 0.0004669 seconds
[189.678s][info ][safepoint    ] Entering safepoint region: RevokeBias
[189.678s][info ][safepoint    ] Leaving safepoint region
[189.678s][info ][safepoint    ] Total time for which application threads were stopped: 0.0001231 seconds, Stopping threads took: 0.0000818 seconds
[189.679s][info ][safepoint    ] Application time: 0.0000520 seconds
[189.679s][info ][safepoint    ] Entering safepoint region: RevokeBias
[189.679s][info ][safepoint    ] Leaving safepoint region
[189.679s][info ][safepoint    ] Total time for which application threads were stopped: 0.0000899 seconds, Stopping threads took: 0.0000671 seconds
[189.679s][info ][safepoint    ] Application time: 0.0000640 seconds
[189.679s][info ][safepoint    ] Entering safepoint region: RevokeBias
[189.679s][info ][safepoint    ] Leaving safepoint region
[189.679s][info ][safepoint    ] Total time for which application threads were stopped: 0.0000287 seconds, Stopping threads took: 0.0000069 seconds
[189.679s][info ][safepoint    ] Application time: 0.0001319 seconds
[189.679s][info ][safepoint    ] Entering safepoint region: RevokeBias
[189.679s][info ][safepoint    ] Leaving safepoint region
[189.679s][info ][safepoint    ] Total time for which application threads were stopped: 0.0000439 seconds, Stopping threads took: 0.0000090 seconds
[190.679s][info ][safepoint    ] Application time: 1.0000451 seconds
[190.679s][info ][safepoint    ] Entering safepoint region: Cleanup
[190.679s][info ][safepoint    ] Leaving safepoint region
[190.679s][info ][safepoint    ] Total time for which application threads were stopped: 0.0000738 seconds, Stopping threads took: 0.0000179 seconds
[191.679s][info ][safepoint    ] Application time: 1.0000811 seconds
[191.679s][info ][safepoint    ] Entering safepoint region: Cleanup
[191.679s][info ][safepoint    ] Leaving safepoint region
[191.679s][info ][safepoint    ] Total time for which application threads were stopped: 0.0000811 seconds, Stopping threads took: 0.0000176 seconds
[192.679s][info ][safepoint    ] Application time: 1.0001141 seconds
[192.680s][info ][safepoint    ] Entering safepoint region: Cleanup
[192.680s][info ][safepoint    ] Leaving safepoint region
[192.680s][info ][safepoint    ] Total time for which application threads were stopped: 0.0000796 seconds, Stopping threads took: 0.0000180 seconds
[193.680s][info ][safepoint    ] Application time: 1.0000834 seconds
[193.680s][info ][safepoint    ] Entering safepoint region: Cleanup
[193.680s][info ][safepoint    ] Leaving safepoint region
[193.680s][info ][safepoint    ] Total time for which application threads were stopped: 0.0001058 seconds, Stopping threads took: 0.0000473 seconds
[194.680s][info ][safepoint    ] Application time: 1.0000663 seconds
[194.680s][info ][safepoint    ] Entering safepoint region: Cleanup
[194.680s][info ][safepoint    ] Leaving safepoint region
[194.680s][info ][safepoint    ] Total time for which application threads were stopped: 0.0000980 seconds, Stopping threads took: 0.0000177 seconds
[195.680s][info ][safepoint    ] Application time: 1.0000773 seconds
[195.680s][info ][safepoint    ] Entering safepoint region: Cleanup
[195.680s][info ][safepoint    ] Leaving safepoint region
[195.680s][info ][safepoint    ] Total time for which application threads were stopped: 0.0000691 seconds, Stopping threads took: 0.0000174 seconds
[196.680s][info ][safepoint    ] Application time: 1.0001115 seconds
[196.680s][info ][safepoint    ] Entering safepoint region: Cleanup
[196.680s][info ][safepoint    ] Leaving safepoint region
[196.680s][info ][safepoint    ] Total time for which application threads were stopped: 0.0000794 seconds, Stopping threads took: 0.0000169 seconds
[197.527s][info ][safepoint    ] Application time: 0.8460874 seconds
[197.527s][info ][safepoint    ] Entering safepoint region: RevokeBias
[197.527s][info ][safepoint    ] Leaving safepoint region
[197.527s][info ][safepoint    ] Total time for which application threads were stopped: 0.0001795 seconds, Stopping threads took: 0.0000410 seconds
[197.616s][info ][safepoint    ] Application time: 0.0892092 seconds
[197.616s][info ][safepoint    ] Entering safepoint region: RevokeBias
[197.616s][info ][safepoint    ] Leaving safepoint region
[197.616s][info ][safepoint    ] Total time for which application threads were stopped: 0.0001438 seconds, Stopping threads took: 0.0000451 seconds
[197.616s][info ][safepoint    ] Application time: 0.0000380 seconds
[197.616s][info ][safepoint    ] Entering safepoint region: RevokeBias
[197.616s][info ][safepoint    ] Leaving safepoint region
[197.616s][info ][safepoint    ] Total time for which application threads were stopped: 0.0000456 seconds, Stopping threads took: 0.0000158 seconds
[197.623s][info ][safepoint    ] Application time: 0.0072608 seconds
[197.624s][info ][safepoint    ] Entering safepoint region: RevokeBias
[197.624s][info ][safepoint    ] Leaving safepoint region
[197.624s][info ][safepoint    ] Total time for which application threads were stopped: 0.0000519 seconds, Stopping threads took: 0.0000098 seconds
[197.635s][info ][safepoint    ] Application time: 0.0118775 seconds
[197.635s][info ][safepoint    ] Entering safepoint region: RevokeBias
[197.636s][info ][safepoint    ] Leaving safepoint region
[197.636s][info ][safepoint    ] Total time for which application threads were stopped: 0.0000837 seconds, Stopping threads took: 0.0000287 seconds
[197.636s][info ][safepoint    ] Application time: 0.0003319 seconds
[197.636s][info ][safepoint    ] Entering safepoint region: RevokeBias
[197.636s][info ][safepoint    ] Leaving safepoint region
[197.636s][info ][safepoint    ] Total time for which application threads were stopped: 0.0000896 seconds, Stopping threads took: 0.0000442 seconds
[197.636s][info ][safepoint    ] Application time: 0.0001084 seconds
[197.636s][info ][safepoint    ] Entering safepoint region: RevokeBias
[197.636s][info ][safepoint    ] Leaving safepoint region
[197.636s][info ][safepoint    ] Total time for which application threads were stopped: 0.0000552 seconds, Stopping threads took: 0.0000294 seconds
[197.637s][info ][safepoint    ] Application time: 0.0003978 seconds
[197.637s][info ][safepoint    ] Entering safepoint region: RevokeBias
[197.637s][info ][safepoint    ] Leaving safepoint region
[197.637s][info ][safepoint    ] Total time for which application threads were stopped: 0.0000740 seconds, Stopping threads took: 0.0000451 seconds
[197.637s][info ][safepoint    ] Application time: 0.0001218 seconds
[197.637s][info ][safepoint    ] Entering safepoint region: RevokeBias
[197.637s][info ][safepoint    ] Leaving safepoint region
[197.637s][info ][safepoint    ] Total time for which application threads were stopped: 0.0003639 seconds, Stopping threads took: 0.0003174 seconds
[197.637s][info ][safepoint    ] Application time: 0.0002041 seconds
[197.637s][info ][safepoint    ] Entering safepoint region: RevokeBias
[197.637s][info ][safepoint    ] Leaving safepoint region
[197.637s][info ][safepoint    ] Total time for which application threads were stopped: 0.0000260 seconds, Stopping threads took: 0.0000077 seconds
[197.639s][info ][safepoint    ] Application time: 0.0014218 seconds
[197.639s][info ][safepoint    ] Entering safepoint region: RevokeBias
[197.639s][info ][safepoint    ] Leaving safepoint region
[197.639s][info ][safepoint    ] Total time for which application threads were stopped: 0.0000423 seconds, Stopping threads took: 0.0000093 seconds
[197.640s][info ][safepoint    ] Application time: 0.0015518 seconds
[197.640s][info ][safepoint    ] Entering safepoint region: RevokeBias
[197.641s][info ][safepoint    ] Leaving safepoint region
[197.641s][info ][safepoint    ] Total time for which application threads were stopped: 0.0000429 seconds, Stopping threads took: 0.0000093 seconds
[197.641s][info ][gc,heap,exit ] Heap
[197.641s][info ][gc,heap,exit ]  par new generation   total 270976K, used 251009K [0x0000000700000000, 0x0000000712600000, 0x0000000714cc0000)
[197.641s][info ][gc,heap,exit ]   eden space 240896K,  92% used [0x0000000700000000, 0x000000070d995f68, 0x000000070eb40000)
[197.641s][info ][gc,heap,exit ]   from space 30080K,  93% used [0x00000007108a0000, 0x000000071242a638, 0x0000000712600000)
[197.641s][info ][gc,heap,exit ]   to   space 30080K,   0% used [0x000000070eb40000, 0x000000070eb40000, 0x00000007108a0000)
[197.641s][info ][gc,heap,exit ]  concurrent mark-sweep generation total 602112K, used 215433K [0x0000000714cc0000, 0x00000007398c0000, 0x0000000800000000)
[197.641s][info ][gc,heap,exit ]  Metaspace       used 52861K, capacity 55919K, committed 55992K, reserved 1097728K
[197.641s][info ][gc,heap,exit ]   class space    used 7122K, capacity 8541K, committed 8544K, reserved 1048576K
[197.641s][info ][safepoint    ] Application time: 0.0005822 seconds
[197.641s][info ][safepoint    ] Entering safepoint region: Halt
